SOURCE=H:\comsolcc\z120_xsphere26_air200_mesh1.mph
PHYSICS=[mfnc]
PARAM z_sphere=120[mm] x_sphere=26[mm] alpha=30[deg]
PARAM omega=10*pi [rad/s] T_cycle=0.2[s]
REMOVED_COMMON tag=rot1 type=RotatingDomain reason=static_fixed_geometry_branch
ON_CONFIGURATION_CAPTURED ConstitutiveRelationBH=RemanentFluxDensity mur_mat=from_mat mur=1 normBr_source=userdef normBr=1.46[T]
MESH_MODE=M0 global_hauto=6 local_solid_hauto=1
GEOM_MESH_DONE z=125.0 elements=60636
ZSP_REFERENCE_BEFORE point_selection=[] boundary_selection=[]
ZSP_REFERENCE_CANDIDATE point=20 coord_model_unit=[-1.0, 0.0, 0.4000000000000001] npoints=37
ZSP_REFERENCE_AFTER point_selection=[20] coord_model_unit=[-1.0, 0.0, 0.4000000000000001] status=EXPLICIT_FIXED_POINT
MFC2_DOMAIN_SELECTION=[4]
FORCECAL_DOMAIN_SELECTION=[3]
STEEL_DOMAIN_SELECTION=[2]
N52_DOMAIN_SELECTION=[3, 4]
AIR_DOMAIN_SELECTION=[1]
MATERIALS=[mat4, mat3, mat5]
MFC2_GEOMETRY volume_mm3=65281.8029907 bbox_mm=[xmin=1.00000000,xmax=51.0000000,ymin=-25.0000000,ymax=25.0000000,zmin=100.000000,zmax=150.000000] center_mm=[26.0000000,0.00000000,125.000000] radius_from_bbox_mm=25.0000000
FORCECAL_GEOMETRY volume_mm3=0.998862443669 bbox_mm=[xmin=-1.00000000,xmax=1.00000000,ymin=-0.400000006,ymax=0.400000006,zmin=-0.400000006,zmax=0.400000006] center_mm=[0.00000000,0.00000000,0.00000000]
STEEL_GEOMETRY volume_mm3=3.68720782984 bbox_mm=[xmin=-1.58000004,xmax=-1.27999997,ymin=-2.00000000,ymax=2.00000000,zmin=-2.00000000,zmax=2.00000000] center_mm=[-1.43000001,0.00000000,0.00000000]
AIR_GEOMETRY volume_mm3=33434050.8196 bbox_mm=[xmin=-200.000000,xmax=200.000000,ymin=-200.000000,ymax=200.000000,zmin=-200.000000,zmax=200.000000]
X_GAP_STEEL_TO_CYLINDER_MM=0.279999971390
SPHERE_CENTER_PARAM_MM=[26.0000000000,0,125.000000000] radius_param_mm=25
GEOM_FEATURE tag=sph1 type=Sphere pos=x_sphere, 0, z_sphere r=25 h=<not-readable> model_length_unit=mm
GEOM_FEATURE_PARAM_EVAL_SI tag=sph1 pos=[0.026000000000000002,0.0,0.125]
GEOM_FEATURE tag=cyl1 type=Cylinder pos=0, 0, Z_sphere r=25 h=60 model_length_unit=mm
GEOM_FEATURE_PARAM_EVAL_SI tag=cyl1 pos=[0.0,0.0,NaN]
GEOM_FEATURE tag=cyl2 type=Cylinder pos=0, 0, -(2[mm])/2 r=0.4[mm] h=2[mm] model_length_unit=mm
GEOM_FEATURE_PARAM_EVAL_SI tag=cyl2 pos=[0.0,0.0,-0.001]
GEOM_FEATURE tag=cyl3 type=Cylinder pos=0, 0, -(h_cyl3)/2 r=2 h=h_cyl3 model_length_unit=mm
GEOM_FEATURE_PARAM_EVAL_SI tag=cyl3 pos=[0.0,0.0,-1.5E-4]
GEOM_FEATURE tag=sph_air_domain type=Sphere pos=0, 0, 0 r=200[mm] h=<not-readable> model_length_unit=mm
GEOM_FEATURE_PARAM_EVAL_SI tag=sph_air_domain pos=[0.0,0.0,0.0]
GEOMETRY_CHECK=PASS
PHYSICS_FEATURE tag=mfc1 type=MagneticFluxConservationFluid dim3=[1]
  ConstitutiveRelationBH=RelativePermeability
  M=[0, 0, 0]
  e_crel_BH_RemanentFluxDensity=[1, 0, 0]
  mur_mat=from_mat
  mur=1
  murPrim_mat=from_mat
  murPrim=1
  murBis_mat=from_mat
  murBis=0
  mur_crel_BH_RemanentFluxDensity_mat=from_mat
  mur_crel_BH_RemanentFluxDensity=1
  normBr_crel_BH_RemanentFluxDensity_mat=from_mat
  normBr_crel_BH_RemanentFluxDensity=0
  normB_mat=from_mat
  normB=mu0_const*mfnc.normH
  Wpm_BHC_mat=from_mat
  Wpm_BHC=(0.5*mfnc.normB)*mfnc.normH
  material=none
  M0=[0, 0, 0]
  GPorder=auto
  inStationaryStudy=TransientInitialization
  MsJA_mat=from_mat
  MsJA=1e6[A/m]
  aJA_mat=from_mat
  aJA=200[A/m]
  kJA_mat=from_mat
  kJA=300[A/m]
  cJA_mat=from_mat
  cJA=0.7
  alphaJA_mat=from_mat
  alphaJA=5e-4
  eHc=[1, 0, 0]
  Hc_mat=from_mat
  Hc=1e4
  normHs_mat=from_mat
  normHs=mfnc.normB/mu0_const
  normBpm_mat=from_mat
  normBpm=mu0_const*mfnc.normHs
  Wpm_NPM_mat=from_mat
  Wpm_NPM=(0.5*mfnc.normB)*mfnc.normHs
  minput_temperature_src=fromCommonDef
  minput_temperature=293.15[K]
  editModelInputs=0
  minput_magneticfield_src=userdef
  minput_magneticfield=[0, 0, 0]
  minput_shiftedmagneticfield_src=userdef
  minput_shiftedmagneticfield=[0, 0, 0]
  materialType=nonSolid
  coordinateSystem=GlobalSystem
  StudyStep=std_z115p00_static/stat
  showPhysicsSymbols=1
  AllowSolidMaterials=0
PHYSICS_FEATURE tag=mi1 type=MagneticInsulation dim2=[1, 2, 3, 4, 20, 21, 22, 23]
  StudyStep=std_z115p00_static/stat
  showPhysicsSymbols=1
  pairContrib=fallback
PHYSICS_FEATURE tag=init1 type=init dim3=[1, 2, 3, 4]
  Vm=0
  StudyStep=std_z115p00_static/stat
PHYSICS_FEATURE tag=mfc2 type=MagneticFluxConservationFluid dim3=[4]
  ConstitutiveRelationBH=RemanentFluxDensity
  M=[0, 0, 0]
  e_crel_BH_RemanentFluxDensity=[0, cos(alpha), sin(alpha)]
  mur_mat=from_mat
  mur=1
  murPrim_mat=from_mat
  murPrim=1
  murBis_mat=from_mat
  murBis=0
  mur_crel_BH_RemanentFluxDensity_mat=from_mat
  mur_crel_BH_RemanentFluxDensity=1
  normBr_crel_BH_RemanentFluxDensity_mat=userdef
  normBr_crel_BH_RemanentFluxDensity=1.46[T]
  normB_mat=from_mat
  normB=mu0_const*mfnc.normH
  Wpm_BHC_mat=from_mat
  Wpm_BHC=(0.5*mfnc.normB)*mfnc.normH
  material=none
  M0=[0, 0, 0]
  GPorder=auto
  inStationaryStudy=TransientInitialization
  MsJA_mat=from_mat
  MsJA=1e6[A/m]
  aJA_mat=from_mat
  aJA=200[A/m]
  kJA_mat=from_mat
  kJA=300[A/m]
  cJA_mat=from_mat
  cJA=0.7
  alphaJA_mat=from_mat
  alphaJA=5e-4
  eHc=[1, 0, 0]
  Hc_mat=from_mat
  Hc=1e4
  normHs_mat=from_mat
  normHs=mfnc.normB/mu0_const
  normBpm_mat=from_mat
  normBpm=mu0_const*mfnc.normHs
  Wpm_NPM_mat=from_mat
  Wpm_NPM=(0.5*mfnc.normB)*mfnc.normHs
  minput_temperature_src=fromCommonDef
  minput_temperature=293.15[K]
  editModelInputs=0
  minput_magneticfield_src=userdef
  minput_magneticfield=[0, 0, 0]
  minput_shiftedmagneticfield_src=userdef
  minput_shiftedmagneticfield=[0, 0, 0]
  materialType=nonSolid
  coordinateSystem=GlobalSystem
  StudyStep=std_z115p00_static/stat
  showPhysicsSymbols=1
  AllowSolidMaterials=1
PHYSICS_FEATURE tag=zsp1 type=ZeroMagneticScalarPotential dim0=[20]
  constraintType=symmetricConstraint
  constraintMethod=elemental
  StudyStep=std_z115p00_static/stat
  showPhysicsSymbols=1
  constraintOptions=pointwiseConstraints
  pairContrib=fallback
ZSP_SELECTION tag=zsp1 dim=3 entities=[]
ZSP_SELECTION tag=zsp1 dim=2 entities=[]
ZSP_SELECTION tag=zsp1 dim=1 entities=[]
ZSP_SELECTION tag=zsp1 dim=0 entities=[20]
PHYSICS_FEATURE tag=mfcs1 type=MagneticFluxConservationSolid dim3=[3]
  materialType=solid
  AllowSolidMaterials=1
  ConstitutiveRelationBH=RemanentFluxDensity
  M=[0, 0, 0]
  e_crel_BH_RemanentFluxDensity=[1, 0, 0]
  mur_mat=from_mat
  mur=1
  murPrim_mat=from_mat
  murPrim=1
  murBis_mat=from_mat
  murBis=0
  mur_crel_BH_RemanentFluxDensity_mat=from_mat
  mur_crel_BH_RemanentFluxDensity=1
  normBr_crel_BH_RemanentFluxDensity_mat=userdef
  normBr_crel_BH_RemanentFluxDensity=1.43[T]
  normB_mat=from_mat
  normB=mu0_const*mfnc.normH
  Wpm_BHC_mat=from_mat
  Wpm_BHC=(0.5*mfnc.normB)*mfnc.normH
  material=none
  M0=[0, 0, 0]
  GPorder=auto
  inStationaryStudy=TransientInitialization
  MsJA_mat=from_mat
  MsJA=1e6[A/m]
  aJA_mat=from_mat
  aJA=200[A/m]
  kJA_mat=from_mat
  kJA=300[A/m]
  cJA_mat=from_mat
  cJA=0.7
  alphaJA_mat=from_mat
  alphaJA=5e-4
  eHc=[1, 0, 0]
  Hc_mat=from_mat
  Hc=1e4
  normHs_mat=from_mat
  normHs=mfnc.normB/mu0_const
  normBpm_mat=from_mat
  normBpm=mu0_const*mfnc.normHs
  Wpm_NPM_mat=from_mat
  Wpm_NPM=(0.5*mfnc.normB)*mfnc.normHs
  minput_temperature_src=fromCommonDef
  minput_temperature=293.15[K]
  editModelInputs=0
  minput_magneticfield_src=userdef
  minput_magneticfield=[0, 0, 0]
  minput_shiftedmagneticfield_src=userdef
  minput_shiftedmagneticfield=[0, 0, 0]
  coordinateSystem=GlobalSystem
  StudyStep=std_z115p00_static/stat
  showPhysicsSymbols=1
PHYSICS_FEATURE tag=fcal1 type=ForceCalculation dim3=[3]
  ForceName=force_magnet
  TorqueAxis=[1, 0, 0]
  TorqueRotationPoint=[0, 0, 0]
  useAverage=1
  StudyStep=std_z115p00_static/stat
  showPhysicsSymbols=1
PHYSICS_FEATURE tag=mfcs2 type=MagneticFluxConservationSolid dim3=[2]
  materialType=solid
  AllowSolidMaterials=1
  ConstitutiveRelationBH=RelativePermeability
  M=[0, 0, 0]
  e_crel_BH_RemanentFluxDensity=[1, 0, 0]
  mur_mat=from_mat
  mur=1
  murPrim_mat=from_mat
  murPrim=1
  murBis_mat=from_mat
  murBis=0
  mur_crel_BH_RemanentFluxDensity_mat=from_mat
  mur_crel_BH_RemanentFluxDensity=1
  normBr_crel_BH_RemanentFluxDensity_mat=from_mat
  normBr_crel_BH_RemanentFluxDensity=0
  normB_mat=from_mat
  normB=mu0_const*mfnc.normH
  Wpm_BHC_mat=from_mat
  Wpm_BHC=(0.5*mfnc.normB)*mfnc.normH
  material=none
  M0=[0, 0, 0]
  GPorder=auto
  inStationaryStudy=TransientInitialization
  MsJA_mat=from_mat
  MsJA=1e6[A/m]
  aJA_mat=from_mat
  aJA=200[A/m]
  kJA_mat=from_mat
  kJA=300[A/m]
  cJA_mat=from_mat
  cJA=0.7
  alphaJA_mat=from_mat
  alphaJA=5e-4
  eHc=[1, 0, 0]
  Hc_mat=from_mat
  Hc=1e4
  normHs_mat=from_mat
  normHs=mfnc.normB/mu0_const
  normBpm_mat=from_mat
  normBpm=mu0_const*mfnc.normHs
  Wpm_NPM_mat=from_mat
  Wpm_NPM=(0.5*mfnc.normB)*mfnc.normHs
  minput_temperature_src=fromCommonDef
  minput_temperature=293.15[K]
  editModelInputs=0
  minput_magneticfield_src=userdef
  minput_magneticfield=[0, 0, 0]
  minput_shiftedmagneticfield_src=userdef
  minput_shiftedmagneticfield=[0, 0, 0]
  coordinateSystem=GlobalSystem
  StudyStep=std_z115p00_static/stat
  showPhysicsSymbols=1
MAGNETIC_INSULATION_BOUNDARIES=[1, 2, 3, 4, 20, 21, 22, 23]
MAGNETIC_BOUNDARY_AUDIT_BEGIN count=8
MI_BOUNDARY id=1 area_mm2=62821.5544115 bbox_mm=[xmin=-200.000000,xmax=1.22464676e-14,ymin=-200.000000,ymax=2.44929351e-14,zmin=-200.000000,zmax=0.00000000] adjacent_domains=[0, 1] identity=EXTERNAL
MI_BOUNDARY id=2 area_mm2=62821.5544115 bbox_mm=[xmin=-200.000000,xmax=1.22464676e-14,ymin=-200.000000,ymax=2.44929351e-14,zmin=0.00000000,zmax=200.000000] adjacent_domains=[0, 1] identity=EXTERNAL
MI_BOUNDARY id=3 area_mm2=62821.5544115 bbox_mm=[xmin=-200.000000,xmax=1.22464676e-14,ymin=0.00000000,ymax=200.000000,zmin=-200.000000,zmax=0.00000000] adjacent_domains=[0, 1] identity=EXTERNAL
MI_BOUNDARY id=4 area_mm2=62821.5544115 bbox_mm=[xmin=-200.000000,xmax=1.22464676e-14,ymin=0.00000000,ymax=200.000000,zmin=0.00000000,zmax=200.000000] adjacent_domains=[0, 1] identity=EXTERNAL
MI_BOUNDARY id=20 area_mm2=62821.5544115 bbox_mm=[xmin=-3.67394036e-14,xmax=200.000000,ymin=-200.000000,ymax=0.00000000,zmin=-200.000000,zmax=0.00000000] adjacent_domains=[0, 1] identity=EXTERNAL
MI_BOUNDARY id=21 area_mm2=62821.5544115 bbox_mm=[xmin=-3.67394036e-14,xmax=200.000000,ymin=-200.000000,ymax=0.00000000,zmin=0.00000000,zmax=200.000000] adjacent_domains=[0, 1] identity=EXTERNAL
MI_BOUNDARY id=22 area_mm2=62821.5544115 bbox_mm=[xmin=3.43467572e-16,xmax=200.000000,ymin=0.00000000,ymax=200.000000,zmin=-200.000000,zmax=0.00000000] adjacent_domains=[0, 1] identity=EXTERNAL
MI_BOUNDARY id=23 area_mm2=62821.5544115 bbox_mm=[xmin=3.43467572e-16,xmax=200.000000,ymin=0.00000000,ymax=200.000000,zmin=0.00000000,zmax=200.000000] adjacent_domains=[0, 1] identity=EXTERNAL
MAGNETIC_BOUNDARY_AUDIT_END
MATERIAL tag=mat4 label=Air domains=[1]
  GROUP=def type=def
    thermalexpansioncoefficient=alpha_p(pA,T)
    molarmass=0.02897[kg/mol]
    bulkviscosity=muB(T)
    relpermeability=1
    relpermittivity=1
    dynamicviscosity=eta(T)
    ratioofspecificheat=1.4
    electricconductivity=0[S/m]
    heatcapacity=Cp(T)
    density=rho(pA,T)
    thermalconductivity=k(T)
    soundspeed=cs(T)
  GROUP=RefractiveIndex type=RefractiveIndex
    n=1
    ki=0
  GROUP=NonlinearModel type=NonlinearModel
    BA=def.gamma-1
  GROUP=idealGas type=idealGas
    Rs=R_const/Mn
    heatcapacity=Cp(T)
    ratioofspecificheat=1.4
    molarmass=0.02897[kg/mol]
MATERIAL tag=mat3 label=N52 (Sintered NdFeB) domains=[3, 4]
  GROUP=def type=def
    electricconductivity=1/1.4[uohm*m]
    relpermittivity=1
    density=7500
  GROUP=RemanentFluxDensity type=RemanentFluxDensity
    murec=1.05
    normBr=1.46[T]
  GROUP=Enu type=Enu
    E=160[Gpa]
    nu=0.24
MATERIAL tag=mat5 label=UNS S30415 [solid] domains=[2]
  GROUP=def type=def
    thermalconductivity=k(T)
    resistivity=res(T)
    thermalexpansioncoefficient=(alpha(T)+(Tempref-293[K])*if(abs(T-Tempref)>1e-3,(alpha(T)-alpha(Tempref))/(T-Tempref),d(alpha(T),T)))/(1+alpha(Tempref)*(Tempref-293[K]))
    heatcapacity=C(T)
    electricconductivity=sigma(T)
    density=rho(T)
    TD=TD(T)
    relpermeability=1.01
  GROUP=ThermalExpansion type=ThermalExpansion
    alphatan=CTE(T)
    dL=(dL(T)-dL(Tempref))/(1+dL(Tempref))
  GROUP=Enu type=Enu
    E=E(T)
    nu=
CANDIDATE_HEIGHT_START z=125.00000 angles=0:10:360
ON_CONFIGURATION_RESTORED
ON_CONFIGURATION_RESTORED
POSE phi_deg=0.00000000000 expected_unit_magnetization=[0.500000000000,0.866025403784,-0.00000000000] model_alpha_rad=0.523598775598
MODEL_MAGNETIZATION_EVAL=[0.500000000000,0.866025403784,-0.00000000000]
ACTIVE_MFC2_CONFIG mode=ON ConstitutiveRelationBH=RemanentFluxDensity mur_mat=from_mat mur=1 normBr_source=userdef normBr=1.46[T] domains=[4]
ON_CONTROL_CONFIG=RECORDED active_constitutive=RemanentFluxDensity active_mur=1 active_normBr=1.46[T]
STATIONARY_TOL study=st_on_z125p000_p0p00000.stat usestol=on stol=1e-6
SOLVER_CONFIG sol=sol1 s1.control=stat fc1.linsolver=dDef dDef.linsolver=pardiso
CONFIGURED_SAVED z=125.0 phi=0.0 study=st_on_z125p000_p0p00000 sol=sol1
SOLVED z=125.0 phi=0.0 sol=sol1
RESULT ON,125.00000000,0.00000000,0.500000000000,0.866025403784,-0.00000000000,sol1,pardiso,stol=1e-6,60636,NA,0.00102587296310,1.02587296310,1.02587296310,SUCCESS,UNKNOWN,UNKNOWN
ON_CONFIGURATION_RESTORED
POSE phi_deg=10.0000000000 expected_unit_magnetization=[0.500000000000,0.852868531952,-0.150383733180] model_alpha_rad=0.523598775598
MODEL_MAGNETIZATION_EVAL=[0.500000000000,0.852868531952,-0.150383733180]
ACTIVE_MFC2_CONFIG mode=ON ConstitutiveRelationBH=RemanentFluxDensity mur_mat=from_mat mur=1 normBr_source=userdef normBr=1.46[T] domains=[4]
ON_CONTROL_CONFIG=RECORDED active_constitutive=RemanentFluxDensity active_mur=1 active_normBr=1.46[T]
STATIONARY_TOL study=st_on_z125p000_p10p0000.stat usestol=on stol=1e-6
SOLVER_CONFIG sol=sol2 s1.control=stat fc1.linsolver=dDef dDef.linsolver=pardiso
CONFIGURED_SAVED z=125.0 phi=10.0 study=st_on_z125p000_p10p0000 sol=sol2
SOLVED z=125.0 phi=10.0 sol=sol2
RESULT ON,125.00000000,10.00000000,0.500000000000,0.852868531952,-0.150383733180,sol2,pardiso,stol=1e-6,60636,NA,0.00103548084911,1.03548084911,1.03548084911,SUCCESS,UNKNOWN,UNKNOWN
ON_CONFIGURATION_RESTORED
POSE phi_deg=20.0000000000 expected_unit_magnetization=[0.500000000000,0.813797681349,-0.296198132726] model_alpha_rad=0.523598775598
MODEL_MAGNETIZATION_EVAL=[0.500000000000,0.813797681349,-0.296198132726]
ACTIVE_MFC2_CONFIG mode=ON ConstitutiveRelationBH=RemanentFluxDensity mur_mat=from_mat mur=1 normBr_source=userdef normBr=1.46[T] domains=[4]
ON_CONTROL_CONFIG=RECORDED active_constitutive=RemanentFluxDensity active_mur=1 active_normBr=1.46[T]
STATIONARY_TOL study=st_on_z125p000_p20p0000.stat usestol=on stol=1e-6
SOLVER_CONFIG sol=sol3 s1.control=stat fc1.linsolver=dDef dDef.linsolver=pardiso
CONFIGURED_SAVED z=125.0 phi=20.0 study=st_on_z125p000_p20p0000 sol=sol3
SOLVED z=125.0 phi=20.0 sol=sol3
RESULT ON,125.00000000,20.00000000,0.500000000000,0.813797681349,-0.296198132726,sol3,pardiso,stol=1e-6,60636,NA,0.00104478918611,1.04478918611,1.04478918611,SUCCESS,UNKNOWN,UNKNOWN
ON_CONFIGURATION_RESTORED
POSE phi_deg=30.0000000000 expected_unit_magnetization=[0.500000000000,0.750000000000,-0.433012701892] model_alpha_rad=0.523598775598
MODEL_MAGNETIZATION_EVAL=[0.500000000000,0.750000000000,-0.433012701892]
ACTIVE_MFC2_CONFIG mode=ON ConstitutiveRelationBH=RemanentFluxDensity mur_mat=from_mat mur=1 normBr_source=userdef normBr=1.46[T] domains=[4]
ON_CONTROL_CONFIG=RECORDED active_constitutive=RemanentFluxDensity active_mur=1 active_normBr=1.46[T]
STATIONARY_TOL study=st_on_z125p000_p30p0000.stat usestol=on stol=1e-6
SOLVER_CONFIG sol=sol4 s1.control=stat fc1.linsolver=dDef dDef.linsolver=pardiso
CONFIGURED_SAVED z=125.0 phi=30.0 study=st_on_z125p000_p30p0000 sol=sol4
SOLVED z=125.0 phi=30.0 sol=sol4
RESULT ON,125.00000000,30.00000000,0.500000000000,0.750000000000,-0.433012701892,sol4,pardiso,stol=1e-6,60636,NA,0.00105351512840,1.05351512840,1.05351512840,SUCCESS,UNKNOWN,UNKNOWN
ON_CONFIGURATION_RESTORED
POSE phi_deg=40.0000000000 expected_unit_magnetization=[0.500000000000,0.663413948169,-0.556670399226] model_alpha_rad=0.523598775598
MODEL_MAGNETIZATION_EVAL=[0.500000000000,0.663413948169,-0.556670399226]
ACTIVE_MFC2_CONFIG mode=ON ConstitutiveRelationBH=RemanentFluxDensity mur_mat=from_mat mur=1 normBr_source=userdef normBr=1.46[T] domains=[4]
ON_CONTROL_CONFIG=RECORDED active_constitutive=RemanentFluxDensity active_mur=1 active_normBr=1.46[T]
STATIONARY_TOL study=st_on_z125p000_p40p0000.stat usestol=on stol=1e-6
SOLVER_CONFIG sol=sol5 s1.control=stat fc1.linsolver=dDef dDef.linsolver=pardiso
CONFIGURED_SAVED z=125.0 phi=40.0 study=st_on_z125p000_p40p0000 sol=sol5
SOLVED z=125.0 phi=40.0 sol=sol5
RESULT ON,125.00000000,40.00000000,0.500000000000,0.663413948169,-0.556670399226,sol5,pardiso,stol=1e-6,60636,NA,0.00106139352086,1.06139352086,1.06139352086,SUCCESS,UNKNOWN,UNKNOWN
ON_CONFIGURATION_RESTORED
POSE phi_deg=50.0000000000 expected_unit_magnetization=[0.500000000000,0.556670399226,-0.663413948169] model_alpha_rad=0.523598775598
MODEL_MAGNETIZATION_EVAL=[0.500000000000,0.556670399226,-0.663413948169]
ACTIVE_MFC2_CONFIG mode=ON ConstitutiveRelationBH=RemanentFluxDensity mur_mat=from_mat mur=1 normBr_source=userdef normBr=1.46[T] domains=[4]
ON_CONTROL_CONFIG=RECORDED active_constitutive=RemanentFluxDensity active_mur=1 active_normBr=1.46[T]
STATIONARY_TOL study=st_on_z125p000_p50p0000.stat usestol=on stol=1e-6
SOLVER_CONFIG sol=sol6 s1.control=stat fc1.linsolver=dDef dDef.linsolver=pardiso
CONFIGURED_SAVED z=125.0 phi=50.0 study=st_on_z125p000_p50p0000 sol=sol6
SOLVED z=125.0 phi=50.0 sol=sol6
RESULT ON,125.00000000,50.00000000,0.500000000000,0.556670399226,-0.663413948169,sol6,pardiso,stol=1e-6,60636,NA,0.00106818495892,1.06818495892,1.06818495892,SUCCESS,UNKNOWN,UNKNOWN
ON_CONFIGURATION_RESTORED
POSE phi_deg=60.0000000000 expected_unit_magnetization=[0.500000000000,0.433012701892,-0.750000000000] model_alpha_rad=0.523598775598
MODEL_MAGNETIZATION_EVAL=[0.500000000000,0.433012701892,-0.750000000000]
ACTIVE_MFC2_CONFIG mode=ON ConstitutiveRelationBH=RemanentFluxDensity mur_mat=from_mat mur=1 normBr_source=userdef normBr=1.46[T] domains=[4]
ON_CONTROL_CONFIG=RECORDED active_constitutive=RemanentFluxDensity active_mur=1 active_normBr=1.46[T]
STATIONARY_TOL study=st_on_z125p000_p60p0000.stat usestol=on stol=1e-6
SOLVER_CONFIG sol=sol7 s1.control=stat fc1.linsolver=dDef dDef.linsolver=pardiso
CONFIGURED_SAVED z=125.0 phi=60.0 study=st_on_z125p000_p60p0000 sol=sol7
SOLVED z=125.0 phi=60.0 sol=sol7
RESULT ON,125.00000000,60.00000000,0.500000000000,0.433012701892,-0.750000000000,sol7,pardiso,stol=1e-6,60636,NA,0.00107368306430,1.07368306430,1.07368306430,SUCCESS,UNKNOWN,UNKNOWN
ON_CONFIGURATION_RESTORED
POSE phi_deg=70.0000000000 expected_unit_magnetization=[0.500000000000,0.296198132726,-0.813797681349] model_alpha_rad=0.523598775598
MODEL_MAGNETIZATION_EVAL=[0.500000000000,0.296198132726,-0.813797681349]
ACTIVE_MFC2_CONFIG mode=ON ConstitutiveRelationBH=RemanentFluxDensity mur_mat=from_mat mur=1 normBr_source=userdef normBr=1.46[T] domains=[4]
ON_CONTROL_CONFIG=RECORDED active_constitutive=RemanentFluxDensity active_mur=1 active_normBr=1.46[T]
STATIONARY_TOL study=st_on_z125p000_p70p0000.stat usestol=on stol=1e-6
SOLVER_CONFIG sol=sol8 s1.control=stat fc1.linsolver=dDef dDef.linsolver=pardiso
CONFIGURED_SAVED z=125.0 phi=70.0 study=st_on_z125p000_p70p0000 sol=sol8
SOLVED z=125.0 phi=70.0 sol=sol8
RESULT ON,125.00000000,70.00000000,0.500000000000,0.296198132726,-0.813797681349,sol8,pardiso,stol=1e-6,60636,NA,0.00107772075964,1.07772075964,1.07772075964,SUCCESS,UNKNOWN,UNKNOWN
ON_CONFIGURATION_RESTORED
POSE phi_deg=80.0000000000 expected_unit_magnetization=[0.500000000000,0.150383733180,-0.852868531952] model_alpha_rad=0.523598775598
MODEL_MAGNETIZATION_EVAL=[0.500000000000,0.150383733180,-0.852868531952]
ACTIVE_MFC2_CONFIG mode=ON ConstitutiveRelationBH=RemanentFluxDensity mur_mat=from_mat mur=1 normBr_source=userdef normBr=1.46[T] domains=[4]
ON_CONTROL_CONFIG=RECORDED active_constitutive=RemanentFluxDensity active_mur=1 active_normBr=1.46[T]
STATIONARY_TOL study=st_on_z125p000_p80p0000.stat usestol=on stol=1e-6
SOLVER_CONFIG sol=sol9 s1.control=stat fc1.linsolver=dDef dDef.linsolver=pardiso
CONFIGURED_SAVED z=125.0 phi=80.0 study=st_on_z125p000_p80p0000 sol=sol9
SOLVED z=125.0 phi=80.0 sol=sol9
RESULT ON,125.00000000,80.00000000,0.500000000000,0.150383733180,-0.852868531952,sol9,pardiso,stol=1e-6,60636,NA,0.00108017534606,1.08017534606,1.08017534606,SUCCESS,UNKNOWN,UNKNOWN
ON_CONFIGURATION_RESTORED
POSE phi_deg=90.0000000000 expected_unit_magnetization=[0.500000000000,5.30287619362e-17,-0.866025403784] model_alpha_rad=0.523598775598
MODEL_MAGNETIZATION_EVAL=[0.500000000000,5.30287619362e-17,-0.866025403784]
ACTIVE_MFC2_CONFIG mode=ON ConstitutiveRelationBH=RemanentFluxDensity mur_mat=from_mat mur=1 normBr_source=userdef normBr=1.46[T] domains=[4]
ON_CONTROL_CONFIG=RECORDED active_constitutive=RemanentFluxDensity active_mur=1 active_normBr=1.46[T]
STATIONARY_TOL study=st_on_z125p000_p90p0000.stat usestol=on stol=1e-6
SOLVER_CONFIG sol=sol10 s1.control=stat fc1.linsolver=dDef dDef.linsolver=pardiso
CONFIGURED_SAVED z=125.0 phi=90.0 study=st_on_z125p000_p90p0000 sol=sol10
SOLVED z=125.0 phi=90.0 sol=sol10
RESULT ON,125.00000000,90.00000000,0.500000000000,5.30287619362e-17,-0.866025403784,sol10,pardiso,stol=1e-6,60636,NA,0.00108097223466,1.08097223466,1.08097223466,SUCCESS,UNKNOWN,UNKNOWN
ON_CONFIGURATION_RESTORED
POSE phi_deg=100.000000000 expected_unit_magnetization=[0.500000000000,-0.150383733180,-0.852868531952] model_alpha_rad=0.523598775598
MODEL_MAGNETIZATION_EVAL=[0.500000000000,-0.150383733180,-0.852868531952]
ACTIVE_MFC2_CONFIG mode=ON ConstitutiveRelationBH=RemanentFluxDensity mur_mat=from_mat mur=1 normBr_source=userdef normBr=1.46[T] domains=[4]
ON_CONTROL_CONFIG=RECORDED active_constitutive=RemanentFluxDensity active_mur=1 active_normBr=1.46[T]
STATIONARY_TOL study=st_on_z125p000_p100p000.stat usestol=on stol=1e-6
SOLVER_CONFIG sol=sol11 s1.control=stat fc1.linsolver=dDef dDef.linsolver=pardiso
CONFIGURED_SAVED z=125.0 phi=100.0 study=st_on_z125p000_p100p000 sol=sol11
SOLVED z=125.0 phi=100.0 sol=sol11
RESULT ON,125.00000000,100.00000000,0.500000000000,-0.150383733180,-0.852868531952,sol11,pardiso,stol=1e-6,60636,NA,0.00108008721292,1.08008721292,1.08008721292,SUCCESS,UNKNOWN,UNKNOWN
ON_CONFIGURATION_RESTORED
POSE phi_deg=110.000000000 expected_unit_magnetization=[0.500000000000,-0.296198132726,-0.813797681349] model_alpha_rad=0.523598775598
MODEL_MAGNETIZATION_EVAL=[0.500000000000,-0.296198132726,-0.813797681349]
ACTIVE_MFC2_CONFIG mode=ON ConstitutiveRelationBH=RemanentFluxDensity mur_mat=from_mat mur=1 normBr_source=userdef normBr=1.46[T] domains=[4]
ON_CONTROL_CONFIG=RECORDED active_constitutive=RemanentFluxDensity active_mur=1 active_normBr=1.46[T]
STATIONARY_TOL study=st_on_z125p000_p110p000.stat usestol=on stol=1e-6
SOLVER_CONFIG sol=sol12 s1.control=stat fc1.linsolver=dDef dDef.linsolver=pardiso
CONFIGURED_SAVED z=125.0 phi=110.0 study=st_on_z125p000_p110p000 sol=sol12
SOLVED z=125.0 phi=110.0 sol=sol12
RESULT ON,125.00000000,110.00000000,0.500000000000,-0.296198132726,-0.813797681349,sol12,pardiso,stol=1e-6,60636,NA,0.00107754718033,1.07754718033,1.07754718033,SUCCESS,UNKNOWN,UNKNOWN
ON_CONFIGURATION_RESTORED
POSE phi_deg=120.000000000 expected_unit_magnetization=[0.500000000000,-0.433012701892,-0.750000000000] model_alpha_rad=0.523598775598
MODEL_MAGNETIZATION_EVAL=[0.500000000000,-0.433012701892,-0.750000000000]
ACTIVE_MFC2_CONFIG mode=ON ConstitutiveRelationBH=RemanentFluxDensity mur_mat=from_mat mur=1 normBr_source=userdef normBr=1.46[T] domains=[4]
ON_CONTROL_CONFIG=RECORDED active_constitutive=RemanentFluxDensity active_mur=1 active_normBr=1.46[T]
STATIONARY_TOL study=st_on_z125p000_p120p000.stat usestol=on stol=1e-6
SOLVER_CONFIG sol=sol13 s1.control=stat fc1.linsolver=dDef dDef.linsolver=pardiso
CONFIGURED_SAVED z=125.0 phi=120.0 study=st_on_z125p000_p120p000 sol=sol13
SOLVED z=125.0 phi=120.0 sol=sol13
RESULT ON,125.00000000,120.00000000,0.500000000000,-0.433012701892,-0.750000000000,sol13,pardiso,stol=1e-6,60636,NA,0.00107342933177,1.07342933177,1.07342933177,SUCCESS,UNKNOWN,UNKNOWN
ON_CONFIGURATION_RESTORED
POSE phi_deg=130.000000000 expected_unit_magnetization=[0.500000000000,-0.556670399226,-0.663413948169] model_alpha_rad=0.523598775598
MODEL_MAGNETIZATION_EVAL=[0.500000000000,-0.556670399226,-0.663413948169]
ACTIVE_MFC2_CONFIG mode=ON ConstitutiveRelationBH=RemanentFluxDensity mur_mat=from_mat mur=1 normBr_source=userdef normBr=1.46[T] domains=[4]
ON_CONTROL_CONFIG=RECORDED active_constitutive=RemanentFluxDensity active_mur=1 active_normBr=1.46[T]
STATIONARY_TOL study=st_on_z125p000_p130p000.stat usestol=on stol=1e-6
SOLVER_CONFIG sol=sol14 s1.control=stat fc1.linsolver=dDef dDef.linsolver=pardiso
CONFIGURED_SAVED z=125.0 phi=130.0 study=st_on_z125p000_p130p000 sol=sol14
SOLVED z=125.0 phi=130.0 sol=sol14
RESULT ON,125.00000000,130.00000000,0.500000000000,-0.556670399226,-0.663413948169,sol14,pardiso,stol=1e-6,60636,NA,0.00106785880555,1.06785880555,1.06785880555,SUCCESS,UNKNOWN,UNKNOWN
ON_CONFIGURATION_RESTORED
POSE phi_deg=140.000000000 expected_unit_magnetization=[0.500000000000,-0.663413948169,-0.556670399226] model_alpha_rad=0.523598775598
MODEL_MAGNETIZATION_EVAL=[0.500000000000,-0.663413948169,-0.556670399226]
ACTIVE_MFC2_CONFIG mode=ON ConstitutiveRelationBH=RemanentFluxDensity mur_mat=from_mat mur=1 normBr_source=userdef normBr=1.46[T] domains=[4]
ON_CONTROL_CONFIG=RECORDED active_constitutive=RemanentFluxDensity active_mur=1 active_normBr=1.46[T]
STATIONARY_TOL study=st_on_z125p000_p140p000.stat usestol=on stol=1e-6
SOLVER_CONFIG sol=sol15 s1.control=stat fc1.linsolver=dDef dDef.linsolver=pardiso
CONFIGURED_SAVED z=125.0 phi=140.0 study=st_on_z125p000_p140p000 sol=sol15
SOLVED z=125.0 phi=140.0 sol=sol15
RESULT ON,125.00000000,140.00000000,0.500000000000,-0.663413948169,-0.556670399226,sol15,pardiso,stol=1e-6,60636,NA,0.00106100488483,1.06100488483,1.06100488483,SUCCESS,UNKNOWN,UNKNOWN
ON_CONFIGURATION_RESTORED
POSE phi_deg=150.000000000 expected_unit_magnetization=[0.500000000000,-0.750000000000,-0.433012701892] model_alpha_rad=0.523598775598
MODEL_MAGNETIZATION_EVAL=[0.500000000000,-0.750000000000,-0.433012701892]
ACTIVE_MFC2_CONFIG mode=ON ConstitutiveRelationBH=RemanentFluxDensity mur_mat=from_mat mur=1 normBr_source=userdef normBr=1.46[T] domains=[4]
ON_CONTROL_CONFIG=RECORDED active_constitutive=RemanentFluxDensity active_mur=1 active_normBr=1.46[T]
STATIONARY_TOL study=st_on_z125p000_p150p000.stat usestol=on stol=1e-6
SOLVER_CONFIG sol=sol16 s1.control=stat fc1.linsolver=dDef dDef.linsolver=pardiso
CONFIGURED_SAVED z=125.0 phi=150.0 study=st_on_z125p000_p150p000 sol=sol16
SOLVED z=125.0 phi=150.0 sol=sol16
RESULT ON,125.00000000,150.00000000,0.500000000000,-0.750000000000,-0.433012701892,sol16,pardiso,stol=1e-6,60636,NA,0.00105307584474,1.05307584474,1.05307584474,SUCCESS,UNKNOWN,UNKNOWN
ON_CONFIGURATION_RESTORED
POSE phi_deg=160.000000000 expected_unit_magnetization=[0.500000000000,-0.813797681349,-0.296198132726] model_alpha_rad=0.523598775598
MODEL_MAGNETIZATION_EVAL=[0.500000000000,-0.813797681349,-0.296198132726]
ACTIVE_MFC2_CONFIG mode=ON ConstitutiveRelationBH=RemanentFluxDensity mur_mat=from_mat mur=1 normBr_source=userdef normBr=1.46[T] domains=[4]
ON_CONTROL_CONFIG=RECORDED active_constitutive=RemanentFluxDensity active_mur=1 active_normBr=1.46[T]
STATIONARY_TOL study=st_on_z125p000_p160p000.stat usestol=on stol=1e-6
SOLVER_CONFIG sol=sol17 s1.control=stat fc1.linsolver=dDef dDef.linsolver=pardiso
CONFIGURED_SAVED z=125.0 phi=160.0 study=st_on_z125p000_p160p000 sol=sol17
SOLVED z=125.0 phi=160.0 sol=sol17
RESULT ON,125.00000000,160.00000000,0.500000000000,-0.813797681349,-0.296198132726,sol17,pardiso,stol=1e-6,60636,NA,0.00104431262693,1.04431262693,1.04431262693,SUCCESS,UNKNOWN,UNKNOWN
ON_CONFIGURATION_RESTORED
POSE phi_deg=170.000000000 expected_unit_magnetization=[0.500000000000,-0.852868531952,-0.150383733180] model_alpha_rad=0.523598775598
MODEL_MAGNETIZATION_EVAL=[0.500000000000,-0.852868531952,-0.150383733180]
ACTIVE_MFC2_CONFIG mode=ON ConstitutiveRelationBH=RemanentFluxDensity mur_mat=from_mat mur=1 normBr_source=userdef normBr=1.46[T] domains=[4]
ON_CONTROL_CONFIG=RECORDED active_constitutive=RemanentFluxDensity active_mur=1 active_normBr=1.46[T]
STATIONARY_TOL study=st_on_z125p000_p170p000.stat usestol=on stol=1e-6
SOLVER_CONFIG sol=sol18 s1.control=stat fc1.linsolver=dDef dDef.linsolver=pardiso
CONFIGURED_SAVED z=125.0 phi=170.0 study=st_on_z125p000_p170p000 sol=sol18
SOLVED z=125.0 phi=170.0 sol=sol18
RESULT ON,125.00000000,170.00000000,0.500000000000,-0.852868531952,-0.150383733180,sol18,pardiso,stol=1e-6,60636,NA,0.00103498151228,1.03498151228,1.03498151228,SUCCESS,UNKNOWN,UNKNOWN
ON_CONFIGURATION_RESTORED
POSE phi_deg=180.000000000 expected_unit_magnetization=[0.500000000000,-0.866025403784,-1.06057523872e-16] model_alpha_rad=0.523598775598
MODEL_MAGNETIZATION_EVAL=[0.500000000000,-0.866025403784,-1.06057523872e-16]
ACTIVE_MFC2_CONFIG mode=ON ConstitutiveRelationBH=RemanentFluxDensity mur_mat=from_mat mur=1 normBr_source=userdef normBr=1.46[T] domains=[4]
ON_CONTROL_CONFIG=RECORDED active_constitutive=RemanentFluxDensity active_mur=1 active_normBr=1.46[T]
STATIONARY_TOL study=st_on_z125p000_p180p000.stat usestol=on stol=1e-6
SOLVER_CONFIG sol=sol19 s1.control=stat fc1.linsolver=dDef dDef.linsolver=pardiso
CONFIGURED_SAVED z=125.0 phi=180.0 study=st_on_z125p000_p180p000 sol=sol19
SOLVED z=125.0 phi=180.0 sol=sol19
RESULT ON,125.00000000,180.00000000,0.500000000000,-0.866025403784,-1.06057523872e-16,sol19,pardiso,stol=1e-6,60636,NA,0.00102536602866,1.02536602866,1.02536602866,SUCCESS,UNKNOWN,UNKNOWN
ON_CONFIGURATION_RESTORED
POSE phi_deg=190.000000000 expected_unit_magnetization=[0.500000000000,-0.852868531952,0.150383733180] model_alpha_rad=0.523598775598
MODEL_MAGNETIZATION_EVAL=[0.500000000000,-0.852868531952,0.150383733180]
ACTIVE_MFC2_CONFIG mode=ON ConstitutiveRelationBH=RemanentFluxDensity mur_mat=from_mat mur=1 normBr_source=userdef normBr=1.46[T] domains=[4]
ON_CONTROL_CONFIG=RECORDED active_constitutive=RemanentFluxDensity active_mur=1 active_normBr=1.46[T]
STATIONARY_TOL study=st_on_z125p000_p190p000.stat usestol=on stol=1e-6
SOLVER_CONFIG sol=sol20 s1.control=stat fc1.linsolver=dDef dDef.linsolver=pardiso
CONFIGURED_SAVED z=125.0 phi=190.0 study=st_on_z125p000_p190p000 sol=sol20
SOLVED z=125.0 phi=190.0 sol=sol20
RESULT ON,125.00000000,190.00000000,0.500000000000,-0.852868531952,0.150383733180,sol20,pardiso,stol=1e-6,60636,NA,0.00101575833828,1.01575833828,1.01575833828,SUCCESS,UNKNOWN,UNKNOWN
ON_CONFIGURATION_RESTORED
POSE phi_deg=200.000000000 expected_unit_magnetization=[0.500000000000,-0.813797681349,0.296198132726] model_alpha_rad=0.523598775598
MODEL_MAGNETIZATION_EVAL=[0.500000000000,-0.813797681349,0.296198132726]
ACTIVE_MFC2_CONFIG mode=ON ConstitutiveRelationBH=RemanentFluxDensity mur_mat=from_mat mur=1 normBr_source=userdef normBr=1.46[T] domains=[4]
ON_CONTROL_CONFIG=RECORDED active_constitutive=RemanentFluxDensity active_mur=1 active_normBr=1.46[T]
STATIONARY_TOL study=st_on_z125p000_p200p000.stat usestol=on stol=1e-6
SOLVER_CONFIG sol=sol21 s1.control=stat fc1.linsolver=dDef dDef.linsolver=pardiso
CONFIGURED_SAVED z=125.0 phi=200.0 study=st_on_z125p000_p200p000 sol=sol21
SOLVED z=125.0 phi=200.0 sol=sol21
RESULT ON,125.00000000,200.00000000,0.500000000000,-0.813797681349,0.296198132726,sol21,pardiso,stol=1e-6,60636,NA,0.00100645035650,1.00645035650,1.00645035650,SUCCESS,UNKNOWN,UNKNOWN
ON_CONFIGURATION_RESTORED
POSE phi_deg=210.000000000 expected_unit_magnetization=[0.500000000000,-0.750000000000,0.433012701892] model_alpha_rad=0.523598775598
MODEL_MAGNETIZATION_EVAL=[0.500000000000,-0.750000000000,0.433012701892]
ACTIVE_MFC2_CONFIG mode=ON ConstitutiveRelationBH=RemanentFluxDensity mur_mat=from_mat mur=1 normBr_source=userdef normBr=1.46[T] domains=[4]
ON_CONTROL_CONFIG=RECORDED active_constitutive=RemanentFluxDensity active_mur=1 active_normBr=1.46[T]
STATIONARY_TOL study=st_on_z125p000_p210p000.stat usestol=on stol=1e-6
SOLVER_CONFIG sol=sol22 s1.control=stat fc1.linsolver=dDef dDef.linsolver=pardiso
CONFIGURED_SAVED z=125.0 phi=210.0 study=st_on_z125p000_p210p000 sol=sol22
SOLVED z=125.0 phi=210.0 sol=sol22
RESULT ON,125.00000000,210.00000000,0.500000000000,-0.750000000000,0.433012701892,sol22,pardiso,stol=1e-6,60636,NA,0.000997724885578,0.997724885578,0.997724885578,SUCCESS,UNKNOWN,UNKNOWN
ON_CONFIGURATION_RESTORED
POSE phi_deg=220.000000000 expected_unit_magnetization=[0.500000000000,-0.663413948169,0.556670399226] model_alpha_rad=0.523598775598
MODEL_MAGNETIZATION_EVAL=[0.500000000000,-0.663413948169,0.556670399226]
ACTIVE_MFC2_CONFIG mode=ON ConstitutiveRelationBH=RemanentFluxDensity mur_mat=from_mat mur=1 normBr_source=userdef normBr=1.46[T] domains=[4]
ON_CONTROL_CONFIG=RECORDED active_constitutive=RemanentFluxDensity active_mur=1 active_normBr=1.46[T]
STATIONARY_TOL study=st_on_z125p000_p220p000.stat usestol=on stol=1e-6
SOLVER_CONFIG sol=sol23 s1.control=stat fc1.linsolver=dDef dDef.linsolver=pardiso
CONFIGURED_SAVED z=125.0 phi=220.0 study=st_on_z125p000_p220p000 sol=sol23
SOLVED z=125.0 phi=220.0 sol=sol23
RESULT ON,125.00000000,220.00000000,0.500000000000,-0.663413948169,0.556670399226,sol23,pardiso,stol=1e-6,60636,NA,0.000989847023324,0.989847023324,0.989847023324,SUCCESS,UNKNOWN,UNKNOWN
ON_CONFIGURATION_RESTORED
POSE phi_deg=230.000000000 expected_unit_magnetization=[0.500000000000,-0.556670399226,0.663413948169] model_alpha_rad=0.523598775598
MODEL_MAGNETIZATION_EVAL=[0.500000000000,-0.556670399226,0.663413948169]
ACTIVE_MFC2_CONFIG mode=ON ConstitutiveRelationBH=RemanentFluxDensity mur_mat=from_mat mur=1 normBr_source=userdef normBr=1.46[T] domains=[4]
ON_CONTROL_CONFIG=RECORDED active_constitutive=RemanentFluxDensity active_mur=1 active_normBr=1.46[T]
STATIONARY_TOL study=st_on_z125p000_p230p000.stat usestol=on stol=1e-6
SOLVER_CONFIG sol=sol24 s1.control=stat fc1.linsolver=dDef dDef.linsolver=pardiso
CONFIGURED_SAVED z=125.0 phi=230.0 study=st_on_z125p000_p230p000 sol=sol24
SOLVED z=125.0 phi=230.0 sol=sol24
RESULT ON,125.00000000,230.00000000,0.500000000000,-0.556670399226,0.663413948169,sol24,pardiso,stol=1e-6,60636,NA,0.000983056111203,0.983056111203,0.983056111203,SUCCESS,UNKNOWN,UNKNOWN
ON_CONFIGURATION_RESTORED
POSE phi_deg=240.000000000 expected_unit_magnetization=[0.500000000000,-0.433012701892,0.750000000000] model_alpha_rad=0.523598775598
MODEL_MAGNETIZATION_EVAL=[0.500000000000,-0.433012701892,0.750000000000]
ACTIVE_MFC2_CONFIG mode=ON ConstitutiveRelationBH=RemanentFluxDensity mur_mat=from_mat mur=1 normBr_source=userdef normBr=1.46[T] domains=[4]
ON_CONTROL_CONFIG=RECORDED active_constitutive=RemanentFluxDensity active_mur=1 active_normBr=1.46[T]
STATIONARY_TOL study=st_on_z125p000_p240p000.stat usestol=on stol=1e-6
SOLVER_CONFIG sol=sol25 s1.control=stat fc1.linsolver=dDef dDef.linsolver=pardiso
CONFIGURED_SAVED z=125.0 phi=240.0 study=st_on_z125p000_p240p000 sol=sol25
SOLVED z=125.0 phi=240.0 sol=sol25
RESULT ON,125.00000000,240.00000000,0.500000000000,-0.433012701892,0.750000000000,sol25,pardiso,stol=1e-6,60636,NA,0.000977558463068,0.977558463068,0.977558463068,SUCCESS,UNKNOWN,UNKNOWN
ON_CONFIGURATION_RESTORED
POSE phi_deg=250.000000000 expected_unit_magnetization=[0.500000000000,-0.296198132726,0.813797681349] model_alpha_rad=0.523598775598
MODEL_MAGNETIZATION_EVAL=[0.500000000000,-0.296198132726,0.813797681349]
ACTIVE_MFC2_CONFIG mode=ON ConstitutiveRelationBH=RemanentFluxDensity mur_mat=from_mat mur=1 normBr_source=userdef normBr=1.46[T] domains=[4]
ON_CONTROL_CONFIG=RECORDED active_constitutive=RemanentFluxDensity active_mur=1 active_normBr=1.46[T]
STATIONARY_TOL study=st_on_z125p000_p250p000.stat usestol=on stol=1e-6
SOLVER_CONFIG sol=sol26 s1.control=stat fc1.linsolver=dDef dDef.linsolver=pardiso
CONFIGURED_SAVED z=125.0 phi=250.0 study=st_on_z125p000_p250p000 sol=sol26
SOLVED z=125.0 phi=250.0 sol=sol26
RESULT ON,125.00000000,250.00000000,0.500000000000,-0.296198132726,0.813797681349,sol26,pardiso,stol=1e-6,60636,NA,0.000973521102216,0.973521102216,0.973521102216,SUCCESS,UNKNOWN,UNKNOWN
ON_CONFIGURATION_RESTORED
POSE phi_deg=260.000000000 expected_unit_magnetization=[0.500000000000,-0.150383733180,0.852868531952] model_alpha_rad=0.523598775598
MODEL_MAGNETIZATION_EVAL=[0.500000000000,-0.150383733180,0.852868531952]
ACTIVE_MFC2_CONFIG mode=ON ConstitutiveRelationBH=RemanentFluxDensity mur_mat=from_mat mur=1 normBr_source=userdef normBr=1.46[T] domains=[4]
ON_CONTROL_CONFIG=RECORDED active_constitutive=RemanentFluxDensity active_mur=1 active_normBr=1.46[T]
STATIONARY_TOL study=st_on_z125p000_p260p000.stat usestol=on stol=1e-6
SOLVER_CONFIG sol=sol27 s1.control=stat fc1.linsolver=dDef dDef.linsolver=pardiso
CONFIGURED_SAVED z=125.0 phi=260.0 study=st_on_z125p000_p260p000 sol=sol27
SOLVED z=125.0 phi=260.0 sol=sol27
RESULT ON,125.00000000,260.00000000,0.500000000000,-0.150383733180,0.852868531952,sol27,pardiso,stol=1e-6,60636,NA,0.000971066686265,0.971066686265,0.971066686265,SUCCESS,UNKNOWN,UNKNOWN
ON_CONFIGURATION_RESTORED
POSE phi_deg=270.000000000 expected_unit_magnetization=[0.500000000000,-1.59086285809e-16,0.866025403784] model_alpha_rad=0.523598775598
MODEL_MAGNETIZATION_EVAL=[0.500000000000,-1.59086285809e-16,0.866025403784]
ACTIVE_MFC2_CONFIG mode=ON ConstitutiveRelationBH=RemanentFluxDensity mur_mat=from_mat mur=1 normBr_source=userdef normBr=1.46[T] domains=[4]
ON_CONTROL_CONFIG=RECORDED active_constitutive=RemanentFluxDensity active_mur=1 active_normBr=1.46[T]
STATIONARY_TOL study=st_on_z125p000_p270p000.stat usestol=on stol=1e-6
SOLVER_CONFIG sol=sol28 s1.control=stat fc1.linsolver=dDef dDef.linsolver=pardiso
CONFIGURED_SAVED z=125.0 phi=270.0 study=st_on_z125p000_p270p000 sol=sol28
SOLVED z=125.0 phi=270.0 sol=sol28
RESULT ON,125.00000000,270.00000000,0.500000000000,-1.59086285809e-16,0.866025403784,sol28,pardiso,stol=1e-6,60636,NA,0.000970269784203,0.970269784203,0.970269784203,SUCCESS,UNKNOWN,UNKNOWN
ON_CONFIGURATION_RESTORED
POSE phi_deg=280.000000000 expected_unit_magnetization=[0.500000000000,0.150383733180,0.852868531952] model_alpha_rad=0.523598775598
MODEL_MAGNETIZATION_EVAL=[0.500000000000,0.150383733180,0.852868531952]
ACTIVE_MFC2_CONFIG mode=ON ConstitutiveRelationBH=RemanentFluxDensity mur_mat=from_mat mur=1 normBr_source=userdef normBr=1.46[T] domains=[4]
ON_CONTROL_CONFIG=RECORDED active_constitutive=RemanentFluxDensity active_mur=1 active_normBr=1.46[T]
STATIONARY_TOL study=st_on_z125p000_p280p000.stat usestol=on stol=1e-6
SOLVER_CONFIG sol=sol29 s1.control=stat fc1.linsolver=dDef dDef.linsolver=pardiso
CONFIGURED_SAVED z=125.0 phi=280.0 study=st_on_z125p000_p280p000 sol=sol29
SOLVED z=125.0 phi=280.0 sol=sol29
RESULT ON,125.00000000,280.00000000,0.500000000000,0.150383733180,0.852868531952,sol29,pardiso,stol=1e-6,60636,NA,0.000971154609582,0.971154609582,0.971154609582,SUCCESS,UNKNOWN,UNKNOWN
ON_CONFIGURATION_RESTORED
POSE phi_deg=290.000000000 expected_unit_magnetization=[0.500000000000,0.296198132726,0.813797681349] model_alpha_rad=0.523598775598
MODEL_MAGNETIZATION_EVAL=[0.500000000000,0.296198132726,0.813797681349]
ACTIVE_MFC2_CONFIG mode=ON ConstitutiveRelationBH=RemanentFluxDensity mur_mat=from_mat mur=1 normBr_source=userdef normBr=1.46[T] domains=[4]
ON_CONTROL_CONFIG=RECORDED active_constitutive=RemanentFluxDensity active_mur=1 active_normBr=1.46[T]
STATIONARY_TOL study=st_on_z125p000_p290p000.stat usestol=on stol=1e-6
SOLVER_CONFIG sol=sol30 s1.control=stat fc1.linsolver=dDef dDef.linsolver=pardiso
CONFIGURED_SAVED z=125.0 phi=290.0 study=st_on_z125p000_p290p000 sol=sol30
SOLVED z=125.0 phi=290.0 sol=sol30
RESULT ON,125.00000000,290.00000000,0.500000000000,0.296198132726,0.813797681349,sol30,pardiso,stol=1e-6,60636,NA,0.000973694287098,0.973694287098,0.973694287098,SUCCESS,UNKNOWN,UNKNOWN
ON_CONFIGURATION_RESTORED
POSE phi_deg=300.000000000 expected_unit_magnetization=[0.500000000000,0.433012701892,0.750000000000] model_alpha_rad=0.523598775598
MODEL_MAGNETIZATION_EVAL=[0.500000000000,0.433012701892,0.750000000000]
ACTIVE_MFC2_CONFIG mode=ON ConstitutiveRelationBH=RemanentFluxDensity mur_mat=from_mat mur=1 normBr_source=userdef normBr=1.46[T] domains=[4]
ON_CONTROL_CONFIG=RECORDED active_constitutive=RemanentFluxDensity active_mur=1 active_normBr=1.46[T]
STATIONARY_TOL study=st_on_z125p000_p300p000.stat usestol=on stol=1e-6
SOLVER_CONFIG sol=sol31 s1.control=stat fc1.linsolver=dDef dDef.linsolver=pardiso
CONFIGURED_SAVED z=125.0 phi=300.0 study=st_on_z125p000_p300p000 sol=sol31
SOLVED z=125.0 phi=300.0 sol=sol31
RESULT ON,125.00000000,300.00000000,0.500000000000,0.433012701892,0.750000000000,sol31,pardiso,stol=1e-6,60636,NA,0.000977811664218,0.977811664218,0.977811664218,SUCCESS,UNKNOWN,UNKNOWN
ON_CONFIGURATION_RESTORED
POSE phi_deg=310.000000000 expected_unit_magnetization=[0.500000000000,0.556670399226,0.663413948169] model_alpha_rad=0.523598775598
MODEL_MAGNETIZATION_EVAL=[0.500000000000,0.556670399226,0.663413948169]
ACTIVE_MFC2_CONFIG mode=ON ConstitutiveRelationBH=RemanentFluxDensity mur_mat=from_mat mur=1 normBr_source=userdef normBr=1.46[T] domains=[4]
ON_CONTROL_CONFIG=RECORDED active_constitutive=RemanentFluxDensity active_mur=1 active_normBr=1.46[T]
STATIONARY_TOL study=st_on_z125p000_p310p000.stat usestol=on stol=1e-6
SOLVER_CONFIG sol=sol32 s1.control=stat fc1.linsolver=dDef dDef.linsolver=pardiso
CONFIGURED_SAVED z=125.0 phi=310.0 study=st_on_z125p000_p310p000 sol=sol32
SOLVED z=125.0 phi=310.0 sol=sol32
RESULT ON,125.00000000,310.00000000,0.500000000000,0.556670399226,0.663413948169,sol32,pardiso,stol=1e-6,60636,NA,0.000983381659868,0.983381659868,0.983381659868,SUCCESS,UNKNOWN,UNKNOWN
ON_CONFIGURATION_RESTORED
POSE phi_deg=320.000000000 expected_unit_magnetization=[0.500000000000,0.663413948169,0.556670399226] model_alpha_rad=0.523598775598
MODEL_MAGNETIZATION_EVAL=[0.500000000000,0.663413948169,0.556670399226]
ACTIVE_MFC2_CONFIG mode=ON ConstitutiveRelationBH=RemanentFluxDensity mur_mat=from_mat mur=1 normBr_source=userdef normBr=1.46[T] domains=[4]
ON_CONTROL_CONFIG=RECORDED active_constitutive=RemanentFluxDensity active_mur=1 active_normBr=1.46[T]
STATIONARY_TOL study=st_on_z125p000_p320p000.stat usestol=on stol=1e-6
SOLVER_CONFIG sol=sol33 s1.control=stat fc1.linsolver=dDef dDef.linsolver=pardiso
CONFIGURED_SAVED z=125.0 phi=320.0 study=st_on_z125p000_p320p000 sol=sol33
SOLVED z=125.0 phi=320.0 sol=sol33
RESULT ON,125.00000000,320.00000000,0.500000000000,0.663413948169,0.556670399226,sol33,pardiso,stol=1e-6,60636,NA,0.000990235055058,0.990235055058,0.990235055058,SUCCESS,UNKNOWN,UNKNOWN
ON_CONFIGURATION_RESTORED
POSE phi_deg=330.000000000 expected_unit_magnetization=[0.500000000000,0.750000000000,0.433012701892] model_alpha_rad=0.523598775598
MODEL_MAGNETIZATION_EVAL=[0.500000000000,0.750000000000,0.433012701892]
ACTIVE_MFC2_CONFIG mode=ON ConstitutiveRelationBH=RemanentFluxDensity mur_mat=from_mat mur=1 normBr_source=userdef normBr=1.46[T] domains=[4]
ON_CONTROL_CONFIG=RECORDED active_constitutive=RemanentFluxDensity active_mur=1 active_normBr=1.46[T]
STATIONARY_TOL study=st_on_z125p000_p330p000.stat usestol=on stol=1e-6
SOLVER_CONFIG sol=sol34 s1.control=stat fc1.linsolver=dDef dDef.linsolver=pardiso
CONFIGURED_SAVED z=125.0 phi=330.0 study=st_on_z125p000_p330p000 sol=sol34
SOLVED z=125.0 phi=330.0 sol=sol34
RESULT ON,125.00000000,330.00000000,0.500000000000,0.750000000000,0.433012701892,sol34,pardiso,stol=1e-6,60636,NA,0.000998163637423,0.998163637423,0.998163637423,SUCCESS,UNKNOWN,UNKNOWN
ON_CONFIGURATION_RESTORED
POSE phi_deg=340.000000000 expected_unit_magnetization=[0.500000000000,0.813797681349,0.296198132726] model_alpha_rad=0.523598775598
MODEL_MAGNETIZATION_EVAL=[0.500000000000,0.813797681349,0.296198132726]
ACTIVE_MFC2_CONFIG mode=ON ConstitutiveRelationBH=RemanentFluxDensity mur_mat=from_mat mur=1 normBr_source=userdef normBr=1.46[T] domains=[4]
ON_CONTROL_CONFIG=RECORDED active_constitutive=RemanentFluxDensity active_mur=1 active_normBr=1.46[T]
STATIONARY_TOL study=st_on_z125p000_p340p000.stat usestol=on stol=1e-6
SOLVER_CONFIG sol=sol35 s1.control=stat fc1.linsolver=dDef dDef.linsolver=pardiso
CONFIGURED_SAVED z=125.0 phi=340.0 study=st_on_z125p000_p340p000 sol=sol35
SOLVED z=125.0 phi=340.0 sol=sol35
RESULT ON,125.00000000,340.00000000,0.500000000000,0.813797681349,0.296198132726,sol35,pardiso,stol=1e-6,60636,NA,0.00100692652125,1.00692652125,1.00692652125,SUCCESS,UNKNOWN,UNKNOWN
ON_CONFIGURATION_RESTORED
POSE phi_deg=350.000000000 expected_unit_magnetization=[0.500000000000,0.852868531952,0.150383733180] model_alpha_rad=0.523598775598
MODEL_MAGNETIZATION_EVAL=[0.500000000000,0.852868531952,0.150383733180]
ACTIVE_MFC2_CONFIG mode=ON ConstitutiveRelationBH=RemanentFluxDensity mur_mat=from_mat mur=1 normBr_source=userdef normBr=1.46[T] domains=[4]
ON_CONTROL_CONFIG=RECORDED active_constitutive=RemanentFluxDensity active_mur=1 active_normBr=1.46[T]
STATIONARY_TOL study=st_on_z125p000_p350p000.stat usestol=on stol=1e-6
SOLVER_CONFIG sol=sol36 s1.control=stat fc1.linsolver=dDef dDef.linsolver=pardiso
CONFIGURED_SAVED z=125.0 phi=350.0 study=st_on_z125p000_p350p000 sol=sol36
SOLVED z=125.0 phi=350.0 sol=sol36
RESULT ON,125.00000000,350.00000000,0.500000000000,0.852868531952,0.150383733180,sol36,pardiso,stol=1e-6,60636,NA,0.00101625746583,1.01625746583,1.01625746583,SUCCESS,UNKNOWN,UNKNOWN
ON_CONFIGURATION_RESTORED
POSE phi_deg=360.000000000 expected_unit_magnetization=[0.500000000000,0.866025403784,2.12115047745e-16] model_alpha_rad=0.523598775598
MODEL_MAGNETIZATION_EVAL=[0.500000000000,0.866025403784,2.12115047745e-16]
ACTIVE_MFC2_CONFIG mode=ON ConstitutiveRelationBH=RemanentFluxDensity mur_mat=from_mat mur=1 normBr_source=userdef normBr=1.46[T] domains=[4]
ON_CONTROL_CONFIG=RECORDED active_constitutive=RemanentFluxDensity active_mur=1 active_normBr=1.46[T]
STATIONARY_TOL study=st_on_z125p000_p360p000.stat usestol=on stol=1e-6
SOLVER_CONFIG sol=sol37 s1.control=stat fc1.linsolver=dDef dDef.linsolver=pardiso
CONFIGURED_SAVED z=125.0 phi=360.0 study=st_on_z125p000_p360p000 sol=sol37
SOLVED z=125.0 phi=360.0 sol=sol37
RESULT ON,125.00000000,360.00000000,0.500000000000,0.866025403784,2.12115047745e-16,sol37,pardiso,stol=1e-6,60636,NA,0.00102587296270,1.02587296270,1.02587296270,SUCCESS,UNKNOWN,UNKNOWN
AIR_OVERRIDE material=mat4 domain=[1,4] mfc2.ConstitutiveRelationBH=RelativePermeability mfc2.mur_mat=userdef mfc2.mur=1 remanence_fields_cleared_inactive
POSE phi_deg=0.00000000000 expected_unit_magnetization=[0.500000000000,0.866025403784,-0.00000000000] model_alpha_rad=0.523598775598
MODEL_MAGNETIZATION_EVAL=[0.500000000000,0.866025403784,-0.00000000000]
ACTIVE_MFC2_CONFIG mode=AIR ConstitutiveRelationBH=RelativePermeability mur_mat=userdef mur=1 normBr_source=userdef normBr=0[T] domains=[4]
AIR_CONTROL_CONFIG=PASS active_constitutive=RelativePermeability active_mur=1 active_remanence=OFF material_domains=mat3:[3],mat4:[1,4]
STATIONARY_TOL study=st_air_z125p000_p0p00000.stat usestol=on stol=1e-6
SOLVER_CONFIG sol=sol38 s1.control=stat fc1.linsolver=dDef dDef.linsolver=pardiso
CONFIGURED_SAVED z=125.0 phi=0.0 study=st_air_z125p000_p0p00000 sol=sol38
SOLVED z=125.0 phi=0.0 sol=sol38
AIR_FIELD_AUDIT point_m=[26.0000000000,0,125.000000000] Bvec_T=[-7.62247074822e-08,-8.05478122946e-12,3.25582830212e-08] mu0Hvec_T=[-7.62247074822e-08,-8.05478122946e-12,3.25582830212e-08] normB_T=8.28869584972e-08 mu0H_T=8.28869584972e-08 diff_T=0.00000000000
RESULT AIR,125.00000000,0.00000000,0.500000000000,0.866025403784,-0.00000000000,sol38,pardiso,stol=1e-6,60636,NA,0.00105227299907,1.05227299907,1.05227299907,SUCCESS,UNKNOWN,UNKNOWN
ON_CONFIGURATION_RESTORED
CANDIDATE_HEIGHT_FINISH z=125.00000 elements=60636
GEOM_MESH_DONE z=140.0 elements=60846
ZSP_REFERENCE_BEFORE point_selection=[20] boundary_selection=[]
ZSP_REFERENCE_AFTER existing_point_selection=[20] existing_boundary_selection=[] status=EXISTING_REFERENCE
MFC2_DOMAIN_SELECTION=[4]
FORCECAL_DOMAIN_SELECTION=[3]
STEEL_DOMAIN_SELECTION=[2]
N52_DOMAIN_SELECTION=[3, 4]
AIR_DOMAIN_SELECTION=[1]
MATERIALS=[mat4, mat3, mat5]
MFC2_GEOMETRY volume_mm3=65281.8027639 bbox_mm=[xmin=1.00000000,xmax=51.0000000,ymin=-25.0000000,ymax=25.0000000,zmin=115.000000,zmax=165.000000] center_mm=[26.0000000,0.00000000,140.000000] radius_from_bbox_mm=25.0000000
FORCECAL_GEOMETRY volume_mm3=0.998862443669 bbox_mm=[xmin=-1.00000000,xmax=1.00000000,ymin=-0.400000006,ymax=0.400000006,zmin=-0.400000006,zmax=0.400000006] center_mm=[0.00000000,0.00000000,0.00000000]
STEEL_GEOMETRY volume_mm3=3.68720782984 bbox_mm=[xmin=-1.58000004,xmax=-1.27999997,ymin=-2.00000000,ymax=2.00000000,zmin=-2.00000000,zmax=2.00000000] center_mm=[-1.43000001,0.00000000,0.00000000]
AIR_GEOMETRY volume_mm3=33434050.8198 bbox_mm=[xmin=-200.000000,xmax=200.000000,ymin=-200.000000,ymax=200.000000,zmin=-200.000000,zmax=200.000000]
X_GAP_STEEL_TO_CYLINDER_MM=0.279999971390
SPHERE_CENTER_PARAM_MM=[26.0000000000,0,140.000000000] radius_param_mm=25
GEOM_FEATURE tag=sph1 type=Sphere pos=x_sphere, 0, z_sphere r=25 h=<not-readable> model_length_unit=mm
GEOM_FEATURE_PARAM_EVAL_SI tag=sph1 pos=[0.026000000000000002,0.0,0.14]
GEOM_FEATURE tag=cyl1 type=Cylinder pos=0, 0, Z_sphere r=25 h=60 model_length_unit=mm
GEOM_FEATURE_PARAM_EVAL_SI tag=cyl1 pos=[0.0,0.0,NaN]
GEOM_FEATURE tag=cyl2 type=Cylinder pos=0, 0, -(2[mm])/2 r=0.4[mm] h=2[mm] model_length_unit=mm
GEOM_FEATURE_PARAM_EVAL_SI tag=cyl2 pos=[0.0,0.0,-0.001]
GEOM_FEATURE tag=cyl3 type=Cylinder pos=0, 0, -(h_cyl3)/2 r=2 h=h_cyl3 model_length_unit=mm
GEOM_FEATURE_PARAM_EVAL_SI tag=cyl3 pos=[0.0,0.0,-1.5E-4]
GEOM_FEATURE tag=sph_air_domain type=Sphere pos=0, 0, 0 r=200[mm] h=<not-readable> model_length_unit=mm
GEOM_FEATURE_PARAM_EVAL_SI tag=sph_air_domain pos=[0.0,0.0,0.0]
GEOMETRY_CHECK=PASS
PHYSICS_FEATURE tag=mfc1 type=MagneticFluxConservationFluid dim3=[1]
  ConstitutiveRelationBH=RelativePermeability
  M=[0, 0, 0]
  e_crel_BH_RemanentFluxDensity=[1, 0, 0]
  mur_mat=from_mat
  mur=1
  murPrim_mat=from_mat
  murPrim=1
  murBis_mat=from_mat
  murBis=0
  mur_crel_BH_RemanentFluxDensity_mat=from_mat
  mur_crel_BH_RemanentFluxDensity=1
  normBr_crel_BH_RemanentFluxDensity_mat=from_mat
  normBr_crel_BH_RemanentFluxDensity=0
  normB_mat=from_mat
  normB=mu0_const*mfnc.normH
  Wpm_BHC_mat=from_mat
  Wpm_BHC=(0.5*mfnc.normB)*mfnc.normH
  material=none
  M0=[0, 0, 0]
  GPorder=auto
  inStationaryStudy=TransientInitialization
  MsJA_mat=from_mat
  MsJA=1e6[A/m]
  aJA_mat=from_mat
  aJA=200[A/m]
  kJA_mat=from_mat
  kJA=300[A/m]
  cJA_mat=from_mat
  cJA=0.7
  alphaJA_mat=from_mat
  alphaJA=5e-4
  eHc=[1, 0, 0]
  Hc_mat=from_mat
  Hc=1e4
  normHs_mat=from_mat
  normHs=mfnc.normB/mu0_const
  normBpm_mat=from_mat
  normBpm=mu0_const*mfnc.normHs
  Wpm_NPM_mat=from_mat
  Wpm_NPM=(0.5*mfnc.normB)*mfnc.normHs
  minput_temperature_src=fromCommonDef
  minput_temperature=293.15[K]
  editModelInputs=0
  minput_magneticfield_src=userdef
  minput_magneticfield=[0, 0, 0]
  minput_shiftedmagneticfield_src=userdef
  minput_shiftedmagneticfield=[0, 0, 0]
  materialType=nonSolid
  coordinateSystem=GlobalSystem
  StudyStep=st_on_z125p000_p0p00000/stat
  showPhysicsSymbols=1
  AllowSolidMaterials=0
PHYSICS_FEATURE tag=mi1 type=MagneticInsulation dim2=[1, 2, 3, 4, 20, 21, 22, 23]
  StudyStep=st_on_z125p000_p0p00000/stat
  showPhysicsSymbols=1
  pairContrib=fallback
PHYSICS_FEATURE tag=init1 type=init dim3=[1, 2, 3, 4]
  Vm=0
  StudyStep=st_on_z125p000_p0p00000/stat
PHYSICS_FEATURE tag=mfc2 type=MagneticFluxConservationFluid dim3=[4]
  ConstitutiveRelationBH=RemanentFluxDensity
  M=[0, 0, 0]
  e_crel_BH_RemanentFluxDensity=[sin(alpha), cos(alpha)*cos(phi), -cos(alpha)*sin(phi)]
  mur_mat=from_mat
  mur=1
  murPrim_mat=from_mat
  murPrim=1
  murBis_mat=from_mat
  murBis=0
  mur_crel_BH_RemanentFluxDensity_mat=from_mat
  mur_crel_BH_RemanentFluxDensity=1
  normBr_crel_BH_RemanentFluxDensity_mat=userdef
  normBr_crel_BH_RemanentFluxDensity=1.46[T]
  normB_mat=from_mat
  normB=mu0_const*mfnc.normH
  Wpm_BHC_mat=from_mat
  Wpm_BHC=(0.5*mfnc.normB)*mfnc.normH
  material=none
  M0=[0, 0, 0]
  GPorder=auto
  inStationaryStudy=TransientInitialization
  MsJA_mat=from_mat
  MsJA=1e6[A/m]
  aJA_mat=from_mat
  aJA=200[A/m]
  kJA_mat=from_mat
  kJA=300[A/m]
  cJA_mat=from_mat
  cJA=0.7
  alphaJA_mat=from_mat
  alphaJA=5e-4
  eHc=[1, 0, 0]
  Hc_mat=from_mat
  Hc=1e4
  normHs_mat=from_mat
  normHs=mfnc.normB/mu0_const
  normBpm_mat=from_mat
  normBpm=mu0_const*mfnc.normHs
  Wpm_NPM_mat=from_mat
  Wpm_NPM=(0.5*mfnc.normB)*mfnc.normHs
  minput_temperature_src=fromCommonDef
  minput_temperature=293.15[K]
  editModelInputs=0
  minput_magneticfield_src=userdef
  minput_magneticfield=[0, 0, 0]
  minput_shiftedmagneticfield_src=userdef
  minput_shiftedmagneticfield=[0, 0, 0]
  materialType=nonSolid
  coordinateSystem=GlobalSystem
  StudyStep=st_on_z125p000_p0p00000/stat
  showPhysicsSymbols=1
  AllowSolidMaterials=1
PHYSICS_FEATURE tag=zsp1 type=ZeroMagneticScalarPotential dim0=[20]
  constraintType=symmetricConstraint
  constraintMethod=elemental
  StudyStep=st_on_z125p000_p0p00000/stat
  showPhysicsSymbols=1
  constraintOptions=pointwiseConstraints
  pairContrib=fallback
ZSP_SELECTION tag=zsp1 dim=3 entities=[]
ZSP_SELECTION tag=zsp1 dim=2 entities=[]
ZSP_SELECTION tag=zsp1 dim=1 entities=[]
ZSP_SELECTION tag=zsp1 dim=0 entities=[20]
PHYSICS_FEATURE tag=mfcs1 type=MagneticFluxConservationSolid dim3=[3]
  materialType=solid
  AllowSolidMaterials=1
  ConstitutiveRelationBH=RemanentFluxDensity
  M=[0, 0, 0]
  e_crel_BH_RemanentFluxDensity=[1, 0, 0]
  mur_mat=from_mat
  mur=1
  murPrim_mat=from_mat
  murPrim=1
  murBis_mat=from_mat
  murBis=0
  mur_crel_BH_RemanentFluxDensity_mat=from_mat
  mur_crel_BH_RemanentFluxDensity=1
  normBr_crel_BH_RemanentFluxDensity_mat=userdef
  normBr_crel_BH_RemanentFluxDensity=1.43[T]
  normB_mat=from_mat
  normB=mu0_const*mfnc.normH
  Wpm_BHC_mat=from_mat
  Wpm_BHC=(0.5*mfnc.normB)*mfnc.normH
  material=none
  M0=[0, 0, 0]
  GPorder=auto
  inStationaryStudy=TransientInitialization
  MsJA_mat=from_mat
  MsJA=1e6[A/m]
  aJA_mat=from_mat
  aJA=200[A/m]
  kJA_mat=from_mat
  kJA=300[A/m]
  cJA_mat=from_mat
  cJA=0.7
  alphaJA_mat=from_mat
  alphaJA=5e-4
  eHc=[1, 0, 0]
  Hc_mat=from_mat
  Hc=1e4
  normHs_mat=from_mat
  normHs=mfnc.normB/mu0_const
  normBpm_mat=from_mat
  normBpm=mu0_const*mfnc.normHs
  Wpm_NPM_mat=from_mat
  Wpm_NPM=(0.5*mfnc.normB)*mfnc.normHs
  minput_temperature_src=fromCommonDef
  minput_temperature=293.15[K]
  editModelInputs=0
  minput_magneticfield_src=userdef
  minput_magneticfield=[0, 0, 0]
  minput_shiftedmagneticfield_src=userdef
  minput_shiftedmagneticfield=[0, 0, 0]
  coordinateSystem=GlobalSystem
  StudyStep=st_on_z125p000_p0p00000/stat
  showPhysicsSymbols=1
PHYSICS_FEATURE tag=fcal1 type=ForceCalculation dim3=[3]
  ForceName=force_magnet
  TorqueAxis=[1, 0, 0]
  TorqueRotationPoint=[0, 0, 0]
  useAverage=1
  StudyStep=st_on_z125p000_p0p00000/stat
  showPhysicsSymbols=1
PHYSICS_FEATURE tag=mfcs2 type=MagneticFluxConservationSolid dim3=[2]
  materialType=solid
  AllowSolidMaterials=1
  ConstitutiveRelationBH=RelativePermeability
  M=[0, 0, 0]
  e_crel_BH_RemanentFluxDensity=[1, 0, 0]
  mur_mat=from_mat
  mur=1
  murPrim_mat=from_mat
  murPrim=1
  murBis_mat=from_mat
  murBis=0
  mur_crel_BH_RemanentFluxDensity_mat=from_mat
  mur_crel_BH_RemanentFluxDensity=1
  normBr_crel_BH_RemanentFluxDensity_mat=from_mat
  normBr_crel_BH_RemanentFluxDensity=0
  normB_mat=from_mat
  normB=mu0_const*mfnc.normH
  Wpm_BHC_mat=from_mat
  Wpm_BHC=(0.5*mfnc.normB)*mfnc.normH
  material=none
  M0=[0, 0, 0]
  GPorder=auto
  inStationaryStudy=TransientInitialization
  MsJA_mat=from_mat
  MsJA=1e6[A/m]
  aJA_mat=from_mat
  aJA=200[A/m]
  kJA_mat=from_mat
  kJA=300[A/m]
  cJA_mat=from_mat
  cJA=0.7
  alphaJA_mat=from_mat
  alphaJA=5e-4
  eHc=[1, 0, 0]
  Hc_mat=from_mat
  Hc=1e4
  normHs_mat=from_mat
  normHs=mfnc.normB/mu0_const
  normBpm_mat=from_mat
  normBpm=mu0_const*mfnc.normHs
  Wpm_NPM_mat=from_mat
  Wpm_NPM=(0.5*mfnc.normB)*mfnc.normHs
  minput_temperature_src=fromCommonDef
  minput_temperature=293.15[K]
  editModelInputs=0
  minput_magneticfield_src=userdef
  minput_magneticfield=[0, 0, 0]
  minput_shiftedmagneticfield_src=userdef
  minput_shiftedmagneticfield=[0, 0, 0]
  coordinateSystem=GlobalSystem
  StudyStep=st_on_z125p000_p0p00000/stat
  showPhysicsSymbols=1
MAGNETIC_INSULATION_BOUNDARIES=[1, 2, 3, 4, 20, 21, 22, 23]
MAGNETIC_BOUNDARY_AUDIT_BEGIN count=8
MI_BOUNDARY id=1 area_mm2=62821.5544115 bbox_mm=[xmin=-200.000000,xmax=1.22464676e-14,ymin=-200.000000,ymax=2.44929351e-14,zmin=-200.000000,zmax=0.00000000] adjacent_domains=[0, 1] identity=EXTERNAL
MI_BOUNDARY id=2 area_mm2=62821.5544115 bbox_mm=[xmin=-200.000000,xmax=1.22464676e-14,ymin=-200.000000,ymax=2.44929351e-14,zmin=0.00000000,zmax=200.000000] adjacent_domains=[0, 1] identity=EXTERNAL
MI_BOUNDARY id=3 area_mm2=62821.5544115 bbox_mm=[xmin=-200.000000,xmax=1.22464676e-14,ymin=0.00000000,ymax=200.000000,zmin=-200.000000,zmax=0.00000000] adjacent_domains=[0, 1] identity=EXTERNAL
MI_BOUNDARY id=4 area_mm2=62821.5544115 bbox_mm=[xmin=-200.000000,xmax=1.22464676e-14,ymin=0.00000000,ymax=200.000000,zmin=0.00000000,zmax=200.000000] adjacent_domains=[0, 1] identity=EXTERNAL
MI_BOUNDARY id=20 area_mm2=62821.5544115 bbox_mm=[xmin=-3.67394036e-14,xmax=200.000000,ymin=-200.000000,ymax=0.00000000,zmin=-200.000000,zmax=0.00000000] adjacent_domains=[0, 1] identity=EXTERNAL
MI_BOUNDARY id=21 area_mm2=62821.5544115 bbox_mm=[xmin=-3.67394036e-14,xmax=200.000000,ymin=-200.000000,ymax=0.00000000,zmin=0.00000000,zmax=200.000000] adjacent_domains=[0, 1] identity=EXTERNAL
MI_BOUNDARY id=22 area_mm2=62821.5544115 bbox_mm=[xmin=3.43467572e-16,xmax=200.000000,ymin=0.00000000,ymax=200.000000,zmin=-200.000000,zmax=0.00000000] adjacent_domains=[0, 1] identity=EXTERNAL
MI_BOUNDARY id=23 area_mm2=62821.5544115 bbox_mm=[xmin=3.43467572e-16,xmax=200.000000,ymin=0.00000000,ymax=200.000000,zmin=0.00000000,zmax=200.000000] adjacent_domains=[0, 1] identity=EXTERNAL
MAGNETIC_BOUNDARY_AUDIT_END
MATERIAL tag=mat4 label=Air domains=[1]
  GROUP=def type=def
    thermalexpansioncoefficient=alpha_p(pA,T)
    molarmass=0.02897[kg/mol]
    bulkviscosity=muB(T)
    relpermeability=1
    relpermittivity=1
    dynamicviscosity=eta(T)
    ratioofspecificheat=1.4
    electricconductivity=0[S/m]
    heatcapacity=Cp(T)
    density=rho(pA,T)
    thermalconductivity=k(T)
    soundspeed=cs(T)
  GROUP=RefractiveIndex type=RefractiveIndex
    n=1
    ki=0
  GROUP=NonlinearModel type=NonlinearModel
    BA=def.gamma-1
  GROUP=idealGas type=idealGas
    Rs=R_const/Mn
    heatcapacity=Cp(T)
    ratioofspecificheat=1.4
    molarmass=0.02897[kg/mol]
MATERIAL tag=mat3 label=N52 (Sintered NdFeB) domains=[3, 4]
  GROUP=def type=def
    electricconductivity=1/1.4[uohm*m]
    relpermittivity=1
    density=7500
  GROUP=RemanentFluxDensity type=RemanentFluxDensity
    murec=1.05
    normBr=1.46[T]
  GROUP=Enu type=Enu
    E=160[Gpa]
    nu=0.24
MATERIAL tag=mat5 label=UNS S30415 [solid] domains=[2]
  GROUP=def type=def
    thermalconductivity=k(T)
    resistivity=res(T)
    thermalexpansioncoefficient=(alpha(T)+(Tempref-293[K])*if(abs(T-Tempref)>1e-3,(alpha(T)-alpha(Tempref))/(T-Tempref),d(alpha(T),T)))/(1+alpha(Tempref)*(Tempref-293[K]))
    heatcapacity=C(T)
    electricconductivity=sigma(T)
    density=rho(T)
    TD=TD(T)
    relpermeability=1.01
  GROUP=ThermalExpansion type=ThermalExpansion
    alphatan=CTE(T)
    dL=(dL(T)-dL(Tempref))/(1+dL(Tempref))
  GROUP=Enu type=Enu
    E=E(T)
    nu=
CANDIDATE_HEIGHT_START z=140.00000 angles=0:10:360
ON_CONFIGURATION_RESTORED
ON_CONFIGURATION_RESTORED
POSE phi_deg=0.00000000000 expected_unit_magnetization=[0.500000000000,0.866025403784,-0.00000000000] model_alpha_rad=0.523598775598
MODEL_MAGNETIZATION_EVAL=[0.500000000000,0.866025403784,-0.00000000000]
ACTIVE_MFC2_CONFIG mode=ON ConstitutiveRelationBH=RemanentFluxDensity mur_mat=from_mat mur=1 normBr_source=userdef normBr=1.46[T] domains=[4]
ON_CONTROL_CONFIG=RECORDED active_constitutive=RemanentFluxDensity active_mur=1 active_normBr=1.46[T]
STATIONARY_TOL study=st_on_z140p000_p0p00000.stat usestol=on stol=1e-6
SOLVER_CONFIG sol=sol39 s1.control=stat fc1.linsolver=dDef dDef.linsolver=pardiso
CONFIGURED_SAVED z=140.0 phi=0.0 study=st_on_z140p000_p0p00000 sol=sol39
SOLVED z=140.0 phi=0.0 sol=sol39
RESULT ON,140.00000000,0.00000000,0.500000000000,0.866025403784,-0.00000000000,sol39,pardiso,stol=1e-6,60846,NA,-0.00128259125684,-1.28259125684,-1.28259125684,SUCCESS,UNKNOWN,UNKNOWN
ON_CONFIGURATION_RESTORED
POSE phi_deg=10.0000000000 expected_unit_magnetization=[0.500000000000,0.852868531952,-0.150383733180] model_alpha_rad=0.523598775598
MODEL_MAGNETIZATION_EVAL=[0.500000000000,0.852868531952,-0.150383733180]
ACTIVE_MFC2_CONFIG mode=ON ConstitutiveRelationBH=RemanentFluxDensity mur_mat=from_mat mur=1 normBr_source=userdef normBr=1.46[T] domains=[4]
ON_CONTROL_CONFIG=RECORDED active_constitutive=RemanentFluxDensity active_mur=1 active_normBr=1.46[T]
STATIONARY_TOL study=st_on_z140p000_p10p0000.stat usestol=on stol=1e-6
SOLVER_CONFIG sol=sol40 s1.control=stat fc1.linsolver=dDef dDef.linsolver=pardiso
CONFIGURED_SAVED z=140.0 phi=10.0 study=st_on_z140p000_p10p0000 sol=sol40
SOLVED z=140.0 phi=10.0 sol=sol40
RESULT ON,140.00000000,10.00000000,0.500000000000,0.852868531952,-0.150383733180,sol40,pardiso,stol=1e-6,60846,NA,-0.00127703463745,-1.27703463745,-1.27703463745,SUCCESS,UNKNOWN,UNKNOWN
ON_CONFIGURATION_RESTORED
POSE phi_deg=20.0000000000 expected_unit_magnetization=[0.500000000000,0.813797681349,-0.296198132726] model_alpha_rad=0.523598775598
MODEL_MAGNETIZATION_EVAL=[0.500000000000,0.813797681349,-0.296198132726]
ACTIVE_MFC2_CONFIG mode=ON ConstitutiveRelationBH=RemanentFluxDensity mur_mat=from_mat mur=1 normBr_source=userdef normBr=1.46[T] domains=[4]
ON_CONTROL_CONFIG=RECORDED active_constitutive=RemanentFluxDensity active_mur=1 active_normBr=1.46[T]
STATIONARY_TOL study=st_on_z140p000_p20p0000.stat usestol=on stol=1e-6
SOLVER_CONFIG sol=sol41 s1.control=stat fc1.linsolver=dDef dDef.linsolver=pardiso
CONFIGURED_SAVED z=140.0 phi=20.0 study=st_on_z140p000_p20p0000 sol=sol41
SOLVED z=140.0 phi=20.0 sol=sol41
RESULT ON,140.00000000,20.00000000,0.500000000000,0.813797681349,-0.296198132726,sol41,pardiso,stol=1e-6,60846,NA,-0.00127164490149,-1.27164490149,-1.27164490149,SUCCESS,UNKNOWN,UNKNOWN
ON_CONFIGURATION_RESTORED
POSE phi_deg=30.0000000000 expected_unit_magnetization=[0.500000000000,0.750000000000,-0.433012701892] model_alpha_rad=0.523598775598
MODEL_MAGNETIZATION_EVAL=[0.500000000000,0.750000000000,-0.433012701892]
ACTIVE_MFC2_CONFIG mode=ON ConstitutiveRelationBH=RemanentFluxDensity mur_mat=from_mat mur=1 normBr_source=userdef normBr=1.46[T] domains=[4]
ON_CONTROL_CONFIG=RECORDED active_constitutive=RemanentFluxDensity active_mur=1 active_normBr=1.46[T]
STATIONARY_TOL study=st_on_z140p000_p30p0000.stat usestol=on stol=1e-6
SOLVER_CONFIG sol=sol42 s1.control=stat fc1.linsolver=dDef dDef.linsolver=pardiso
CONFIGURED_SAVED z=140.0 phi=30.0 study=st_on_z140p000_p30p0000 sol=sol42
SOLVED z=140.0 phi=30.0 sol=sol42
RESULT ON,140.00000000,30.00000000,0.500000000000,0.750000000000,-0.433012701892,sol42,pardiso,stol=1e-6,60846,NA,-0.00126658581478,-1.26658581478,-1.26658581478,SUCCESS,UNKNOWN,UNKNOWN
ON_CONFIGURATION_RESTORED
POSE phi_deg=40.0000000000 expected_unit_magnetization=[0.500000000000,0.663413948169,-0.556670399226] model_alpha_rad=0.523598775598
MODEL_MAGNETIZATION_EVAL=[0.500000000000,0.663413948169,-0.556670399226]
ACTIVE_MFC2_CONFIG mode=ON ConstitutiveRelationBH=RemanentFluxDensity mur_mat=from_mat mur=1 normBr_source=userdef normBr=1.46[T] domains=[4]
ON_CONTROL_CONFIG=RECORDED active_constitutive=RemanentFluxDensity active_mur=1 active_normBr=1.46[T]
STATIONARY_TOL study=st_on_z140p000_p40p0000.stat usestol=on stol=1e-6
SOLVER_CONFIG sol=sol43 s1.control=stat fc1.linsolver=dDef dDef.linsolver=pardiso
CONFIGURED_SAVED z=140.0 phi=40.0 study=st_on_z140p000_p40p0000 sol=sol43
SOLVED z=140.0 phi=40.0 sol=sol43
RESULT ON,140.00000000,40.00000000,0.500000000000,0.663413948169,-0.556670399226,sol43,pardiso,stol=1e-6,60846,NA,-0.00126201109769,-1.26201109769,-1.26201109769,SUCCESS,UNKNOWN,UNKNOWN
ON_CONFIGURATION_RESTORED
POSE phi_deg=50.0000000000 expected_unit_magnetization=[0.500000000000,0.556670399226,-0.663413948169] model_alpha_rad=0.523598775598
MODEL_MAGNETIZATION_EVAL=[0.500000000000,0.556670399226,-0.663413948169]
ACTIVE_MFC2_CONFIG mode=ON ConstitutiveRelationBH=RemanentFluxDensity mur_mat=from_mat mur=1 normBr_source=userdef normBr=1.46[T] domains=[4]
ON_CONTROL_CONFIG=RECORDED active_constitutive=RemanentFluxDensity active_mur=1 active_normBr=1.46[T]
STATIONARY_TOL study=st_on_z140p000_p50p0000.stat usestol=on stol=1e-6
SOLVER_CONFIG sol=sol44 s1.control=stat fc1.linsolver=dDef dDef.linsolver=pardiso
CONFIGURED_SAVED z=140.0 phi=50.0 study=st_on_z140p000_p50p0000 sol=sol44
SOLVED z=140.0 phi=50.0 sol=sol44
RESULT ON,140.00000000,50.00000000,0.500000000000,0.556670399226,-0.663413948169,sol44,pardiso,stol=1e-6,60846,NA,-0.00125805975349,-1.25805975349,-1.25805975349,SUCCESS,UNKNOWN,UNKNOWN
ON_CONFIGURATION_RESTORED
POSE phi_deg=60.0000000000 expected_unit_magnetization=[0.500000000000,0.433012701892,-0.750000000000] model_alpha_rad=0.523598775598
MODEL_MAGNETIZATION_EVAL=[0.500000000000,0.433012701892,-0.750000000000]
ACTIVE_MFC2_CONFIG mode=ON ConstitutiveRelationBH=RemanentFluxDensity mur_mat=from_mat mur=1 normBr_source=userdef normBr=1.46[T] domains=[4]
ON_CONTROL_CONFIG=RECORDED active_constitutive=RemanentFluxDensity active_mur=1 active_normBr=1.46[T]
STATIONARY_TOL study=st_on_z140p000_p60p0000.stat usestol=on stol=1e-6
SOLVER_CONFIG sol=sol45 s1.control=stat fc1.linsolver=dDef dDef.linsolver=pardiso
CONFIGURED_SAVED z=140.0 phi=60.0 study=st_on_z140p000_p60p0000 sol=sol45
SOLVED z=140.0 phi=60.0 sol=sol45
RESULT ON,140.00000000,60.00000000,0.500000000000,0.433012701892,-0.750000000000,sol45,pardiso,stol=1e-6,60846,NA,-0.00125485184540,-1.25485184540,-1.25485184540,SUCCESS,UNKNOWN,UNKNOWN
ON_CONFIGURATION_RESTORED
POSE phi_deg=70.0000000000 expected_unit_magnetization=[0.500000000000,0.296198132726,-0.813797681349] model_alpha_rad=0.523598775598
MODEL_MAGNETIZATION_EVAL=[0.500000000000,0.296198132726,-0.813797681349]
ACTIVE_MFC2_CONFIG mode=ON ConstitutiveRelationBH=RemanentFluxDensity mur_mat=from_mat mur=1 normBr_source=userdef normBr=1.46[T] domains=[4]
ON_CONTROL_CONFIG=RECORDED active_constitutive=RemanentFluxDensity active_mur=1 active_normBr=1.46[T]
STATIONARY_TOL study=st_on_z140p000_p70p0000.stat usestol=on stol=1e-6
SOLVER_CONFIG sol=sol46 s1.control=stat fc1.linsolver=dDef dDef.linsolver=pardiso
CONFIGURED_SAVED z=140.0 phi=70.0 study=st_on_z140p000_p70p0000 sol=sol46
SOLVED z=140.0 phi=70.0 sol=sol46
RESULT ON,140.00000000,70.00000000,0.500000000000,0.296198132726,-0.813797681349,sol46,pardiso,stol=1e-6,60846,NA,-0.00125248484591,-1.25248484591,-1.25248484591,SUCCESS,UNKNOWN,UNKNOWN
ON_CONFIGURATION_RESTORED
POSE phi_deg=80.0000000000 expected_unit_magnetization=[0.500000000000,0.150383733180,-0.852868531952] model_alpha_rad=0.523598775598
MODEL_MAGNETIZATION_EVAL=[0.500000000000,0.150383733180,-0.852868531952]
ACTIVE_MFC2_CONFIG mode=ON ConstitutiveRelationBH=RemanentFluxDensity mur_mat=from_mat mur=1 normBr_source=userdef normBr=1.46[T] domains=[4]
ON_CONTROL_CONFIG=RECORDED active_constitutive=RemanentFluxDensity active_mur=1 active_normBr=1.46[T]
STATIONARY_TOL study=st_on_z140p000_p80p0000.stat usestol=on stol=1e-6
SOLVER_CONFIG sol=sol47 s1.control=stat fc1.linsolver=dDef dDef.linsolver=pardiso
CONFIGURED_SAVED z=140.0 phi=80.0 study=st_on_z140p000_p80p0000 sol=sol47
SOLVED z=140.0 phi=80.0 sol=sol47
RESULT ON,140.00000000,80.00000000,0.500000000000,0.150383733180,-0.852868531952,sol47,pardiso,stol=1e-6,60846,NA,-0.00125103067792,-1.25103067792,-1.25103067792,SUCCESS,UNKNOWN,UNKNOWN
ON_CONFIGURATION_RESTORED
POSE phi_deg=90.0000000000 expected_unit_magnetization=[0.500000000000,5.30287619362e-17,-0.866025403784] model_alpha_rad=0.523598775598
MODEL_MAGNETIZATION_EVAL=[0.500000000000,5.30287619362e-17,-0.866025403784]
ACTIVE_MFC2_CONFIG mode=ON ConstitutiveRelationBH=RemanentFluxDensity mur_mat=from_mat mur=1 normBr_source=userdef normBr=1.46[T] domains=[4]
ON_CONTROL_CONFIG=RECORDED active_constitutive=RemanentFluxDensity active_mur=1 active_normBr=1.46[T]
STATIONARY_TOL study=st_on_z140p000_p90p0000.stat usestol=on stol=1e-6
SOLVER_CONFIG sol=sol48 s1.control=stat fc1.linsolver=dDef dDef.linsolver=pardiso
CONFIGURED_SAVED z=140.0 phi=90.0 study=st_on_z140p000_p90p0000 sol=sol48
SOLVED z=140.0 phi=90.0 sol=sol48
RESULT ON,140.00000000,90.00000000,0.500000000000,5.30287619362e-17,-0.866025403784,sol48,pardiso,stol=1e-6,60846,NA,-0.00125053352603,-1.25053352603,-1.25053352603,SUCCESS,UNKNOWN,UNKNOWN
ON_CONFIGURATION_RESTORED
POSE phi_deg=100.000000000 expected_unit_magnetization=[0.500000000000,-0.150383733180,-0.852868531952] model_alpha_rad=0.523598775598
MODEL_MAGNETIZATION_EVAL=[0.500000000000,-0.150383733180,-0.852868531952]
ACTIVE_MFC2_CONFIG mode=ON ConstitutiveRelationBH=RemanentFluxDensity mur_mat=from_mat mur=1 normBr_source=userdef normBr=1.46[T] domains=[4]
ON_CONTROL_CONFIG=RECORDED active_constitutive=RemanentFluxDensity active_mur=1 active_normBr=1.46[T]
STATIONARY_TOL study=st_on_z140p000_p100p000.stat usestol=on stol=1e-6
SOLVER_CONFIG sol=sol49 s1.control=stat fc1.linsolver=dDef dDef.linsolver=pardiso
CONFIGURED_SAVED z=140.0 phi=100.0 study=st_on_z140p000_p100p000 sol=sol49
SOLVED z=140.0 phi=100.0 sol=sol49
RESULT ON,140.00000000,100.00000000,0.500000000000,-0.150383733180,-0.852868531952,sol49,pardiso,stol=1e-6,60846,NA,-0.00125100849624,-1.25100849624,-1.25100849624,SUCCESS,UNKNOWN,UNKNOWN
ON_CONFIGURATION_RESTORED
POSE phi_deg=110.000000000 expected_unit_magnetization=[0.500000000000,-0.296198132726,-0.813797681349] model_alpha_rad=0.523598775598
MODEL_MAGNETIZATION_EVAL=[0.500000000000,-0.296198132726,-0.813797681349]
ACTIVE_MFC2_CONFIG mode=ON ConstitutiveRelationBH=RemanentFluxDensity mur_mat=from_mat mur=1 normBr_source=userdef normBr=1.46[T] domains=[4]
ON_CONTROL_CONFIG=RECORDED active_constitutive=RemanentFluxDensity active_mur=1 active_normBr=1.46[T]
STATIONARY_TOL study=st_on_z140p000_p110p000.stat usestol=on stol=1e-6
SOLVER_CONFIG sol=sol50 s1.control=stat fc1.linsolver=dDef dDef.linsolver=pardiso
CONFIGURED_SAVED z=140.0 phi=110.0 study=st_on_z140p000_p110p000 sol=sol50
SOLVED z=140.0 phi=110.0 sol=sol50
RESULT ON,140.00000000,110.00000000,0.500000000000,-0.296198132726,-0.813797681349,sol50,pardiso,stol=1e-6,60846,NA,-0.00125244115607,-1.25244115607,-1.25244115607,SUCCESS,UNKNOWN,UNKNOWN
ON_CONFIGURATION_RESTORED
POSE phi_deg=120.000000000 expected_unit_magnetization=[0.500000000000,-0.433012701892,-0.750000000000] model_alpha_rad=0.523598775598
MODEL_MAGNETIZATION_EVAL=[0.500000000000,-0.433012701892,-0.750000000000]
ACTIVE_MFC2_CONFIG mode=ON ConstitutiveRelationBH=RemanentFluxDensity mur_mat=from_mat mur=1 normBr_source=userdef normBr=1.46[T] domains=[4]
ON_CONTROL_CONFIG=RECORDED active_constitutive=RemanentFluxDensity active_mur=1 active_normBr=1.46[T]
STATIONARY_TOL study=st_on_z140p000_p120p000.stat usestol=on stol=1e-6
SOLVER_CONFIG sol=sol51 s1.control=stat fc1.linsolver=dDef dDef.linsolver=pardiso
CONFIGURED_SAVED z=140.0 phi=120.0 study=st_on_z140p000_p120p000 sol=sol51
SOLVED z=140.0 phi=120.0 sol=sol51
RESULT ON,140.00000000,120.00000000,0.500000000000,-0.433012701892,-0.750000000000,sol51,pardiso,stol=1e-6,60846,NA,-0.00125478797292,-1.25478797292,-1.25478797292,SUCCESS,UNKNOWN,UNKNOWN
ON_CONFIGURATION_RESTORED
POSE phi_deg=130.000000000 expected_unit_magnetization=[0.500000000000,-0.556670399226,-0.663413948169] model_alpha_rad=0.523598775598
MODEL_MAGNETIZATION_EVAL=[0.500000000000,-0.556670399226,-0.663413948169]
ACTIVE_MFC2_CONFIG mode=ON ConstitutiveRelationBH=RemanentFluxDensity mur_mat=from_mat mur=1 normBr_source=userdef normBr=1.46[T] domains=[4]
ON_CONTROL_CONFIG=RECORDED active_constitutive=RemanentFluxDensity active_mur=1 active_normBr=1.46[T]
STATIONARY_TOL study=st_on_z140p000_p130p000.stat usestol=on stol=1e-6
SOLVER_CONFIG sol=sol52 s1.control=stat fc1.linsolver=dDef dDef.linsolver=pardiso
CONFIGURED_SAVED z=140.0 phi=130.0 study=st_on_z140p000_p130p000 sol=sol52
SOLVED z=140.0 phi=130.0 sol=sol52
RESULT ON,140.00000000,130.00000000,0.500000000000,-0.556670399226,-0.663413948169,sol52,pardiso,stol=1e-6,60846,NA,-0.00125797763743,-1.25797763743,-1.25797763743,SUCCESS,UNKNOWN,UNKNOWN
ON_CONFIGURATION_RESTORED
POSE phi_deg=140.000000000 expected_unit_magnetization=[0.500000000000,-0.663413948169,-0.556670399226] model_alpha_rad=0.523598775598
MODEL_MAGNETIZATION_EVAL=[0.500000000000,-0.663413948169,-0.556670399226]
ACTIVE_MFC2_CONFIG mode=ON ConstitutiveRelationBH=RemanentFluxDensity mur_mat=from_mat mur=1 normBr_source=userdef normBr=1.46[T] domains=[4]
ON_CONTROL_CONFIG=RECORDED active_constitutive=RemanentFluxDensity active_mur=1 active_normBr=1.46[T]
STATIONARY_TOL study=st_on_z140p000_p140p000.stat usestol=on stol=1e-6
SOLVER_CONFIG sol=sol53 s1.control=stat fc1.linsolver=dDef dDef.linsolver=pardiso
CONFIGURED_SAVED z=140.0 phi=140.0 study=st_on_z140p000_p140p000 sol=sol53
SOLVED z=140.0 phi=140.0 sol=sol53
RESULT ON,140.00000000,140.00000000,0.500000000000,-0.663413948169,-0.556670399226,sol53,pardiso,stol=1e-6,60846,NA,-0.00126191323030,-1.26191323030,-1.26191323030,SUCCESS,UNKNOWN,UNKNOWN
ON_CONFIGURATION_RESTORED
POSE phi_deg=150.000000000 expected_unit_magnetization=[0.500000000000,-0.750000000000,-0.433012701892] model_alpha_rad=0.523598775598
MODEL_MAGNETIZATION_EVAL=[0.500000000000,-0.750000000000,-0.433012701892]
ACTIVE_MFC2_CONFIG mode=ON ConstitutiveRelationBH=RemanentFluxDensity mur_mat=from_mat mur=1 normBr_source=userdef normBr=1.46[T] domains=[4]
ON_CONTROL_CONFIG=RECORDED active_constitutive=RemanentFluxDensity active_mur=1 active_normBr=1.46[T]
STATIONARY_TOL study=st_on_z140p000_p150p000.stat usestol=on stol=1e-6
SOLVER_CONFIG sol=sol54 s1.control=stat fc1.linsolver=dDef dDef.linsolver=pardiso
CONFIGURED_SAVED z=140.0 phi=150.0 study=st_on_z140p000_p150p000 sol=sol54
SOLVED z=140.0 phi=150.0 sol=sol54
RESULT ON,140.00000000,150.00000000,0.500000000000,-0.750000000000,-0.433012701892,sol54,pardiso,stol=1e-6,60846,NA,-0.00126647516733,-1.26647516733,-1.26647516733,SUCCESS,UNKNOWN,UNKNOWN
ON_CONFIGURATION_RESTORED
POSE phi_deg=160.000000000 expected_unit_magnetization=[0.500000000000,-0.813797681349,-0.296198132726] model_alpha_rad=0.523598775598
MODEL_MAGNETIZATION_EVAL=[0.500000000000,-0.813797681349,-0.296198132726]
ACTIVE_MFC2_CONFIG mode=ON ConstitutiveRelationBH=RemanentFluxDensity mur_mat=from_mat mur=1 normBr_source=userdef normBr=1.46[T] domains=[4]
ON_CONTROL_CONFIG=RECORDED active_constitutive=RemanentFluxDensity active_mur=1 active_normBr=1.46[T]
STATIONARY_TOL study=st_on_z140p000_p160p000.stat usestol=on stol=1e-6
SOLVER_CONFIG sol=sol55 s1.control=stat fc1.linsolver=dDef dDef.linsolver=pardiso
CONFIGURED_SAVED z=140.0 phi=160.0 study=st_on_z140p000_p160p000 sol=sol55
SOLVED z=140.0 phi=160.0 sol=sol55
RESULT ON,140.00000000,160.00000000,0.500000000000,-0.813797681349,-0.296198132726,sol55,pardiso,stol=1e-6,60846,NA,-0.00127152483435,-1.27152483435,-1.27152483435,SUCCESS,UNKNOWN,UNKNOWN
ON_CONFIGURATION_RESTORED
POSE phi_deg=170.000000000 expected_unit_magnetization=[0.500000000000,-0.852868531952,-0.150383733180] model_alpha_rad=0.523598775598
MODEL_MAGNETIZATION_EVAL=[0.500000000000,-0.852868531952,-0.150383733180]
ACTIVE_MFC2_CONFIG mode=ON ConstitutiveRelationBH=RemanentFluxDensity mur_mat=from_mat mur=1 normBr_source=userdef normBr=1.46[T] domains=[4]
ON_CONTROL_CONFIG=RECORDED active_constitutive=RemanentFluxDensity active_mur=1 active_normBr=1.46[T]
STATIONARY_TOL study=st_on_z140p000_p170p000.stat usestol=on stol=1e-6
SOLVER_CONFIG sol=sol56 s1.control=stat fc1.linsolver=dDef dDef.linsolver=pardiso
CONFIGURED_SAVED z=140.0 phi=170.0 study=st_on_z140p000_p170p000 sol=sol56
SOLVED z=140.0 phi=170.0 sol=sol56
RESULT ON,140.00000000,170.00000000,0.500000000000,-0.852868531952,-0.150383733180,sol56,pardiso,stol=1e-6,60846,NA,-0.00127690879703,-1.27690879703,-1.27690879703,SUCCESS,UNKNOWN,UNKNOWN
ON_CONFIGURATION_RESTORED
POSE phi_deg=180.000000000 expected_unit_magnetization=[0.500000000000,-0.866025403784,-1.06057523872e-16] model_alpha_rad=0.523598775598
MODEL_MAGNETIZATION_EVAL=[0.500000000000,-0.866025403784,-1.06057523872e-16]
ACTIVE_MFC2_CONFIG mode=ON ConstitutiveRelationBH=RemanentFluxDensity mur_mat=from_mat mur=1 normBr_source=userdef normBr=1.46[T] domains=[4]
ON_CONTROL_CONFIG=RECORDED active_constitutive=RemanentFluxDensity active_mur=1 active_normBr=1.46[T]
STATIONARY_TOL study=st_on_z140p000_p180p000.stat usestol=on stol=1e-6
SOLVER_CONFIG sol=sol57 s1.control=stat fc1.linsolver=dDef dDef.linsolver=pardiso
CONFIGURED_SAVED z=140.0 phi=180.0 study=st_on_z140p000_p180p000 sol=sol57
SOLVED z=140.0 phi=180.0 sol=sol57
RESULT ON,140.00000000,180.00000000,0.500000000000,-0.866025403784,-1.06057523872e-16,sol57,pardiso,stol=1e-6,60846,NA,-0.00128246346588,-1.28246346588,-1.28246346588,SUCCESS,UNKNOWN,UNKNOWN
ON_CONFIGURATION_RESTORED
POSE phi_deg=190.000000000 expected_unit_magnetization=[0.500000000000,-0.852868531952,0.150383733180] model_alpha_rad=0.523598775598
MODEL_MAGNETIZATION_EVAL=[0.500000000000,-0.852868531952,0.150383733180]
ACTIVE_MFC2_CONFIG mode=ON ConstitutiveRelationBH=RemanentFluxDensity mur_mat=from_mat mur=1 normBr_source=userdef normBr=1.46[T] domains=[4]
ON_CONTROL_CONFIG=RECORDED active_constitutive=RemanentFluxDensity active_mur=1 active_normBr=1.46[T]
STATIONARY_TOL study=st_on_z140p000_p190p000.stat usestol=on stol=1e-6
SOLVER_CONFIG sol=sol58 s1.control=stat fc1.linsolver=dDef dDef.linsolver=pardiso
CONFIGURED_SAVED z=140.0 phi=190.0 study=st_on_z140p000_p190p000 sol=sol58
SOLVED z=140.0 phi=190.0 sol=sol58
RESULT ON,140.00000000,190.00000000,0.500000000000,-0.852868531952,0.150383733180,sol58,pardiso,stol=1e-6,60846,NA,-0.00128802006432,-1.28802006432,-1.28802006432,SUCCESS,UNKNOWN,UNKNOWN
ON_CONFIGURATION_RESTORED
POSE phi_deg=200.000000000 expected_unit_magnetization=[0.500000000000,-0.813797681349,0.296198132726] model_alpha_rad=0.523598775598
MODEL_MAGNETIZATION_EVAL=[0.500000000000,-0.813797681349,0.296198132726]
ACTIVE_MFC2_CONFIG mode=ON ConstitutiveRelationBH=RemanentFluxDensity mur_mat=from_mat mur=1 normBr_source=userdef normBr=1.46[T] domains=[4]
ON_CONTROL_CONFIG=RECORDED active_constitutive=RemanentFluxDensity active_mur=1 active_normBr=1.46[T]
STATIONARY_TOL study=st_on_z140p000_p200p000.stat usestol=on stol=1e-6
SOLVER_CONFIG sol=sol59 s1.control=stat fc1.linsolver=dDef dDef.linsolver=pardiso
CONFIGURED_SAVED z=140.0 phi=200.0 study=st_on_z140p000_p200p000 sol=sol59
SOLVED z=140.0 phi=200.0 sol=sol59
RESULT ON,140.00000000,200.00000000,0.500000000000,-0.813797681349,0.296198132726,sol59,pardiso,stol=1e-6,60846,NA,-0.00129340975969,-1.29340975969,-1.29340975969,SUCCESS,UNKNOWN,UNKNOWN
ON_CONFIGURATION_RESTORED
POSE phi_deg=210.000000000 expected_unit_magnetization=[0.500000000000,-0.750000000000,0.433012701892] model_alpha_rad=0.523598775598
MODEL_MAGNETIZATION_EVAL=[0.500000000000,-0.750000000000,0.433012701892]
ACTIVE_MFC2_CONFIG mode=ON ConstitutiveRelationBH=RemanentFluxDensity mur_mat=from_mat mur=1 normBr_source=userdef normBr=1.46[T] domains=[4]
ON_CONTROL_CONFIG=RECORDED active_constitutive=RemanentFluxDensity active_mur=1 active_normBr=1.46[T]
STATIONARY_TOL study=st_on_z140p000_p210p000.stat usestol=on stol=1e-6
SOLVER_CONFIG sol=sol60 s1.control=stat fc1.linsolver=dDef dDef.linsolver=pardiso
CONFIGURED_SAVED z=140.0 phi=210.0 study=st_on_z140p000_p210p000 sol=sol60
SOLVED z=140.0 phi=210.0 sol=sol60
RESULT ON,140.00000000,210.00000000,0.500000000000,-0.750000000000,0.433012701892,sol60,pardiso,stol=1e-6,60846,NA,-0.00129846879004,-1.29846879004,-1.29846879004,SUCCESS,UNKNOWN,UNKNOWN
ON_CONFIGURATION_RESTORED
POSE phi_deg=220.000000000 expected_unit_magnetization=[0.500000000000,-0.663413948169,0.556670399226] model_alpha_rad=0.523598775598
MODEL_MAGNETIZATION_EVAL=[0.500000000000,-0.663413948169,0.556670399226]
ACTIVE_MFC2_CONFIG mode=ON ConstitutiveRelationBH=RemanentFluxDensity mur_mat=from_mat mur=1 normBr_source=userdef normBr=1.46[T] domains=[4]
ON_CONTROL_CONFIG=RECORDED active_constitutive=RemanentFluxDensity active_mur=1 active_normBr=1.46[T]
STATIONARY_TOL study=st_on_z140p000_p220p000.stat usestol=on stol=1e-6
SOLVER_CONFIG sol=sol61 s1.control=stat fc1.linsolver=dDef dDef.linsolver=pardiso
CONFIGURED_SAVED z=140.0 phi=220.0 study=st_on_z140p000_p220p000 sol=sol61
SOLVED z=140.0 phi=220.0 sol=sol61
RESULT ON,140.00000000,220.00000000,0.500000000000,-0.663413948169,0.556670399226,sol61,pardiso,stol=1e-6,60846,NA,-0.00130304344206,-1.30304344206,-1.30304344206,SUCCESS,UNKNOWN,UNKNOWN
ON_CONFIGURATION_RESTORED
POSE phi_deg=230.000000000 expected_unit_magnetization=[0.500000000000,-0.556670399226,0.663413948169] model_alpha_rad=0.523598775598
MODEL_MAGNETIZATION_EVAL=[0.500000000000,-0.556670399226,0.663413948169]
ACTIVE_MFC2_CONFIG mode=ON ConstitutiveRelationBH=RemanentFluxDensity mur_mat=from_mat mur=1 normBr_source=userdef normBr=1.46[T] domains=[4]
ON_CONTROL_CONFIG=RECORDED active_constitutive=RemanentFluxDensity active_mur=1 active_normBr=1.46[T]
STATIONARY_TOL study=st_on_z140p000_p230p000.stat usestol=on stol=1e-6
SOLVER_CONFIG sol=sol62 s1.control=stat fc1.linsolver=dDef dDef.linsolver=pardiso
CONFIGURED_SAVED z=140.0 phi=230.0 study=st_on_z140p000_p230p000 sol=sol62
SOLVED z=140.0 phi=230.0 sol=sol62
RESULT ON,140.00000000,230.00000000,0.500000000000,-0.556670399226,0.663413948169,sol62,pardiso,stol=1e-6,60846,NA,-0.00130699472005,-1.30699472005,-1.30699472005,SUCCESS,UNKNOWN,UNKNOWN
ON_CONFIGURATION_RESTORED
POSE phi_deg=240.000000000 expected_unit_magnetization=[0.500000000000,-0.433012701892,0.750000000000] model_alpha_rad=0.523598775598
MODEL_MAGNETIZATION_EVAL=[0.500000000000,-0.433012701892,0.750000000000]
ACTIVE_MFC2_CONFIG mode=ON ConstitutiveRelationBH=RemanentFluxDensity mur_mat=from_mat mur=1 normBr_source=userdef normBr=1.46[T] domains=[4]
ON_CONTROL_CONFIG=RECORDED active_constitutive=RemanentFluxDensity active_mur=1 active_normBr=1.46[T]
STATIONARY_TOL study=st_on_z140p000_p240p000.stat usestol=on stol=1e-6
SOLVER_CONFIG sol=sol63 s1.control=stat fc1.linsolver=dDef dDef.linsolver=pardiso
CONFIGURED_SAVED z=140.0 phi=240.0 study=st_on_z140p000_p240p000 sol=sol63
SOLVED z=140.0 phi=240.0 sol=sol63
RESULT ON,140.00000000,240.00000000,0.500000000000,-0.433012701892,0.750000000000,sol63,pardiso,stol=1e-6,60846,NA,-0.00131020256962,-1.31020256962,-1.31020256962,SUCCESS,UNKNOWN,UNKNOWN
ON_CONFIGURATION_RESTORED
POSE phi_deg=250.000000000 expected_unit_magnetization=[0.500000000000,-0.296198132726,0.813797681349] model_alpha_rad=0.523598775598
MODEL_MAGNETIZATION_EVAL=[0.500000000000,-0.296198132726,0.813797681349]
ACTIVE_MFC2_CONFIG mode=ON ConstitutiveRelationBH=RemanentFluxDensity mur_mat=from_mat mur=1 normBr_source=userdef normBr=1.46[T] domains=[4]
ON_CONTROL_CONFIG=RECORDED active_constitutive=RemanentFluxDensity active_mur=1 active_normBr=1.46[T]
STATIONARY_TOL study=st_on_z140p000_p250p000.stat usestol=on stol=1e-6
SOLVER_CONFIG sol=sol64 s1.control=stat fc1.linsolver=dDef dDef.linsolver=pardiso
CONFIGURED_SAVED z=140.0 phi=250.0 study=st_on_z140p000_p250p000 sol=sol64
SOLVED z=140.0 phi=250.0 sol=sol64
RESULT ON,140.00000000,250.00000000,0.500000000000,-0.296198132726,0.813797681349,sol64,pardiso,stol=1e-6,60846,NA,-0.00131256952427,-1.31256952427,-1.31256952427,SUCCESS,UNKNOWN,UNKNOWN
ON_CONFIGURATION_RESTORED
POSE phi_deg=260.000000000 expected_unit_magnetization=[0.500000000000,-0.150383733180,0.852868531952] model_alpha_rad=0.523598775598
MODEL_MAGNETIZATION_EVAL=[0.500000000000,-0.150383733180,0.852868531952]
ACTIVE_MFC2_CONFIG mode=ON ConstitutiveRelationBH=RemanentFluxDensity mur_mat=from_mat mur=1 normBr_source=userdef normBr=1.46[T] domains=[4]
ON_CONTROL_CONFIG=RECORDED active_constitutive=RemanentFluxDensity active_mur=1 active_normBr=1.46[T]
STATIONARY_TOL study=st_on_z140p000_p260p000.stat usestol=on stol=1e-6
SOLVER_CONFIG sol=sol65 s1.control=stat fc1.linsolver=dDef dDef.linsolver=pardiso
CONFIGURED_SAVED z=140.0 phi=260.0 study=st_on_z140p000_p260p000 sol=sol65
SOLVED z=140.0 phi=260.0 sol=sol65
RESULT ON,140.00000000,260.00000000,0.500000000000,-0.150383733180,0.852868531952,sol65,pardiso,stol=1e-6,60846,NA,-0.00131402366754,-1.31402366754,-1.31402366754,SUCCESS,UNKNOWN,UNKNOWN
ON_CONFIGURATION_RESTORED
POSE phi_deg=270.000000000 expected_unit_magnetization=[0.500000000000,-1.59086285809e-16,0.866025403784] model_alpha_rad=0.523598775598
MODEL_MAGNETIZATION_EVAL=[0.500000000000,-1.59086285809e-16,0.866025403784]
ACTIVE_MFC2_CONFIG mode=ON ConstitutiveRelationBH=RemanentFluxDensity mur_mat=from_mat mur=1 normBr_source=userdef normBr=1.46[T] domains=[4]
ON_CONTROL_CONFIG=RECORDED active_constitutive=RemanentFluxDensity active_mur=1 active_normBr=1.46[T]
STATIONARY_TOL study=st_on_z140p000_p270p000.stat usestol=on stol=1e-6
SOLVER_CONFIG sol=sol66 s1.control=stat fc1.linsolver=dDef dDef.linsolver=pardiso
CONFIGURED_SAVED z=140.0 phi=270.0 study=st_on_z140p000_p270p000 sol=sol66
SOLVED z=140.0 phi=270.0 sol=sol66
RESULT ON,140.00000000,270.00000000,0.500000000000,-1.59086285809e-16,0.866025403784,sol66,pardiso,stol=1e-6,60846,NA,-0.00131452081729,-1.31452081729,-1.31452081729,SUCCESS,UNKNOWN,UNKNOWN
ON_CONFIGURATION_RESTORED
POSE phi_deg=280.000000000 expected_unit_magnetization=[0.500000000000,0.150383733180,0.852868531952] model_alpha_rad=0.523598775598
MODEL_MAGNETIZATION_EVAL=[0.500000000000,0.150383733180,0.852868531952]
ACTIVE_MFC2_CONFIG mode=ON ConstitutiveRelationBH=RemanentFluxDensity mur_mat=from_mat mur=1 normBr_source=userdef normBr=1.46[T] domains=[4]
ON_CONTROL_CONFIG=RECORDED active_constitutive=RemanentFluxDensity active_mur=1 active_normBr=1.46[T]
STATIONARY_TOL study=st_on_z140p000_p280p000.stat usestol=on stol=1e-6
SOLVER_CONFIG sol=sol67 s1.control=stat fc1.linsolver=dDef dDef.linsolver=pardiso
CONFIGURED_SAVED z=140.0 phi=280.0 study=st_on_z140p000_p280p000 sol=sol67
SOLVED z=140.0 phi=280.0 sol=sol67
RESULT ON,140.00000000,280.00000000,0.500000000000,0.150383733180,0.852868531952,sol67,pardiso,stol=1e-6,60846,NA,-0.00131404586752,-1.31404586752,-1.31404586752,SUCCESS,UNKNOWN,UNKNOWN
ON_CONFIGURATION_RESTORED
POSE phi_deg=290.000000000 expected_unit_magnetization=[0.500000000000,0.296198132726,0.813797681349] model_alpha_rad=0.523598775598
MODEL_MAGNETIZATION_EVAL=[0.500000000000,0.296198132726,0.813797681349]
ACTIVE_MFC2_CONFIG mode=ON ConstitutiveRelationBH=RemanentFluxDensity mur_mat=from_mat mur=1 normBr_source=userdef normBr=1.46[T] domains=[4]
ON_CONTROL_CONFIG=RECORDED active_constitutive=RemanentFluxDensity active_mur=1 active_normBr=1.46[T]
STATIONARY_TOL study=st_on_z140p000_p290p000.stat usestol=on stol=1e-6
SOLVER_CONFIG sol=sol68 s1.control=stat fc1.linsolver=dDef dDef.linsolver=pardiso
CONFIGURED_SAVED z=140.0 phi=290.0 study=st_on_z140p000_p290p000 sol=sol68
SOLVED z=140.0 phi=290.0 sol=sol68
RESULT ON,140.00000000,290.00000000,0.500000000000,0.296198132726,0.813797681349,sol68,pardiso,stol=1e-6,60846,NA,-0.00131261324843,-1.31261324843,-1.31261324843,SUCCESS,UNKNOWN,UNKNOWN
ON_CONFIGURATION_RESTORED
POSE phi_deg=300.000000000 expected_unit_magnetization=[0.500000000000,0.433012701892,0.750000000000] model_alpha_rad=0.523598775598
MODEL_MAGNETIZATION_EVAL=[0.500000000000,0.433012701892,0.750000000000]
ACTIVE_MFC2_CONFIG mode=ON ConstitutiveRelationBH=RemanentFluxDensity mur_mat=from_mat mur=1 normBr_source=userdef normBr=1.46[T] domains=[4]
ON_CONTROL_CONFIG=RECORDED active_constitutive=RemanentFluxDensity active_mur=1 active_normBr=1.46[T]
STATIONARY_TOL study=st_on_z140p000_p300p000.stat usestol=on stol=1e-6
SOLVER_CONFIG sol=sol69 s1.control=stat fc1.linsolver=dDef dDef.linsolver=pardiso
CONFIGURED_SAVED z=140.0 phi=300.0 study=st_on_z140p000_p300p000 sol=sol69
SOLVED z=140.0 phi=300.0 sol=sol69
RESULT ON,140.00000000,300.00000000,0.500000000000,0.433012701892,0.750000000000,sol69,pardiso,stol=1e-6,60846,NA,-0.00131026648834,-1.31026648834,-1.31026648834,SUCCESS,UNKNOWN,UNKNOWN
ON_CONFIGURATION_RESTORED
POSE phi_deg=310.000000000 expected_unit_magnetization=[0.500000000000,0.556670399226,0.663413948169] model_alpha_rad=0.523598775598
MODEL_MAGNETIZATION_EVAL=[0.500000000000,0.556670399226,0.663413948169]
ACTIVE_MFC2_CONFIG mode=ON ConstitutiveRelationBH=RemanentFluxDensity mur_mat=from_mat mur=1 normBr_source=userdef normBr=1.46[T] domains=[4]
ON_CONTROL_CONFIG=RECORDED active_constitutive=RemanentFluxDensity active_mur=1 active_normBr=1.46[T]
STATIONARY_TOL study=st_on_z140p000_p310p000.stat usestol=on stol=1e-6
SOLVER_CONFIG sol=sol70 s1.control=stat fc1.linsolver=dDef dDef.linsolver=pardiso
CONFIGURED_SAVED z=140.0 phi=310.0 study=st_on_z140p000_p310p000 sol=sol70
SOLVED z=140.0 phi=310.0 sol=sol70
RESULT ON,140.00000000,310.00000000,0.500000000000,0.556670399226,0.663413948169,sol70,pardiso,stol=1e-6,60846,NA,-0.00130707688891,-1.30707688891,-1.30707688891,SUCCESS,UNKNOWN,UNKNOWN
ON_CONFIGURATION_RESTORED
POSE phi_deg=320.000000000 expected_unit_magnetization=[0.500000000000,0.663413948169,0.556670399226] model_alpha_rad=0.523598775598
MODEL_MAGNETIZATION_EVAL=[0.500000000000,0.663413948169,0.556670399226]
ACTIVE_MFC2_CONFIG mode=ON ConstitutiveRelationBH=RemanentFluxDensity mur_mat=from_mat mur=1 normBr_source=userdef normBr=1.46[T] domains=[4]
ON_CONTROL_CONFIG=RECORDED active_constitutive=RemanentFluxDensity active_mur=1 active_normBr=1.46[T]
STATIONARY_TOL study=st_on_z140p000_p320p000.stat usestol=on stol=1e-6
SOLVER_CONFIG sol=sol71 s1.control=stat fc1.linsolver=dDef dDef.linsolver=pardiso
CONFIGURED_SAVED z=140.0 phi=320.0 study=st_on_z140p000_p320p000 sol=sol71
SOLVED z=140.0 phi=320.0 sol=sol71
RESULT ON,140.00000000,320.00000000,0.500000000000,0.663413948169,0.556670399226,sol71,pardiso,stol=1e-6,60846,NA,-0.00130314136187,-1.30314136187,-1.30314136187,SUCCESS,UNKNOWN,UNKNOWN
ON_CONFIGURATION_RESTORED
POSE phi_deg=330.000000000 expected_unit_magnetization=[0.500000000000,0.750000000000,0.433012701892] model_alpha_rad=0.523598775598
MODEL_MAGNETIZATION_EVAL=[0.500000000000,0.750000000000,0.433012701892]
ACTIVE_MFC2_CONFIG mode=ON ConstitutiveRelationBH=RemanentFluxDensity mur_mat=from_mat mur=1 normBr_source=userdef normBr=1.46[T] domains=[4]
ON_CONTROL_CONFIG=RECORDED active_constitutive=RemanentFluxDensity active_mur=1 active_normBr=1.46[T]
STATIONARY_TOL study=st_on_z140p000_p330p000.stat usestol=on stol=1e-6
SOLVER_CONFIG sol=sol72 s1.control=stat fc1.linsolver=dDef dDef.linsolver=pardiso
CONFIGURED_SAVED z=140.0 phi=330.0 study=st_on_z140p000_p330p000 sol=sol72
SOLVED z=140.0 phi=330.0 sol=sol72
RESULT ON,140.00000000,330.00000000,0.500000000000,0.750000000000,0.433012701892,sol72,pardiso,stol=1e-6,60846,NA,-0.00129857948354,-1.29857948354,-1.29857948354,SUCCESS,UNKNOWN,UNKNOWN
ON_CONFIGURATION_RESTORED
POSE phi_deg=340.000000000 expected_unit_magnetization=[0.500000000000,0.813797681349,0.296198132726] model_alpha_rad=0.523598775598
MODEL_MAGNETIZATION_EVAL=[0.500000000000,0.813797681349,0.296198132726]
ACTIVE_MFC2_CONFIG mode=ON ConstitutiveRelationBH=RemanentFluxDensity mur_mat=from_mat mur=1 normBr_source=userdef normBr=1.46[T] domains=[4]
ON_CONTROL_CONFIG=RECORDED active_constitutive=RemanentFluxDensity active_mur=1 active_normBr=1.46[T]
STATIONARY_TOL study=st_on_z140p000_p340p000.stat usestol=on stol=1e-6
SOLVER_CONFIG sol=sol73 s1.control=stat fc1.linsolver=dDef dDef.linsolver=pardiso
CONFIGURED_SAVED z=140.0 phi=340.0 study=st_on_z140p000_p340p000 sol=sol73
SOLVED z=140.0 phi=340.0 sol=sol73
RESULT ON,140.00000000,340.00000000,0.500000000000,0.813797681349,0.296198132726,sol73,pardiso,stol=1e-6,60846,NA,-0.00129352986114,-1.29352986114,-1.29352986114,SUCCESS,UNKNOWN,UNKNOWN
ON_CONFIGURATION_RESTORED
POSE phi_deg=350.000000000 expected_unit_magnetization=[0.500000000000,0.852868531952,0.150383733180] model_alpha_rad=0.523598775598
MODEL_MAGNETIZATION_EVAL=[0.500000000000,0.852868531952,0.150383733180]
ACTIVE_MFC2_CONFIG mode=ON ConstitutiveRelationBH=RemanentFluxDensity mur_mat=from_mat mur=1 normBr_source=userdef normBr=1.46[T] domains=[4]
ON_CONTROL_CONFIG=RECORDED active_constitutive=RemanentFluxDensity active_mur=1 active_normBr=1.46[T]
STATIONARY_TOL study=st_on_z140p000_p350p000.stat usestol=on stol=1e-6
SOLVER_CONFIG sol=sol74 s1.control=stat fc1.linsolver=dDef dDef.linsolver=pardiso
CONFIGURED_SAVED z=140.0 phi=350.0 study=st_on_z140p000_p350p000 sol=sol74
SOLVED z=140.0 phi=350.0 sol=sol74
RESULT ON,140.00000000,350.00000000,0.500000000000,0.852868531952,0.150383733180,sol74,pardiso,stol=1e-6,60846,NA,-0.00128814592318,-1.28814592318,-1.28814592318,SUCCESS,UNKNOWN,UNKNOWN
ON_CONFIGURATION_RESTORED
POSE phi_deg=360.000000000 expected_unit_magnetization=[0.500000000000,0.866025403784,2.12115047745e-16] model_alpha_rad=0.523598775598
MODEL_MAGNETIZATION_EVAL=[0.500000000000,0.866025403784,2.12115047745e-16]
ACTIVE_MFC2_CONFIG mode=ON ConstitutiveRelationBH=RemanentFluxDensity mur_mat=from_mat mur=1 normBr_source=userdef normBr=1.46[T] domains=[4]
ON_CONTROL_CONFIG=RECORDED active_constitutive=RemanentFluxDensity active_mur=1 active_normBr=1.46[T]
STATIONARY_TOL study=st_on_z140p000_p360p000.stat usestol=on stol=1e-6
SOLVER_CONFIG sol=sol75 s1.control=stat fc1.linsolver=dDef dDef.linsolver=pardiso
CONFIGURED_SAVED z=140.0 phi=360.0 study=st_on_z140p000_p360p000 sol=sol75
SOLVED z=140.0 phi=360.0 sol=sol75
RESULT ON,140.00000000,360.00000000,0.500000000000,0.866025403784,2.12115047745e-16,sol75,pardiso,stol=1e-6,60846,NA,-0.00128259125687,-1.28259125687,-1.28259125687,SUCCESS,UNKNOWN,UNKNOWN
AIR_OVERRIDE material=mat4 domain=[1,4] mfc2.ConstitutiveRelationBH=RelativePermeability mfc2.mur_mat=userdef mfc2.mur=1 remanence_fields_cleared_inactive
POSE phi_deg=0.00000000000 expected_unit_magnetization=[0.500000000000,0.866025403784,-0.00000000000] model_alpha_rad=0.523598775598
MODEL_MAGNETIZATION_EVAL=[0.500000000000,0.866025403784,-0.00000000000]
ACTIVE_MFC2_CONFIG mode=AIR ConstitutiveRelationBH=RelativePermeability mur_mat=userdef mur=1 normBr_source=userdef normBr=0[T] domains=[4]
AIR_CONTROL_CONFIG=PASS active_constitutive=RelativePermeability active_mur=1 active_remanence=OFF material_domains=mat3:[3],mat4:[1,4]
STATIONARY_TOL study=st_air_z140p000_p0p00000.stat usestol=on stol=1e-6
SOLVER_CONFIG sol=sol76 s1.control=stat fc1.linsolver=dDef dDef.linsolver=pardiso
CONFIGURED_SAVED z=140.0 phi=0.0 study=st_air_z140p000_p0p00000 sol=sol76
SOLVED z=140.0 phi=0.0 sol=sol76
AIR_FIELD_AUDIT point_m=[26.0000000000,0,140.000000000] Bvec_T=[-6.37420688040e-08,4.06975653659e-11,2.12379338224e-08] mu0Hvec_T=[-6.37420688040e-08,4.06975653659e-11,2.12379338224e-08] normB_T=6.71870733456e-08 mu0H_T=6.71870733456e-08 diff_T=0.00000000000
RESULT AIR,140.00000000,0.00000000,0.500000000000,0.866025403784,-0.00000000000,sol76,pardiso,stol=1e-6,60846,NA,-0.00126371986894,-1.26371986894,-1.26371986894,SUCCESS,UNKNOWN,UNKNOWN
ON_CONFIGURATION_RESTORED
CANDIDATE_HEIGHT_FINISH z=140.00000 elements=60846
FINISH results=H:\comsolcc\sparse_height_trend\20260911_1130_candidates_125_140_10deg\static_force_results.csv
