*******************************************
***COMSOL 6.3.0.290 progress output file***
*******************************************
Thu Sep 10 18:07:39 CST 2026
           当前进度:   0 % - Moving Magnet Sphere x=26 mm
Memory: 855/855 921/921
           当前进度:   2 % - 圆柱体 2
Memory: 850/855 915/921
           当前进度:   3 % - 圆柱体 3
Memory: 838/855 901/921
           当前进度:   5 % - Air Domain R=200 mm
Memory: 840/855 903/921
           当前进度:   7 % - Hole 1 Optimized
Memory: 842/855 905/921
           当前进度:   9 % - Hole 2 Optimized
Memory: 845/855 909/921
-          当前进度:  10 % - Hole 3 Optimized
Memory: 845/855 908/921
-          当前进度:  12 % - point1
Memory: 846/855 910/921
-          当前进度:  14 % - 钢片减去优化孔
Memory: 847/855 910/921
-          当前进度:  14 % - 执行布尔操作
Memory: 849/855 911/921
---        当前进度:  31 % - 旋转 1
Memory: 850/855 911/921
----       当前进度:  48 % - 移动 1
Memory: 854/855 915/921
------     当前进度:  66 % - 移动
Memory: 851/855 912/921
--------   当前进度:  83 % - Form Union
Memory: 852/855 913/921
--------   当前进度:  83 % - 执行布尔操作
Memory: 853/855 914/921
---------- 当前进度: 100 % - 正在更新选择
顶点单元数：37
--         当前进度:  27 % - 正在创建边界网格
Memory: 855/881 914/941
边单元数：484
边界单元数：4838
-------    当前进度:  76 % - 插入内部点
Memory: 860/881 918/941
---------  当前进度:  90 % - 提高单元质量
Memory: 863/881 920/941
---------- 当前进度: 100 % - 正在定型网格
Memory: 862/881 920/941
单元数：60429
最小单元质量：0.2011
           当前进度:   1 % - 生成方程
Memory: 877/881 933/941
           当前进度:   2 % - 生成方程
Memory: 905/905 962/962
           当前进度:   3 % - 生成方程
Memory: 910/914 966/971
<---- 研究/解 1 (sol1) 中的“编译方程: 稳态” -----------------------------------------------
开始于 2026年9月10日 下午6:07:51。
几何形函数: 二次拉格朗日单元
在  上运行。
在以下位置使用 1 个插槽： Zifeng 上（共 8 个内核）。
可用内存：32.60 GB。
           当前进度:   6 % - 编译方程: 稳态
Memory: 872/920 936/1007
           当前进度:   7 % - 编译方程: 稳态
Memory: 879/920 929/1007
时间：2。
物理内存: 920 MB
虚拟内存: 1007 MB
结束时间：2026年9月10日 下午6:07:53。
----- 研究/解 1 (sol1) 中的“编译方程: 稳态” ---------------------------------------------->
<---- 研究/解 1 (sol1) 中的“因变量 1” --------------------------------------------------
开始于 2026年9月10日 下午6:07:53。
           当前进度:   7 % - 因变量 1
Memory: 896/920 953/1007
求解时间：0 s。
物理内存: 902 MB
虚拟内存: 960 MB
结束时间：2026年9月10日 下午6:07:53。
----- 研究/解 1 (sol1) 中的“因变量 1” ------------------------------------------------->
<---- 研究/解 1 (sol1) 中的“稳态求解器 1” ------------------------------------------------
开始于 2026年9月10日 下午6:07:53。
线性求解器 
求解的自由度数：81195。
找到对称矩阵。
缩放因变量：
磁标势 (comp1.Vm): 1
已使用正交零空间函数。
---        当前进度:  38 % - 约束处理
Memory: 992/1016 1042/1063
---        当前进度:  38 % - 组装延展
Memory: 1019/1019 1066/1066
Iter      SolEst     Damping    Stepsize #Res #Jac #Sol LinIt   LinErr   LinRes
---------  当前进度:  92 % - 求解线性方程组
Memory: 1032/1032 1244/1247
   1           1   1.0000000           1    1    1    1     3  0.00059  1.5e-06
---------- 当前进度: 100 % - 求解线性方程组
Memory: 1004/1032 1212/1247
求解时间：1 s。
物理内存: 1.03 GB
虚拟内存: 1.25 GB
结束时间：2026年9月10日 下午6:07:55。
----- 研究/解 1 (sol1) 中的“稳态求解器 1” ----------------------------------------------->
----       当前进度:  47 % - 生成方程
Memory: 1024/1032 1231/1247
-----      当前进度:  54 % - 生成方程
Memory: 1029/1032 1226/1247
<---- 研究 2/解 2 (sol2) 中的“编译方程: 瞬态” ---------------------------------------------
开始于 2026年9月10日 下午6:07:57。
几何形函数: 二次拉格朗日单元
在  上运行。
在以下位置使用 1 个插槽： Zifeng 上（共 8 个内核）。
可用内存：32.60 GB。
           当前进度:   0 % - 生成方程
Memory: 1054/1063 1249/1258
在  上运行。
在以下位置使用 1 个插槽： Zifeng 上（共 8 个内核）。
可用内存：32.60 GB。
           当前进度:   1 % - 编译方程: 瞬态
Memory: 1041/1086 1235/1283
           当前进度:   2 % - 编译方程: 瞬态
Memory: 1036/1086 1229/1283
时间：1。
物理内存: 1.09 GB
虚拟内存: 1.28 GB
结束时间：2026年9月10日 下午6:07:58。
----- 研究 2/解 2 (sol2) 中的“编译方程: 瞬态” -------------------------------------------->
<---- 研究 2/解 2 (sol2) 中的“因变量 1” ------------------------------------------------
开始于 2026年9月10日 下午6:07:58。
待求解变量的初始值: 解 1 (sol1).
           当前进度:   2 % - 因变量 1
Memory: 1066/1086 1310/1310
求解时间：0 s。
物理内存: 1.07 GB
虚拟内存: 1.31 GB
结束时间：2026年9月10日 下午6:07:58。
----- 研究 2/解 2 (sol2) 中的“因变量 1” ----------------------------------------------->
<---- 研究 2/解 2 (sol2) 中的“瞬态求解器 1” ----------------------------------------------
开始于 2026年9月10日 下午6:07:58。
瞬态求解器 (BDF)
求解的自由度数：81195。
找到对称矩阵。
缩放因变量：
磁标势 (comp1.Vm): 1.2e+05
Step        Time    Stepsize      Res  Jac  Sol Order Tfail NLfail LinIt   LinErr   LinRes
           当前进度:   4 % - 约束处理
Memory: 1126/1143 1339/1360
           当前进度:   4 % - 组装延展
Memory: 1195/1195 1410/1410
           当前进度:   4 % - 求解线性方程组
Memory: 1202/1202 1413/1416
