*******************************************
***COMSOL 6.3.0.290 progress output file***
*******************************************
Thu Sep 10 19:21:45 CST 2026
           当前进度:   0 % - Moving Magnet Sphere x=26 mm
Memory: 756/887 948/1277
           当前进度:   2 % - 圆柱体 2
Memory: 678/887 881/1277
           当前进度:   3 % - 圆柱体 3
Memory: 684/887 885/1277
           当前进度:   5 % - Air Domain R=200 mm
Memory: 687/887 889/1277
           当前进度:   7 % - Hole 1 Optimized
Memory: 694/887 896/1277
           当前进度:   9 % - Hole 2 Optimized
Memory: 695/887 897/1277
-          当前进度:  10 % - Hole 3 Optimized
Memory: 696/887 898/1277
-          当前进度:  12 % - point1
Memory: 698/887 900/1277
-          当前进度:  14 % - 钢片减去优化孔
Memory: 696/887 900/1277
-          当前进度:  14 % - 执行布尔操作
Memory: 707/887 905/1277
---        当前进度:  31 % - 旋转 1
Memory: 708/887 907/1277
----       当前进度:  48 % - 移动 1
Memory: 714/887 912/1277
------     当前进度:  66 % - 移动
Memory: 715/887 912/1277
--------   当前进度:  83 % - Form Union
--------   当前进度:  83 % - 执行布尔操作
Memory: 717/887 914/1277
---------- 当前进度: 100 % - 正在更新选择
顶点单元数：37
--         当前进度:  27 % - 正在创建边界网格
Memory: 729/887 917/1277
边单元数：484
边界单元数：4840
--------   当前进度:  81 % - 插入内部点
Memory: 726/887 915/1277
---------  当前进度:  90 % - 提高单元质量
Memory: 732/887 921/1277
单元数：60847
最小单元质量：0.2039
---------- 当前进度: 100 % - 正在定型网格
Memory: 719/887 901/1277
           当前进度:   1 % - 生成方程
Memory: 796/887 961/1277
           当前进度:   2 % - 生成方程
Memory: 811/887 977/1277
           当前进度:   3 % - 生成方程
Memory: 849/887 989/1277
<---- 研究/解 1 (sol1) 中的“编译方程: 稳态” -----------------------------------------------
开始于 2026年9月10日 下午7:21:56。
几何形函数: 二次拉格朗日单元
在  上运行。
在以下位置使用 1 个插槽： Zifeng 上（共 8 个内核）。
可用内存：32.60 GB。
           当前进度:   6 % - 编译方程: 稳态
Memory: 833/891 959/1277
           当前进度:   7 % - 编译方程: 稳态
Memory: 836/891 949/1277
时间：2。
物理内存: 891 MB
虚拟内存: 1010 MB
结束时间：2026年9月10日 下午7:21:58。
----- 研究/解 1 (sol1) 中的“编译方程: 稳态” ---------------------------------------------->
<---- 研究/解 1 (sol1) 中的“因变量 1” --------------------------------------------------
开始于 2026年9月10日 下午7:21:58。
           当前进度:   7 % - 因变量 1
Memory: 865/891 987/1277
求解时间：0 s。
物理内存: 865 MB
虚拟内存: 987 MB
结束时间：2026年9月10日 下午7:21:58。
----- 研究/解 1 (sol1) 中的“因变量 1” ------------------------------------------------->
<---- 研究/解 1 (sol1) 中的“稳态求解器 1” ------------------------------------------------
开始于 2026年9月10日 下午7:21:58。
线性求解器 
求解的自由度数：81767。
找到对称矩阵。
缩放因变量：
磁标势 (comp1.Vm): 1
已使用正交零空间函数。
---        当前进度:  38 % - 创建多重网格层
Memory: 931/976 1044/1277
-----      当前进度:  56 % - 组装矩阵
Memory: 933/976 1047/1277
Iter      SolEst     Damping    Stepsize #Res #Jac #Sol LinIt   LinErr   LinRes
   1           1   1.0000000           1    1    1    1     3  0.00065  1.6e-06
---------- 当前进度: 100 % - 求解线性方程组
Memory: 940/976 1213/1277
求解时间：1 s。
物理内存: 976 MB
虚拟内存: 1213 MB
结束时间：2026年9月10日 下午7:21:59。
----- 研究/解 1 (sol1) 中的“稳态求解器 1” ----------------------------------------------->
----       当前进度:  47 % - 生成方程
Memory: 1006/1008 1268/1277
-----      当前进度:  54 % - 生成方程
Memory: 1023/1042 1267/1295
<---- 研究 2/解 2 (sol2) 中的“编译方程: 瞬态” ---------------------------------------------
开始于 2026年9月10日 下午7:22:01。
几何形函数: 二次拉格朗日单元
在  上运行。
在以下位置使用 1 个插槽： Zifeng 上（共 8 个内核）。
可用内存：32.60 GB。
           当前进度:   0 % - 生成方程
Memory: 1129/1138 1370/1381
在  上运行。
在以下位置使用 1 个插槽： Zifeng 上（共 8 个内核）。
可用内存：32.60 GB。
           当前进度:   1 % - 编译方程: 瞬态
Memory: 1143/1160 1385/1405
           当前进度:   2 % - 编译方程: 瞬态
Memory: 1113/1160 1355/1405
时间：1。
物理内存: 1.16 GB
虚拟内存: 1.4 GB
结束时间：2026年9月10日 下午7:22:02。
----- 研究 2/解 2 (sol2) 中的“编译方程: 瞬态” -------------------------------------------->
<---- 研究 2/解 2 (sol2) 中的“因变量 1” ------------------------------------------------
开始于 2026年9月10日 下午7:22:02。
待求解变量的初始值: 解 1 (sol1).
           当前进度:   2 % - 因变量 1
Memory: 1157/1160 1394/1405
求解时间：0 s。
物理内存: 1.16 GB
虚拟内存: 1.39 GB
结束时间：2026年9月10日 下午7:22:02。
----- 研究 2/解 2 (sol2) 中的“因变量 1” ----------------------------------------------->
<---- 研究 2/解 2 (sol2) 中的“瞬态求解器 1” ----------------------------------------------
开始于 2026年9月10日 下午7:22:02。
瞬态求解器 (BDF)
求解的自由度数：81767。
找到对称矩阵。
缩放因变量：
磁标势 (comp1.Vm): 1.1e+04
           当前进度:   4 % - 
Memory: 1203/1228 1490/1515
Step        Time    Stepsize      Res  Jac  Sol Order Tfail NLfail LinIt   LinErr   LinRes
           当前进度:   4 % - 组装延展
Memory: 1284/1284 1575/1575
           当前进度:   4 % - 求解线性方程组
Memory: 1290/1290 1577/1581
           当前进度:   4 % - 组装矩阵
Memory: 1234/1292 1559/1581
           当前进度:   4 % - 求解线性方程组
           当前进度:   4 % - 约束处理
Memory: 1237/1292 1527/1581
           当前进度:   4 % - 求解线性方程组
           当前进度:   4 % - 组装矩阵
Memory: 1239/1292 1525/1581
           当前进度:   4 % - 求解线性方程组
           当前进度:   4 % - 约束处理
Memory: 1225/1292 1508/1581
           当前进度:   4 % - 求解线性方程组
Memory: 1242/1292 1528/1581
           当前进度:   4 % - 创建多重网格层
Memory: 1224/1292 1506/1581
           当前进度:   4 % - 约束处理
Memory: 1224/1292 1528/1581
           当前进度:   4 % - 求解线性方程组
Memory: 1243/1292 1528/1581
           当前进度:   4 % - 组装矩阵
           当前进度:   4 % - 求解线性方程组
           当前进度:   4 % - 组装矩阵
           当前进度:   4 % - 求解线性方程组
           当前进度:   4 % - 约束处理
Memory: 1225/1292 1508/1581
           当前进度:   4 % - 求解线性方程组
Memory: 1243/1292 1528/1581
           当前进度:   4 % - 组装矩阵
           当前进度:   4 % - 约束处理
Memory: 1232/1292 1528/1581
           当前进度:   4 % - 求解线性方程组
Memory: 1243/1292 1528/1581
           当前进度:   4 % - 组装矩阵
           当前进度:   4 % - 求解线性方程组
           当前进度:   4 % - 组装矩阵
           当前进度:   4 % - 求解线性方程组
           当前进度:   4 % - 约束处理
Memory: 1226/1292 1508/1581
           当前进度:   4 % - 求解线性方程组
Memory: 1243/1292 1529/1581
           当前进度:   4 % - 组装矩阵
           当前进度:   4 % - 求解线性方程组
           当前进度:   4 % - 约束处理
Memory: 1226/1292 1508/1581
           当前进度:   4 % - 求解线性方程组
Memory: 1243/1292 1529/1581
           当前进度:   4 % - 组装矩阵
Memory: 1232/1292 1516/1581
           当前进度:   4 % - 求解线性方程组
   0           0           - out   39   12   39                  0 26136     0.97   0.0024
Warning: 线性求解器有错误消息。
Warning: 已达到最大中间迭代次数。
---------- 当前进度: 100 % - 求解线性方程组
Memory: 1171/1292 1447/1581
求解时间：976 s。 （16 分钟，16 秒）
物理内存: 1.29 GB
虚拟内存: 1.58 GB
Warning: 线性求解器有错误消息。
已达到最大中间迭代次数。
结束时间：2026年9月10日 下午7:38:18。
----- 研究 2/解 2 (sol2) 中的“瞬态求解器 1” --------------------------------------------->
