*******************************************
***COMSOL 6.3.0.290 progress output file***
*******************************************
Thu Sep 10 22:49:40 CST 2026
           当前进度:   0 % - Moving Magnet Sphere x=26 mm
Memory: 767/883 932/1169
           当前进度:   2 % - 圆柱体 2
Memory: 766/883 930/1169
           当前进度:   3 % - 圆柱体 3
Memory: 768/883 930/1169
           当前进度:   5 % - Air Domain R=200 mm
           当前进度:   7 % - Hole 1 Optimized
Memory: 769/883 931/1169
           当前进度:   9 % - Hole 2 Optimized
Memory: 772/883 934/1169
-          当前进度:  10 % - Hole 3 Optimized
-          当前进度:  12 % - point1
-          当前进度:  14 % - 钢片减去优化孔
Memory: 773/883 935/1169
-          当前进度:  14 % - 执行布尔操作
Memory: 776/883 936/1169
---        当前进度:  31 % - 旋转 1
Memory: 774/883 936/1169
----       当前进度:  48 % - 移动 1
Memory: 776/883 936/1169
------     当前进度:  66 % - 移动
--------   当前进度:  83 % - Form Union
--------   当前进度:  83 % - 执行布尔操作
Memory: 777/883 936/1169
---------- 当前进度: 100 % - 正在更新选择
顶点单元数：37
--         当前进度:  28 % - 正在创建边界网格
Memory: 789/883 946/1169
边单元数：484
边界单元数：4844
-----      当前进度:  57 % - 相关边界
Memory: 783/883 940/1169
--------   当前进度:  89 % - 提高单元质量
Memory: 788/883 946/1169
---------  当前进度:  99 % - 正在定型网格
Memory: 789/883 948/1169
单元数：60997
最小单元质量：0.1814
---------- 当前进度: 100 % - 正在定型网格
Memory: 789/883 944/1169
           当前进度:   1 % - 生成方程
Memory: 831/883 969/1169
           当前进度:   2 % - 生成方程
Memory: 853/883 988/1169
           当前进度:   3 % - 生成方程
Memory: 880/887 994/1169
<---- 研究/解 1 (sol1) 中的“编译方程: 稳态” -----------------------------------------------
开始于 2026年9月10日 下午10:49:53。
几何形函数: 二次拉格朗日单元
在  上运行。
在以下位置使用 1 个插槽： Zifeng 上（共 8 个内核）。
可用内存：32.60 GB。
           当前进度:   6 % - 编译方程: 稳态
Memory: 824/895 941/1169
           当前进度:   7 % - 编译方程: 稳态
Memory: 827/895 930/1169
时间：2。
物理内存: 883 MB
虚拟内存: 999 MB
结束时间：2026年9月10日 下午10:49:55。
----- 研究/解 1 (sol1) 中的“编译方程: 稳态” ---------------------------------------------->
<---- 研究/解 1 (sol1) 中的“因变量 1” --------------------------------------------------
开始于 2026年9月10日 下午10:49:55。
           当前进度:   7 % - 因变量 1
Memory: 839/895 952/1169
求解时间：0 s。
物理内存: 852 MB
虚拟内存: 953 MB
结束时间：2026年9月10日 下午10:49:55。
----- 研究/解 1 (sol1) 中的“因变量 1” ------------------------------------------------->
<---- 研究/解 1 (sol1) 中的“稳态求解器 1” ------------------------------------------------
开始于 2026年9月10日 下午10:49:55。
线性求解器 
求解的自由度数：81971。
找到对称矩阵。
缩放因变量：
磁标势 (comp1.Vm): 1
已使用正交零空间函数。
---        当前进度:  38 % - 组装延展
Memory: 1035/1041 1174/1180
------     当前进度:  65 % - 矩阵分解
Memory: 1017/1049 1154/1189
Iter      SolEst     Damping    Stepsize #Res #Jac #Sol LinIt   LinErr   LinRes
   1           1   1.0000000           1    1    1    1     3  0.00051  1.3e-06
---------- 当前进度: 100 % - 求解线性方程组
Memory: 1017/1049 1313/1348
求解时间：1 s。
物理内存: 1.05 GB
虚拟内存: 1.35 GB
结束时间：2026年9月10日 下午10:49:56。
----- 研究/解 1 (sol1) 中的“稳态求解器 1” ----------------------------------------------->
----       当前进度:  47 % - 生成方程
Memory: 1076/1078 1334/1348
---        当前进度:  39 % - 生成方程
Memory: 1090/1097 1340/1348
<---- 研究 2/解 2 (sol2) 中的“编译方程: 瞬态” ---------------------------------------------
开始于 2026年9月10日 下午10:49:58。
几何形函数: 二次拉格朗日单元
在  上运行。
在以下位置使用 1 个插槽： Zifeng 上（共 8 个内核）。
可用内存：32.60 GB。
           当前进度:   0 % - 生成方程
Memory: 1134/1139 1384/1389
在  上运行。
在以下位置使用 1 个插槽： Zifeng 上（共 8 个内核）。
可用内存：32.60 GB。
           当前进度:   2 % - 编译方程: 瞬态
Memory: 1090/1139 1342/1389
时间：1。
物理内存: 1.14 GB
虚拟内存: 1.39 GB
结束时间：2026年9月10日 下午10:49:59。
----- 研究 2/解 2 (sol2) 中的“编译方程: 瞬态” -------------------------------------------->
<---- 研究 2/解 2 (sol2) 中的“因变量 1” ------------------------------------------------
开始于 2026年9月10日 下午10:49:59。
待求解变量的初始值: 解 1 (sol1).
           当前进度:   2 % - 因变量 1
Memory: 1119/1139 1374/1389
求解时间：0 s。
物理内存: 1.12 GB
虚拟内存: 1.37 GB
结束时间：2026年9月10日 下午10:49:59。
----- 研究 2/解 2 (sol2) 中的“因变量 1” ----------------------------------------------->
<---- 研究 2/解 2 (sol2) 中的“瞬态求解器 1” ----------------------------------------------
开始于 2026年9月10日 下午10:49:59。
瞬态求解器 (BDF)
求解的自由度数：81971。
找到对称矩阵。
缩放因变量：
磁标势 (comp1.Vm): 1.1e+04
Step        Time    Stepsize      Res  Jac  Sol Order Tfail NLfail   LinErr   LinRes
           当前进度:   4 % - 约束处理
Memory: 1175/1193 1433/1448
           当前进度:   4 % - 矩阵分解
Memory: 1277/1317 1563/1572
           当前进度:   4 % - 求解线性方程组
Memory: 1565/1565 2077/2159
           当前进度:   4 % - 约束处理
Memory: 1555/1566 2065/2159
           当前进度:   4 % - 求解线性方程组
Memory: 1558/1566 2068/2159
           当前进度:   4 % - 矩阵分解
Memory: 1217/1566 1640/2159
           当前进度:   4 % - 求解线性方程组
Memory: 1535/1566 2077/2159
           当前进度:   4 % - 组装矩阵
           当前进度:   4 % - 求解线性方程组
           当前进度:   4 % - 矩阵分解
Memory: 1183/1566 1632/2159
           当前进度:   4 % - 求解线性方程组
Memory: 1523/1566 2038/2159
           当前进度:   4 % - 矩阵分解
Memory: 1145/1566 1568/2159
           当前进度:   4 % - 求解线性方程组
Memory: 1523/1566 2038/2159
           当前进度:   4 % - 矩阵分解
Memory: 1174/1566 1599/2159
           当前进度:   4 % - 求解线性方程组
Memory: 1524/1566 2039/2159
           当前进度:   4 % - 组装矩阵
Memory: 1521/1566 2036/2159
           当前进度:   4 % - 求解线性方程组
Memory: 1524/1566 2039/2159
           当前进度:   4 % - 矩阵分解
Memory: 1205/1566 1628/2159
           当前进度:   4 % - 求解线性方程组
Memory: 1524/1566 2040/2159
           当前进度:   4 % - 组装矩阵
Memory: 1522/1566 2038/2159
           当前进度:   4 % - 矩阵分解
Memory: 1107/1566 1529/2159
           当前进度:   4 % - 求解线性方程组
Memory: 1524/1566 2040/2159
           当前进度:   4 % - 矩阵分解
Memory: 1169/1566 1592/2159
           当前进度:   4 % - 求解线性方程组
Memory: 1525/1566 2041/2159
           当前进度:   4 % - 组装矩阵
Memory: 1522/1566 2038/2159
           当前进度:   4 % - 矩阵分解
Memory: 1165/1566 1605/2159
           当前进度:   4 % - 求解线性方程组
Memory: 1525/1566 2040/2159
           当前进度:   4 % - 组装矩阵
Memory: 1521/1566 2037/2159
           当前进度:   4 % - 求解线性方程组
Memory: 1525/1566 2040/2159
           当前进度:   4 % - 矩阵分解
Memory: 1150/1566 1576/2159
           当前进度:   4 % - 求解线性方程组
Memory: 1529/1566 2044/2159
           当前进度:   4 % - 组装矩阵
Memory: 1527/1566 2042/2159
           当前进度:   4 % - 求解线性方程组
Memory: 1529/1566 2044/2159
           当前进度:   4 % - 矩阵分解
Memory: 1163/1566 1605/2159
           当前进度:   4 % - 求解线性方程组
Memory: 1554/1566 2071/2159
           当前进度:   4 % - 矩阵分解
Memory: 1153/1566 1604/2159
           当前进度:   4 % - 求解线性方程组
Memory: 1553/1566 2070/2159
           当前进度:   4 % - 矩阵分解
Memory: 1181/1566 1673/2159
           当前进度:   4 % - 求解线性方程组
Memory: 1557/1566 2074/2159
           当前进度:   4 % - 组装矩阵
Memory: 1555/1566 2072/2159
           当前进度:   4 % - 求解线性方程组
Memory: 1557/1566 2074/2159
           当前进度:   4 % - 矩阵分解
Memory: 1150/1566 1576/2159
           当前进度:   4 % - 求解线性方程组
Memory: 1553/1566 2071/2159
           当前进度:   4 % - 组装矩阵
Memory: 1555/1566 2071/2159
           当前进度:   4 % - 矩阵分解
Memory: 1223/1566 1689/2159
           当前进度:   4 % - 求解线性方程组
Memory: 1560/1566 2078/2159
           当前进度:   4 % - 矩阵分解
Memory: 1219/1566 1649/2159
           当前进度:   4 % - 求解线性方程组
Memory: 1560/1566 2076/2159
           当前进度:   4 % - 矩阵分解
Memory: 1240/1566 1712/2159
           当前进度:   4 % - 求解线性方程组
Memory: 1564/1566 2079/2159
           当前进度:   4 % - 矩阵分解
Memory: 1258/1567 1717/2159
           当前进度:   4 % - 组装矩阵
Memory: 1565/1568 2081/2159
           当前进度:   4 % - 求解线性方程组
Memory: 1568/1568 2084/2159
           当前进度:   4 % - 矩阵分解
Memory: 1203/1568 1676/2159
           当前进度:   4 % - 求解线性方程组
Memory: 1567/1568 2083/2159
           当前进度:   4 % - 矩阵分解
Memory: 1206/1568 1672/2159
           当前进度:   4 % - 组装矩阵
Memory: 1557/1568 2075/2159
           当前进度:   4 % - 求解线性方程组
Memory: 1558/1568 2076/2159
   0           0           - out   80   21   80                  0        -    0.029
---------- 当前进度: 100 % - 求解线性方程组
Memory: 1103/1568 1523/2159
求解时间：54 s。
物理内存: 1.57 GB
虚拟内存: 2.16 GB
结束时间：2026年9月10日 下午10:50:53。
----- 研究 2/解 2 (sol2) 中的“瞬态求解器 1” --------------------------------------------->
