*******************************************
***COMSOL 6.3.0.290 progress output file***
*******************************************
Thu Sep 10 20:02:50 CST 2026
           当前进度:   0 % - Moving Magnet Sphere x=26 mm
Memory: 812/820 907/942
           当前进度:   2 % - 圆柱体 2
Memory: 815/820 907/942
           当前进度:   3 % - 圆柱体 3
Memory: 817/820 907/942
           当前进度:   5 % - Air Domain R=200 mm
           当前进度:   7 % - Hole 1 Optimized
           当前进度:   9 % - Hole 2 Optimized
-          当前进度:  10 % - Hole 3 Optimized
-          当前进度:  12 % - point1
-          当前进度:  14 % - 钢片减去优化孔
Memory: 817/820 908/942
-          当前进度:  14 % - 执行布尔操作
Memory: 820/820 908/942
---        当前进度:  31 % - 旋转 1
----       当前进度:  48 % - 移动 1
------     当前进度:  66 % - 移动
--------   当前进度:  83 % - Form Union
--------   当前进度:  83 % - 执行布尔操作
---------- 当前进度: 100 % - 正在更新选择
顶点单元数：37
-          当前进度:  13 % - 调整边界网格
Memory: 757/856 838/971
---        当前进度:  31 % - 正在创建边界网格
Memory: 757/856 839/971
边单元数：484
边界单元数：4840
-----      当前进度:  54 % - 相关边界
Memory: 758/856 839/971
--------   当前进度:  85 % - 插入内部点
Memory: 760/856 840/971
--------   当前进度:  89 % - 提高单元质量
Memory: 762/856 842/971
---------  当前进度:  93 % - 提高单元质量
Memory: 704/856 796/971
单元数：60847
最小单元质量：0.2039
---------- 当前进度: 100 % - 正在定型网格
Memory: 703/856 786/971
           当前进度:   1 % - 生成方程
Memory: 752/856 832/971
           当前进度:   2 % - 生成方程
Memory: 772/856 849/971
           当前进度:   3 % - 生成方程
Memory: 801/856 880/971
<---- 研究/解 1 (sol1) 中的“编译方程: 稳态” -----------------------------------------------
开始于 2026年9月10日 下午8:03:19。
几何形函数: 二次拉格朗日单元
在  上运行。
在以下位置使用 1 个插槽： Zifeng 上（共 8 个内核）。
可用内存：32.60 GB。
           当前进度:   4 % - 编译方程: 稳态
Memory: 842/856 917/971
           当前进度:   6 % - 编译方程: 稳态
Memory: 775/856 867/971
           当前进度:   7 % - 编译方程: 稳态
Memory: 788/856 871/971
时间：5。
物理内存: 858 MB
虚拟内存: 924 MB
结束时间：2026年9月10日 下午8:03:24。
----- 研究/解 1 (sol1) 中的“编译方程: 稳态” ---------------------------------------------->
<---- 研究/解 1 (sol1) 中的“因变量 1” --------------------------------------------------
开始于 2026年9月10日 下午8:03:24。
           当前进度:   7 % - 因变量 1
Memory: 858/858 942/971
求解时间：0 s。
物理内存: 858 MB
虚拟内存: 942 MB
结束时间：2026年9月10日 下午8:03:24。
----- 研究/解 1 (sol1) 中的“因变量 1” ------------------------------------------------->
<---- 研究/解 1 (sol1) 中的“稳态求解器 1” ------------------------------------------------
开始于 2026年9月10日 下午8:03:24。
线性求解器 
求解的自由度数：81767。
--         当前进度:  24 % - 组装稀疏模式
Memory: 945/966 1012/1033
找到对称矩阵。
---        当前进度:  38 % - 
Memory: 967/991 1038/1060
缩放因变量：
磁标势 (comp1.Vm): 1
已使用正交零空间函数。
---        当前进度:  38 % - 组装延展
Memory: 999/999 1069/1069
-----      当前进度:  56 % - 组装矩阵
Memory: 989/1006 1055/1074
------     当前进度:  65 % - 矩阵分解
Memory: 1010/1010 1241/1242
Iter      SolEst     Damping    Stepsize #Res #Jac #Sol LinIt   LinErr   LinRes
---------  当前进度:  92 % - 求解线性方程组
Memory: 1014/1014 1242/1245
   1           1   1.0000000           1    1    1    1     3  0.00065  1.6e-06
---------- 当前进度: 100 % - 求解线性方程组
Memory: 985/1014 1208/1245
求解时间：3 s。
物理内存: 1.01 GB
虚拟内存: 1.25 GB
结束时间：2026年9月10日 下午8:03:27。
----- 研究/解 1 (sol1) 中的“稳态求解器 1” ----------------------------------------------->
----       当前进度:  47 % - 生成方程
Memory: 987/1014 1209/1245
------     当前进度:  60 % - 生成方程
Memory: 969/1014 1196/1245
---        当前进度:  39 % - 生成方程
Memory: 974/1014 1198/1245
<---- 研究 2/解 2 (sol2) 中的“编译方程: 瞬态” ---------------------------------------------
开始于 2026年9月10日 下午8:03:31。
几何形函数: 二次拉格朗日单元
在  上运行。
在以下位置使用 1 个插槽： Zifeng 上（共 8 个内核）。
可用内存：32.60 GB。
           当前进度:   0 % - 生成方程
Memory: 984/1014 1206/1245
在  上运行。
在以下位置使用 1 个插槽： Zifeng 上（共 8 个内核）。
可用内存：32.60 GB。
           当前进度:   1 % - 编译方程: 瞬态
Memory: 1067/1078 1292/1303
           当前进度:   2 % - 编译方程: 瞬态
Memory: 1067/1078 1290/1303
时间：2。
物理内存: 1.08 GB
虚拟内存: 1.3 GB
结束时间：2026年9月10日 下午8:03:33。
----- 研究 2/解 2 (sol2) 中的“编译方程: 瞬态” -------------------------------------------->
<---- 研究 2/解 2 (sol2) 中的“因变量 1” ------------------------------------------------
开始于 2026年9月10日 下午8:03:33。
待求解变量的初始值: 解 1 (sol1).
           当前进度:   2 % - 因变量 1
Memory: 1027/1078 1248/1303
求解时间：1 s。
物理内存: 1.07 GB
虚拟内存: 1.29 GB
结束时间：2026年9月10日 下午8:03:33。
----- 研究 2/解 2 (sol2) 中的“因变量 1” ----------------------------------------------->
<---- 研究 2/解 2 (sol2) 中的“瞬态求解器 1” ----------------------------------------------
开始于 2026年9月10日 下午8:03:33。
瞬态求解器 (BDF)
求解的自由度数：81767。
           当前进度:   4 % - 组装稀疏模式
Memory: 1102/1102 1343/1343
           当前进度:   4 % - 组装矩阵
Memory: 1132/1132 1370/1372
找到对称矩阵。
缩放因变量：
磁标势 (comp1.Vm): 1.1e+04
Step        Time    Stepsize      Res  Jac  Sol Order Tfail NLfail LinIt   LinErr   LinRes
           当前进度:   4 % - 创建多重网格层
Memory: 1159/1159 1398/1398
           当前进度:   4 % - 组装延展
Memory: 1191/1191 1439/1439
           当前进度:   4 % - 约束处理
Memory: 1184/1193 1424/1440
           当前进度:   4 % - 求解线性方程组
Memory: 1202/1202 1447/1450
           当前进度:   4 % - 约束处理
Memory: 1201/1204 1447/1450
           当前进度:   4 % - 求解线性方程组
Memory: 1204/1204 1447/1450
           当前进度:   4 % - 组装矩阵
Memory: 1208/1208 1451/1454
           当前进度:   4 % - 求解线性方程组
Memory: 1208/1208 1452/1454
           当前进度:   4 % - 创建多重网格层
Memory: 1191/1210 1431/1454
           当前进度:   4 % - 约束处理
Memory: 1203/1210 1455/1455
           当前进度:   4 % - 求解线性方程组
Memory: 1211/1211 1455/1459
           当前进度:   4 % - 组装矩阵
           当前进度:   4 % - 求解线性方程组
           当前进度:   4 % - 组装矩阵
           当前进度:   4 % - 求解线性方程组
           当前进度:   4 % - 约束处理
Memory: 1194/1211 1436/1459
           当前进度:   4 % - 求解线性方程组
Memory: 1211/1212 1455/1459
           当前进度:   4 % - 组装矩阵
           当前进度:   4 % - 约束处理
Memory: 1201/1212 1455/1459
           当前进度:   4 % - 求解线性方程组
Memory: 1211/1212 1455/1459
           当前进度:   4 % - 组装矩阵
           当前进度:   4 % - 求解线性方程组
   0           0           - out   18    7   18                  0 11312   0.0015  3.8e-06
   1  0.00020022      0.0002       22    8   22     1     0      1 11318  7.8e-09        -
   2  0.00040022      0.0002       23    8   23     1     0      1 11321   0.0007        -
           当前进度:   4 % - 组装矩阵
Memory: 1212/1212 1454/1459
   3  0.00080022      0.0004       26    8   26     2     0      1 11328    0.001        -
           当前进度:   4 % - 约束处理
Memory: 1194/1212 1432/1459
   4   0.0016002      0.0008       27    9   27     1     0      1 11331   0.0007        -
           当前进度:   5 % - 求解线性方程组
Memory: 1212/1212 1454/1459
   5   0.0032002      0.0016       28   10   28     1     0      1 11334  0.00069        -
   6   0.0055556   0.0023553 out   29   10   29     1     0      1 11337  0.00068        -
           当前进度:   7 % - 求解线性方程组
   7   0.0083333   0.0027778       30   11   30     1     0      1 11340  0.00065        -
   8    0.011111   0.0027778 out   31   11   31     1     0      1 11343  0.00064        -
           当前进度:   9 % - 组装矩阵
   9    0.016667   0.0055556 out   32   12   32     1     0      1 11346   0.0006        -
-          当前进度:  12 % - 求解线性方程组
  10    0.022222   0.0055556 out   33   12   33     1     0      1 11349  0.00056        -
  11    0.027778   0.0055556 out   34   12   34     1     0      1 11352  0.00053        -
-          当前进度:  17 % - 组装矩阵
  12    0.033333   0.0055556 out   35   12   35     1     0      1 11355  0.00051        -
  13    0.038889   0.0055556 out   36   12   36     1     0      1 11358  0.00053        -
--         当前进度:  23 % - 求解线性方程组
  14    0.044444   0.0055556 out   37   12   37     1     0      1 11361  0.00056        -
--         当前进度:  25 % - 求解线性方程组
  15        0.05   0.0055556 out   38   12   38     1     0      1 11364  0.00061        -
  16    0.055556   0.0055556 out   39   12   39     1     0      1 11367  0.00065        -
---        当前进度:  31 % - 求解线性方程组
  17    0.061111   0.0055556 out   40   12   40     1     0      1 11370  0.00069        -
  18    0.066667   0.0055556 out   41   12   41     1     0      1 11373  0.00073        -
---        当前进度:  36 % - 求解线性方程组
Memory: 1215/1215 1454/1459
  19    0.072222   0.0055556 out   42   12   42     1     0      1 11376  0.00075        -
  20    0.077778   0.0055556 out   43   12   43     1     0      1 11379  0.00077        -
----       当前进度:  41 % - 组装矩阵
Memory: 1216/1216 1458/1461
  21    0.083333   0.0055556 out   44   12   44     1     0      1 11382  0.00078        -
  22    0.088889   0.0055556 out   45   12   45     1     0      1 11385  0.00077        -
----       当前进度:  47 % - 组装矩阵
  23    0.094444   0.0055556 out   46   12   46     1     0      1 11388  0.00076        -
----       当前进度:  49 % - 求解线性方程组
  24         0.1   0.0055556 out   47   12   47     1     0      1 11391  0.00074        -
  25     0.10556   0.0055556 out   48   12   48     1     0      1 11394  0.00071        -
-----      当前进度:  55 % - 求解线性方程组
  26     0.11111   0.0055556 out   49   12   49     1     0      1 11397  0.00066        -
  27     0.11667   0.0055556 out   50   12   50     1     0      1 11400  0.00061        -
------     当前进度:  60 % - 求解线性方程组
  28     0.12222   0.0055556 out   51   12   51     1     0      1 11403  0.00056        -
------     当前进度:  63 % - 求解线性方程组
  29     0.12778   0.0055556 out   52   12   52     1     0      1 11406  0.00053        -
  30     0.13333   0.0055556 out   53   12   53     1     0      1 11409  0.00051        -
------     当前进度:  68 % - 求解线性方程组
  31     0.13889   0.0055556 out   54   12   54     1     0      1 11412  0.00053        -
  32     0.14444   0.0055556 out   55   12   55     1     0      1 11415  0.00056        -
-------    当前进度:  73 % - 求解线性方程组
  33        0.15   0.0055556 out   56   12   56     1     0      1 11418  0.00061        -
-------    当前进度:  76 % - 求解线性方程组
  34     0.15556   0.0055556 out   57   12   57     1     0      1 11421  0.00065        -
  35     0.16111   0.0055556 out   58   12   58     1     0      1 11424  0.00069        -
--------   当前进度:  81 % - 求解线性方程组
  36     0.16667   0.0055556 out   59   12   59     1     0      1 11427  0.00073        -
  37     0.17222   0.0055556 out   60   12   60     1     0      1 11430  0.00075        -
--------   当前进度:  87 % - 组装矩阵
  38     0.17778   0.0055556 out   61   12   61     1     0      1 11433  0.00077        -
  39     0.18333   0.0055556 out   62   12   62     1     0      1 11436  0.00078        -
---------  当前进度:  92 % - 组装矩阵
  40     0.18889   0.0055556 out   63   12   63     1     0      1 11439  0.00077        -
---------  当前进度:  95 % - 求解线性方程组
  41     0.19444   0.0055556 out   64   12   64     1     0      1 11442  0.00076        -
  42         0.2   0.0055556 out   65   12   65     1     0      1 11445  0.00074        -
时间步进已完成。
---------- 当前进度: 100 % - 求解线性方程组
Memory: 1156/1216 1389/1461
求解时间：530 s。 （8 分钟，50 秒）
物理内存: 1.22 GB
虚拟内存: 1.46 GB
结束时间：2026年9月10日 下午8:12:23。
----- 研究 2/解 2 (sol2) 中的“瞬态求解器 1” --------------------------------------------->
