*******************************************
***COMSOL 6.3.0.290 progress output file***
*******************************************
Thu Sep 10 17:17:18 CST 2026
顶点单元数：37
-          当前进度:  11 % - 调整边界网格
Memory: 692/919 866/1288
--         当前进度:  28 % - 正在创建边界网格
Memory: 693/919 866/1288
边单元数：481
边界单元数：4822
----       当前进度:  47 % - 正在创建初始四面体网格
Memory: 694/919 866/1288
--------   当前进度:  85 % - 插入内部点
Memory: 695/919 867/1288
--------   当前进度:  89 % - 提高单元质量
Memory: 697/919 870/1288
---------  当前进度:  93 % - 提高单元质量
Memory: 698/919 872/1288
单元数：60908
最小单元质量：0.2109
---------- 当前进度: 100 % - 正在定型网格
Memory: 698/919 868/1288
           当前进度:   1 % - 生成方程
Memory: 698/919 869/1288
           当前进度:   2 % - 生成方程
Memory: 714/919 862/1288
           当前进度:   3 % - 生成方程
Memory: 779/919 908/1288
<---- 研究/解 1 (sol1) 中的“编译方程: 稳态” -----------------------------------------------
开始于 2026年9月10日 下午5:17:46。
几何形函数: 二次拉格朗日单元
在  上运行。
在以下位置使用 1 个插槽： Zifeng 上（共 8 个内核）。
可用内存：32.60 GB。
           当前进度:   6 % - 编译方程: 稳态
Memory: 759/919 863/1288
           当前进度:   7 % - 编译方程: 稳态
Memory: 788/919 892/1288
时间：3。
物理内存: 809 MB
虚拟内存: 913 MB
结束时间：2026年9月10日 下午5:17:49。
----- 研究/解 1 (sol1) 中的“编译方程: 稳态” ---------------------------------------------->
<---- 研究/解 1 (sol1) 中的“因变量 1” --------------------------------------------------
开始于 2026年9月10日 下午5:17:49。
           当前进度:   7 % - 因变量 1
Memory: 803/919 919/1288
求解时间：0 s。
物理内存: 809 MB
虚拟内存: 919 MB
结束时间：2026年9月10日 下午5:17:49。
----- 研究/解 1 (sol1) 中的“因变量 1” ------------------------------------------------->
<---- 研究/解 1 (sol1) 中的“稳态求解器 1” ------------------------------------------------
开始于 2026年9月10日 下午5:17:49。
线性求解器 
求解的自由度数：81827。
--         当前进度:  26 % - 组装矩阵
Memory: 908/919 1017/1288
找到对称矩阵。
缩放因变量：
磁标势 (comp1.Vm): 1
已使用正交零空间函数。
---        当前进度:  38 % - 创建多重网格层
Memory: 915/936 1023/1288
---        当前进度:  38 % - 组装延展
Memory: 941/941 1048/1288
------     当前进度:  65 % - 矩阵分解
Memory: 929/945 1036/1288
Iter      SolEst     Damping    Stepsize #Res #Jac #Sol LinIt   LinErr   LinRes
-------    当前进度:  74 % - 求解线性方程组
Memory: 887/945 1157/1288
   1           1   1.0000000           1    1    1    1     3  0.00047  1.2e-06
---------- 当前进度: 100 % - 求解线性方程组
Memory: 860/945 1131/1288
求解时间：3 s。
物理内存: 945 MB
虚拟内存: 1157 MB
结束时间：2026年9月10日 下午5:17:52。
----- 研究/解 1 (sol1) 中的“稳态求解器 1” ----------------------------------------------->
----       当前进度:  47 % - 生成方程
Memory: 923/945 1186/1288
------     当前进度:  60 % - 生成方程
Memory: 930/945 1190/1288
---        当前进度:  39 % - 生成方程
Memory: 931/945 1190/1288
-----      当前进度:  54 % - 生成方程
Memory: 931/945 1191/1288
<---- 研究 2/解 2 (sol2) 中的“编译方程: 瞬态” ---------------------------------------------
开始于 2026年9月10日 下午5:17:56。
几何形函数: 二次拉格朗日单元
在  上运行。
在以下位置使用 1 个插槽： Zifeng 上（共 8 个内核）。
可用内存：32.60 GB。
           当前进度:   0 % - 生成方程
Memory: 947/954 1195/1288
在  上运行。
在以下位置使用 1 个插槽： Zifeng 上（共 8 个内核）。
可用内存：32.60 GB。
           当前进度:   1 % - 编译方程: 瞬态
Memory: 1035/1059 1279/1304
           当前进度:   2 % - 编译方程: 瞬态
Memory: 1035/1059 1277/1304
时间：3。
物理内存: 1.07 GB
虚拟内存: 1.31 GB
结束时间：2026年9月10日 下午5:17:59。
----- 研究 2/解 2 (sol2) 中的“编译方程: 瞬态” -------------------------------------------->
<---- 研究 2/解 2 (sol2) 中的“因变量 1” ------------------------------------------------
开始于 2026年9月10日 下午5:17:59。
待求解变量的初始值: 解 1 (sol1).
           当前进度:   2 % - 因变量 1
Memory: 1077/1077 1333/1340
求解时间：1 s。
物理内存: 1.08 GB
虚拟内存: 1.34 GB
结束时间：2026年9月10日 下午5:17:59。
----- 研究 2/解 2 (sol2) 中的“因变量 1” ----------------------------------------------->
<---- 研究 2/解 2 (sol2) 中的“瞬态求解器 1” ----------------------------------------------
开始于 2026年9月10日 下午5:17:59。
瞬态求解器 (BDF)
           当前进度:   4 % - 瞬态求解器 1
Memory: 1084/1084 1338/1340
求解的自由度数：81827。
           当前进度:   4 % - 组装矩阵
Memory: 1152/1157 1401/1408
找到对称矩阵。
缩放因变量：
磁标势 (comp1.Vm): 1.1e+05
Step        Time    Stepsize      Res  Jac  Sol Order Tfail NLfail LinIt   LinErr   LinRes
           当前进度:   4 % - 组装延展
Memory: 1235/1235 1486/1486
           当前进度:   4 % - 组装稀疏模式
Memory: 1224/1240 1474/1494
           当前进度:   4 % - 约束处理
Memory: 1234/1240 1659/1659
           当前进度:   4 % - 求解线性方程组
Memory: 1192/1240 1619/1662
           当前进度:   4 % - 组装矩阵
Memory: 1265/1265 1708/1711
           当前进度:   4 % - 求解线性方程组
Memory: 1265/1265 1709/1712
           当前进度:   4 % - 约束处理
Memory: 1258/1267 1693/1713
           当前进度:   4 % - 求解线性方程组
Memory: 1276/1276 1713/1716
           当前进度:   4 % - 约束处理
Memory: 1263/1279 1696/1719
           当前进度:   4 % - 求解线性方程组
Memory: 1280/1280 1716/1719
           当前进度:   4 % - 组装矩阵
Memory: 1279/1280 1715/1719
           当前进度:   4 % - 约束处理
Memory: 1263/1280 1715/1719
           当前进度:   4 % - 求解线性方程组
Memory: 1279/1280 1715/1719
           当前进度:   4 % - 组装矩阵
Memory: 1280/1280 1715/1719
           当前进度:   4 % - 求解线性方程组
           当前进度:   4 % - 创建多重网格层
Memory: 1262/1280 1694/1719
           当前进度:   4 % - 约束处理
Memory: 1279/1280 1715/1719
           当前进度:   4 % - 求解线性方程组
Memory: 1281/1281 1715/1719
           当前进度:   4 % - 组装矩阵
           当前进度:   4 % - 求解线性方程组
           当前进度:   4 % - 组装矩阵
           当前进度:   4 % - 求解线性方程组
   0           0           - out   17    7   17                  0  1551      9.4    0.024
---------- 当前进度: 100 % - 求解线性方程组
Memory: 1235/1281 1654/1719
求解时间：108 s。 （1 分钟，48 秒）
物理内存: 1.28 GB
虚拟内存: 1.72 GB
结束时间：2026年9月10日 下午5:19:48。
----- 研究 2/解 2 (sol2) 中的“瞬态求解器 1” --------------------------------------------->
