*******************************************
***COMSOL 6.3.0.290 progress output file***
*******************************************
Thu Sep 10 22:52:11 CST 2026
           当前进度:   0 % - Moving Magnet Sphere x=26 mm
Memory: 739/929 918/1298
           当前进度:   2 % - 圆柱体 2
Memory: 745/929 922/1298
           当前进度:   3 % - 圆柱体 3
Memory: 747/929 922/1298
           当前进度:   5 % - Air Domain R=200 mm
Memory: 749/929 924/1298
           当前进度:   7 % - Hole 1 Optimized
Memory: 750/929 925/1298
           当前进度:   9 % - Hole 2 Optimized
-          当前进度:  10 % - Hole 3 Optimized
Memory: 754/929 929/1298
-          当前进度:  12 % - point1
Memory: 756/929 931/1298
-          当前进度:  14 % - 钢片减去优化孔
Memory: 757/929 932/1298
-          当前进度:  14 % - 执行布尔操作
Memory: 762/929 936/1298
---        当前进度:  31 % - 旋转 1
----       当前进度:  48 % - 移动 1
Memory: 766/929 940/1298
------     当前进度:  66 % - 移动
Memory: 763/929 937/1298
--------   当前进度:  83 % - Form Union
--------   当前进度:  83 % - 执行布尔操作
---------- 当前进度: 100 % - 正在更新选择
Memory: 766/929 939/1298
顶点单元数：37
--         当前进度:  26 % - 正在创建边界网格
Memory: 777/929 949/1298
边单元数：484
边界单元数：4844
-----      当前进度:  57 % - 相关边界
Memory: 767/929 939/1298
--------   当前进度:  89 % - 提高单元质量
Memory: 774/929 946/1298
---------  当前进度:  99 % - 正在定型网格
Memory: 775/929 948/1298
单元数：60997
最小单元质量：0.1814
---------- 当前进度: 100 % - 正在定型网格
Memory: 775/929 944/1298
           当前进度:   1 % - 生成方程
Memory: 816/929 966/1298
           当前进度:   2 % - 生成方程
Memory: 826/929 978/1298
           当前进度:   3 % - 生成方程
Memory: 849/929 981/1298
<---- 研究/解 1 (sol1) 中的“编译方程: 稳态” -----------------------------------------------
开始于 2026年9月10日 下午10:52:23。
几何形函数: 二次拉格朗日单元
在  上运行。
在以下位置使用 1 个插槽： Zifeng 上（共 8 个内核）。
可用内存：32.60 GB。
           当前进度:   6 % - 编译方程: 稳态
Memory: 768/929 893/1298
           当前进度:   7 % - 编译方程: 稳态
Memory: 779/929 890/1298
时间：2。
物理内存: 862 MB
虚拟内存: 986 MB
结束时间：2026年9月10日 下午10:52:25。
----- 研究/解 1 (sol1) 中的“编译方程: 稳态” ---------------------------------------------->
<---- 研究/解 1 (sol1) 中的“因变量 1” --------------------------------------------------
开始于 2026年9月10日 下午10:52:25。
           当前进度:   7 % - 因变量 1
Memory: 839/929 955/1298
求解时间：0 s。
物理内存: 839 MB
虚拟内存: 955 MB
结束时间：2026年9月10日 下午10:52:25。
----- 研究/解 1 (sol1) 中的“因变量 1” ------------------------------------------------->
<---- 研究/解 1 (sol1) 中的“稳态求解器 1” ------------------------------------------------
开始于 2026年9月10日 下午10:52:25。
线性求解器 
求解的自由度数：81971。
---        当前进度:  38 % - 
Memory: 947/968 1043/1298
找到对称矩阵。
缩放因变量：
磁标势 (comp1.Vm): 1
已使用正交零空间函数。
---        当前进度:  38 % - 组装延展
Memory: 967/968 1062/1298
Iter      SolEst     Damping    Stepsize #Res #Jac #Sol LinIt   LinErr   LinRes
---------  当前进度:  92 % - 求解线性方程组
Memory: 975/975 1231/1298
   1           1   1.0000000           1    1    1    1     3  0.00051  1.3e-06
---------- 当前进度: 100 % - 求解线性方程组
Memory: 948/976 1200/1298
求解时间：1 s。
物理内存: 976 MB
虚拟内存: 1231 MB
结束时间：2026年9月10日 下午10:52:26。
----- 研究/解 1 (sol1) 中的“稳态求解器 1” ----------------------------------------------->
----       当前进度:  47 % - 生成方程
Memory: 987/995 1239/1298
---        当前进度:  39 % - 生成方程
Memory: 979/1009 1216/1298
<---- 研究 2/解 2 (sol2) 中的“编译方程: 瞬态” ---------------------------------------------
开始于 2026年9月10日 下午10:52:29。
几何形函数: 二次拉格朗日单元
在  上运行。
在以下位置使用 1 个插槽： Zifeng 上（共 8 个内核）。
可用内存：32.60 GB。
           当前进度:   0 % - 生成方程
Memory: 1049/1049 1337/1338
在  上运行。
在以下位置使用 1 个插槽： Zifeng 上（共 8 个内核）。
可用内存：32.60 GB。
           当前进度:   2 % - 编译方程: 瞬态
Memory: 1085/1119 1324/1356
时间：1。
物理内存: 1.12 GB
虚拟内存: 1.36 GB
结束时间：2026年9月10日 下午10:52:30。
----- 研究 2/解 2 (sol2) 中的“编译方程: 瞬态” -------------------------------------------->
<---- 研究 2/解 2 (sol2) 中的“因变量 1” ------------------------------------------------
开始于 2026年9月10日 下午10:52:30。
待求解变量的初始值: 解 1 (sol1).
           当前进度:   2 % - 因变量 1
Memory: 1069/1119 1321/1356
求解时间：0 s。
物理内存: 1.07 GB
虚拟内存: 1.32 GB
结束时间：2026年9月10日 下午10:52:30。
----- 研究 2/解 2 (sol2) 中的“因变量 1” ----------------------------------------------->
<---- 研究 2/解 2 (sol2) 中的“瞬态求解器 1” ----------------------------------------------
开始于 2026年9月10日 下午10:52:30。
瞬态求解器 (BDF)
求解的自由度数：81971。
找到对称矩阵。
缩放因变量：
磁标势 (comp1.Vm): 1.2e+04
Step        Time    Stepsize      Res  Jac  Sol Order Tfail NLfail   LinErr   LinRes
           当前进度:   4 % - 组装矩阵
Memory: 1189/1189 1444/1444
           当前进度:   4 % - 矩阵分解
Memory: 1213/1276 1473/1538
           当前进度:   4 % - 求解线性方程组
Memory: 1606/1606 2123/2171
           当前进度:   4 % - 矩阵分解
Memory: 1239/1607 1660/2171
           当前进度:   4 % - 求解线性方程组
Memory: 1516/1607 2032/2171
           当前进度:   4 % - 矩阵分解
Memory: 1172/1607 1595/2171
           当前进度:   4 % - 求解线性方程组
Memory: 1562/1607 2075/2171
           当前进度:   4 % - 矩阵分解
Memory: 1171/1607 1595/2171
           当前进度:   4 % - 组装矩阵
Memory: 1556/1607 2070/2171
           当前进度:   4 % - 求解线性方程组
Memory: 1560/1607 2074/2171
           当前进度:   4 % - 矩阵分解
Memory: 1151/1607 1571/2171
           当前进度:   4 % - 求解线性方程组
Memory: 1531/1607 2043/2171
           当前进度:   4 % - 组装矩阵
Memory: 1525/1607 2038/2171
           当前进度:   4 % - 矩阵分解
Memory: 1245/1607 1705/2171
           当前进度:   4 % - 求解线性方程组
Memory: 1531/1607 2044/2171
           当前进度:   4 % - 矩阵分解
Memory: 1162/1607 1582/2171
           当前进度:   4 % - 求解线性方程组
Memory: 1560/1607 2073/2171
           当前进度:   4 % - 组装矩阵
Memory: 1556/1607 2069/2171
           当前进度:   4 % - 求解线性方程组
Memory: 1561/1607 2073/2171
           当前进度:   4 % - 矩阵分解
Memory: 1249/1607 1672/2171
           当前进度:   4 % - 求解线性方程组
Memory: 1533/1607 2045/2171
           当前进度:   4 % - 组装矩阵
Memory: 1529/1607 2041/2171
           当前进度:   4 % - 矩阵分解
Memory: 1171/1607 1615/2171
           当前进度:   4 % - 求解线性方程组
Memory: 1566/1607 2078/2171
           当前进度:   4 % - 组装矩阵
Memory: 1562/1607 2074/2171
           当前进度:   4 % - 求解线性方程组
Memory: 1566/1607 2078/2171
           当前进度:   4 % - 矩阵分解
Memory: 1221/1607 1676/2171
           当前进度:   4 % - 求解线性方程组
Memory: 1569/1607 2081/2171
           当前进度:   4 % - 矩阵分解
Memory: 1144/1607 1578/2171
           当前进度:   4 % - 组装矩阵
Memory: 1563/1607 2074/2171
           当前进度:   4 % - 求解线性方程组
Memory: 1565/1607 2077/2171
           当前进度:   4 % - 矩阵分解
Memory: 1189/1607 1612/2171
           当前进度:   4 % - 求解线性方程组
Memory: 1567/1607 2079/2171
           当前进度:   4 % - 组装矩阵
Memory: 1564/1607 2076/2171
           当前进度:   4 % - 求解线性方程组
Memory: 1567/1607 2079/2171
           当前进度:   4 % - 矩阵分解
Memory: 1195/1607 1672/2171
           当前进度:   4 % - 求解线性方程组
Memory: 1571/1607 2083/2171
           当前进度:   4 % - 组装矩阵
Memory: 1567/1607 2079/2171
           当前进度:   4 % - 求解线性方程组
Memory: 1571/1607 2083/2171
           当前进度:   4 % - 矩阵分解
Memory: 1197/1607 1620/2171
           当前进度:   4 % - 求解线性方程组
Memory: 1570/1607 2082/2171
           当前进度:   4 % - 组装矩阵
Memory: 1567/1607 2079/2171
           当前进度:   4 % - 求解线性方程组
Memory: 1570/1607 2082/2171
           当前进度:   4 % - 矩阵分解
Memory: 1199/1607 1631/2171
           当前进度:   4 % - 求解线性方程组
Memory: 1576/1607 2089/2171
           当前进度:   4 % - 组装矩阵
Memory: 1573/1607 2086/2171
           当前进度:   4 % - 求解线性方程组
Memory: 1576/1607 2089/2171
           当前进度:   4 % - 矩阵分解
Memory: 1237/1607 1687/2171
           当前进度:   4 % - 求解线性方程组
Memory: 1533/1607 2046/2171
           当前进度:   4 % - 组装矩阵
Memory: 1530/1607 2043/2171
           当前进度:   4 % - 求解线性方程组
Memory: 1533/1607 2046/2171
           当前进度:   4 % - 矩阵分解
Memory: 1188/1607 1613/2171
           当前进度:   4 % - 求解线性方程组
Memory: 1566/1607 2079/2171
           当前进度:   4 % - 组装矩阵
Memory: 1565/1607 2078/2171
           当前进度:   4 % - 求解线性方程组
Memory: 1566/1607 2079/2171
           当前进度:   4 % - 矩阵分解
Memory: 1185/1607 1609/2171
           当前进度:   4 % - 求解线性方程组
Memory: 1573/1607 2086/2171
           当前进度:   4 % - 组装矩阵
Memory: 1572/1607 2085/2171
           当前进度:   4 % - 求解线性方程组
Memory: 1588/1607 2100/2171
           当前进度:   4 % - 矩阵分解
Memory: 1277/1607 1702/2171
           当前进度:   4 % - 组装矩阵
Memory: 1584/1607 2097/2171
           当前进度:   4 % - 求解线性方程组
Memory: 1585/1607 2099/2171
           当前进度:   4 % - 矩阵分解
Memory: 1236/1607 1694/2171
           当前进度:   4 % - 组装矩阵
Memory: 1585/1607 2098/2171
           当前进度:   4 % - 求解线性方程组
Memory: 1586/1607 2100/2171
   0           0           - out   80   21   80                  0        -      0.3
---------- 当前进度: 100 % - 求解线性方程组
Memory: 1113/1607 1529/2171
求解时间：53 s。
物理内存: 1.61 GB
虚拟内存: 2.17 GB
结束时间：2026年9月10日 下午10:53:23。
----- 研究 2/解 2 (sol2) 中的“瞬态求解器 1” --------------------------------------------->
