*******************************************
***COMSOL 6.3.0.290 progress output file***
*******************************************
Thu Sep 10 18:06:24 CST 2026
           当前进度:   0 % - Moving Magnet Sphere x=26 mm
Memory: 748/762 831/861
           当前进度:   2 % - 圆柱体 2
Memory: 756/762 836/861
           当前进度:   3 % - 圆柱体 3
           当前进度:   5 % - Air Domain R=200 mm
Memory: 757/762 836/861
           当前进度:   7 % - Hole 1 Optimized
Memory: 754/762 832/861
           当前进度:   9 % - Hole 2 Optimized
-          当前进度:  10 % - Hole 3 Optimized
-          当前进度:  12 % - point1
Memory: 755/762 833/861
-          当前进度:  14 % - 钢片减去优化孔
-          当前进度:  14 % - 执行布尔操作
Memory: 761/762 838/861
---        当前进度:  31 % - 旋转 1
----       当前进度:  48 % - 移动 1
Memory: 762/762 838/861
------     当前进度:  66 % - 移动
Memory: 765/765 842/861
--------   当前进度:  83 % - Form Union
Memory: 762/765 839/861
--------   当前进度:  83 % - 执行布尔操作
Memory: 763/766 839/861
---------- 当前进度: 100 % - 正在更新选择
顶点单元数：37
--         当前进度:  27 % - 正在创建边界网格
Memory: 763/794 840/870
边单元数：484
边界单元数：4844
-----      当前进度:  57 % - 相关边界
Memory: 754/794 831/870
--------   当前进度:  89 % - 提高单元质量
Memory: 761/794 838/870
---------  当前进度:  99 % - 正在定型网格
Memory: 762/794 840/870
单元数：60846
最小单元质量：0.2225
---------- 当前进度: 100 % - 正在定型网格
Memory: 761/794 838/870
           当前进度:   1 % - 生成方程
Memory: 773/794 846/870
           当前进度:   2 % - 生成方程
Memory: 785/794 859/870
           当前进度:   3 % - 生成方程
Memory: 806/806 887/887
<---- 研究/解 1 (sol1) 中的“编译方程: 稳态” -----------------------------------------------
开始于 2026年9月10日 下午6:06:37。
几何形函数: 二次拉格朗日单元
在  上运行。
在以下位置使用 1 个插槽： Zifeng 上（共 8 个内核）。
可用内存：32.60 GB。
           当前进度:   6 % - 编译方程: 稳态
Memory: 851/891 923/1002
           当前进度:   7 % - 编译方程: 稳态
Memory: 864/891 931/1002
时间：2。
物理内存: 891 MB
虚拟内存: 964 MB
结束时间：2026年9月10日 下午6:06:39。
----- 研究/解 1 (sol1) 中的“编译方程: 稳态” ---------------------------------------------->
<---- 研究/解 1 (sol1) 中的“因变量 1” --------------------------------------------------
开始于 2026年9月10日 下午6:06:39。
           当前进度:   7 % - 因变量 1
Memory: 867/891 945/1002
求解时间：0 s。
物理内存: 879 MB
虚拟内存: 946 MB
结束时间：2026年9月10日 下午6:06:39。
----- 研究/解 1 (sol1) 中的“因变量 1” ------------------------------------------------->
<---- 研究/解 1 (sol1) 中的“稳态求解器 1” ------------------------------------------------
开始于 2026年9月10日 下午6:06:39。
线性求解器 
求解的自由度数：81768。
找到对称矩阵。
缩放因变量：
磁标势 (comp1.Vm): 1
---        当前进度:  38 % - 
Memory: 975/998 1048/1066
已使用正交零空间函数。
---        当前进度:  38 % - 组装延展
Memory: 1015/1018 1084/1087
Iter      SolEst     Damping    Stepsize #Res #Jac #Sol LinIt   LinErr   LinRes
---------  当前进度:  92 % - 求解线性方程组
Memory: 1032/1032 1264/1267
   1           1   1.0000000           1    1    1    1     3  0.00097  2.4e-06
---------- 当前进度: 100 % - 求解线性方程组
Memory: 1006/1033 1234/1267
求解时间：1 s。
物理内存: 1.03 GB
虚拟内存: 1.27 GB
结束时间：2026年9月10日 下午6:06:41。
----- 研究/解 1 (sol1) 中的“稳态求解器 1” ----------------------------------------------->
----       当前进度:  47 % - 生成方程
Memory: 1013/1033 1240/1267
---        当前进度:  39 % - 生成方程
Memory: 1020/1033 1246/1267
-------    当前进度:  72 % - 生成方程
Memory: 1025/1033 1250/1267
<---- 研究 2/解 2 (sol2) 中的“编译方程: 瞬态” ---------------------------------------------
开始于 2026年9月10日 下午6:06:43。
几何形函数: 二次拉格朗日单元
在  上运行。
在以下位置使用 1 个插槽： Zifeng 上（共 8 个内核）。
可用内存：32.60 GB。
           当前进度:   0 % - 生成方程
Memory: 1025/1080 1241/1307
在  上运行。
在以下位置使用 1 个插槽： Zifeng 上（共 8 个内核）。
可用内存：32.60 GB。
           当前进度:   2 % - 编译方程: 瞬态
Memory: 1051/1080 1265/1307
时间：1。
物理内存: 1.06 GB
虚拟内存: 1.28 GB
结束时间：2026年9月10日 下午6:06:45。
----- 研究 2/解 2 (sol2) 中的“编译方程: 瞬态” -------------------------------------------->
<---- 研究 2/解 2 (sol2) 中的“因变量 1” ------------------------------------------------
开始于 2026年9月10日 下午6:06:45。
待求解变量的初始值: 解 1 (sol1).
           当前进度:   2 % - 因变量 1
Memory: 1066/1080 1289/1307
求解时间：0 s。
物理内存: 1.07 GB
虚拟内存: 1.29 GB
结束时间：2026年9月10日 下午6:06:45。
----- 研究 2/解 2 (sol2) 中的“因变量 1” ----------------------------------------------->
<---- 研究 2/解 2 (sol2) 中的“瞬态求解器 1” ----------------------------------------------
开始于 2026年9月10日 下午6:06:45。
瞬态求解器 (BDF)
求解的自由度数：81768。
找到对称矩阵。
缩放因变量：
磁标势 (comp1.Vm): 3.3e+04
           当前进度:   4 % - 约束处理
Memory: 1101/1125 1327/1352
Step        Time    Stepsize      Res  Jac  Sol Order Tfail NLfail LinIt   LinErr   LinRes
           当前进度:   4 % - 组装延展
Memory: 1180/1180 1410/1410
           当前进度:   4 % - 约束处理
Memory: 1177/1185 1397/1431
           当前进度:   4 % - 求解线性方程组
Memory: 1196/1196 1421/1431
           当前进度:   4 % - 组装矩阵
Memory: 1130/1202 1354/1431
           当前进度:   4 % - 求解线性方程组
           当前进度:   4 % - 约束处理
Memory: 1126/1202 1351/1431
           当前进度:   4 % - 求解线性方程组
Memory: 1143/1202 1371/1431
           当前进度:   4 % - 组装矩阵
Memory: 1144/1202 1371/1431
           当前进度:   4 % - 求解线性方程组
           当前进度:   4 % - 约束处理
Memory: 1130/1202 1371/1431
   0           0           - out   15    6   15                  0  1209   0.0012    3e-06
           当前进度:   4 % - 求解线性方程组
Memory: 1143/1202 1370/1431
   1   0.0002004      0.0002       16    7   16     1     0      0  1212   0.0011        -
   2   0.0004004      0.0002       17    7   17     1     0      0  1215   0.0011        -
   3   0.0008004      0.0004       18    7   18     2     0      0  1218  0.00031        -
           当前进度:   4 % - 组装矩阵
Memory: 1144/1202 1370/1431
   4   0.0016004      0.0008       19    8   19     1     0      0  1221   0.0011        -
           当前进度:   5 % - 组装矩阵
   5   0.0032004      0.0016       20    9   20     1     0      0  1224   0.0011        -
   6   0.0055556   0.0023552 out   21    9   21     1     0      0  1227   0.0011        -
           当前进度:   7 % - 求解线性方程组
   7   0.0083333   0.0027778       22   10   22     1     0      0  1230    0.001        -
           当前进度:   8 % - 求解线性方程组
   8    0.011111   0.0027778 out   23   10   23     1     0      0  1233    0.001        -
   9    0.016667   0.0055556 out   24   11   24     1     0      0  1236    0.001        -
-          当前进度:  12 % - 组装矩阵
Memory: 1145/1202 1371/1431
  10    0.022222   0.0055556 out   25   11   25     1     0      0  1239    0.001        -
-          当前进度:  15 % - 求解线性方程组
  11    0.027778   0.0055556 out   26   11   26     1     0      0  1242  0.00095        -
  12    0.033333   0.0055556 out   27   11   27     1     0      0  1245  0.00089        -
--         当前进度:  20 % - 组装矩阵
Memory: 1148/1202 1373/1431
  13    0.038889   0.0055556 out   28   11   28     1     0      0  1248  0.00081        -
--         当前进度:  23 % - 求解线性方程组
  14    0.044444   0.0055556 out   29   11   29     1     0      0  1251  0.00072        -
  15        0.05   0.0055556 out   30   11   30     1     0      0  1254  0.00064        -
--         当前进度:  28 % - 组装矩阵
  16    0.055556   0.0055556 out   31   11   31     1     0      0  1257  0.00062        -
---        当前进度:  31 % - 求解线性方程组
  17    0.061111   0.0055556 out   32   11   32     1     0      0  1260  0.00065        -
  18    0.066667   0.0055556 out   33   11   33     1     0      0  1263  0.00072        -
---        当前进度:  36 % - 组装矩阵
Memory: 1148/1202 1374/1431
  19    0.072222   0.0055556 out   34   11   34     1     0      0  1266  0.00079        -
---        当前进度:  39 % - 求解线性方程组
Memory: 1147/1202 1369/1431
  20    0.077778   0.0055556 out   35   11   35     1     0      0  1269  0.00087        -
  21    0.083333   0.0055556 out   36   11   36     1     0      0  1272  0.00093        -
----       当前进度:  44 % - 组装矩阵
  22    0.088889   0.0055556 out   37   11   37     1     0      0  1275  0.00098        -
----       当前进度:  47 % - 求解线性方程组
  23    0.094444   0.0055556 out   38   11   38     1     0      0  1278    0.001        -
  24         0.1   0.0055556 out   39   11   39     1     0      0  1281    0.001        -
-----      当前进度:  52 % - 求解线性方程组
  25     0.10556   0.0055556 out   40   11   40     1     0      0  1284   0.0011        -
-----      当前进度:  55 % - 求解线性方程组
  26     0.11111   0.0055556 out   41   11   41     1     0      0  1287    0.001        -
  27     0.11667   0.0055556 out   42   11   42     1     0      0  1290    0.001        -
------     当前进度:  60 % - 求解线性方程组
  28     0.12222   0.0055556 out   43   11   43     1     0      0  1293    0.001        -
------     当前进度:  63 % - 求解线性方程组
  29     0.12778   0.0055556 out   44   11   44     1     0      0  1296  0.00095        -
------     当前进度:  65 % - 求解线性方程组
  30     0.13333   0.0055556 out   45   11   45     1     0      0  1299  0.00089        -
  31     0.13889   0.0055556 out   46   11   46     1     0      0  1302  0.00081        -
-------    当前进度:  71 % - 求解线性方程组
  32     0.14444   0.0055556 out   47   11   47     1     0      0  1305  0.00072        -
-------    当前进度:  73 % - 求解线性方程组
  33        0.15   0.0055556 out   48   11   48     1     0      0  1308  0.00064        -
  34     0.15556   0.0055556 out   49   11   49     1     0      0  1311  0.00062        -
-------    当前进度:  79 % - 组装矩阵
Memory: 1147/1202 1370/1431
  35     0.16111   0.0055556 out   50   11   50     1     0      0  1314  0.00065        -
--------   当前进度:  81 % - 求解线性方程组
  36     0.16667   0.0055556 out   51   11   51     1     0      0  1317  0.00072        -
  37     0.17222   0.0055556 out   52   11   52     1     0      0  1320  0.00079        -
--------   当前进度:  87 % - 组装矩阵
  38     0.17778   0.0055556 out   53   11   53     1     0      0  1323  0.00087        -
--------   当前进度:  89 % - 求解线性方程组
  39     0.18333   0.0055556 out   54   11   54     1     0      0  1326  0.00093        -
  40     0.18889   0.0055556 out   55   11   55     1     0      0  1329  0.00098        -
---------  当前进度:  95 % - 求解线性方程组
  41     0.19444   0.0055556 out   56   11   56     1     0      0  1332    0.001        -
---------  当前进度:  97 % - 求解线性方程组
  42         0.2   0.0055556 out   57   11   57     1     0      0  1335    0.001        -
时间步进已完成。
---------- 当前进度: 100 % - 求解线性方程组
Memory: 1103/1202 1313/1431
求解时间：51 s。
物理内存: 1.2 GB
虚拟内存: 1.43 GB
结束时间：2026年9月10日 下午6:07:36。
----- 研究 2/解 2 (sol2) 中的“瞬态求解器 1” --------------------------------------------->
