*******************************************
***COMSOL 6.3.0.290 progress output file***
*******************************************
Thu Sep 10 17:51:10 CST 2026
           当前进度:   0 % - Moving Magnet Sphere x=26 mm
Memory: 757/914 948/1281
           当前进度:   2 % - 圆柱体 2
Memory: 744/914 933/1281
           当前进度:   3 % - 圆柱体 3
Memory: 747/914 935/1281
           当前进度:   5 % - Air Domain R=200 mm
Memory: 745/914 934/1281
           当前进度:   7 % - Hole 1 Optimized
Memory: 749/914 940/1281
           当前进度:   9 % - Hole 2 Optimized
Memory: 749/914 937/1281
-          当前进度:  10 % - Hole 3 Optimized
-          当前进度:  12 % - point1
Memory: 750/914 938/1281
-          当前进度:  14 % - 钢片减去优化孔
Memory: 747/914 936/1281
-          当前进度:  14 % - 执行布尔操作
Memory: 749/914 936/1281
---        当前进度:  31 % - 旋转 1
Memory: 750/914 938/1281
----       当前进度:  48 % - 移动 1
Memory: 751/914 938/1281
------     当前进度:  66 % - 移动
--------   当前进度:  83 % - Form Union
--------   当前进度:  83 % - 执行布尔操作
Memory: 733/914 920/1281
---------- 当前进度: 100 % - 正在更新选择
Memory: 672/914 880/1281
顶点单元数：37
--         当前进度:  27 % - 正在创建边界网格
Memory: 714/914 916/1281
边单元数：481
边界单元数：4816
-----      当前进度:  58 % - 相关边界
Memory: 695/914 881/1281
--------   当前进度:  89 % - 提高单元质量
Memory: 703/914 890/1281
单元数：60821
---------- 当前进度: 100 % - 正在定型网格
Memory: 686/914 870/1281
最小单元质量：0.2001
           当前进度:   1 % - 生成方程
Memory: 770/914 936/1281
           当前进度:   2 % - 生成方程
Memory: 800/914 947/1281
           当前进度:   3 % - 生成方程
Memory: 784/914 928/1281
<---- 研究/解 1 (sol1) 中的“编译方程: 稳态” -----------------------------------------------
开始于 2026年9月10日 下午5:51:31。
几何形函数: 二次拉格朗日单元
在  上运行。
在以下位置使用 1 个插槽： Zifeng 上（共 8 个内核）。
可用内存：32.60 GB。
           当前进度:   6 % - 编译方程: 稳态
Memory: 838/914 960/1281
           当前进度:   7 % - 编译方程: 稳态
Memory: 840/914 948/1281
时间：2。
物理内存: 854 MB
虚拟内存: 969 MB
结束时间：2026年9月10日 下午5:51:32。
----- 研究/解 1 (sol1) 中的“编译方程: 稳态” ---------------------------------------------->
<---- 研究/解 1 (sol1) 中的“因变量 1” --------------------------------------------------
开始于 2026年9月10日 下午5:51:32。
           当前进度:   7 % - 因变量 1
Memory: 862/914 979/1281
求解时间：0 s。
物理内存: 862 MB
虚拟内存: 979 MB
结束时间：2026年9月10日 下午5:51:32。
----- 研究/解 1 (sol1) 中的“因变量 1” ------------------------------------------------->
<---- 研究/解 1 (sol1) 中的“稳态求解器 1” ------------------------------------------------
开始于 2026年9月10日 下午5:51:32。
线性求解器 
求解的自由度数：81707。
找到对称矩阵。
---        当前进度:  38 % - 
Memory: 877/972 990/1281
缩放因变量：
磁标势 (comp1.Vm): 1
已使用正交零空间函数。
---        当前进度:  38 % - 组装延展
Memory: 931/972 1049/1281
Iter      SolEst     Damping    Stepsize #Res #Jac #Sol LinIt   LinErr   LinRes
---------  当前进度:  92 % - 求解线性方程组
Memory: 953/972 1226/1281
   1           1   1.0000000           1    1    1    1     3  0.00058  1.4e-06
---------- 当前进度: 100 % - 求解线性方程组
Memory: 925/972 1195/1281
求解时间：1 s。
物理内存: 972 MB
虚拟内存: 1226 MB
结束时间：2026年9月10日 下午5:51:34。
----- 研究/解 1 (sol1) 中的“稳态求解器 1” ----------------------------------------------->
----       当前进度:  47 % - 生成方程
Memory: 996/997 1249/1281
-----      当前进度:  54 % - 生成方程
Memory: 997/1007 1245/1281
<---- 研究 2/解 2 (sol2) 中的“编译方程: 瞬态” ---------------------------------------------
开始于 2026年9月10日 下午5:51:36。
几何形函数: 二次拉格朗日单元
在  上运行。
在以下位置使用 1 个插槽： Zifeng 上（共 8 个内核）。
可用内存：32.60 GB。
           当前进度:   0 % - 生成方程
Memory: 1097/1100 1335/1341
在  上运行。
在以下位置使用 1 个插槽： Zifeng 上（共 8 个内核）。
可用内存：32.60 GB。
           当前进度:   2 % - 编译方程: 瞬态
Memory: 1107/1123 1344/1361
时间：1。
物理内存: 1.12 GB
虚拟内存: 1.36 GB
结束时间：2026年9月10日 下午5:51:37。
----- 研究 2/解 2 (sol2) 中的“编译方程: 瞬态” -------------------------------------------->
<---- 研究 2/解 2 (sol2) 中的“因变量 1” ------------------------------------------------
开始于 2026年9月10日 下午5:51:37。
待求解变量的初始值: 解 1 (sol1).
           当前进度:   2 % - 因变量 1
Memory: 1116/1123 1381/1389
求解时间：0 s。
物理内存: 1.12 GB
虚拟内存: 1.39 GB
结束时间：2026年9月10日 下午5:51:37。
----- 研究 2/解 2 (sol2) 中的“因变量 1” ----------------------------------------------->
<---- 研究 2/解 2 (sol2) 中的“瞬态求解器 1” ----------------------------------------------
开始于 2026年9月10日 下午5:51:37。
瞬态求解器 (BDF)
求解的自由度数：81707。
找到对称矩阵。
缩放因变量：
磁标势 (comp1.Vm): 2.2e+04
           当前进度:   4 % - 约束处理
Memory: 1166/1192 1431/1456
Step        Time    Stepsize      Res  Jac  Sol Order Tfail NLfail LinIt   LinErr   LinRes
           当前进度:   4 % - 组装延展
Memory: 1253/1253 1526/1526
           当前进度:   4 % - 求解线性方程组
Memory: 1255/1255 1521/1527
           当前进度:   4 % - 组装矩阵
Memory: 1234/1256 1516/1528
           当前进度:   4 % - 求解线性方程组
Memory: 1234/1256 1518/1528
           当前进度:   4 % - 约束处理
Memory: 1216/1256 1496/1528
           当前进度:   4 % - 求解线性方程组
Memory: 1234/1256 1517/1528
           当前进度:   4 % - 约束处理
Memory: 1232/1256 1516/1528
           当前进度:   4 % - 求解线性方程组
Memory: 1234/1256 1516/1528
           当前进度:   4 % - 组装矩阵
Memory: 1237/1256 1519/1528
           当前进度:   4 % - 求解线性方程组
Memory: 1238/1256 1519/1528
   0           0           - out   24    9   24                  0 12725      1.9   0.0047
Warning: 线性求解器有错误消息。
Warning: 已达到最大中间迭代次数。
---------- 当前进度: 100 % - 求解线性方程组
Memory: 1194/1256 1458/1528
求解时间：299 s。 （4 分钟，59 秒）
物理内存: 1.26 GB
虚拟内存: 1.53 GB
Warning: 线性求解器有错误消息。
已达到最大中间迭代次数。
结束时间：2026年9月10日 下午5:56:36。
----- 研究 2/解 2 (sol2) 中的“瞬态求解器 1” --------------------------------------------->
