*******************************************
***COMSOL 6.3.0.290 progress output file***
*******************************************
Fri Sep 11 10:39:24 CST 2026
           当前进度:   0 % - Moving Magnet Sphere x=26 mm
Memory: 751/920 940/1289
           当前进度:   2 % - 圆柱体 2
Memory: 758/920 946/1289
           当前进度:   3 % - 圆柱体 3
Memory: 757/920 942/1289
           当前进度:   5 % - Air Domain R=200 mm
           当前进度:   7 % - Hole 1 Optimized
           当前进度:   9 % - Hole 2 Optimized
Memory: 762/920 947/1289
-          当前进度:  10 % - Hole 3 Optimized
-          当前进度:  12 % - point1
Memory: 764/920 949/1289
-          当前进度:  14 % - 钢片减去优化孔
-          当前进度:  14 % - 执行布尔操作
Memory: 771/920 954/1289
---        当前进度:  31 % - 旋转 1
Memory: 768/920 951/1289
----       当前进度:  48 % - 移动 1
------     当前进度:  66 % - 移动
Memory: 767/920 951/1289
--------   当前进度:  83 % - Form Union
Memory: 768/920 951/1289
--------   当前进度:  83 % - 执行布尔操作
Memory: 771/920 953/1289
---------- 当前进度: 100 % - 正在更新选择
顶点单元数：37
--         当前进度:  27 % - 正在创建边界网格
Memory: 773/920 953/1289
边单元数：480
边界单元数：4816
-------    当前进度:  73 % - 插入内部点
Memory: 774/920 953/1289
---------  当前进度:  90 % - 提高单元质量
Memory: 775/920 955/1289
---------- 当前进度: 100 % - 正在定型网格
单元数：61110
最小单元质量：0.1955
---------- 当前进度: 100 % - 正在分析几何
Memory: 777/920 955/1289
----       当前进度:  47 % - 生成方程
Memory: 826/920 978/1289
------     当前进度:  60 % - 生成方程
Memory: 827/920 980/1289
---        当前进度:  39 % - 生成方程
Memory: 888/920 1024/1289
-----      当前进度:  54 % - 生成方程
Memory: 843/920 963/1289
<---- 研究/解 1 (sol1) 中的“编译方程: 稳态” -----------------------------------------------
开始于 2026年9月11日 上午10:39:37。
几何形函数: 二次拉格朗日单元
在  上运行。
在以下位置使用 1 个插槽： Zifeng 上（共 8 个内核）。
可用内存：32.60 GB。
           当前进度:   0 % - 生成方程
Memory: 842/920 968/1289
在  上运行。
在以下位置使用 1 个插槽： Zifeng 上（共 8 个内核）。
可用内存：32.60 GB。
           当前进度:   3 % - 编译方程: 稳态
Memory: 842/920 949/1289
           当前进度:   5 % - 编译方程: 稳态
Memory: 841/920 942/1289
时间：1。
物理内存: 856 MB
虚拟内存: 970 MB
结束时间：2026年9月11日 上午10:39:39。
----- 研究/解 1 (sol1) 中的“编译方程: 稳态” ---------------------------------------------->
<---- 研究/解 1 (sol1) 中的“因变量 1” --------------------------------------------------
开始于 2026年9月11日 上午10:39:39。
           当前进度:   5 % - 因变量 1
Memory: 861/920 967/1289
求解时间：0 s。
物理内存: 861 MB
虚拟内存: 967 MB
结束时间：2026年9月11日 上午10:39:39。
----- 研究/解 1 (sol1) 中的“因变量 1” ------------------------------------------------->
<---- 研究/解 1 (sol1) 中的“稳态求解器 1” ------------------------------------------------
开始于 2026年9月11日 上午10:39:39。
线性求解器
求解的自由度数：82072。
找到对称矩阵。
缩放因变量：
磁标势 (comp1.Vm): 1
已使用正交零空间函数。
---        当前进度:  36 % - 矩阵分解
Memory: 986/986 1086/1289
----       当前进度:  44 % - 矩阵分解
Memory: 1129/1139 1734/1734
------     当前进度:  65 % - 矩阵分解
Memory: 1247/1247 1739/1739
-------    当前进度:  78 % - 矩阵分解
Memory: 1320/1320 1741/1742
--------   当前进度:  86 % - 矩阵分解
Memory: 1365/1365 1741/1742
--------   当前进度:  89 % - 矩阵分解
Memory: 1376/1376 1741/1742
Iter      SolEst     Damping    Stepsize #Res #Jac #Sol   LinErr   LinRes
   1        0.96   1.0000000        0.96    1    1    1  2.6e-11  1.8e-14
---------- 当前进度: 100 % - 求解线性方程组
Memory: 949/1378 1221/1742
求解时间：3 s。
物理内存: 1.38 GB
虚拟内存: 1.74 GB
结束时间：2026年9月11日 上午10:39:42。
----- 研究/解 1 (sol1) 中的“稳态求解器 1” ----------------------------------------------->
----       当前进度:  47 % - 生成方程
Memory: 975/1378 1228/1742
---        当前进度:  39 % - 生成方程
Memory: 978/1378 1222/1742
<---- 研究 2/解 2 (sol2) 中的“编译方程: 稳态” ---------------------------------------------
开始于 2026年9月11日 上午10:39:44。
几何形函数: 二次拉格朗日单元
在  上运行。
在以下位置使用 1 个插槽： Zifeng 上（共 8 个内核）。
可用内存：32.60 GB。
           当前进度:   0 % - 生成方程
Memory: 1076/1378 1324/1742
在  上运行。
在以下位置使用 1 个插槽： Zifeng 上（共 8 个内核）。
可用内存：32.60 GB。
           当前进度:   5 % - 编译方程: 稳态
Memory: 1103/1378 1348/1742
时间：1。
物理内存: 1.1 GB
虚拟内存: 1.35 GB
结束时间：2026年9月11日 上午10:39:44。
----- 研究 2/解 2 (sol2) 中的“编译方程: 稳态” -------------------------------------------->
<---- 研究 2/解 2 (sol2) 中的“因变量 1” ------------------------------------------------
开始于 2026年9月11日 上午10:39:44。
           当前进度:   5 % - 因变量 1
Memory: 1087/1378 1331/1742
求解时间：0 s。
物理内存: 1.1 GB
虚拟内存: 1.34 GB
结束时间：2026年9月11日 上午10:39:45。
----- 研究 2/解 2 (sol2) 中的“因变量 1” ----------------------------------------------->
<---- 研究 2/解 2 (sol2) 中的“稳态求解器 1” ----------------------------------------------
开始于 2026年9月11日 上午10:39:45。
线性求解器
求解的自由度数：82072。
找到对称矩阵。
缩放因变量：
磁标势 (comp1.Vm): 1
已使用正交零空间函数。
---        当前进度:  36 % - 矩阵分解
Memory: 1161/1378 1423/1742
-----      当前进度:  54 % - 矩阵分解
Memory: 1370/1378 1907/1907
-------    当前进度:  73 % - 矩阵分解
Memory: 1477/1477 1909/1909
--------   当前进度:  82 % - 矩阵分解
Memory: 1523/1523 1910/1910
--------   当前进度:  88 % - 矩阵分解
Memory: 1557/1557 1910/1910
Iter      SolEst     Damping    Stepsize #Res #Jac #Sol   LinErr   LinRes
   1        0.95   1.0000000        0.95    1    1    1  9.4e-12  1.8e-14
---------- 当前进度: 100 % - 求解线性方程组
Memory: 1547/1572 1891/1951
求解时间：2 s。
物理内存: 1.57 GB
虚拟内存: 1.95 GB
结束时间：2026年9月11日 上午10:39:47。
----- 研究 2/解 2 (sol2) 中的“稳态求解器 1” --------------------------------------------->
------     当前进度:  60 % - 生成方程
Memory: 1117/1572 1368/1951
-----      当前进度:  54 % - 生成方程
Memory: 1089/1572 1348/1951
<---- 研究 3/解 3 (sol3) 中的“编译方程: 稳态” ---------------------------------------------
开始于 2026年9月11日 上午10:39:48。
几何形函数: 二次拉格朗日单元
在  上运行。
在以下位置使用 1 个插槽： Zifeng 上（共 8 个内核）。
可用内存：32.60 GB。
           当前进度:   0 % - 编译方程: 稳态
Memory: 1075/1572 1329/1951
在  上运行。
在以下位置使用 1 个插槽： Zifeng 上（共 8 个内核）。
可用内存：32.60 GB。
           当前进度:   5 % - 编译方程: 稳态
Memory: 1093/1572 1345/1951
时间：1。
物理内存: 1.1 GB
虚拟内存: 1.35 GB
结束时间：2026年9月11日 上午10:39:49。
----- 研究 3/解 3 (sol3) 中的“编译方程: 稳态” -------------------------------------------->
<---- 研究 3/解 3 (sol3) 中的“因变量 1” ------------------------------------------------
开始于 2026年9月11日 上午10:39:49。
           当前进度:   5 % - 因变量 1
Memory: 1098/1572 1351/1951
求解时间：0 s。
物理内存: 1.1 GB
虚拟内存: 1.35 GB
结束时间：2026年9月11日 上午10:39:49。
----- 研究 3/解 3 (sol3) 中的“因变量 1” ----------------------------------------------->
<---- 研究 3/解 3 (sol3) 中的“稳态求解器 1” ----------------------------------------------
开始于 2026年9月11日 上午10:39:49。
线性求解器
求解的自由度数：82072。
找到对称矩阵。
缩放因变量：
磁标势 (comp1.Vm): 1
已使用正交零空间函数。
---        当前进度:  36 % - 矩阵分解
Memory: 1169/1572 1438/1951
-----      当前进度:  59 % - 矩阵分解
Memory: 1351/1572 1859/1951
-------    当前进度:  75 % - 矩阵分解
Memory: 1445/1572 1859/1951
--------   当前进度:  85 % - 矩阵分解
Memory: 1493/1572 1859/1951
--------   当前进度:  89 % - 矩阵分解
Memory: 1513/1572 1859/1951
Iter      SolEst     Damping    Stepsize #Res #Jac #Sol   LinErr   LinRes
   1        0.95   1.0000000        0.95    1    1    1  6.4e-14  1.7e-14
---------- 当前进度: 100 % - 求解线性方程组
Memory: 1093/1572 1345/1951
求解时间：2 s。
物理内存: 1.51 GB
虚拟内存: 1.86 GB
结束时间：2026年9月11日 上午10:39:51。
----- 研究 3/解 3 (sol3) 中的“稳态求解器 1” --------------------------------------------->
           当前进度:   0 % - 
Memory: 1114/1572 1365/1951
---        当前进度:  39 % - 生成方程
Memory: 1052/1572 1299/1951
<---- 研究 4/解 4 (sol4) 中的“编译方程: 稳态” ---------------------------------------------
开始于 2026年9月11日 上午10:39:52。
几何形函数: 二次拉格朗日单元
在  上运行。
在以下位置使用 1 个插槽： Zifeng 上（共 8 个内核）。
可用内存：32.60 GB。
           当前进度:   0 % - 生成方程
Memory: 1081/1572 1333/1951
在  上运行。
在以下位置使用 1 个插槽： Zifeng 上（共 8 个内核）。
可用内存：32.60 GB。
           当前进度:   5 % - 编译方程: 稳态
Memory: 1093/1572 1342/1951
时间：1。
物理内存: 1.1 GB
虚拟内存: 1.35 GB
结束时间：2026年9月11日 上午10:39:53。
----- 研究 4/解 4 (sol4) 中的“编译方程: 稳态” -------------------------------------------->
<---- 研究 4/解 4 (sol4) 中的“因变量 1” ------------------------------------------------
开始于 2026年9月11日 上午10:39:53。
           当前进度:   5 % - 因变量 1
Memory: 1060/1572 1313/1951
求解时间：0 s。
物理内存: 1.1 GB
虚拟内存: 1.35 GB
结束时间：2026年9月11日 上午10:39:53。
----- 研究 4/解 4 (sol4) 中的“因变量 1” ----------------------------------------------->
<---- 研究 4/解 4 (sol4) 中的“稳态求解器 1” ----------------------------------------------
开始于 2026年9月11日 上午10:39:53。
线性求解器
求解的自由度数：82072。
找到对称矩阵。
缩放因变量：
磁标势 (comp1.Vm): 1
已使用正交零空间函数。
---        当前进度:  36 % - 矩阵分解
Memory: 1184/1572 1442/1951
-----      当前进度:  54 % - 矩阵分解
Memory: 1309/1572 1837/1951
-------    当前进度:  74 % - 矩阵分解
Memory: 1416/1572 1837/1951
--------   当前进度:  81 % - 矩阵分解
Memory: 1464/1572 1837/1951
--------   当前进度:  88 % - 矩阵分解
Memory: 1493/1572 1837/1951
Iter      SolEst     Damping    Stepsize #Res #Jac #Sol   LinErr   LinRes
   1        0.95   1.0000000        0.95    1    1    1  1.2e-11  1.7e-14
---------- 当前进度: 100 % - 求解线性方程组
Memory: 1499/1572 1837/1951
求解时间：2 s。
物理内存: 1.5 GB
虚拟内存: 1.84 GB
结束时间：2026年9月11日 上午10:39:55。
----- 研究 4/解 4 (sol4) 中的“稳态求解器 1” --------------------------------------------->
           当前进度:   0 % - 
Memory: 1094/1572 1339/1951
<---- 研究 5/解 5 (sol5) 中的“编译方程: 稳态” ---------------------------------------------
开始于 2026年9月11日 上午10:39:56。
几何形函数: 二次拉格朗日单元
在  上运行。
在以下位置使用 1 个插槽： Zifeng 上（共 8 个内核）。
可用内存：32.60 GB。
           当前进度:   0 % - 编译方程: 稳态
Memory: 1068/1572 1314/1951
在  上运行。
在以下位置使用 1 个插槽： Zifeng 上（共 8 个内核）。
可用内存：32.60 GB。
           当前进度:   5 % - 编译方程: 稳态
Memory: 1088/1572 1335/1951
时间：1。
物理内存: 1.09 GB
虚拟内存: 1.34 GB
结束时间：2026年9月11日 上午10:39:57。
----- 研究 5/解 5 (sol5) 中的“编译方程: 稳态” -------------------------------------------->
<---- 研究 5/解 5 (sol5) 中的“因变量 1” ------------------------------------------------
开始于 2026年9月11日 上午10:39:57。
           当前进度:   5 % - 因变量 1
Memory: 1090/1572 1336/1951
求解时间：0 s。
物理内存: 1.09 GB
虚拟内存: 1.34 GB
结束时间：2026年9月11日 上午10:39:57。
----- 研究 5/解 5 (sol5) 中的“因变量 1” ----------------------------------------------->
<---- 研究 5/解 5 (sol5) 中的“稳态求解器 1” ----------------------------------------------
开始于 2026年9月11日 上午10:39:57。
线性求解器
求解的自由度数：82072。
找到对称矩阵。
缩放因变量：
磁标势 (comp1.Vm): 1
已使用正交零空间函数。
---        当前进度:  36 % - 矩阵分解
Memory: 1233/1572 1483/1951
-----      当前进度:  56 % - 矩阵分解
Memory: 1371/1572 1884/1951
-------    当前进度:  75 % - 矩阵分解
Memory: 1395/1572 1819/1951
--------   当前进度:  83 % - 矩阵分解
Memory: 1442/1572 1819/1951
--------   当前进度:  88 % - 矩阵分解
Memory: 1468/1572 1819/1951
Iter      SolEst     Damping    Stepsize #Res #Jac #Sol   LinErr   LinRes
   1        0.96   1.0000000        0.96    1    1    1  1.3e-11  1.7e-14
---------- 当前进度: 100 % - 求解线性方程组
Memory: 1474/1572 1820/1951
求解时间：2 s。
物理内存: 1.47 GB
虚拟内存: 1.88 GB
结束时间：2026年9月11日 上午10:39:59。
----- 研究 5/解 5 (sol5) 中的“稳态求解器 1” --------------------------------------------->
           当前进度:   0 % - 
Memory: 1104/1572 1349/1951
<---- 研究 6/解 6 (sol6) 中的“编译方程: 稳态” ---------------------------------------------
开始于 2026年9月11日 上午10:40:00。
几何形函数: 二次拉格朗日单元
在  上运行。
在以下位置使用 1 个插槽： Zifeng 上（共 8 个内核）。
可用内存：32.60 GB。
           当前进度:   0 % - 编译方程: 稳态
Memory: 1118/1572 1363/1951
在  上运行。
在以下位置使用 1 个插槽： Zifeng 上（共 8 个内核）。
可用内存：32.60 GB。
           当前进度:   5 % - 编译方程: 稳态
Memory: 1114/1572 1359/1951
时间：1。
物理内存: 1.12 GB
虚拟内存: 1.36 GB
结束时间：2026年9月11日 上午10:40:00。
----- 研究 6/解 6 (sol6) 中的“编译方程: 稳态” -------------------------------------------->
<---- 研究 6/解 6 (sol6) 中的“因变量 1” ------------------------------------------------
开始于 2026年9月11日 上午10:40:00。
           当前进度:   5 % - 因变量 1
Memory: 1115/1572 1359/1951
求解时间：0 s。
物理内存: 1.12 GB
虚拟内存: 1.36 GB
结束时间：2026年9月11日 上午10:40:00。
----- 研究 6/解 6 (sol6) 中的“因变量 1” ----------------------------------------------->
<---- 研究 6/解 6 (sol6) 中的“稳态求解器 1” ----------------------------------------------
开始于 2026年9月11日 上午10:40:01。
线性求解器
求解的自由度数：82072。
找到对称矩阵。
缩放因变量：
磁标势 (comp1.Vm): 1
已使用正交零空间函数。
---        当前进度:  36 % - 矩阵分解
Memory: 1223/1572 1495/1951
-----      当前进度:  57 % - 矩阵分解
Memory: 1382/1572 1890/1951
-------    当前进度:  75 % - 矩阵分解
Memory: 1481/1572 1890/1951
--------   当前进度:  84 % - 矩阵分解
Memory: 1530/1572 1890/1951
--------   当前进度:  89 % - 矩阵分解
Memory: 1554/1572 1890/1951
Iter      SolEst     Damping    Stepsize #Res #Jac #Sol   LinErr   LinRes
   1        0.96   1.0000000        0.96    1    1    1  5.9e-12  1.8e-14
---------- 当前进度: 100 % - 求解线性方程组
Memory: 1296/1572 1693/1951
求解时间：2 s。
物理内存: 1.55 GB
虚拟内存: 1.89 GB
结束时间：2026年9月11日 上午10:40:03。
----- 研究 6/解 6 (sol6) 中的“稳态求解器 1” --------------------------------------------->
           当前进度:   0 % - 
Memory: 1120/1572 1360/1951
<---- 研究 7/解 7 (sol7) 中的“编译方程: 稳态” ---------------------------------------------
开始于 2026年9月11日 上午10:40:04。
几何形函数: 二次拉格朗日单元
在  上运行。
在以下位置使用 1 个插槽： Zifeng 上（共 8 个内核）。
可用内存：32.60 GB。
           当前进度:   0 % - 编译方程: 稳态
Memory: 1122/1572 1362/1951
在  上运行。
在以下位置使用 1 个插槽： Zifeng 上（共 8 个内核）。
可用内存：32.60 GB。
           当前进度:   5 % - 编译方程: 稳态
时间：1。
物理内存: 1.12 GB
虚拟内存: 1.36 GB
结束时间：2026年9月11日 上午10:40:04。
----- 研究 7/解 7 (sol7) 中的“编译方程: 稳态” -------------------------------------------->
<---- 研究 7/解 7 (sol7) 中的“因变量 1” ------------------------------------------------
开始于 2026年9月11日 上午10:40:04。
           当前进度:   5 % - 因变量 1
求解时间：0 s。
物理内存: 1.12 GB
虚拟内存: 1.36 GB
结束时间：2026年9月11日 上午10:40:04。
----- 研究 7/解 7 (sol7) 中的“因变量 1” ----------------------------------------------->
<---- 研究 7/解 7 (sol7) 中的“稳态求解器 1” ----------------------------------------------
开始于 2026年9月11日 上午10:40:04。
线性求解器
求解的自由度数：82072。
找到对称矩阵。
缩放因变量：
磁标势 (comp1.Vm): 1
已使用正交零空间函数。
---        当前进度:  36 % - 矩阵分解
Memory: 1259/1572 1498/1951
-----      当前进度:  57 % - 矩阵分解
Memory: 1335/1572 1843/1951
-------    当前进度:  75 % - 矩阵分解
Memory: 1437/1572 1843/1951
--------   当前进度:  83 % - 矩阵分解
Memory: 1483/1572 1843/1951
--------   当前进度:  89 % - 矩阵分解
Memory: 1509/1572 1843/1951
Iter      SolEst     Damping    Stepsize #Res #Jac #Sol   LinErr   LinRes
   1        0.96   1.0000000        0.96    1    1    1  1.6e-11  1.8e-14
---------- 当前进度: 100 % - 求解线性方程组
Memory: 1109/1572 1351/1951
求解时间：2 s。
物理内存: 1.51 GB
虚拟内存: 1.84 GB
结束时间：2026年9月11日 上午10:40:07。
----- 研究 7/解 7 (sol7) 中的“稳态求解器 1” --------------------------------------------->
           当前进度:   0 % - 
Memory: 1104/1572 1340/1951
<---- 研究 8/解 8 (sol8) 中的“编译方程: 稳态” ---------------------------------------------
开始于 2026年9月11日 上午10:40:08。
几何形函数: 二次拉格朗日单元
在  上运行。
在以下位置使用 1 个插槽： Zifeng 上（共 8 个内核）。
可用内存：32.60 GB。
           当前进度:   0 % - 编译方程: 稳态
Memory: 1062/1572 1300/1951
在  上运行。
在以下位置使用 1 个插槽： Zifeng 上（共 8 个内核）。
可用内存：32.60 GB。
           当前进度:   5 % - 编译方程: 稳态
Memory: 1052/1572 1290/1951
时间：1。
物理内存: 1.07 GB
虚拟内存: 1.31 GB
结束时间：2026年9月11日 上午10:40:08。
----- 研究 8/解 8 (sol8) 中的“编译方程: 稳态” -------------------------------------------->
<---- 研究 8/解 8 (sol8) 中的“因变量 1” ------------------------------------------------
开始于 2026年9月11日 上午10:40:08。
           当前进度:   5 % - 因变量 1
Memory: 1063/1572 1302/1951
求解时间：0 s。
物理内存: 1.06 GB
虚拟内存: 1.3 GB
结束时间：2026年9月11日 上午10:40:08。
----- 研究 8/解 8 (sol8) 中的“因变量 1” ----------------------------------------------->
<---- 研究 8/解 8 (sol8) 中的“稳态求解器 1” ----------------------------------------------
开始于 2026年9月11日 上午10:40:08。
线性求解器
求解的自由度数：82072。
找到对称矩阵。
缩放因变量：
磁标势 (comp1.Vm): 1
已使用正交零空间函数。
---        当前进度:  36 % - 矩阵分解
Memory: 1210/1572 1451/1951
-----      当前进度:  55 % - 矩阵分解
Memory: 1362/1572 1878/1951
-------    当前进度:  73 % - 矩阵分解
Memory: 1464/1572 1879/1951
--------   当前进度:  81 % - 矩阵分解
Memory: 1514/1572 1879/1951
--------   当前进度:  88 % - 矩阵分解
Memory: 1544/1572 1879/1951
Iter      SolEst     Damping    Stepsize #Res #Jac #Sol   LinErr   LinRes
---------- 当前进度: 100 % - 求解线性方程组
Memory: 1551/1572 1880/1951
   1        0.96   1.0000000        0.96    1    1    1  1.5e-11  1.8e-14
求解时间：2 s。
物理内存: 1.55 GB
虚拟内存: 1.88 GB
结束时间：2026年9月11日 上午10:40:10。
----- 研究 8/解 8 (sol8) 中的“稳态求解器 1” --------------------------------------------->
           当前进度:   0 % - 
Memory: 1123/1572 1360/1951
<---- 研究 9/解 9 (sol9) 中的“编译方程: 稳态” ---------------------------------------------
开始于 2026年9月11日 上午10:40:11。
几何形函数: 二次拉格朗日单元
在  上运行。
在以下位置使用 1 个插槽： Zifeng 上（共 8 个内核）。
可用内存：32.60 GB。
           当前进度:   0 % - 编译方程: 稳态
Memory: 1044/1572 1277/1951
在  上运行。
在以下位置使用 1 个插槽： Zifeng 上（共 8 个内核）。
可用内存：32.60 GB。
           当前进度:   5 % - 编译方程: 稳态
Memory: 1078/1572 1312/1951
时间：1。
物理内存: 1.08 GB
虚拟内存: 1.31 GB
结束时间：2026年9月11日 上午10:40:12。
----- 研究 9/解 9 (sol9) 中的“编译方程: 稳态” -------------------------------------------->
<---- 研究 9/解 9 (sol9) 中的“因变量 1” ------------------------------------------------
开始于 2026年9月11日 上午10:40:12。
           当前进度:   5 % - 因变量 1
Memory: 1079/1572 1313/1951
求解时间：0 s。
物理内存: 1.08 GB
虚拟内存: 1.31 GB
结束时间：2026年9月11日 上午10:40:12。
----- 研究 9/解 9 (sol9) 中的“因变量 1” ----------------------------------------------->
<---- 研究 9/解 9 (sol9) 中的“稳态求解器 1” ----------------------------------------------
开始于 2026年9月11日 上午10:40:12。
线性求解器
求解的自由度数：82072。
找到对称矩阵。
缩放因变量：
磁标势 (comp1.Vm): 1
已使用正交零空间函数。
---        当前进度:  36 % - 矩阵分解
Memory: 1201/1572 1438/1951
-----      当前进度:  58 % - 矩阵分解
Memory: 1379/1572 1876/1951
-------    当前进度:  76 % - 矩阵分解
Memory: 1478/1572 1876/1951
--------   当前进度:  84 % - 矩阵分解
Memory: 1524/1572 1876/1951
--------   当前进度:  89 % - 矩阵分解
Memory: 1544/1572 1876/1951
Iter      SolEst     Damping    Stepsize #Res #Jac #Sol   LinErr   LinRes
   1        0.96   1.0000000        0.96    1    1    1  1.3e-11  1.7e-14
---------- 当前进度: 100 % - 求解线性方程组
Memory: 1109/1572 1347/1951
求解时间：2 s。
物理内存: 1.54 GB
虚拟内存: 1.88 GB
结束时间：2026年9月11日 上午10:40:14。
----- 研究 9/解 9 (sol9) 中的“稳态求解器 1” --------------------------------------------->
           当前进度:   0 % - 
Memory: 1119/1572 1350/1951
<---- 研究 10/解 10 (sol10) 中的“编译方程: 稳态” ------------------------------------------
开始于 2026年9月11日 上午10:40:15。
几何形函数: 二次拉格朗日单元
在  上运行。
在以下位置使用 1 个插槽： Zifeng 上（共 8 个内核）。
可用内存：32.60 GB。
           当前进度:   0 % - 编译方程: 稳态
Memory: 1121/1572 1352/1951
在  上运行。
在以下位置使用 1 个插槽： Zifeng 上（共 8 个内核）。
可用内存：32.60 GB。
           当前进度:   5 % - 编译方程: 稳态
Memory: 1123/1572 1354/1951
时间：1。
物理内存: 1.12 GB
虚拟内存: 1.35 GB
结束时间：2026年9月11日 上午10:40:16。
----- 研究 10/解 10 (sol10) 中的“编译方程: 稳态” ----------------------------------------->
<---- 研究 10/解 10 (sol10) 中的“因变量 1” ---------------------------------------------
开始于 2026年9月11日 上午10:40:16。
           当前进度:   5 % - 因变量 1
Memory: 1128/1572 1360/1951
求解时间：0 s。
物理内存: 1.13 GB
虚拟内存: 1.36 GB
结束时间：2026年9月11日 上午10:40:16。
----- 研究 10/解 10 (sol10) 中的“因变量 1” -------------------------------------------->
<---- 研究 10/解 10 (sol10) 中的“稳态求解器 1” -------------------------------------------
开始于 2026年9月11日 上午10:40:16。
线性求解器
求解的自由度数：82072。
找到对称矩阵。
缩放因变量：
磁标势 (comp1.Vm): 1
已使用正交零空间函数。
---        当前进度:  36 % - 矩阵分解
Memory: 1271/1572 1544/1951
-----      当前进度:  57 % - 矩阵分解
Memory: 1405/1572 1938/1951
-------    当前进度:  75 % - 矩阵分解
Memory: 1503/1572 1938/1951
--------   当前进度:  84 % - 矩阵分解
Memory: 1554/1572 1938/1951
--------   当前进度:  88 % - 矩阵分解
Memory: 1576/1576 1938/1951
Iter      SolEst     Damping    Stepsize #Res #Jac #Sol   LinErr   LinRes
   1           1   1.0000000           1    1    1    1  4.9e-11  3.9e-13
---------- 当前进度: 100 % - 求解线性方程组
Memory: 1179/1581 1743/1951
求解时间：2 s。
物理内存: 1.58 GB
虚拟内存: 1.94 GB
结束时间：2026年9月11日 上午10:40:18。
----- 研究 10/解 10 (sol10) 中的“稳态求解器 1” ------------------------------------------>
           当前进度:   0 % - Moving Magnet Sphere x=26 mm
Memory: 1156/1581 1438/1951
           当前进度:   2 % - 圆柱体 2
           当前进度:   3 % - 圆柱体 3
           当前进度:   5 % - Air Domain R=200 mm
           当前进度:   7 % - Hole 1 Optimized
           当前进度:   9 % - Hole 2 Optimized
-          当前进度:  10 % - Hole 3 Optimized
-          当前进度:  12 % - point1
-          当前进度:  14 % - 钢片减去优化孔
-          当前进度:  14 % - 执行布尔操作
---        当前进度:  31 % - 旋转 1
----       当前进度:  48 % - 移动 1
------     当前进度:  66 % - 移动
--------   当前进度:  83 % - Form Union
--------   当前进度:  83 % - 执行布尔操作
---------- 当前进度: 100 % - 正在更新选择
顶点单元数：37
--         当前进度:  27 % - 正在创建边界网格
Memory: 1153/1581 1435/1951
边单元数：480
边界单元数：4812
------     当前进度:  69 % - 插入内部点
--------   当前进度:  89 % - 提高单元质量
Memory: 1154/1581 1436/1951
---------  当前进度:  99 % - 正在定型网格
Memory: 1155/1581 1438/1951
单元数：60805
最小单元质量：0.2178
---------- 当前进度: 100 % - 正在定型网格
Memory: 1154/1581 1435/1951
---------- 当前进度: 100 % - 正在分析几何
           当前进度:   0 % - 
Memory: 1155/1581 1436/1951
<---- 研究 11/解 11 (sol11) 中的“编译方程: 稳态” ------------------------------------------
开始于 2026年9月11日 上午10:40:22。
几何形函数: 二次拉格朗日单元
在  上运行。
在以下位置使用 1 个插槽： Zifeng 上（共 8 个内核）。
可用内存：32.60 GB。
           当前进度:   0 % - 编译方程: 稳态
Memory: 1156/1581 1436/1951
在  上运行。
在以下位置使用 1 个插槽： Zifeng 上（共 8 个内核）。
可用内存：32.60 GB。
           当前进度:   3 % - 编译方程: 稳态
Memory: 1165/1581 1436/1951
           当前进度:   5 % - 编译方程: 稳态
Memory: 1166/1581 1436/1951
时间：1。
物理内存: 1.17 GB
虚拟内存: 1.44 GB
结束时间：2026年9月11日 上午10:40:22。
----- 研究 11/解 11 (sol11) 中的“编译方程: 稳态” ----------------------------------------->
<---- 研究 11/解 11 (sol11) 中的“因变量 1” ---------------------------------------------
开始于 2026年9月11日 上午10:40:22。
           当前进度:   5 % - 因变量 1
Memory: 1165/1581 1436/1951
求解时间：0 s。
物理内存: 1.17 GB
虚拟内存: 1.44 GB
结束时间：2026年9月11日 上午10:40:22。
----- 研究 11/解 11 (sol11) 中的“因变量 1” -------------------------------------------->
<---- 研究 11/解 11 (sol11) 中的“稳态求解器 1” -------------------------------------------
开始于 2026年9月11日 上午10:40:22。
线性求解器
求解的自由度数：81677。
找到对称矩阵。
缩放因变量：
磁标势 (comp1.Vm): 1
已使用正交零空间函数。
---        当前进度:  36 % - 矩阵分解
Memory: 1256/1581 1526/1951
-----      当前进度:  54 % - 矩阵分解
Memory: 1408/1581 1949/1951
-------    当前进度:  73 % - 矩阵分解
Memory: 1515/1581 1949/1951
--------   当前进度:  83 % - 矩阵分解
Memory: 1564/1581 1949/1951
--------   当前进度:  88 % - 矩阵分解
Memory: 1590/1590 1949/1951
Iter      SolEst     Damping    Stepsize #Res #Jac #Sol   LinErr   LinRes
   1        0.96   1.0000000        0.96    1    1    1  6.5e-12  1.8e-14
---------- 当前进度: 100 % - 求解线性方程组
Memory: 1382/1600 1756/1954
求解时间：3 s。
物理内存: 1.6 GB
虚拟内存: 1.95 GB
结束时间：2026年9月11日 上午10:40:25。
----- 研究 11/解 11 (sol11) 中的“稳态求解器 1” ------------------------------------------>
           当前进度:   0 % - 
Memory: 1164/1600 1430/1954
<---- 研究 12/解 12 (sol12) 中的“编译方程: 稳态” ------------------------------------------
开始于 2026年9月11日 上午10:40:26。
几何形函数: 二次拉格朗日单元
在  上运行。
在以下位置使用 1 个插槽： Zifeng 上（共 8 个内核）。
可用内存：32.60 GB。
           当前进度:   0 % - 编译方程: 稳态
Memory: 1161/1600 1427/1954
在  上运行。
在以下位置使用 1 个插槽： Zifeng 上（共 8 个内核）。
可用内存：32.60 GB。
           当前进度:   5 % - 编译方程: 稳态
Memory: 1162/1600 1427/1954
时间：1。
物理内存: 1.17 GB
虚拟内存: 1.43 GB
结束时间：2026年9月11日 上午10:40:27。
----- 研究 12/解 12 (sol12) 中的“编译方程: 稳态” ----------------------------------------->
<---- 研究 12/解 12 (sol12) 中的“因变量 1” ---------------------------------------------
开始于 2026年9月11日 上午10:40:27。
           当前进度:   5 % - 因变量 1
Memory: 1161/1600 1427/1954
求解时间：0 s。
物理内存: 1.16 GB
虚拟内存: 1.43 GB
结束时间：2026年9月11日 上午10:40:27。
----- 研究 12/解 12 (sol12) 中的“因变量 1” -------------------------------------------->
<---- 研究 12/解 12 (sol12) 中的“稳态求解器 1” -------------------------------------------
开始于 2026年9月11日 上午10:40:27。
线性求解器
求解的自由度数：81677。
找到对称矩阵。
缩放因变量：
磁标势 (comp1.Vm): 1
已使用正交零空间函数。
---        当前进度:  36 % - 矩阵分解
Memory: 1309/1600 1568/1954
-----      当前进度:  57 % - 矩阵分解
Memory: 1438/1600 2125/2125
-------    当前进度:  76 % - 矩阵分解
Memory: 1541/1600 2128/2128
--------   当前进度:  84 % - 矩阵分解
Memory: 1584/1600 2129/2129
--------   当前进度:  89 % - 矩阵分解
Memory: 1606/1606 2130/2130
Iter      SolEst     Damping    Stepsize #Res #Jac #Sol   LinErr   LinRes
   1        0.95   1.0000000        0.95    1    1    1  3.2e-11  1.8e-14
---------- 当前进度: 100 % - 求解线性方程组
Memory: 1203/1614 1638/2134
求解时间：2 s。
物理内存: 1.61 GB
虚拟内存: 2.13 GB
结束时间：2026年9月11日 上午10:40:29。
----- 研究 12/解 12 (sol12) 中的“稳态求解器 1” ------------------------------------------>
           当前进度:   0 % - 
Memory: 1200/1614 1624/2134
<---- 研究 13/解 13 (sol13) 中的“编译方程: 稳态” ------------------------------------------
开始于 2026年9月11日 上午10:40:31。
几何形函数: 二次拉格朗日单元
在  上运行。
在以下位置使用 1 个插槽： Zifeng 上（共 8 个内核）。
可用内存：32.60 GB。
           当前进度:   0 % - 编译方程: 稳态
Memory: 1196/1614 1620/2134
在  上运行。
在以下位置使用 1 个插槽： Zifeng 上（共 8 个内核）。
可用内存：32.60 GB。
           当前进度:   5 % - 编译方程: 稳态
Memory: 1195/1614 1617/2134
时间：1。
物理内存: 1.2 GB
虚拟内存: 1.62 GB
结束时间：2026年9月11日 上午10:40:31。
----- 研究 13/解 13 (sol13) 中的“编译方程: 稳态” ----------------------------------------->
<---- 研究 13/解 13 (sol13) 中的“因变量 1” ---------------------------------------------
开始于 2026年9月11日 上午10:40:31。
           当前进度:   5 % - 因变量 1
求解时间：0 s。
物理内存: 1.2 GB
虚拟内存: 1.62 GB
结束时间：2026年9月11日 上午10:40:31。
----- 研究 13/解 13 (sol13) 中的“因变量 1” -------------------------------------------->
<---- 研究 13/解 13 (sol13) 中的“稳态求解器 1” -------------------------------------------
开始于 2026年9月11日 上午10:40:31。
线性求解器
求解的自由度数：81677。
找到对称矩阵。
缩放因变量：
磁标势 (comp1.Vm): 1
已使用正交零空间函数。
---        当前进度:  36 % - 矩阵分解
Memory: 1334/1614 1761/2134
-----      当前进度:  57 % - 矩阵分解
Memory: 1469/1614 2151/2151
-------    当前进度:  76 % - 矩阵分解
Memory: 1568/1614 2153/2153
--------   当前进度:  83 % - 矩阵分解
Memory: 1610/1614 2153/2153
--------   当前进度:  88 % - 矩阵分解
Memory: 1635/1635 2154/2154
Iter      SolEst     Damping    Stepsize #Res #Jac #Sol   LinErr   LinRes
   1        0.95   1.0000000        0.95    1    1    1  2.4e-12  1.7e-14
---------- 当前进度: 100 % - 求解线性方程组
Memory: 1206/1643 1632/2158
求解时间：2 s。
物理内存: 1.64 GB
虚拟内存: 2.16 GB
结束时间：2026年9月11日 上午10:40:34。
----- 研究 13/解 13 (sol13) 中的“稳态求解器 1” ------------------------------------------>
           当前进度:   0 % - 
Memory: 1216/1643 1641/2158
<---- 研究 14/解 14 (sol14) 中的“编译方程: 稳态” ------------------------------------------
开始于 2026年9月11日 上午10:40:35。
几何形函数: 二次拉格朗日单元
在  上运行。
在以下位置使用 1 个插槽： Zifeng 上（共 8 个内核）。
可用内存：32.60 GB。
           当前进度:   0 % - 编译方程: 稳态
Memory: 1209/1643 1633/2158
在  上运行。
在以下位置使用 1 个插槽： Zifeng 上（共 8 个内核）。
可用内存：32.60 GB。
           当前进度:   5 % - 编译方程: 稳态
Memory: 1211/1643 1634/2158
时间：1。
物理内存: 1.21 GB
虚拟内存: 1.63 GB
结束时间：2026年9月11日 上午10:40:35。
----- 研究 14/解 14 (sol14) 中的“编译方程: 稳态” ----------------------------------------->
<---- 研究 14/解 14 (sol14) 中的“因变量 1” ---------------------------------------------
开始于 2026年9月11日 上午10:40:36。
           当前进度:   5 % - 因变量 1
求解时间：0 s。
物理内存: 1.21 GB
虚拟内存: 1.63 GB
结束时间：2026年9月11日 上午10:40:36。
----- 研究 14/解 14 (sol14) 中的“因变量 1” -------------------------------------------->
<---- 研究 14/解 14 (sol14) 中的“稳态求解器 1” -------------------------------------------
开始于 2026年9月11日 上午10:40:36。
线性求解器
求解的自由度数：81677。
找到对称矩阵。
缩放因变量：
磁标势 (comp1.Vm): 1
已使用正交零空间函数。
---        当前进度:  36 % - 矩阵分解
Memory: 1347/1643 1767/2158
-----      当前进度:  58 % - 矩阵分解
Memory: 1482/1643 2152/2158
-------    当前进度:  76 % - 矩阵分解
Memory: 1579/1643 2152/2158
--------   当前进度:  83 % - 矩阵分解
Memory: 1624/1643 2153/2158
--------   当前进度:  89 % - 矩阵分解
Memory: 1644/1644 2153/2158
Iter      SolEst     Damping    Stepsize #Res #Jac #Sol   LinErr   LinRes
   1        0.95   1.0000000        0.95    1    1    1  4.6e-12  1.7e-14
---------- 当前进度: 100 % - 求解线性方程组
Memory: 1252/1650 1671/2158
求解时间：2 s。
物理内存: 1.65 GB
虚拟内存: 2.15 GB
结束时间：2026年9月11日 上午10:40:38。
----- 研究 14/解 14 (sol14) 中的“稳态求解器 1” ------------------------------------------>
           当前进度:   0 % - 
Memory: 1184/1650 1605/2158
<---- 研究 15/解 15 (sol15) 中的“编译方程: 稳态” ------------------------------------------
开始于 2026年9月11日 上午10:40:39。
几何形函数: 二次拉格朗日单元
在  上运行。
在以下位置使用 1 个插槽： Zifeng 上（共 8 个内核）。
可用内存：32.60 GB。
           当前进度:   0 % - 编译方程: 稳态
Memory: 1169/1650 1588/2158
在  上运行。
在以下位置使用 1 个插槽： Zifeng 上（共 8 个内核）。
可用内存：32.60 GB。
           当前进度:   5 % - 编译方程: 稳态
Memory: 1193/1650 1611/2158
时间：1。
物理内存: 1.2 GB
虚拟内存: 1.61 GB
结束时间：2026年9月11日 上午10:40:40。
----- 研究 15/解 15 (sol15) 中的“编译方程: 稳态” ----------------------------------------->
<---- 研究 15/解 15 (sol15) 中的“因变量 1” ---------------------------------------------
开始于 2026年9月11日 上午10:40:40。
           当前进度:   5 % - 因变量 1
Memory: 1200/1650 1617/2158
求解时间：0 s。
物理内存: 1.2 GB
虚拟内存: 1.62 GB
结束时间：2026年9月11日 上午10:40:40。
----- 研究 15/解 15 (sol15) 中的“因变量 1” -------------------------------------------->
<---- 研究 15/解 15 (sol15) 中的“稳态求解器 1” -------------------------------------------
开始于 2026年9月11日 上午10:40:40。
线性求解器
求解的自由度数：81677。
找到对称矩阵。
缩放因变量：
磁标势 (comp1.Vm): 1
已使用正交零空间函数。
---        当前进度:  36 % - 矩阵分解
Memory: 1310/1650 1731/2158
-----      当前进度:  56 % - 矩阵分解
Memory: 1477/1650 2159/2159
-------    当前进度:  75 % - 矩阵分解
Memory: 1578/1650 2159/2159
--------   当前进度:  82 % - 矩阵分解
Memory: 1614/1650 2159/2159
--------   当前进度:  88 % - 矩阵分解
Memory: 1645/1650 2159/2159
Iter      SolEst     Damping    Stepsize #Res #Jac #Sol   LinErr   LinRes
---------- 当前进度: 100 % - 求解线性方程组
Memory: 1653/1656 2161/2164
   1        0.96   1.0000000        0.96    1    1    1    6e-12  1.7e-14
求解时间：3 s。
物理内存: 1.66 GB
虚拟内存: 2.16 GB
结束时间：2026年9月11日 上午10:40:43。
----- 研究 15/解 15 (sol15) 中的“稳态求解器 1” ------------------------------------------>
           当前进度:   0 % - 
Memory: 1231/1656 1646/2164
<---- 研究 16/解 16 (sol16) 中的“编译方程: 稳态” ------------------------------------------
开始于 2026年9月11日 上午10:40:44。
几何形函数: 二次拉格朗日单元
在  上运行。
在以下位置使用 1 个插槽： Zifeng 上（共 8 个内核）。
可用内存：32.60 GB。
           当前进度:   0 % - 编译方程: 稳态
Memory: 1230/1656 1643/2164
在  上运行。
在以下位置使用 1 个插槽： Zifeng 上（共 8 个内核）。
可用内存：32.60 GB。
           当前进度:   5 % - 编译方程: 稳态
Memory: 1231/1656 1644/2164
时间：1。
物理内存: 1.23 GB
虚拟内存: 1.64 GB
结束时间：2026年9月11日 上午10:40:45。
----- 研究 16/解 16 (sol16) 中的“编译方程: 稳态” ----------------------------------------->
<---- 研究 16/解 16 (sol16) 中的“因变量 1” ---------------------------------------------
开始于 2026年9月11日 上午10:40:45。
           当前进度:   5 % - 因变量 1
求解时间：0 s。
物理内存: 1.23 GB
虚拟内存: 1.64 GB
结束时间：2026年9月11日 上午10:40:45。
----- 研究 16/解 16 (sol16) 中的“因变量 1” -------------------------------------------->
<---- 研究 16/解 16 (sol16) 中的“稳态求解器 1” -------------------------------------------
开始于 2026年9月11日 上午10:40:45。
线性求解器
求解的自由度数：81677。
找到对称矩阵。
缩放因变量：
磁标势 (comp1.Vm): 1
已使用正交零空间函数。
---        当前进度:  36 % - 矩阵分解
Memory: 1362/1656 1779/2164
-----      当前进度:  59 % - 矩阵分解
Memory: 1505/1656 2164/2164
-------    当前进度:  77 % - 矩阵分解
Memory: 1599/1656 2164/2164
--------   当前进度:  85 % - 矩阵分解
Memory: 1644/1656 2165/2165
--------   当前进度:  89 % - 矩阵分解
Memory: 1661/1661 2165/2165
Iter      SolEst     Damping    Stepsize #Res #Jac #Sol   LinErr   LinRes
   1        0.96   1.0000000        0.96    1    1    1  1.8e-11  1.8e-14
---------- 当前进度: 100 % - 求解线性方程组
Memory: 1273/1668 1688/2170
求解时间：2 s。
物理内存: 1.67 GB
虚拟内存: 2.17 GB
结束时间：2026年9月11日 上午10:40:47。
----- 研究 16/解 16 (sol16) 中的“稳态求解器 1” ------------------------------------------>
           当前进度:   0 % - 
Memory: 1236/1668 1647/2170
<---- 研究 17/解 17 (sol17) 中的“编译方程: 稳态” ------------------------------------------
开始于 2026年9月11日 上午10:40:48。
几何形函数: 二次拉格朗日单元
在  上运行。
在以下位置使用 1 个插槽： Zifeng 上（共 8 个内核）。
可用内存：32.60 GB。
           当前进度:   0 % - 编译方程: 稳态
Memory: 1236/1668 1646/2170
在  上运行。
在以下位置使用 1 个插槽： Zifeng 上（共 8 个内核）。
可用内存：32.60 GB。
           当前进度:   5 % - 编译方程: 稳态
时间：1。
物理内存: 1.24 GB
虚拟内存: 1.65 GB
结束时间：2026年9月11日 上午10:40:49。
----- 研究 17/解 17 (sol17) 中的“编译方程: 稳态” ----------------------------------------->
<---- 研究 17/解 17 (sol17) 中的“因变量 1” ---------------------------------------------
开始于 2026年9月11日 上午10:40:49。
           当前进度:   5 % - 因变量 1
Memory: 1237/1668 1646/2170
求解时间：0 s。
物理内存: 1.24 GB
虚拟内存: 1.65 GB
结束时间：2026年9月11日 上午10:40:49。
----- 研究 17/解 17 (sol17) 中的“因变量 1” -------------------------------------------->
<---- 研究 17/解 17 (sol17) 中的“稳态求解器 1” -------------------------------------------
开始于 2026年9月11日 上午10:40:49。
线性求解器
求解的自由度数：81677。
找到对称矩阵。
缩放因变量：
磁标势 (comp1.Vm): 1
已使用正交零空间函数。
---        当前进度:  36 % - 矩阵分解
Memory: 1358/1668 1781/2170
-----      当前进度:  53 % - 矩阵分解
Memory: 1485/1668 2174/2174
-------    当前进度:  72 % - 矩阵分解
Memory: 1593/1668 2174/2174
--------   当前进度:  82 % - 矩阵分解
Memory: 1641/1668 2174/2174
--------   当前进度:  88 % - 矩阵分解
Memory: 1674/1674 2174/2174
Iter      SolEst     Damping    Stepsize #Res #Jac #Sol   LinErr   LinRes
   1        0.96   1.0000000        0.96    1    1    1  1.8e-11  1.8e-14
---------- 当前进度: 100 % - 求解线性方程组
Memory: 1680/1684 2175/2179
求解时间：2 s。
物理内存: 1.68 GB
虚拟内存: 2.18 GB
结束时间：2026年9月11日 上午10:40:52。
----- 研究 17/解 17 (sol17) 中的“稳态求解器 1” ------------------------------------------>
           当前进度:   0 % - 
Memory: 1167/1684 1573/2179
<---- 研究 18/解 18 (sol18) 中的“编译方程: 稳态” ------------------------------------------
开始于 2026年9月11日 上午10:40:53。
几何形函数: 二次拉格朗日单元
在  上运行。
在以下位置使用 1 个插槽： Zifeng 上（共 8 个内核）。
可用内存：32.60 GB。
           当前进度:   0 % - 编译方程: 稳态
Memory: 1177/1684 1584/2179
在  上运行。
在以下位置使用 1 个插槽： Zifeng 上（共 8 个内核）。
可用内存：32.60 GB。
           当前进度:   5 % - 编译方程: 稳态
Memory: 1192/1684 1602/2179
时间：1。
物理内存: 1.2 GB
虚拟内存: 1.61 GB
结束时间：2026年9月11日 上午10:40:54。
----- 研究 18/解 18 (sol18) 中的“编译方程: 稳态” ----------------------------------------->
<---- 研究 18/解 18 (sol18) 中的“因变量 1” ---------------------------------------------
开始于 2026年9月11日 上午10:40:54。
           当前进度:   5 % - 因变量 1
Memory: 1198/1684 1606/2179
求解时间：0 s。
物理内存: 1.2 GB
虚拟内存: 1.61 GB
结束时间：2026年9月11日 上午10:40:54。
----- 研究 18/解 18 (sol18) 中的“因变量 1” -------------------------------------------->
<---- 研究 18/解 18 (sol18) 中的“稳态求解器 1” -------------------------------------------
开始于 2026年9月11日 上午10:40:54。
线性求解器
求解的自由度数：81677。
找到对称矩阵。
缩放因变量：
磁标势 (comp1.Vm): 1
已使用正交零空间函数。
---        当前进度:  36 % - 矩阵分解
Memory: 1352/1684 1767/2179
-----      当前进度:  54 % - 矩阵分解
Memory: 1476/1684 2159/2179
-------    当前进度:  74 % - 矩阵分解
Memory: 1579/1684 2159/2179
--------   当前进度:  81 % - 矩阵分解
Memory: 1620/1684 2159/2179
--------   当前进度:  88 % - 矩阵分解
Memory: 1654/1684 2159/2179
Iter      SolEst     Damping    Stepsize #Res #Jac #Sol   LinErr   LinRes
   1        0.96   1.0000000        0.96    1    1    1  1.5e-11  1.8e-14
---------- 当前进度: 100 % - 求解线性方程组
Memory: 1662/1684 2161/2179
求解时间：3 s。
物理内存: 1.66 GB
虚拟内存: 2.16 GB
结束时间：2026年9月11日 上午10:40:56。
----- 研究 18/解 18 (sol18) 中的“稳态求解器 1” ------------------------------------------>
           当前进度:   0 % - 
Memory: 1234/1684 1643/2179
<---- 研究 19/解 19 (sol19) 中的“编译方程: 稳态” ------------------------------------------
开始于 2026年9月11日 上午10:40:58。
几何形函数: 二次拉格朗日单元
在  上运行。
在以下位置使用 1 个插槽： Zifeng 上（共 8 个内核）。
可用内存：32.60 GB。
           当前进度:   0 % - 编译方程: 稳态
Memory: 1239/1684 1649/2179
在  上运行。
在以下位置使用 1 个插槽： Zifeng 上（共 8 个内核）。
可用内存：32.60 GB。
           当前进度:   5 % - 编译方程: 稳态
Memory: 1240/1684 1649/2179
时间：1。
物理内存: 1.24 GB
虚拟内存: 1.65 GB
结束时间：2026年9月11日 上午10:40:58。
----- 研究 19/解 19 (sol19) 中的“编译方程: 稳态” ----------------------------------------->
<---- 研究 19/解 19 (sol19) 中的“因变量 1” ---------------------------------------------
开始于 2026年9月11日 上午10:40:58。
           当前进度:   5 % - 因变量 1
求解时间：0 s。
物理内存: 1.24 GB
虚拟内存: 1.65 GB
结束时间：2026年9月11日 上午10:40:58。
----- 研究 19/解 19 (sol19) 中的“因变量 1” -------------------------------------------->
<---- 研究 19/解 19 (sol19) 中的“稳态求解器 1” -------------------------------------------
开始于 2026年9月11日 上午10:40:58。
线性求解器
求解的自由度数：81677。
找到对称矩阵。
缩放因变量：
磁标势 (comp1.Vm): 1
已使用正交零空间函数。
---        当前进度:  36 % - 矩阵分解
Memory: 1373/1684 1784/2179
-----      当前进度:  55 % - 矩阵分解
Memory: 1496/1684 2171/2179
-------    当前进度:  75 % - 矩阵分解
Memory: 1600/1684 2171/2179
--------   当前进度:  84 % - 矩阵分解
Memory: 1647/1684 2171/2179
--------   当前进度:  89 % - 矩阵分解
Memory: 1670/1684 2171/2179
Iter      SolEst     Damping    Stepsize #Res #Jac #Sol   LinErr   LinRes
   1        0.96   1.0000000        0.96    1    1    1  1.2e-11  1.8e-14
---------- 当前进度: 100 % - 求解线性方程组
Memory: 1265/1684 1674/2179
求解时间：2 s。
物理内存: 1.67 GB
虚拟内存: 2.17 GB
结束时间：2026年9月11日 上午10:41:00。
----- 研究 19/解 19 (sol19) 中的“稳态求解器 1” ------------------------------------------>
           当前进度:   0 % - 
Memory: 1248/1684 1654/2179
<---- 研究 20/解 20 (sol20) 中的“编译方程: 稳态” ------------------------------------------
开始于 2026年9月11日 上午10:41:02。
几何形函数: 二次拉格朗日单元
在  上运行。
在以下位置使用 1 个插槽： Zifeng 上（共 8 个内核）。
可用内存：32.60 GB。
           当前进度:   0 % - 编译方程: 稳态
Memory: 1248/1684 1655/2179
在  上运行。
在以下位置使用 1 个插槽： Zifeng 上（共 8 个内核）。
可用内存：32.60 GB。
           当前进度:   5 % - 编译方程: 稳态
时间：1。
物理内存: 1.25 GB
虚拟内存: 1.65 GB
结束时间：2026年9月11日 上午10:41:02。
----- 研究 20/解 20 (sol20) 中的“编译方程: 稳态” ----------------------------------------->
<---- 研究 20/解 20 (sol20) 中的“因变量 1” ---------------------------------------------
开始于 2026年9月11日 上午10:41:02。
           当前进度:   5 % - 因变量 1
求解时间：0 s。
物理内存: 1.25 GB
虚拟内存: 1.65 GB
结束时间：2026年9月11日 上午10:41:02。
----- 研究 20/解 20 (sol20) 中的“因变量 1” -------------------------------------------->
<---- 研究 20/解 20 (sol20) 中的“稳态求解器 1” -------------------------------------------
开始于 2026年9月11日 上午10:41:02。
线性求解器
求解的自由度数：81677。
找到对称矩阵。
缩放因变量：
磁标势 (comp1.Vm): 1
已使用正交零空间函数。
---        当前进度:  36 % - 矩阵分解
Memory: 1342/1684 1754/2179
-----      当前进度:  55 % - 矩阵分解
Memory: 1497/1684 2171/2179
-------    当前进度:  74 % - 矩阵分解
Memory: 1600/1684 2171/2179
--------   当前进度:  81 % - 矩阵分解
Memory: 1646/1684 2172/2179
--------   当前进度:  88 % - 矩阵分解
Memory: 1671/1684 2172/2179
Iter      SolEst     Damping    Stepsize #Res #Jac #Sol   LinErr   LinRes
   1           1   1.0000000           1    1    1    1  3.6e-11    4e-13
---------- 当前进度: 100 % - 求解线性方程组
Memory: 1677/1684 2172/2179
求解时间：2 s。
物理内存: 1.68 GB
虚拟内存: 2.17 GB
结束时间：2026年9月11日 上午10:41:05。
----- 研究 20/解 20 (sol20) 中的“稳态求解器 1” ------------------------------------------>
           当前进度:   0 % - Moving Magnet Sphere x=26 mm
Memory: 1251/1684 1656/2179
           当前进度:   2 % - 圆柱体 2
           当前进度:   3 % - 圆柱体 3
           当前进度:   5 % - Air Domain R=200 mm
           当前进度:   7 % - Hole 1 Optimized
           当前进度:   9 % - Hole 2 Optimized
-          当前进度:  10 % - Hole 3 Optimized
-          当前进度:  12 % - point1
-          当前进度:  14 % - 钢片减去优化孔
-          当前进度:  14 % - 执行布尔操作
---        当前进度:  31 % - 旋转 1
----       当前进度:  48 % - 移动 1
------     当前进度:  66 % - 移动
--------   当前进度:  83 % - Form Union
--------   当前进度:  83 % - 执行布尔操作
---------- 当前进度: 100 % - 正在更新选择
顶点单元数：37
--         当前进度:  26 % - 正在创建边界网格
边单元数：481
边界单元数：4816
------     当前进度:  67 % - 插入内部点
Memory: 1252/1684 1657/2179
--------   当前进度:  89 % - 提高单元质量
Memory: 1253/1684 1658/2179
---------  当前进度:  99 % - 正在定型网格
Memory: 1254/1684 1660/2179
单元数：60821
最小单元质量：0.2001
---------- 当前进度: 100 % - 正在定型网格
Memory: 1252/1684 1657/2179
---------- 当前进度: 100 % - 正在分析几何
           当前进度:   0 % - 
Memory: 1253/1684 1657/2179
<---- 研究 21/解 21 (sol21) 中的“编译方程: 稳态” ------------------------------------------
开始于 2026年9月11日 上午10:41:08。
几何形函数: 二次拉格朗日单元
在  上运行。
在以下位置使用 1 个插槽： Zifeng 上（共 8 个内核）。
可用内存：32.60 GB。
           当前进度:   0 % - 编译方程: 稳态
Memory: 1255/1684 1659/2179
在  上运行。
在以下位置使用 1 个插槽： Zifeng 上（共 8 个内核）。
可用内存：32.60 GB。
           当前进度:   3 % - 编译方程: 稳态
Memory: 1263/1684 1667/2179
           当前进度:   5 % - 编译方程: 稳态
Memory: 1257/1684 1661/2179
时间：1。
物理内存: 1.26 GB
虚拟内存: 1.67 GB
结束时间：2026年9月11日 上午10:41:09。
----- 研究 21/解 21 (sol21) 中的“编译方程: 稳态” ----------------------------------------->
<---- 研究 21/解 21 (sol21) 中的“因变量 1” ---------------------------------------------
开始于 2026年9月11日 上午10:41:09。
           当前进度:   5 % - 因变量 1
求解时间：0 s。
物理内存: 1.26 GB
虚拟内存: 1.66 GB
结束时间：2026年9月11日 上午10:41:09。
----- 研究 21/解 21 (sol21) 中的“因变量 1” -------------------------------------------->
<---- 研究 21/解 21 (sol21) 中的“稳态求解器 1” -------------------------------------------
开始于 2026年9月11日 上午10:41:09。
线性求解器
求解的自由度数：81707。
找到对称矩阵。
缩放因变量：
磁标势 (comp1.Vm): 1
已使用正交零空间函数。
---        当前进度:  36 % - 矩阵分解
Memory: 1390/1684 1797/2179
-----      当前进度:  54 % - 矩阵分解
Memory: 1507/1684 2187/2187
-------    当前进度:  74 % - 矩阵分解
Memory: 1613/1684 2187/2187
--------   当前进度:  84 % - 矩阵分解
Memory: 1668/1684 2187/2187
--------   当前进度:  89 % - 矩阵分解
Memory: 1688/1688 2187/2187
Iter      SolEst     Damping    Stepsize #Res #Jac #Sol   LinErr   LinRes
   1        0.96   1.0000000        0.96    1    1    1  2.3e-11  1.7e-14
---------- 当前进度: 100 % - 求解线性方程组
Memory: 1297/1696 1704/2191
求解时间：3 s。
物理内存: 1.7 GB
虚拟内存: 2.19 GB
结束时间：2026年9月11日 上午10:41:12。
----- 研究 21/解 21 (sol21) 中的“稳态求解器 1” ------------------------------------------>
           当前进度:   0 % - 
Memory: 1272/1696 1677/2191
<---- 研究 22/解 22 (sol22) 中的“编译方程: 稳态” ------------------------------------------
开始于 2026年9月11日 上午10:41:13。
几何形函数: 二次拉格朗日单元
在  上运行。
在以下位置使用 1 个插槽： Zifeng 上（共 8 个内核）。
可用内存：32.60 GB。
           当前进度:   0 % - 编译方程: 稳态
Memory: 1205/1696 1610/2191
在  上运行。
在以下位置使用 1 个插槽： Zifeng 上（共 8 个内核）。
可用内存：32.60 GB。
           当前进度:   5 % - 编译方程: 稳态
Memory: 1213/1696 1624/2191
时间：1。
物理内存: 1.22 GB
虚拟内存: 1.63 GB
结束时间：2026年9月11日 上午10:41:14。
----- 研究 22/解 22 (sol22) 中的“编译方程: 稳态” ----------------------------------------->
<---- 研究 22/解 22 (sol22) 中的“因变量 1” ---------------------------------------------
开始于 2026年9月11日 上午10:41:14。
           当前进度:   5 % - 因变量 1
Memory: 1222/1696 1632/2191
求解时间：0 s。
物理内存: 1.22 GB
虚拟内存: 1.63 GB
结束时间：2026年9月11日 上午10:41:14。
----- 研究 22/解 22 (sol22) 中的“因变量 1” -------------------------------------------->
<---- 研究 22/解 22 (sol22) 中的“稳态求解器 1” -------------------------------------------
开始于 2026年9月11日 上午10:41:14。
线性求解器
求解的自由度数：81707。
找到对称矩阵。
缩放因变量：
磁标势 (comp1.Vm): 1
已使用正交零空间函数。
---        当前进度:  36 % - 矩阵分解
Memory: 1367/1696 1790/2191
-----      当前进度:  55 % - 矩阵分解
Memory: 1500/1696 2180/2191
-------    当前进度:  74 % - 矩阵分解
Memory: 1604/1696 2180/2191
--------   当前进度:  84 % - 矩阵分解
Memory: 1654/1696 2180/2191
--------   当前进度:  88 % - 矩阵分解
Memory: 1678/1696 2180/2191
Iter      SolEst     Damping    Stepsize #Res #Jac #Sol   LinErr   LinRes
   1        0.95   1.0000000        0.95    1    1    1  1.3e-12  1.8e-14
---------- 当前进度: 100 % - 求解线性方程组
Memory: 1612/1696 2104/2191
求解时间：2 s。
物理内存: 1.68 GB
虚拟内存: 2.18 GB
结束时间：2026年9月11日 上午10:41:17。
----- 研究 22/解 22 (sol22) 中的“稳态求解器 1” ------------------------------------------>
           当前进度:   0 % - 
Memory: 1251/1696 1659/2191
<---- 研究 23/解 23 (sol23) 中的“编译方程: 稳态” ------------------------------------------
开始于 2026年9月11日 上午10:41:18。
几何形函数: 二次拉格朗日单元
在  上运行。
在以下位置使用 1 个插槽： Zifeng 上（共 8 个内核）。
可用内存：32.60 GB。
           当前进度:   0 % - 编译方程: 稳态
Memory: 1250/1696 1658/2191
在  上运行。
在以下位置使用 1 个插槽： Zifeng 上（共 8 个内核）。
可用内存：32.60 GB。
           当前进度:   5 % - 编译方程: 稳态
Memory: 1254/1696 1661/2191
时间：1。
物理内存: 1.25 GB
虚拟内存: 1.66 GB
结束时间：2026年9月11日 上午10:41:19。
----- 研究 23/解 23 (sol23) 中的“编译方程: 稳态” ----------------------------------------->
<---- 研究 23/解 23 (sol23) 中的“因变量 1” ---------------------------------------------
开始于 2026年9月11日 上午10:41:19。
           当前进度:   5 % - 因变量 1
求解时间：0 s。
物理内存: 1.25 GB
虚拟内存: 1.66 GB
结束时间：2026年9月11日 上午10:41:19。
----- 研究 23/解 23 (sol23) 中的“因变量 1” -------------------------------------------->
<---- 研究 23/解 23 (sol23) 中的“稳态求解器 1” -------------------------------------------
开始于 2026年9月11日 上午10:41:19。
线性求解器
求解的自由度数：81707。
找到对称矩阵。
缩放因变量：
磁标势 (comp1.Vm): 1
已使用正交零空间函数。
---        当前进度:  36 % - 矩阵分解
Memory: 1389/1696 1799/2191
-----      当前进度:  56 % - 矩阵分解
Memory: 1519/1696 2188/2191
-------    当前进度:  76 % - 矩阵分解
Memory: 1624/1696 2188/2191
--------   当前进度:  83 % - 矩阵分解
Memory: 1667/1696 2188/2191
--------   当前进度:  89 % - 矩阵分解
Memory: 1689/1696 2188/2191
Iter      SolEst     Damping    Stepsize #Res #Jac #Sol   LinErr   LinRes
   1        0.95   1.0000000        0.95    1    1    1  1.2e-12  1.7e-14
---------- 当前进度: 100 % - 求解线性方程组
Memory: 1278/1696 1686/2192
求解时间：3 s。
物理内存: 1.69 GB
虚拟内存: 2.19 GB
结束时间：2026年9月11日 上午10:41:21。
----- 研究 23/解 23 (sol23) 中的“稳态求解器 1” ------------------------------------------>
           当前进度:   0 % - 
Memory: 1261/1696 1667/2192
<---- 研究 24/解 24 (sol24) 中的“编译方程: 稳态” ------------------------------------------
开始于 2026年9月11日 上午10:41:23。
几何形函数: 二次拉格朗日单元
在  上运行。
在以下位置使用 1 个插槽： Zifeng 上（共 8 个内核）。
可用内存：32.60 GB。
           当前进度:   0 % - 编译方程: 稳态
在  上运行。
在以下位置使用 1 个插槽： Zifeng 上（共 8 个内核）。
可用内存：32.60 GB。
           当前进度:   5 % - 编译方程: 稳态
时间：1。
物理内存: 1.26 GB
虚拟内存: 1.67 GB
结束时间：2026年9月11日 上午10:41:23。
----- 研究 24/解 24 (sol24) 中的“编译方程: 稳态” ----------------------------------------->
<---- 研究 24/解 24 (sol24) 中的“因变量 1” ---------------------------------------------
开始于 2026年9月11日 上午10:41:23。
           当前进度:   5 % - 因变量 1
求解时间：0 s。
物理内存: 1.26 GB
虚拟内存: 1.67 GB
结束时间：2026年9月11日 上午10:41:24。
----- 研究 24/解 24 (sol24) 中的“因变量 1” -------------------------------------------->
<---- 研究 24/解 24 (sol24) 中的“稳态求解器 1” -------------------------------------------
开始于 2026年9月11日 上午10:41:24。
线性求解器
求解的自由度数：81707。
找到对称矩阵。
缩放因变量：
磁标势 (comp1.Vm): 1
已使用正交零空间函数。
---        当前进度:  36 % - 矩阵分解
Memory: 1379/1696 1803/2192
-----      当前进度:  52 % - 矩阵分解
Memory: 1497/1696 2191/2192
-------    当前进度:  71 % - 矩阵分解
Memory: 1611/1696 2191/2192
--------   当前进度:  82 % - 矩阵分解
Memory: 1664/1696 2191/2192
--------   当前进度:  88 % - 矩阵分解
Memory: 1691/1696 2191/2192
Iter      SolEst     Damping    Stepsize #Res #Jac #Sol   LinErr   LinRes
   1        0.95   1.0000000        0.95    1    1    1  1.1e-11  1.7e-14
---------- 当前进度: 100 % - 求解线性方程组
Memory: 1678/1699 2173/2194
求解时间：3 s。
物理内存: 1.7 GB
虚拟内存: 2.19 GB
结束时间：2026年9月11日 上午10:41:26。
----- 研究 24/解 24 (sol24) 中的“稳态求解器 1” ------------------------------------------>
           当前进度:   0 % - 
Memory: 1270/1699 1676/2194
<---- 研究 25/解 25 (sol25) 中的“编译方程: 稳态” ------------------------------------------
开始于 2026年9月11日 上午10:41:28。
几何形函数: 二次拉格朗日单元
在  上运行。
在以下位置使用 1 个插槽： Zifeng 上（共 8 个内核）。
可用内存：32.60 GB。
           当前进度:   0 % - 编译方程: 稳态
Memory: 1209/1699 1615/2194
在  上运行。
在以下位置使用 1 个插槽： Zifeng 上（共 8 个内核）。
可用内存：32.60 GB。
           当前进度:   5 % - 编译方程: 稳态
Memory: 1236/1699 1642/2194
时间：1。
物理内存: 1.24 GB
虚拟内存: 1.64 GB
结束时间：2026年9月11日 上午10:41:28。
----- 研究 25/解 25 (sol25) 中的“编译方程: 稳态” ----------------------------------------->
<---- 研究 25/解 25 (sol25) 中的“因变量 1” ---------------------------------------------
开始于 2026年9月11日 上午10:41:28。
           当前进度:   5 % - 因变量 1
Memory: 1240/1699 1646/2194
求解时间：0 s。
物理内存: 1.24 GB
虚拟内存: 1.65 GB
结束时间：2026年9月11日 上午10:41:29。
----- 研究 25/解 25 (sol25) 中的“因变量 1” -------------------------------------------->
<---- 研究 25/解 25 (sol25) 中的“稳态求解器 1” -------------------------------------------
开始于 2026年9月11日 上午10:41:29。
线性求解器
求解的自由度数：81707。
找到对称矩阵。
缩放因变量：
磁标势 (comp1.Vm): 1
已使用正交零空间函数。
---        当前进度:  36 % - 矩阵分解
Memory: 1356/1699 1768/2194
-----      当前进度:  53 % - 矩阵分解
Memory: 1506/1699 2195/2195
-------    当前进度:  73 % - 矩阵分解
Memory: 1615/1699 2195/2195
--------   当前进度:  82 % - 矩阵分解
Memory: 1665/1699 2195/2195
--------   当前进度:  88 % - 矩阵分解
Memory: 1693/1699 2195/2195
Iter      SolEst     Damping    Stepsize #Res #Jac #Sol   LinErr   LinRes
---------- 当前进度: 100 % - 求解线性方程组
Memory: 1703/1703 2200/2200
   1        0.96   1.0000000        0.96    1    1    1  2.8e-11  1.7e-14
求解时间：2 s。
物理内存: 1.7 GB
虚拟内存: 2.2 GB
结束时间：2026年9月11日 上午10:41:31。
----- 研究 25/解 25 (sol25) 中的“稳态求解器 1” ------------------------------------------>
           当前进度:   0 % - 
Memory: 1271/1703 1677/2200
<---- 研究 26/解 26 (sol26) 中的“编译方程: 稳态” ------------------------------------------
开始于 2026年9月11日 上午10:41:33。
几何形函数: 二次拉格朗日单元
在  上运行。
在以下位置使用 1 个插槽： Zifeng 上（共 8 个内核）。
可用内存：32.60 GB。
           当前进度:   0 % - 编译方程: 稳态
Memory: 1276/1703 1681/2200
在  上运行。
在以下位置使用 1 个插槽： Zifeng 上（共 8 个内核）。
可用内存：32.60 GB。
           当前进度:   5 % - 编译方程: 稳态
Memory: 1273/1703 1678/2200
时间：1。
物理内存: 1.28 GB
虚拟内存: 1.68 GB
结束时间：2026年9月11日 上午10:41:33。
----- 研究 26/解 26 (sol26) 中的“编译方程: 稳态” ----------------------------------------->
<---- 研究 26/解 26 (sol26) 中的“因变量 1” ---------------------------------------------
开始于 2026年9月11日 上午10:41:33。
           当前进度:   5 % - 因变量 1
求解时间：0 s。
物理内存: 1.27 GB
虚拟内存: 1.68 GB
结束时间：2026年9月11日 上午10:41:33。
----- 研究 26/解 26 (sol26) 中的“因变量 1” -------------------------------------------->
<---- 研究 26/解 26 (sol26) 中的“稳态求解器 1” -------------------------------------------
开始于 2026年9月11日 上午10:41:34。
线性求解器
求解的自由度数：81707。
找到对称矩阵。
缩放因变量：
磁标势 (comp1.Vm): 1
已使用正交零空间函数。
---        当前进度:  36 % - 矩阵分解
Memory: 1399/1703 1807/2200
-----      当前进度:  53 % - 矩阵分解
Memory: 1506/1703 2190/2200
-------    当前进度:  72 % - 矩阵分解
Memory: 1617/1703 2190/2200
--------   当前进度:  82 % - 矩阵分解
Memory: 1668/1703 2190/2200
--------   当前进度:  89 % - 矩阵分解
Memory: 1693/1703 2190/2200
Iter      SolEst     Damping    Stepsize #Res #Jac #Sol   LinErr   LinRes
   1        0.96   1.0000000        0.96    1    1    1  9.7e-12  1.8e-14
---------- 当前进度: 100 % - 求解线性方程组
Memory: 1503/1703 1978/2200
求解时间：2 s。
物理内存: 1.69 GB
虚拟内存: 2.19 GB
结束时间：2026年9月11日 上午10:41:36。
----- 研究 26/解 26 (sol26) 中的“稳态求解器 1” ------------------------------------------>
           当前进度:   0 % - 
Memory: 1267/1703 1671/2200
<---- 研究 27/解 27 (sol27) 中的“编译方程: 稳态” ------------------------------------------
开始于 2026年9月11日 上午10:41:38。
几何形函数: 二次拉格朗日单元
在  上运行。
在以下位置使用 1 个插槽： Zifeng 上（共 8 个内核）。
可用内存：32.60 GB。
           当前进度:   0 % - 编译方程: 稳态
在  上运行。
在以下位置使用 1 个插槽： Zifeng 上（共 8 个内核）。
可用内存：32.60 GB。
           当前进度:   5 % - 编译方程: 稳态
Memory: 1268/1703 1671/2200
时间：1。
物理内存: 1.27 GB
虚拟内存: 1.67 GB
结束时间：2026年9月11日 上午10:41:38。
----- 研究 27/解 27 (sol27) 中的“编译方程: 稳态” ----------------------------------------->
<---- 研究 27/解 27 (sol27) 中的“因变量 1” ---------------------------------------------
开始于 2026年9月11日 上午10:41:38。
           当前进度:   5 % - 因变量 1
求解时间：0 s。
物理内存: 1.27 GB
虚拟内存: 1.67 GB
结束时间：2026年9月11日 上午10:41:38。
----- 研究 27/解 27 (sol27) 中的“因变量 1” -------------------------------------------->
<---- 研究 27/解 27 (sol27) 中的“稳态求解器 1” -------------------------------------------
开始于 2026年9月11日 上午10:41:38。
线性求解器
求解的自由度数：81707。
找到对称矩阵。
缩放因变量：
磁标势 (comp1.Vm): 1
已使用正交零空间函数。
---        当前进度:  36 % - 矩阵分解
Memory: 1401/1703 1808/2200
-----      当前进度:  53 % - 矩阵分解
Memory: 1515/1703 2196/2200
-------    当前进度:  73 % - 矩阵分解
Memory: 1622/1703 2196/2200
--------   当前进度:  81 % - 矩阵分解
Memory: 1674/1703 2196/2200
--------   当前进度:  89 % - 矩阵分解
Memory: 1698/1703 2196/2200
Iter      SolEst     Damping    Stepsize #Res #Jac #Sol   LinErr   LinRes
---------- 当前进度: 100 % - 求解线性方程组
Memory: 1689/1703 2181/2200
   1        0.96   1.0000000        0.96    1    1    1  1.5e-12  1.8e-14
求解时间：3 s。
物理内存: 1.7 GB
虚拟内存: 2.2 GB
结束时间：2026年9月11日 上午10:41:41。
----- 研究 27/解 27 (sol27) 中的“稳态求解器 1” ------------------------------------------>
           当前进度:   0 % - 
Memory: 1279/1703 1682/2200
<---- 研究 28/解 28 (sol28) 中的“编译方程: 稳态” ------------------------------------------
开始于 2026年9月11日 上午10:41:43。
几何形函数: 二次拉格朗日单元
在  上运行。
在以下位置使用 1 个插槽： Zifeng 上（共 8 个内核）。
可用内存：32.60 GB。
           当前进度:   0 % - 编译方程: 稳态
Memory: 1275/1703 1678/2200
在  上运行。
在以下位置使用 1 个插槽： Zifeng 上（共 8 个内核）。
可用内存：32.60 GB。
           当前进度:   5 % - 编译方程: 稳态
Memory: 1273/1703 1675/2200
时间：1。
物理内存: 1.27 GB
虚拟内存: 1.68 GB
结束时间：2026年9月11日 上午10:41:43。
----- 研究 28/解 28 (sol28) 中的“编译方程: 稳态” ----------------------------------------->
<---- 研究 28/解 28 (sol28) 中的“因变量 1” ---------------------------------------------
开始于 2026年9月11日 上午10:41:43。
           当前进度:   5 % - 因变量 1
求解时间：0 s。
物理内存: 1.27 GB
虚拟内存: 1.67 GB
结束时间：2026年9月11日 上午10:41:43。
----- 研究 28/解 28 (sol28) 中的“因变量 1” -------------------------------------------->
<---- 研究 28/解 28 (sol28) 中的“稳态求解器 1” -------------------------------------------
开始于 2026年9月11日 上午10:41:43。
线性求解器
求解的自由度数：81707。
找到对称矩阵。
缩放因变量：
磁标势 (comp1.Vm): 1
已使用正交零空间函数。
---        当前进度:  36 % - 矩阵分解
Memory: 1410/1703 1816/2200
-----      当前进度:  54 % - 矩阵分解
Memory: 1526/1703 2207/2207
-------    当前进度:  73 % - 矩阵分解
Memory: 1634/1703 2207/2207
--------   当前进度:  83 % - 矩阵分解
Memory: 1683/1703 2207/2207
--------   当前进度:  88 % - 矩阵分解
Memory: 1709/1709 2207/2207
Iter      SolEst     Damping    Stepsize #Res #Jac #Sol   LinErr   LinRes
   1        0.96   1.0000000        0.96    1    1    1  1.4e-12  1.8e-14
---------- 当前进度: 100 % - 求解线性方程组
Memory: 1607/1719 2066/2212
求解时间：3 s。
物理内存: 1.72 GB
虚拟内存: 2.21 GB
结束时间：2026年9月11日 上午10:41:46。
----- 研究 28/解 28 (sol28) 中的“稳态求解器 1” ------------------------------------------>
           当前进度:   0 % - 
Memory: 1286/1719 1688/2212
<---- 研究 29/解 29 (sol29) 中的“编译方程: 稳态” ------------------------------------------
开始于 2026年9月11日 上午10:41:48。
几何形函数: 二次拉格朗日单元
在  上运行。
在以下位置使用 1 个插槽： Zifeng 上（共 8 个内核）。
可用内存：32.60 GB。
           当前进度:   0 % - 编译方程: 稳态
Memory: 1216/1719 1624/2212
在  上运行。
在以下位置使用 1 个插槽： Zifeng 上（共 8 个内核）。
可用内存：32.60 GB。
           当前进度:   5 % - 编译方程: 稳态
Memory: 1231/1719 1636/2212
时间：1。
物理内存: 1.23 GB
虚拟内存: 1.64 GB
结束时间：2026年9月11日 上午10:41:48。
----- 研究 29/解 29 (sol29) 中的“编译方程: 稳态” ----------------------------------------->
<---- 研究 29/解 29 (sol29) 中的“因变量 1” ---------------------------------------------
开始于 2026年9月11日 上午10:41:48。
           当前进度:   5 % - 因变量 1
Memory: 1233/1719 1638/2212
求解时间：0 s。
物理内存: 1.23 GB
虚拟内存: 1.64 GB
结束时间：2026年9月11日 上午10:41:48。
----- 研究 29/解 29 (sol29) 中的“因变量 1” -------------------------------------------->
<---- 研究 29/解 29 (sol29) 中的“稳态求解器 1” -------------------------------------------
开始于 2026年9月11日 上午10:41:48。
线性求解器
求解的自由度数：81707。
找到对称矩阵。
缩放因变量：
磁标势 (comp1.Vm): 1
已使用正交零空间函数。
---        当前进度:  36 % - 矩阵分解
Memory: 1387/1719 1804/2212
-----      当前进度:  52 % - 矩阵分解
Memory: 1508/1719 2196/2212
-------    当前进度:  72 % - 矩阵分解
Memory: 1615/1719 2196/2212
--------   当前进度:  82 % - 矩阵分解
Memory: 1668/1719 2196/2212
--------   当前进度:  87 % - 矩阵分解
Memory: 1696/1719 2196/2212
Iter      SolEst     Damping    Stepsize #Res #Jac #Sol   LinErr   LinRes
   1        0.96   1.0000000        0.96    1    1    1  8.9e-12  1.8e-14
---------- 当前进度: 100 % - 求解线性方程组
Memory: 1703/1719 2197/2212
求解时间：3 s。
物理内存: 1.7 GB
虚拟内存: 2.2 GB
结束时间：2026年9月11日 上午10:41:51。
----- 研究 29/解 29 (sol29) 中的“稳态求解器 1” ------------------------------------------>
           当前进度:   0 % - 
Memory: 1277/1719 1680/2212
<---- 研究 30/解 30 (sol30) 中的“编译方程: 稳态” ------------------------------------------
开始于 2026年9月11日 上午10:41:53。
几何形函数: 二次拉格朗日单元
在  上运行。
在以下位置使用 1 个插槽： Zifeng 上（共 8 个内核）。
可用内存：32.60 GB。
           当前进度:   0 % - 编译方程: 稳态
Memory: 1272/1719 1677/2212
在  上运行。
在以下位置使用 1 个插槽： Zifeng 上（共 8 个内核）。
可用内存：32.60 GB。
           当前进度:   5 % - 编译方程: 稳态
Memory: 1275/1719 1679/2212
时间：1。
物理内存: 1.27 GB
虚拟内存: 1.68 GB
结束时间：2026年9月11日 上午10:41:53。
----- 研究 30/解 30 (sol30) 中的“编译方程: 稳态” ----------------------------------------->
<---- 研究 30/解 30 (sol30) 中的“因变量 1” ---------------------------------------------
开始于 2026年9月11日 上午10:41:53。
           当前进度:   5 % - 因变量 1
求解时间：0 s。
物理内存: 1.27 GB
虚拟内存: 1.68 GB
结束时间：2026年9月11日 上午10:41:54。
----- 研究 30/解 30 (sol30) 中的“因变量 1” -------------------------------------------->
<---- 研究 30/解 30 (sol30) 中的“稳态求解器 1” -------------------------------------------
开始于 2026年9月11日 上午10:41:54。
线性求解器
求解的自由度数：81707。
找到对称矩阵。
缩放因变量：
磁标势 (comp1.Vm): 1
已使用正交零空间函数。
---        当前进度:  36 % - 矩阵分解
Memory: 1408/1719 1814/2212
-----      当前进度:  51 % - 矩阵分解
Memory: 1503/1719 2202/2212
-------    当前进度:  70 % - 矩阵分解
Memory: 1614/1719 2202/2212
--------   当前进度:  82 % - 矩阵分解
Memory: 1671/1719 2202/2212
--------   当前进度:  88 % - 矩阵分解
Memory: 1704/1719 2202/2212
Iter      SolEst     Damping    Stepsize #Res #Jac #Sol   LinErr   LinRes
---------- 当前进度: 100 % - 求解线性方程组
Memory: 1715/1719 2207/2212
   1           1   1.0000000           1    1    1    1  7.4e-11    4e-13
求解时间：3 s。
物理内存: 1.72 GB
虚拟内存: 2.21 GB
结束时间：2026年9月11日 上午10:41:56。
----- 研究 30/解 30 (sol30) 中的“稳态求解器 1” ------------------------------------------>
