*******************************************
***COMSOL 6.3.0.290 progress output file***
*******************************************
Thu Sep 10 20:12:27 CST 2026
           当前进度:   0 % - Moving Magnet Sphere x=26 mm
Memory: 783/802 853/868
           当前进度:   2 % - 圆柱体 2
Memory: 786/802 852/868
           当前进度:   3 % - 圆柱体 3
Memory: 788/802 852/868
           当前进度:   5 % - Air Domain R=200 mm
Memory: 788/802 853/868
           当前进度:   7 % - Hole 1 Optimized
Memory: 792/802 856/868
           当前进度:   9 % - Hole 2 Optimized
Memory: 793/802 857/868
-          当前进度:  10 % - Hole 3 Optimized
Memory: 793/802 858/868
-          当前进度:  12 % - point1
Memory: 794/802 858/868
-          当前进度:  14 % - 钢片减去优化孔
Memory: 796/802 860/868
-          当前进度:  14 % - 执行布尔操作
Memory: 795/802 858/868
---        当前进度:  31 % - 旋转 1
----       当前进度:  48 % - 移动 1
Memory: 796/802 858/868
------     当前进度:  66 % - 移动
--------   当前进度:  83 % - Form Union
Memory: 797/802 858/868
--------   当前进度:  83 % - 执行布尔操作
---------- 当前进度: 100 % - 正在更新选择
顶点单元数：37
--         当前进度:  27 % - 正在创建边界网格
Memory: 806/828 864/888
边单元数：484
边界单元数：4840
-----      当前进度:  58 % - 相关边界
Memory: 807/828 864/888
--------   当前进度:  89 % - 提高单元质量
Memory: 810/828 866/888
---------  当前进度:  99 % - 正在定型网格
Memory: 811/828 868/888
单元数：61117
最小单元质量：0.2049
---------- 当前进度: 100 % - 正在定型网格
Memory: 809/828 865/888
           当前进度:   1 % - 生成方程
Memory: 825/828 881/888
           当前进度:   2 % - 生成方程
Memory: 819/837 875/893
           当前进度:   3 % - 生成方程
Memory: 809/848 863/933
<---- 研究/解 1 (sol1) 中的“编译方程: 稳态” -----------------------------------------------
开始于 2026年9月10日 下午8:12:41。
几何形函数: 二次拉格朗日单元
在  上运行。
在以下位置使用 1 个插槽： Zifeng 上（共 8 个内核）。
可用内存：32.60 GB。
           当前进度:   6 % - 编译方程: 稳态
Memory: 895/919 946/974
           当前进度:   7 % - 编译方程: 稳态
Memory: 902/919 950/974
时间：2。
物理内存: 923 MB
虚拟内存: 974 MB
结束时间：2026年9月10日 下午8:12:42。
----- 研究/解 1 (sol1) 中的“编译方程: 稳态” ---------------------------------------------->
<---- 研究/解 1 (sol1) 中的“因变量 1” --------------------------------------------------
开始于 2026年9月10日 下午8:12:43。
           当前进度:   7 % - 因变量 1
Memory: 919/923 978/978
求解时间：0 s。
物理内存: 919 MB
虚拟内存: 978 MB
结束时间：2026年9月10日 下午8:12:43。
----- 研究/解 1 (sol1) 中的“因变量 1” ------------------------------------------------->
<---- 研究/解 1 (sol1) 中的“稳态求解器 1” ------------------------------------------------
开始于 2026年9月10日 下午8:12:43。
线性求解器 
求解的自由度数：82117。
---        当前进度:  38 % - 
Memory: 1035/1053 1085/1103
找到对称矩阵。
缩放因变量：
磁标势 (comp1.Vm): 1
已使用正交零空间函数。
---        当前进度:  38 % - 组装延展
Memory: 1067/1070 1116/1119
Iter      SolEst     Damping    Stepsize #Res #Jac #Sol LinIt   LinErr   LinRes
---------  当前进度:  92 % - 求解线性方程组
Memory: 1062/1070 1272/1275
   1           1   1.0000000           1    1    1    1     3   0.0006  1.5e-06
---------- 当前进度: 100 % - 求解线性方程组
Memory: 1032/1070 1238/1275
求解时间：1 s。
物理内存: 1.07 GB
虚拟内存: 1.27 GB
结束时间：2026年9月10日 下午8:12:44。
----- 研究/解 1 (sol1) 中的“稳态求解器 1” ----------------------------------------------->
----       当前进度:  47 % - 生成方程
Memory: 1050/1070 1253/1275
------     当前进度:  60 % - 生成方程
Memory: 1051/1070 1254/1275
---        当前进度:  39 % - 生成方程
Memory: 1048/1070 1253/1275
-------    当前进度:  72 % - 生成方程
Memory: 1039/1070 1238/1275
<---- 研究 2/解 2 (sol2) 中的“编译方程: 瞬态” ---------------------------------------------
开始于 2026年9月10日 下午8:12:47。
几何形函数: 二次拉格朗日单元
在  上运行。
在以下位置使用 1 个插槽： Zifeng 上（共 8 个内核）。
可用内存：32.60 GB。
           当前进度:   0 % - 生成方程
Memory: 1060/1070 1255/1275
在  上运行。
在以下位置使用 1 个插槽： Zifeng 上（共 8 个内核）。
可用内存：32.60 GB。
           当前进度:   2 % - 编译方程: 瞬态
Memory: 1057/1071 1253/1275
时间：1。
物理内存: 1.07 GB
虚拟内存: 1.26 GB
结束时间：2026年9月10日 下午8:12:48。
----- 研究 2/解 2 (sol2) 中的“编译方程: 瞬态” -------------------------------------------->
<---- 研究 2/解 2 (sol2) 中的“因变量 1” ------------------------------------------------
开始于 2026年9月10日 下午8:12:48。
待求解变量的初始值: 解 1 (sol1).
           当前进度:   2 % - 因变量 1
Memory: 1081/1085 1329/1333
求解时间：0 s。
物理内存: 1.09 GB
虚拟内存: 1.33 GB
结束时间：2026年9月10日 下午8:12:48。
----- 研究 2/解 2 (sol2) 中的“因变量 1” ----------------------------------------------->
<---- 研究 2/解 2 (sol2) 中的“瞬态求解器 1” ----------------------------------------------
开始于 2026年9月10日 下午8:12:48。
瞬态求解器 (BDF)
求解的自由度数：82117。
找到对称矩阵。
缩放因变量：
磁标势 (comp1.Vm): 1.1e+04
           当前进度:   4 % - 约束处理
Memory: 1134/1158 1355/1381
Step        Time    Stepsize      Res  Jac  Sol Order Tfail NLfail LinIt   LinErr   LinRes
           当前进度:   4 % - 组装延展
Memory: 1214/1214 1432/1432
           当前进度:   4 % - 求解线性方程组
Memory: 1217/1217 1430/1432
           当前进度:   4 % - 约束处理
Memory: 1192/1222 1415/1437
           当前进度:   4 % - 求解线性方程组
Memory: 1211/1222 1436/1439
           当前进度:   4 % - 组装矩阵
           当前进度:   4 % - 约束处理
           当前进度:   4 % - 求解线性方程组
           当前进度:   4 % - 组装矩阵
           当前进度:   4 % - 求解线性方程组
           当前进度:   4 % - 组装矩阵
Memory: 1214/1222 1436/1443
           当前进度:   4 % - 约束处理
Memory: 1201/1222 1436/1443
           当前进度:   4 % - 求解线性方程组
Memory: 1214/1222 1436/1443
           当前进度:   4 % - 创建多重网格层
           当前进度:   4 % - 求解线性方程组
           当前进度:   4 % - 组装矩阵
           当前进度:   4 % - 求解线性方程组
           当前进度:   4 % - 组装矩阵
           当前进度:   4 % - 约束处理
Memory: 1177/1222 1408/1443
           当前进度:   4 % - 求解线性方程组
Memory: 1188/1222 1408/1443
           当前进度:   4 % - 约束处理
Memory: 1173/1222 1390/1443
           当前进度:   4 % - 求解线性方程组
Memory: 1188/1222 1408/1443
   0           0           - out   22    8   22                  0  1795   0.0083  2.1e-05
           当前进度:   4 % - 约束处理
Memory: 1176/1222 1407/1443
           当前进度:   4 % - 求解线性方程组
Memory: 1187/1222 1407/1443
   1      0.0002      0.0002       24    9   24     1     0      3  1799  1.9e-05        -
   2      0.0004      0.0002       25    9   25     1     0      3  1802  0.00059        -
           当前进度:   4 % - 组装矩阵
Memory: 1188/1222 1407/1443
           当前进度:   4 % - 求解线性方程组
   3      0.0008      0.0004       26    9   26     2     0      3  1805  0.00021        -
           当前进度:   4 % - 组装矩阵
           当前进度:   4 % - 约束处理
Memory: 1182/1222 1407/1443
           当前进度:   4 % - 求解线性方程组
Memory: 1188/1222 1407/1443
   4      0.0016      0.0008       27   10   27     1     0      3  1808  0.00059        -
           当前进度:   5 % - 组装矩阵
           当前进度:   5 % - 约束处理
Memory: 1182/1222 1407/1443
           当前进度:   5 % - 求解线性方程组
Memory: 1188/1222 1407/1443
   5      0.0032      0.0016       28   11   28     1     0      3  1811  0.00059        -
   6   0.0055556   0.0023556 out   29   11   29     1     0      3  1814  0.00058        -
           当前进度:   7 % - 约束处理
Memory: 1173/1222 1407/1443
           当前进度:   7 % - 求解线性方程组
Memory: 1188/1222 1407/1443
   7   0.0083333   0.0027778       30   12   30     1     0      3  1817  0.00057        -
           当前进度:   8 % - 求解线性方程组
   8    0.011111   0.0027778 out   31   12   31     1     0      3  1820  0.00056        -
           当前进度:   9 % - 组装矩阵
           当前进度:   9 % - 约束处理
           当前进度:   9 % - 求解线性方程组
   9    0.016667   0.0055556 out   32   13   32     1     0      3  1823  0.00055        -
-          当前进度:  12 % - 求解线性方程组
  10    0.022222   0.0055556 out   33   13   33     1     0      3  1826  0.00053        -
-          当前进度:  15 % - 求解线性方程组
  11    0.027778   0.0055556 out   34   13   34     1     0      3  1829  0.00053        -
-          当前进度:  17 % - 组装矩阵
-          当前进度:  17 % - 求解线性方程组
  12    0.033333   0.0055556 out   35   13   35     1     0      3  1832  0.00054        -
--         当前进度:  20 % - 求解线性方程组
  13    0.038889   0.0055556 out   36   13   36     1     0      3  1835  0.00056        -
--         当前进度:  23 % - 组装矩阵
  14    0.044444   0.0055556 out   37   13   37     1     0      3  1838  0.00059        -
--         当前进度:  25 % - 求解线性方程组
  15        0.05   0.0055556 out   38   13   38     1     0      3  1841  0.00061        -
--         当前进度:  28 % - 求解线性方程组
  16    0.055556   0.0055556 out   39   13   39     1     0      3  1844  0.00063        -
---        当前进度:  31 % - 组装矩阵
---        当前进度:  31 % - 求解线性方程组
  17    0.061111   0.0055556 out   40   13   40     1     0      3  1847  0.00065        -
---        当前进度:  33 % - 求解线性方程组
  18    0.066667   0.0055556 out   41   13   41     1     0      3  1850  0.00066        -
---        当前进度:  36 % - 组装矩阵
---        当前进度:  36 % - 求解线性方程组
  19    0.072222   0.0055556 out   42   13   42     1     0      3  1853  0.00066        -
---        当前进度:  39 % - 求解线性方程组
  20    0.077778   0.0055556 out   43   13   43     1     0      3  1856  0.00067        -
----       当前进度:  41 % - 求解线性方程组
  21    0.083333   0.0055556 out   44   13   44     1     0      3  1859  0.00066        -
----       当前进度:  44 % - 求解线性方程组
  22    0.088889   0.0055556 out   45   13   45     1     0      3  1862  0.00065        -
----       当前进度:  47 % - 求解线性方程组
  23    0.094444   0.0055556 out   46   13   46     1     0      3  1865  0.00064        -
----       当前进度:  49 % - 组装矩阵
----       当前进度:  49 % - 求解线性方程组
  24         0.1   0.0055556 out   47   13   47     1     0      3  1868  0.00062        -
-----      当前进度:  52 % - 求解线性方程组
  25     0.10556   0.0055556 out   48   13   48     1     0      3  1871   0.0006        -
-----      当前进度:  55 % - 组装矩阵
-----      当前进度:  55 % - 求解线性方程组
  26     0.11111   0.0055556 out   49   13   49     1     0      3  1874  0.00057        -
-----      当前进度:  57 % - 求解线性方程组
  27     0.11667   0.0055556 out   50   13   50     1     0      3  1877  0.00055        -
------     当前进度:  60 % - 组装矩阵
------     当前进度:  60 % - 求解线性方程组
  28     0.12222   0.0055556 out   51   13   51     1     0      3  1880  0.00053        -
------     当前进度:  63 % - 求解线性方程组
  29     0.12778   0.0055556 out   52   13   52     1     0      3  1883  0.00053        -
------     当前进度:  65 % - 求解线性方程组
  30     0.13333   0.0055556 out   53   13   53     1     0      3  1886  0.00054        -
------     当前进度:  68 % - 组装矩阵
------     当前进度:  68 % - 求解线性方程组
  31     0.13889   0.0055556 out   54   13   54     1     0      3  1889  0.00056        -
-------    当前进度:  71 % - 求解线性方程组
  32     0.14444   0.0055556 out   55   13   55     1     0      3  1892  0.00059        -
-------    当前进度:  73 % - 组装矩阵
-------    当前进度:  73 % - 求解线性方程组
  33        0.15   0.0055556 out   56   13   56     1     0      3  1895  0.00061        -
-------    当前进度:  76 % - 求解线性方程组
  34     0.15556   0.0055556 out   57   13   57     1     0      3  1898  0.00063        -
-------    当前进度:  79 % - 组装矩阵
-------    当前进度:  79 % - 求解线性方程组
  35     0.16111   0.0055556 out   58   13   58     1     0      3  1901  0.00064        -
--------   当前进度:  81 % - 求解线性方程组
  36     0.16667   0.0055556 out   59   13   59     1     0      3  1904  0.00066        -
--------   当前进度:  84 % - 求解线性方程组
  37     0.17222   0.0055556 out   60   13   60     1     0      3  1907  0.00066        -
--------   当前进度:  87 % - 求解线性方程组
  38     0.17778   0.0055556 out   61   13   61     1     0      3  1910  0.00067        -
--------   当前进度:  89 % - 求解线性方程组
  39     0.18333   0.0055556 out   62   13   62     1     0      3  1913  0.00066        -
---------  当前进度:  92 % - 求解线性方程组
  40     0.18889   0.0055556 out   63   13   63     1     0      3  1916  0.00065        -
---------  当前进度:  95 % - 求解线性方程组
  41     0.19444   0.0055556 out   64   13   64     1     0      3  1919  0.00064        -
---------  当前进度:  97 % - 求解线性方程组
  42         0.2   0.0055556 out   65   13   65     1     0      3  1922  0.00062        -
时间步进已完成。
---------- 当前进度: 100 % - 求解线性方程组
Memory: 1135/1222 1341/1443
求解时间：140 s。 （2 分钟，20 秒）
物理内存: 1.22 GB
虚拟内存: 1.44 GB
结束时间：2026年9月10日 下午8:15:09。
----- 研究 2/解 2 (sol2) 中的“瞬态求解器 1” --------------------------------------------->
