*******************************************
***COMSOL 6.3.0.290 progress output file***
*******************************************
Thu Sep 10 19:38:20 CST 2026
           当前进度:   0 % - Moving Magnet Sphere x=26 mm
Memory: 745/917 927/1279
           当前进度:   2 % - 圆柱体 2
Memory: 748/917 928/1279
           当前进度:   3 % - 圆柱体 3
Memory: 757/917 936/1279
           当前进度:   5 % - Air Domain R=200 mm
Memory: 754/917 932/1279
           当前进度:   7 % - Hole 1 Optimized
Memory: 750/917 928/1279
           当前进度:   9 % - Hole 2 Optimized
-          当前进度:  10 % - Hole 3 Optimized
-          当前进度:  12 % - point1
-          当前进度:  14 % - 钢片减去优化孔
Memory: 751/917 928/1279
-          当前进度:  14 % - 执行布尔操作
Memory: 756/917 932/1279
---        当前进度:  31 % - 旋转 1
Memory: 760/917 935/1279
----       当前进度:  48 % - 移动 1
Memory: 757/917 932/1279
------     当前进度:  66 % - 移动
Memory: 758/917 933/1279
--------   当前进度:  83 % - Form Union
--------   当前进度:  83 % - 执行布尔操作
Memory: 760/917 935/1279
---------- 当前进度: 100 % - 正在更新选择
顶点单元数：37
--         当前进度:  26 % - 正在创建边界网格
Memory: 738/917 914/1279
边单元数：484
边界单元数：4840
-------    当前进度:  73 % - 插入内部点
Memory: 732/917 910/1279
---------  当前进度:  90 % - 提高单元质量
Memory: 737/917 914/1279
单元数：60847
最小单元质量：0.2039
---------- 当前进度: 100 % - 正在定型网格
Memory: 722/917 894/1279
           当前进度:   1 % - 生成方程
Memory: 795/917 943/1279
           当前进度:   2 % - 生成方程
Memory: 818/917 967/1279
           当前进度:   3 % - 生成方程
Memory: 834/917 970/1279
<---- 研究/解 1 (sol1) 中的“编译方程: 稳态” -----------------------------------------------
开始于 2026年9月10日 下午7:38:31。
几何形函数: 二次拉格朗日单元
在  上运行。
在以下位置使用 1 个插槽： Zifeng 上（共 8 个内核）。
可用内存：32.60 GB。
           当前进度:   6 % - 编译方程: 稳态
Memory: 848/917 966/1279
           当前进度:   7 % - 编译方程: 稳态
Memory: 852/917 957/1279
时间：2。
物理内存: 883 MB
虚拟内存: 999 MB
结束时间：2026年9月10日 下午7:38:32。
----- 研究/解 1 (sol1) 中的“编译方程: 稳态” ---------------------------------------------->
<---- 研究/解 1 (sol1) 中的“因变量 1” --------------------------------------------------
开始于 2026年9月10日 下午7:38:32。
           当前进度:   7 % - 因变量 1
Memory: 857/917 972/1279
求解时间：0 s。
物理内存: 865 MB
虚拟内存: 972 MB
结束时间：2026年9月10日 下午7:38:33。
----- 研究/解 1 (sol1) 中的“因变量 1” ------------------------------------------------->
<---- 研究/解 1 (sol1) 中的“稳态求解器 1” ------------------------------------------------
开始于 2026年9月10日 下午7:38:33。
线性求解器 
求解的自由度数：81767。
找到对称矩阵。
缩放因变量：
磁标势 (comp1.Vm): 1
已使用正交零空间函数。
---        当前进度:  38 % - 组装延展
Memory: 915/997 1028/1279
-----      当前进度:  56 % - 组装矩阵
Memory: 919/997 1023/1279
Iter      SolEst     Damping    Stepsize #Res #Jac #Sol LinIt   LinErr   LinRes
   1           1   1.0000000           1    1    1    1     3  0.00065  1.6e-06
---------- 当前进度: 100 % - 求解线性方程组
Memory: 928/997 1192/1279
求解时间：1 s。
物理内存: 997 MB
虚拟内存: 1192 MB
结束时间：2026年9月10日 下午7:38:34。
----- 研究/解 1 (sol1) 中的“稳态求解器 1” ----------------------------------------------->
----       当前进度:  47 % - 生成方程
Memory: 989/997 1246/1279
-----      当前进度:  54 % - 生成方程
Memory: 1019/1019 1260/1279
<---- 研究 2/解 2 (sol2) 中的“编译方程: 瞬态” ---------------------------------------------
开始于 2026年9月10日 下午7:38:36。
几何形函数: 二次拉格朗日单元
在  上运行。
在以下位置使用 1 个插槽： Zifeng 上（共 8 个内核）。
可用内存：32.60 GB。
           当前进度:   0 % - 生成方程
Memory: 1067/1067 1361/1361
在  上运行。
在以下位置使用 1 个插槽： Zifeng 上（共 8 个内核）。
可用内存：32.60 GB。
           当前进度:   2 % - 编译方程: 瞬态
Memory: 1116/1149 1358/1393
时间：1。
物理内存: 1.15 GB
虚拟内存: 1.39 GB
结束时间：2026年9月10日 下午7:38:36。
----- 研究 2/解 2 (sol2) 中的“编译方程: 瞬态” -------------------------------------------->
<---- 研究 2/解 2 (sol2) 中的“因变量 1” ------------------------------------------------
开始于 2026年9月10日 下午7:38:36。
待求解变量的初始值: 解 1 (sol1).
           当前进度:   2 % - 因变量 1
Memory: 1147/1149 1439/1441
求解时间：0 s。
物理内存: 1.15 GB
虚拟内存: 1.44 GB
结束时间：2026年9月10日 下午7:38:37。
----- 研究 2/解 2 (sol2) 中的“因变量 1” ----------------------------------------------->
<---- 研究 2/解 2 (sol2) 中的“瞬态求解器 1” ----------------------------------------------
开始于 2026年9月10日 下午7:38:37。
瞬态求解器 (BDF)
求解的自由度数：81767。
找到对称矩阵。
缩放因变量：
磁标势 (comp1.Vm): 3.7e+04
Step        Time    Stepsize      Res  Jac  Sol Order Tfail NLfail LinIt   LinErr   LinRes
           当前进度:   4 % - 约束处理
Memory: 1188/1231 1457/1500
           当前进度:   4 % - 组装延展
Memory: 1266/1269 1520/1522
           当前进度:   4 % - 组装矩阵
Memory: 1279/1281 1535/1540
           当前进度:   4 % - 求解线性方程组
Memory: 1281/1281 1539/1540
           当前进度:   4 % - 约束处理
Memory: 1234/1294 1504/1566
           当前进度:   4 % - 求解线性方程组
Memory: 1252/1294 1525/1566
           当前进度:   4 % - 约束处理
Memory: 1245/1294 1525/1566
           当前进度:   4 % - 求解线性方程组
Memory: 1253/1294 1525/1566
           当前进度:   4 % - 约束处理
Memory: 1236/1294 1505/1566
           当前进度:   4 % - 求解线性方程组
Memory: 1253/1294 1525/1566
           当前进度:   4 % - 约束处理
Memory: 1246/1294 1525/1566
           当前进度:   4 % - 求解线性方程组
Memory: 1253/1294 1525/1566
           当前进度:   4 % - 组装矩阵
           当前进度:   4 % - 求解线性方程组
           当前进度:   4 % - 创建多重网格层
Memory: 1235/1294 1504/1566
           当前进度:   4 % - 约束处理
Memory: 1248/1294 1526/1566
           当前进度:   4 % - 求解线性方程组
Memory: 1254/1294 1526/1566
           当前进度:   4 % - 组装矩阵
           当前进度:   4 % - 求解线性方程组
Memory: 1250/1294 1522/1566
   0           0           - out   22    7   22                  0 43049  3.4e+29  8.4e+26
Warning: 线性求解器有错误消息。
Warning: 线性迭代的散度。
---------- 当前进度: 100 % - 求解线性方程组
Memory: 1189/1294 1434/1566
求解时间：1451 s。 （24 分钟，11 秒）
物理内存: 1.29 GB
虚拟内存: 1.57 GB
Warning: 线性求解器有错误消息。
线性迭代的散度。
结束时间：2026年9月10日 下午8:02:47。
----- 研究 2/解 2 (sol2) 中的“瞬态求解器 1” --------------------------------------------->
