*******************************************
***COMSOL 6.3.0.290 progress output file***
*******************************************
Fri Sep 11 12:43:19 CST 2026
           当前进度:   0 % - Moving Magnet Sphere x=26 mm
Memory: 805/826 883/902
           当前进度:   2 % - 圆柱体 2
Memory: 805/826 881/902
           当前进度:   3 % - 圆柱体 3
Memory: 807/826 881/902
           当前进度:   5 % - Air Domain R=200 mm
           当前进度:   7 % - Hole 1 Optimized
           当前进度:   9 % - Hole 2 Optimized
-          当前进度:  10 % - Hole 3 Optimized
-          当前进度:  12 % - point1
-          当前进度:  14 % - 钢片减去优化孔
Memory: 808/826 881/902
-          当前进度:  14 % - 执行布尔操作
Memory: 812/826 884/902
---        当前进度:  31 % - 旋转 1
----       当前进度:  48 % - 移动 1
------     当前进度:  66 % - 移动
Memory: 813/826 884/902
--------   当前进度:  83 % - Form Union
--------   当前进度:  83 % - 执行布尔操作
Memory: 814/826 884/902
---------- 当前进度: 100 % - 正在更新选择
---------- 当前进度: 100 % - 正在创建可视化网格
Memory: 853/869 920/936
顶点单元数：37
           当前进度:   6 % - 分析域
Memory: 760/869 824/936
           当前进度:   8 % - 分析域
Memory: 763/869 828/936
-          当前进度:  10 % - 调整边界网格
Memory: 770/869 835/936
-          当前进度:  13 % - 调整边界网格
Memory: 776/869 841/936
-          当前进度:  14 % - 调整边界网格
Memory: 779/869 844/936
-          当前进度:  15 % - 调整边界网格
Memory: 775/869 839/936
-          当前进度:  16 % - 调整边界网格
Memory: 775/869 840/936
-          当前进度:  18 % - 调整边界网格
--         当前进度:  22 % - 正在创建边界网格
Memory: 776/869 838/936
--         当前进度:  23 % - 正在创建边界网格
边单元数：828
边界单元数：21960
---        当前进度:  39 % - 正在创建初始四面体网格
Memory: 758/869 822/936
----       当前进度:  47 % - 正在创建初始四面体网格
Memory: 770/869 832/936
-----      当前进度:  54 % - 相关边界
Memory: 749/869 827/936
------     当前进度:  69 % - 插入内部点
Memory: 753/869 835/936
-------    当前进度:  73 % - 插入内部点
Memory: 748/869 826/936
-------    当前进度:  77 % - 插入内部点
Memory: 749/869 828/936
--------   当前进度:  84 % - 插入内部点
Memory: 752/869 827/936
--------   当前进度:  86 % - 插入内部点
Memory: 755/869 827/936
--------   当前进度:  89 % - 提高单元质量
Memory: 742/869 813/936
---------  当前进度:  92 % - 提高单元质量
Memory: 743/869 813/936
---------  当前进度:  93 % - 提高单元质量
Memory: 743/869 814/936
单元数：263920
---------- 当前进度: 100 % - 正在定型网格
Memory: 739/869 804/936
最小单元质量：0.1863
----       当前进度:  47 % - 生成方程
Memory: 769/869 836/936
------     当前进度:  60 % - 生成方程
Memory: 817/869 875/936
---        当前进度:  39 % - 生成方程
Memory: 807/869 864/936
-----      当前进度:  54 % - 生成方程
Memory: 814/869 872/936
<---- 研究 90/解 1 (sol1) 中的“编译方程: 稳态” --------------------------------------------
开始于 2026年9月11日 下午12:43:55。
几何形函数: 二次拉格朗日单元
在  上运行。
在以下位置使用 1 个插槽： Zifeng 上（共 8 个内核）。
可用内存：32.60 GB。
           当前进度:   0 % - 生成方程
Memory: 832/869 890/936
在  上运行。
在以下位置使用 1 个插槽： Zifeng 上（共 8 个内核）。
可用内存：32.60 GB。
           当前进度:   0 % - 编译方程: 稳态
Memory: 888/888 944/944
           当前进度:   3 % - 编译方程: 稳态
Memory: 861/897 916/954
           当前进度:   5 % - 编译方程: 稳态
Memory: 892/933 952/993
时间：4。
物理内存: 933 MB
虚拟内存: 993 MB
结束时间：2026年9月11日 下午12:43:59。
----- 研究 90/解 1 (sol1) 中的“编译方程: 稳态” ------------------------------------------->
<---- 研究 90/解 1 (sol1) 中的“因变量 1” -----------------------------------------------
开始于 2026年9月11日 下午12:43:59。
           当前进度:   5 % - 因变量 1
Memory: 941/944 1004/1012
求解时间：1 s。
物理内存: 944 MB
虚拟内存: 1012 MB
结束时间：2026年9月11日 下午12:43:59。
----- 研究 90/解 1 (sol1) 中的“因变量 1” ---------------------------------------------->
<---- 研究 90/解 1 (sol1) 中的“稳态求解器 1” ---------------------------------------------
开始于 2026年9月11日 下午12:43:59。
线性求解器
求解的自由度数：352642。
-          当前进度:  18 % - 组装矩阵
Memory: 992/995 1059/1062
--         当前进度:  21 % - 组装稀疏模式
Memory: 1193/1193 1272/1272
--         当前进度:  22 % - 组装矩阵
Memory: 1237/1246 1310/1316
---        当前进度:  30 % - 组装矩阵
Memory: 1215/1246 1286/1316
---        当前进度:  36 % - 组装矩阵
Memory: 1185/1279 1352/1352
找到对称矩阵。
缩放因变量：
磁标势 (comp1.Vm): 1
---        当前进度:  36 % - 
Memory: 1178/1279 1242/1352
已使用正交零空间函数。
---        当前进度:  36 % - 矩阵分解
Memory: 1283/1283 1350/1352
---        当前进度:  37 % - 矩阵分解
Memory: 1776/1874 4214/4214
----       当前进度:  41 % - 矩阵分解
Memory: 1897/1897 4317/4317
----       当前进度:  43 % - 矩阵分解
Memory: 2029/2029 4324/4324
----       当前进度:  46 % - 矩阵分解
Memory: 2104/2104 4326/4326
----       当前进度:  48 % - 矩阵分解
Memory: 2166/2166 4328/4328
----       当前进度:  49 % - 矩阵分解
Memory: 2227/2227 4329/4329
-----      当前进度:  51 % - 矩阵分解
Memory: 2281/2281 4331/4331
-----      当前进度:  53 % - 矩阵分解
Memory: 2338/2338 4331/4331
-----      当前进度:  55 % - 矩阵分解
Memory: 2411/2411 4335/4335
-----      当前进度:  57 % - 矩阵分解
Memory: 2487/2487 4337/4337
-----      当前进度:  59 % - 矩阵分解
Memory: 2558/2558 4339/4339
------     当前进度:  60 % - 矩阵分解
Memory: 2622/2622 4340/4340
------     当前进度:  62 % - 矩阵分解
Memory: 2675/2675 4341/4341
------     当前进度:  63 % - 矩阵分解
Memory: 2736/2736 4342/4342
------     当前进度:  65 % - 矩阵分解
Memory: 2782/2782 4344/4344
------     当前进度:  66 % - 矩阵分解
Memory: 2824/2824 4346/4346
------     当前进度:  67 % - 矩阵分解
Memory: 2868/2868 4346/4346
------     当前进度:  69 % - 矩阵分解
Memory: 2928/2928 4347/4347
-------    当前进度:  70 % - 矩阵分解
Memory: 2965/2965 4349/4349
-------    当前进度:  71 % - 矩阵分解
Memory: 3030/3030 4350/4350
-------    当前进度:  72 % - 矩阵分解
Memory: 3058/3058 4351/4351
-------    当前进度:  73 % - 矩阵分解
Memory: 3079/3079 4352/4352
-------    当前进度:  74 % - 矩阵分解
Memory: 3108/3108 4352/4352
-------    当前进度:  75 % - 矩阵分解
Memory: 3145/3145 4352/4352
-------    当前进度:  76 % - 矩阵分解
Memory: 3174/3174 4355/4355
-------    当前进度:  77 % - 矩阵分解
Memory: 3222/3222 4357/4357
-------    当前进度:  78 % - 矩阵分解
Memory: 3253/3253 4357/4357
-------    当前进度:  79 % - 矩阵分解
Memory: 3333/3333 4358/4358
--------   当前进度:  80 % - 矩阵分解
Memory: 3374/3374 4358/4358
--------   当前进度:  81 % - 矩阵分解
Memory: 3393/3393 4358/4358
--------   当前进度:  82 % - 矩阵分解
Memory: 3421/3421 4358/4358
--------   当前进度:  83 % - 矩阵分解
Memory: 3448/3448 4358/4358
--------   当前进度:  84 % - 矩阵分解
Memory: 3506/3506 4358/4358
--------   当前进度:  85 % - 矩阵分解
Memory: 3545/3545 4358/4358
--------   当前进度:  87 % - 矩阵分解
Memory: 3592/3592 4358/4358
--------   当前进度:  88 % - 矩阵分解
Memory: 3644/3644 4358/4358
--------   当前进度:  89 % - 矩阵分解
Memory: 3669/3669 4358/4358
---------  当前进度:  90 % - 矩阵分解
Memory: 3696/3696 4358/4358
Iter      SolEst     Damping    Stepsize #Res #Jac #Sol   LinErr   LinRes
---------- 当前进度: 100 % - 求解线性方程组
Memory: 3730/3730 4379/4380
   1           1   1.0000000           1    1    1    1  1.5e-11  1.8e-14
求解时间：23 s。
物理内存: 3.73 GB
虚拟内存: 4.38 GB
结束时间：2026年9月11日 下午12:44:23。
----- 研究 90/解 1 (sol1) 中的“稳态求解器 1” -------------------------------------------->
           当前进度:   0 % - Moving Magnet Sphere x=26 mm
Memory: 1243/3733 1484/4380
           当前进度:   2 % - 圆柱体 2
Memory: 1243/3733 1485/4380
           当前进度:   3 % - 圆柱体 3
           当前进度:   5 % - Air Domain R=200 mm
           当前进度:   7 % - Hole 1 Optimized
           当前进度:   9 % - Hole 2 Optimized
-          当前进度:  10 % - Hole 3 Optimized
Memory: 1244/3733 1485/4380
-          当前进度:  12 % - point1
-          当前进度:  14 % - 钢片减去优化孔
-          当前进度:  14 % - 执行布尔操作
---        当前进度:  31 % - 旋转 1
----       当前进度:  48 % - 移动 1
------     当前进度:  66 % - 移动
--------   当前进度:  83 % - Form Union
---------- 当前进度: 100 % - 正在更新选择
Memory: 1245/3733 1486/4380
顶点单元数：37
           当前进度:   5 % - 分析域
Memory: 1283/3733 1529/4380
           当前进度:   6 % - 分析域
Memory: 1280/3733 1523/4380
           当前进度:   7 % - 分析域
Memory: 1281/3733 1525/4380
           当前进度:   8 % - 分析域
Memory: 1282/3733 1525/4380
           当前进度:   9 % - 分析域
Memory: 1282/3733 1526/4380
-          当前进度:  11 % - 调整边界网格
Memory: 1295/3733 1538/4380
-          当前进度:  12 % - 调整边界网格
Memory: 1297/3733 1541/4380
-          当前进度:  13 % - 调整边界网格
Memory: 1301/3733 1546/4380
-          当前进度:  14 % - 调整边界网格
Memory: 1186/3733 1436/4380
-          当前进度:  15 % - 调整边界网格
Memory: 1180/3733 1445/4380
-          当前进度:  16 % - 调整边界网格
-          当前进度:  18 % - 调整边界网格
Memory: 1181/3733 1447/4380
--         当前进度:  22 % - 正在创建边界网格
Memory: 1194/3733 1456/4380
--         当前进度:  23 % - 正在创建边界网格
Memory: 1197/3733 1458/4380
边单元数：1120
边界单元数：44742
---        当前进度:  35 % - 正在创建初始四面体网格
Memory: 1159/3733 1423/4380
----       当前进度:  41 % - 正在创建初始四面体网格
Memory: 1163/3733 1412/4380
----       当前进度:  48 % - 正在创建初始四面体网格
Memory: 1191/3733 1443/4380
-----      当前进度:  53 % - 正在创建初始四面体网格
Memory: 1205/3733 1456/4380
-----      当前进度:  54 % - 相关边界
Memory: 1218/3733 1496/4380
------     当前进度:  69 % - 插入内部点
Memory: 1241/3733 1537/4380
-------    当前进度:  71 % - 插入内部点
Memory: 1238/3733 1526/4380
-------    当前进度:  74 % - 插入内部点
Memory: 1232/3733 1514/4380
-------    当前进度:  79 % - 插入内部点
Memory: 1234/3733 1518/4380
--------   当前进度:  84 % - 插入内部点
Memory: 1240/3733 1519/4380
--------   当前进度:  86 % - 插入内部点
Memory: 1246/3733 1521/4380
--------   当前进度:  89 % - 提高单元质量
Memory: 1233/3733 1495/4380
---------  当前进度:  92 % - 提高单元质量
Memory: 1237/3733 1512/4380
---------  当前进度:  93 % - 提高单元质量
Memory: 1236/3733 1503/4380
单元数：557996
---------- 当前进度: 100 % - 正在定型网格
Memory: 1121/3733 1368/4380
最小单元质量：0.1949
------     当前进度:  60 % - 生成方程
Memory: 1196/3733 1438/4380
-------    当前进度:  72 % - 生成方程
Memory: 1205/3733 1443/4380
<---- 研究 90/解 1 (sol1) 中的“编译方程: 稳态” --------------------------------------------
开始于 2026年9月11日 下午12:44:37。
几何形函数: 二次拉格朗日单元
在  上运行。
在以下位置使用 1 个插槽： Zifeng 上（共 8 个内核）。
可用内存：32.60 GB。
           当前进度:   0 % - 编译方程: 稳态
Memory: 1217/3733 1454/4380
在  上运行。
在以下位置使用 1 个插槽： Zifeng 上（共 8 个内核）。
可用内存：32.60 GB。
           当前进度:   1 % - 编译方程: 稳态
Memory: 1279/3733 1518/4380
           当前进度:   3 % - 编译方程: 稳态
Memory: 1266/3733 1526/4380
           当前进度:   5 % - 编译方程: 稳态
Memory: 1270/3733 1512/4380
时间：2。
物理内存: 1.34 GB
虚拟内存: 1.59 GB
结束时间：2026年9月11日 下午12:44:39。
----- 研究 90/解 1 (sol1) 中的“编译方程: 稳态” ------------------------------------------->
<---- 研究 90/解 1 (sol1) 中的“因变量 1” -----------------------------------------------
开始于 2026年9月11日 下午12:44:39。
           当前进度:   5 % - 因变量 1
Memory: 1346/3733 1580/4380
求解时间：0 s。
物理内存: 1.36 GB
虚拟内存: 1.59 GB
结束时间：2026年9月11日 下午12:44:40。
----- 研究 90/解 1 (sol1) 中的“因变量 1” ---------------------------------------------->
<---- 研究 90/解 1 (sol1) 中的“稳态求解器 1” ---------------------------------------------
开始于 2026年9月11日 下午12:44:40。
线性求解器
求解的自由度数：744844。
-          当前进度:  18 % - 组装矩阵
Memory: 1397/3733 1656/4380
--         当前进度:  22 % - 组装稀疏模式
Memory: 1560/3733 1827/4380
---        当前进度:  35 % - 组装矩阵
Memory: 1731/3733 2014/4380
---        当前进度:  36 % - 组装矩阵
Memory: 1705/3733 1988/4380
---        当前进度:  36 % - 
Memory: 1711/3733 1995/4380
找到对称矩阵。
缩放因变量：
磁标势 (comp1.Vm): 1
已使用正交零空间函数。
---        当前进度:  36 % - 约束处理
Memory: 1783/3733 2075/4380
---        当前进度:  36 % - 矩阵分解
Memory: 1708/3733 1989/4380
---        当前进度:  38 % - 矩阵分解
Memory: 2901/3733 8619/8619
----       当前进度:  40 % - 矩阵分解
Memory: 3052/3733 8619/8619
----       当前进度:  41 % - 矩阵分解
Memory: 3180/3733 8619/8619
----       当前进度:  43 % - 矩阵分解
Memory: 3308/3733 8619/8619
----       当前进度:  44 % - 矩阵分解
Memory: 3436/3733 8619/8619
----       当前进度:  46 % - 矩阵分解
Memory: 3565/3733 8619/8619
----       当前进度:  47 % - 矩阵分解
Memory: 3694/3733 8619/8619
----       当前进度:  48 % - 矩阵分解
Memory: 3828/3828 8619/8619
-----      当前进度:  50 % - 矩阵分解
Memory: 3949/3949 8619/8619
-----      当前进度:  51 % - 矩阵分解
Memory: 4067/4067 8619/8619
-----      当前进度:  53 % - 矩阵分解
Memory: 4194/4194 8619/8619
-----      当前进度:  54 % - 矩阵分解
Memory: 4309/4309 8619/8619
-----      当前进度:  55 % - 矩阵分解
Memory: 4412/4412 8619/8619
-----      当前进度:  56 % - 矩阵分解
Memory: 4515/4515 8619/8619
-----      当前进度:  57 % - 矩阵分解
Memory: 4612/4612 8619/8619
-----      当前进度:  58 % - 矩阵分解
Memory: 4704/4704 8618/8619
-----      当前进度:  59 % - 矩阵分解
Memory: 4787/4787 8618/8619
------     当前进度:  60 % - 矩阵分解
Memory: 4862/4862 8618/8619
------     当前进度:  61 % - 矩阵分解
Memory: 4924/4924 8618/8619
------     当前进度:  62 % - 矩阵分解
Memory: 5054/5054 8618/8619
------     当前进度:  63 % - 矩阵分解
Memory: 5126/5126 8618/8619
------     当前进度:  64 % - 矩阵分解
Memory: 5195/5195 8618/8619
------     当前进度:  65 % - 矩阵分解
Memory: 5321/5321 8618/8619
------     当前进度:  66 % - 矩阵分解
Memory: 5393/5393 8618/8619
------     当前进度:  67 % - 矩阵分解
Memory: 5481/5481 8618/8619
------     当前进度:  68 % - 矩阵分解
Memory: 5577/5577 8618/8619
------     当前进度:  69 % - 矩阵分解
Memory: 5659/5659 8618/8619
-------    当前进度:  70 % - 矩阵分解
Memory: 5732/5732 8618/8619
-------    当前进度:  71 % - 矩阵分解
Memory: 5839/5839 8618/8619
-------    当前进度:  72 % - 矩阵分解
Memory: 5940/5940 8618/8619
-------    当前进度:  73 % - 矩阵分解
Memory: 6032/6032 8618/8619
-------    当前进度:  74 % - 矩阵分解
Memory: 6131/6131 8618/8619
-------    当前进度:  75 % - 矩阵分解
Memory: 6188/6188 8618/8619
-------    当前进度:  76 % - 矩阵分解
Memory: 6314/6314 8618/8619
-------    当前进度:  77 % - 矩阵分解
Memory: 6386/6386 8618/8619
-------    当前进度:  78 % - 矩阵分解
Memory: 6506/6506 8618/8619
-------    当前进度:  79 % - 矩阵分解
Memory: 6567/6567 8618/8619
--------   当前进度:  80 % - 矩阵分解
Memory: 6692/6692 8618/8619
--------   当前进度:  81 % - 矩阵分解
Memory: 6732/6732 8618/8619
--------   当前进度:  82 % - 矩阵分解
Memory: 6823/6823 8618/8619
--------   当前进度:  83 % - 矩阵分解
Memory: 6906/6906 8618/8619
--------   当前进度:  84 % - 矩阵分解
Memory: 7021/7021 8618/8619
--------   当前进度:  85 % - 矩阵分解
Memory: 7088/7088 8618/8619
--------   当前进度:  86 % - 矩阵分解
Memory: 7230/7230 8618/8619
--------   当前进度:  87 % - 矩阵分解
Memory: 7271/7271 8618/8619
--------   当前进度:  88 % - 矩阵分解
Memory: 7359/7359 8618/8619
--------   当前进度:  89 % - 矩阵分解
Memory: 7433/7433 8618/8619
---------  当前进度:  90 % - 矩阵分解
Memory: 7529/7529 8618/8619
Iter      SolEst     Damping    Stepsize #Res #Jac #Sol   LinErr   LinRes
---------- 当前进度: 100 % - 求解线性方程组
Memory: 7629/7629 8664/8664
   1           1   1.0000000           1    1    1    1  3.9e-12  1.4e-14
求解时间：46 s。
物理内存: 7.64 GB
虚拟内存: 8.67 GB
结束时间：2026年9月11日 下午12:45:26。
----- 研究 90/解 1 (sol1) 中的“稳态求解器 1” -------------------------------------------->
           当前进度:   0 % - Moving Magnet Sphere x=26 mm
Memory: 1505/7638 1746/8667
           当前进度:   2 % - 圆柱体 2
           当前进度:   3 % - 圆柱体 3
Memory: 1508/7638 1749/8667
           当前进度:   5 % - Air Domain R=200 mm
           当前进度:   7 % - Hole 1 Optimized
Memory: 1505/7638 1746/8667
           当前进度:   9 % - Hole 2 Optimized
-          当前进度:  10 % - Hole 3 Optimized
-          当前进度:  12 % - point1
-          当前进度:  14 % - 钢片减去优化孔
-          当前进度:  14 % - 执行布尔操作
Memory: 1507/7638 1748/8667
---        当前进度:  31 % - 旋转 1
----       当前进度:  48 % - 移动 1
------     当前进度:  66 % - 移动
--------   当前进度:  83 % - Form Union
Memory: 1507/7638 1749/8667
---------- 当前进度: 100 % - 正在更新选择
顶点单元数：37
           当前进度:   5 % - 分析域
Memory: 1550/7638 1795/8667
           当前进度:   6 % - 分析域
Memory: 1557/7638 1802/8667
           当前进度:   7 % - 分析域
Memory: 1565/7638 1811/8667
           当前进度:   8 % - 分析域
           当前进度:   9 % - 分析域
Memory: 1566/7638 1812/8667
-          当前进度:  10 % - 调整边界网格
Memory: 1588/7638 1833/8667
-          当前进度:  11 % - 调整边界网格
Memory: 1593/7638 1840/8667
-          当前进度:  12 % - 调整边界网格
Memory: 1599/7638 1846/8667
-          当前进度:  13 % - 调整边界网格
Memory: 1610/7638 1852/8667
-          当前进度:  14 % - 调整边界网格
Memory: 1596/7638 1838/8667
-          当前进度:  15 % - 调整边界网格
-          当前进度:  16 % - 调整边界网格
-          当前进度:  17 % - 调整边界网格
Memory: 1597/7638 1840/8667
-          当前进度:  18 % - 调整边界网格
Memory: 1598/7638 1840/8667
--         当前进度:  22 % - 正在创建边界网格
Memory: 1559/7638 1800/8667
--         当前进度:  23 % - 正在创建边界网格
--         当前进度:  24 % - 正在创建边界网格
边单元数：1432
边界单元数：77906
---        当前进度:  37 % - 正在创建初始四面体网格
Memory: 1505/7638 1744/8667
----       当前进度:  40 % - 正在创建初始四面体网格
Memory: 1508/7638 1749/8667
----       当前进度:  43 % - 正在创建初始四面体网格
Memory: 1522/7638 1763/8667
----       当前进度:  46 % - 正在创建初始四面体网格
Memory: 1530/7638 1774/8667
----       当前进度:  49 % - 正在创建初始四面体网格
Memory: 1536/7638 1784/8667
-----      当前进度:  51 % - 正在创建初始四面体网格
Memory: 1541/7638 1787/8667
-----      当前进度:  53 % - 正在创建初始四面体网格
Memory: 1547/7638 1793/8667
-----      当前进度:  54 % - 相关边界
Memory: 1553/7638 1845/8667
-----      当前进度:  58 % - 相关边界
Memory: 1579/7638 1856/8667
------     当前进度:  69 % - 插入内部点
Memory: 1580/7638 1905/8667
-------    当前进度:  70 % - 插入内部点
Memory: 1585/7638 1905/8667
-------    当前进度:  71 % - 插入内部点
Memory: 1596/7638 1905/8667
-------    当前进度:  72 % - 插入内部点
Memory: 1586/7638 1888/8667
-------    当前进度:  74 % - 插入内部点
Memory: 1569/7638 1864/8667
-------    当前进度:  77 % - 插入内部点
Memory: 1573/7638 1880/8667
-------    当前进度:  79 % - 插入内部点
Memory: 1575/7638 1868/8667
--------   当前进度:  81 % - 插入内部点
Memory: 1579/7638 1879/8667
--------   当前进度:  84 % - 插入内部点
Memory: 1584/7638 1879/8667
--------   当前进度:  86 % - 插入内部点
Memory: 1589/7638 1879/8667
--------   当前进度:  86 % - 提高单元质量
Memory: 1568/7638 1828/8667
--------   当前进度:  89 % - 提高单元质量
Memory: 1569/7638 1843/8667
---------  当前进度:  92 % - 提高单元质量
Memory: 1568/7638 1841/8667
---------  当前进度:  93 % - 提高单元质量
Memory: 1568/7638 1844/8667
单元数：1036190
---------- 当前进度: 100 % - 正在定型网格
Memory: 1469/7638 1712/8667
最小单元质量：0.1723
           当前进度:   0 % - 
Memory: 1510/7638 1751/8667
<---- 研究 90/解 1 (sol1) 中的“编译方程: 稳态” --------------------------------------------
开始于 2026年9月11日 下午12:45:49。
几何形函数: 二次拉格朗日单元
在  上运行。
在以下位置使用 1 个插槽： Zifeng 上（共 8 个内核）。
可用内存：32.60 GB。
           当前进度:   0 % - 编译方程: 稳态
Memory: 1524/7638 1763/8667
在  上运行。
在以下位置使用 1 个插槽： Zifeng 上（共 8 个内核）。
可用内存：32.60 GB。
           当前进度:   1 % - 编译方程: 稳态
Memory: 1642/7638 1888/8667
           当前进度:   3 % - 编译方程: 稳态
Memory: 1602/7638 1859/8667
           当前进度:   5 % - 编译方程: 稳态
Memory: 1470/7638 1710/8667
时间：3。
物理内存: 1.74 GB
虚拟内存: 2 GB
结束时间：2026年9月11日 下午12:45:52。
----- 研究 90/解 1 (sol1) 中的“编译方程: 稳态” ------------------------------------------->
<---- 研究 90/解 1 (sol1) 中的“因变量 1” -----------------------------------------------
开始于 2026年9月11日 下午12:45:52。
           当前进度:   5 % - 因变量 1
Memory: 1598/7638 1829/8667
求解时间：1 s。
物理内存: 1.6 GB
虚拟内存: 1.83 GB
结束时间：2026年9月11日 下午12:45:53。
----- 研究 90/解 1 (sol1) 中的“因变量 1” ---------------------------------------------->
<---- 研究 90/解 1 (sol1) 中的“稳态求解器 1” ---------------------------------------------
开始于 2026年9月11日 下午12:45:53。
           当前进度:   9 % - 稳态求解器 1
Memory: 1620/7638 1848/8667
线性求解器
求解的自由度数：1382426。
-          当前进度:  18 % - 组装矩阵
Memory: 1617/7638 1844/8667
--         当前进度:  21 % - 组装稀疏模式
Memory: 1922/7638 2161/8667
--         当前进度:  22 % - 组装稀疏模式
Memory: 2063/7638 2323/8667
--         当前进度:  25 % - 组装矩阵
Memory: 2387/7638 2628/8667
--         当前进度:  29 % - 组装矩阵
---        当前进度:  35 % - 组装矩阵
Memory: 2346/7638 2586/8667
---        当前进度:  36 % - 组装矩阵
Memory: 2300/7638 2540/8667
---        当前进度:  36 % - 
Memory: 2356/7638 2626/8667
找到对称矩阵。
缩放因变量：
磁标势 (comp1.Vm): 1
已使用正交零空间函数。
---        当前进度:  36 % - 约束处理
Memory: 2463/7638 2775/8667
---        当前进度:  36 % - 矩阵分解
Memory: 2368/7638 2775/8667
---        当前进度:  37 % - 矩阵分解
Memory: 4437/7638 16404/16404
---        当前进度:  39 % - 矩阵分解
Memory: 4749/7638 16522/16522
----       当前进度:  40 % - 矩阵分解
Memory: 5075/7638 16523/16523
----       当前进度:  41 % - 矩阵分解
Memory: 5215/7638 16524/16524
----       当前进度:  42 % - 矩阵分解
Memory: 5346/7638 16525/16525
----       当前进度:  43 % - 矩阵分解
Memory: 5627/7638 16526/16526
----       当前进度:  44 % - 矩阵分解
Memory: 5770/7638 16527/16527
----       当前进度:  45 % - 矩阵分解
Memory: 5900/7638 16527/16527
----       当前进度:  46 % - 矩阵分解
Memory: 6165/7638 16529/16529
----       当前进度:  47 % - 矩阵分解
Memory: 6293/7638 16530/16530
----       当前进度:  48 % - 矩阵分解
Memory: 6542/7638 16531/16531
----       当前进度:  49 % - 矩阵分解
Memory: 6789/7638 16533/16533
-----      当前进度:  50 % - 矩阵分解
Memory: 6912/7638 16533/16533
-----      当前进度:  51 % - 矩阵分解
Memory: 7032/7638 16533/16533
-----      当前进度:  52 % - 矩阵分解
Memory: 7263/7638 16536/16537
-----      当前进度:  53 % - 矩阵分解
Memory: 7486/7638 16537/16537
-----      当前进度:  54 % - 矩阵分解
Memory: 7695/7695 16538/16538
-----      当前进度:  55 % - 矩阵分解
Memory: 7887/7887 16540/16540
-----      当前进度:  56 % - 矩阵分解
Memory: 8149/8149 16545/16545
-----      当前进度:  57 % - 矩阵分解
Memory: 8222/8222 16545/16545
-----      当前进度:  58 % - 矩阵分解
Memory: 8378/8378 16545/16545
-----      当前进度:  59 % - 矩阵分解
Memory: 8600/8600 16546/16546
------     当前进度:  60 % - 矩阵分解
Memory: 8803/8803 16547/16547
------     当前进度:  61 % - 矩阵分解
Memory: 9042/9042 16548/16548
------     当前进度:  62 % - 矩阵分解
Memory: 9246/9246 16550/16550
------     当前进度:  63 % - 矩阵分解
Memory: 9394/9394 16550/16550
------     当前进度:  64 % - 矩阵分解
Memory: 9585/9585 16550/16550
------     当前进度:  65 % - 矩阵分解
Memory: 9771/9771 16550/16550
------     当前进度:  66 % - 矩阵分解
Memory: 10028/10028 16550/16550
------     当前进度:  67 % - 矩阵分解
Memory: 10229/10229 16550/16550
------     当前进度:  68 % - 矩阵分解
Memory: 10485/10485 16550/16550
------     当前进度:  69 % - 矩阵分解
Memory: 10547/10547 16550/16550
-------    当前进度:  70 % - 矩阵分解
Memory: 10746/10746 16550/16550
-------    当前进度:  71 % - 矩阵分解
Memory: 10943/10943 16550/16550
-------    当前进度:  72 % - 矩阵分解
Memory: 11192/11192 16550/16550
-------    当前进度:  73 % - 矩阵分解
Memory: 11368/11368 16550/16550
-------    当前进度:  74 % - 矩阵分解
Memory: 11628/11628 16550/16550
-------    当前进度:  75 % - 矩阵分解
Memory: 11732/11732 16550/16550
-------    当前进度:  76 % - 矩阵分解
Memory: 11959/11959 16550/16550
-------    当前进度:  77 % - 矩阵分解
Memory: 12149/12149 16550/16550
-------    当前进度:  78 % - 矩阵分解
Memory: 12368/12368 16550/16550
-------    当前进度:  79 % - 矩阵分解
Memory: 12571/12571 16550/16550
--------   当前进度:  80 % - 矩阵分解
Memory: 12742/12742 16550/16550
--------   当前进度:  81 % - 矩阵分解
Memory: 12833/12833 16550/16550
--------   当前进度:  82 % - 矩阵分解
Memory: 13100/13100 16550/16550
--------   当前进度:  83 % - 矩阵分解
Memory: 13329/13329 16550/16550
--------   当前进度:  84 % - 矩阵分解
Memory: 13519/13519 16550/16550
--------   当前进度:  85 % - 矩阵分解
Memory: 13701/13701 16550/16550
--------   当前进度:  86 % - 矩阵分解
Memory: 13914/13914 16550/16550
--------   当前进度:  87 % - 矩阵分解
Memory: 14025/14025 16550/16550
--------   当前进度:  88 % - 矩阵分解
Memory: 14226/14226 16550/16550
--------   当前进度:  89 % - 矩阵分解
Memory: 14399/14399 16550/16550
---------  当前进度:  90 % - 矩阵分解
Memory: 14626/14626 16550/16550
Iter      SolEst     Damping    Stepsize #Res #Jac #Sol   LinErr   LinRes
---------- 当前进度: 100 % - 求解线性方程组
Memory: 14850/14850 16634/16634
   1           1   1.0000000           1    1    1    1  5.6e-11  1.8e-14
求解时间：125 s。 （2 分钟，5 秒）
物理内存: 14.9 GB
虚拟内存: 16.68 GB
结束时间：2026年9月11日 下午12:47:58。
----- 研究 90/解 1 (sol1) 中的“稳态求解器 1” -------------------------------------------->
