PAIR level=M_h003 cyl=3 steel=2 mesh_elements_locked=194131 min_quality=0.160600000000
STEEL_ON_CAPTURE material=mat5 label=UNS S30415 [solid] domains=[2] constitutive=[RelativePermeability] mur_mat=from_mat mur=1 Br_mat=from_mat Br=0
STEEL_OFF_CONFIG material_air_domains=[1,2] mfcs2_domains=[2] active_constitutive=RelativePermeability mur=1 remanence=OFF
REFERENCE_CHECK_START
REFERENCE_CHECK_DONE
CLEAR_OLD_SOLUTIONS_START
CLEAR_OLD_SOLUTIONS_DONE
RESULT_ARRAY_CREATE_START
RESULT_ARRAY_CREATE_DONE
MESH_REUSE_LOCKED elements=194131 min_quality=0.160600000000
SOLVE_START OFF sol=sol1 reuse_saved_sequence=true
SOLVE_DONE OFF sol=sol1
STEEL_ON_CONFIG material_mat5_domains=[2] mfcs2_domains=[2] restored_material_constitutive=RelativePermeability mur_mat=from_mat mur=1 Br_mat=from_mat Br=0
REFERENCE_CHECK_START
REFERENCE_CHECK_DONE
CLEAR_OLD_SOLUTIONS_START
CLEAR_OLD_SOLUTIONS_DONE
RESULT_ARRAY_CREATE_START
RESULT_ARRAY_CREATE_DONE
MESH_REUSE_LOCKED elements=194131 min_quality=0.160600000000
SOLVE_START ON sol=sol1 reuse_saved_sequence=true
SOLVE_DONE ON sol=sol1
PAIR_RESULT level=M_h003 OFF_F=[-0.247610304802,-0.192087673210,0.0340978040999] ON_F=[-0.375970317168,-0.192057256299,0.0341205124419] DIFF_Fx=-0.128360012366 same_mesh=true elements=194131 status_off=1.0 status_on=1.0
PAIR level=M_h002 cyl=3 steel=2 mesh_elements_locked=423088 min_quality=0.144600000000
STEEL_ON_CAPTURE material=mat5 label=UNS S30415 [solid] domains=[2] constitutive=[RelativePermeability] mur_mat=from_mat mur=1 Br_mat=from_mat Br=0
STEEL_OFF_CONFIG material_air_domains=[1,2] mfcs2_domains=[2] active_constitutive=RelativePermeability mur=1 remanence=OFF
REFERENCE_CHECK_START
REFERENCE_CHECK_DONE
CLEAR_OLD_SOLUTIONS_START
CLEAR_OLD_SOLUTIONS_DONE
RESULT_ARRAY_CREATE_START
RESULT_ARRAY_CREATE_DONE
MESH_REUSE_LOCKED elements=423088 min_quality=0.144600000000
SOLVE_START OFF sol=sol1 reuse_saved_sequence=true
SOLVE_DONE OFF sol=sol1
STEEL_ON_CONFIG material_mat5_domains=[2] mfcs2_domains=[2] restored_material_constitutive=RelativePermeability mur_mat=from_mat mur=1 Br_mat=from_mat Br=0
REFERENCE_CHECK_START
REFERENCE_CHECK_DONE
CLEAR_OLD_SOLUTIONS_START
CLEAR_OLD_SOLUTIONS_DONE
RESULT_ARRAY_CREATE_START
RESULT_ARRAY_CREATE_DONE
MESH_REUSE_LOCKED elements=423088 min_quality=0.144600000000
SOLVE_START ON sol=sol1 reuse_saved_sequence=true
SOLVE_DONE ON sol=sol1
PAIR_RESULT level=M_h002 OFF_F=[-0.0970714725233,0.0301922442896,0.00121521822759] ON_F=[-0.225873547608,0.0301981475479,0.00124210316478] DIFF_Fx=-0.128802075085 same_mesh=true elements=423088 status_off=1.0 status_on=1.0
FINISH csv=H:\comsolcc\comsol_magnet\data\gap030_same_mesh_steel_on_off.csv audit=H:\comsolcc\comsol_magnet\data\modelA_gap030_steel_material_audit.txt
