*******************************************
***COMSOL 6.3.0.290 progress output file***
*******************************************
Fri Sep 11 10:32:24 CST 2026
顶点单元数：37
-          当前进度:  18 % - 调整边界网格
Memory: 818/896 979/1158
边单元数：481
边界单元数：4822
-----      当前进度:  54 % - 相关边界
Memory: 819/896 979/1158
--------   当前进度:  89 % - 提高单元质量
Memory: 822/896 981/1158
---------  当前进度:  99 % - 正在定型网格
Memory: 822/896 983/1158
单元数：60908
最小单元质量：0.2109
---------- 当前进度: 100 % - 正在定型网格
Memory: 821/896 979/1158
---------- 当前进度: 100 % - 正在分析几何
Memory: 819/896 977/1158
----       当前进度:  47 % - 生成方程
Memory: 831/896 970/1158
------     当前进度:  60 % - 生成方程
Memory: 858/896 979/1158
---        当前进度:  39 % - 生成方程
Memory: 890/899 1007/1158
<---- 研究/解 1 (sol1) 中的“编译方程: 稳态” -----------------------------------------------
开始于 2026年9月11日 上午10:32:37。
几何形函数: 二次拉格朗日单元
在  上运行。
在以下位置使用 1 个插槽： Zifeng 上（共 8 个内核）。
可用内存：32.60 GB。
           当前进度:   0 % - 生成方程
Memory: 832/899 947/1158
在  上运行。
在以下位置使用 1 个插槽： Zifeng 上（共 8 个内核）。
可用内存：32.60 GB。
           当前进度:   3 % - 编译方程: 稳态
Memory: 831/899 943/1158
           当前进度:   5 % - 编译方程: 稳态
Memory: 841/899 943/1158
时间：1。
物理内存: 884 MB
虚拟内存: 1000 MB
结束时间：2026年9月11日 上午10:32:39。
----- 研究/解 1 (sol1) 中的“编译方程: 稳态” ---------------------------------------------->
<---- 研究/解 1 (sol1) 中的“因变量 1” --------------------------------------------------
开始于 2026年9月11日 上午10:32:39。
           当前进度:   5 % - 因变量 1
Memory: 877/899 984/1158
求解时间：0 s。
物理内存: 877 MB
虚拟内存: 984 MB
结束时间：2026年9月11日 上午10:32:39。
----- 研究/解 1 (sol1) 中的“因变量 1” ------------------------------------------------->
<---- 研究/解 1 (sol1) 中的“稳态求解器 1” ------------------------------------------------
开始于 2026年9月11日 上午10:32:39。
线性求解器
求解的自由度数：81827。
---        当前进度:  36 % - 组装矩阵
Memory: 1028/1031 1172/1176
找到对称矩阵。
缩放因变量：
磁标势 (comp1.Vm): 1
已使用正交零空间函数。
---        当前进度:  36 % - 矩阵分解
Memory: 1039/1105 1207/1259
----       当前进度:  41 % - 矩阵分解
Memory: 1155/1168 1826/1826
------     当前进度:  66 % - 矩阵分解
Memory: 1296/1296 1837/1837
-------    当前进度:  78 % - 矩阵分解
Memory: 1365/1365 1842/1842
--------   当前进度:  86 % - 矩阵分解
Memory: 1407/1407 1842/1842
--------   当前进度:  89 % - 矩阵分解
Memory: 1421/1421 1842/1842
Iter      SolEst     Damping    Stepsize #Res #Jac #Sol   LinErr   LinRes
   1        0.96   1.0000000        0.96    1    1    1  9.3e-14  1.7e-14
---------- 当前进度: 100 % - 求解线性方程组
Memory: 1001/1428 1329/1847
求解时间：3 s。
物理内存: 1.43 GB
虚拟内存: 1.85 GB
结束时间：2026年9月11日 上午10:32:42。
----- 研究/解 1 (sol1) 中的“稳态求解器 1” ----------------------------------------------->
------     当前进度:  60 % - 生成方程
Memory: 1048/1428 1314/1847
---        当前进度:  39 % - 生成方程
Memory: 1069/1428 1333/1847
<---- 研究 2/解 2 (sol2) 中的“编译方程: 稳态” ---------------------------------------------
开始于 2026年9月11日 上午10:32:44。
几何形函数: 二次拉格朗日单元
在  上运行。
在以下位置使用 1 个插槽： Zifeng 上（共 8 个内核）。
可用内存：32.60 GB。
           当前进度:   0 % - 生成方程
Memory: 1078/1428 1334/1847
在  上运行。
在以下位置使用 1 个插槽： Zifeng 上（共 8 个内核）。
可用内存：32.60 GB。
           当前进度:   5 % - 编译方程: 稳态
Memory: 1094/1428 1348/1847
时间：1。
物理内存: 1.09 GB
虚拟内存: 1.35 GB
结束时间：2026年9月11日 上午10:32:44。
----- 研究 2/解 2 (sol2) 中的“编译方程: 稳态” -------------------------------------------->
<---- 研究 2/解 2 (sol2) 中的“因变量 1” ------------------------------------------------
开始于 2026年9月11日 上午10:32:44。
           当前进度:   5 % - 因变量 1
Memory: 1091/1428 1343/1847
求解时间：0 s。
物理内存: 1.09 GB
虚拟内存: 1.34 GB
结束时间：2026年9月11日 上午10:32:44。
----- 研究 2/解 2 (sol2) 中的“因变量 1” ----------------------------------------------->
<---- 研究 2/解 2 (sol2) 中的“稳态求解器 1” ----------------------------------------------
开始于 2026年9月11日 上午10:32:44。
线性求解器
求解的自由度数：81827。
找到对称矩阵。
缩放因变量：
磁标势 (comp1.Vm): 1
已使用正交零空间函数。
---        当前进度:  36 % - 矩阵分解
Memory: 1159/1428 1414/1847
-----      当前进度:  55 % - 矩阵分解
Memory: 1364/1428 1895/1895
-------    当前进度:  74 % - 矩阵分解
Memory: 1467/1467 1897/1897
--------   当前进度:  83 % - 矩阵分解
Memory: 1516/1516 1898/1898
--------   当前进度:  88 % - 矩阵分解
Memory: 1544/1544 1898/1898
Iter      SolEst     Damping    Stepsize #Res #Jac #Sol   LinErr   LinRes
---------- 当前进度: 100 % - 求解线性方程组
Memory: 1537/1550 1885/1898
   1        0.95   1.0000000        0.95    1    1    1  1.7e-11  1.8e-14
求解时间：2 s。
物理内存: 1.55 GB
虚拟内存: 1.92 GB
结束时间：2026年9月11日 上午10:32:47。
----- 研究 2/解 2 (sol2) 中的“稳态求解器 1” --------------------------------------------->
------     当前进度:  60 % - 生成方程
Memory: 1102/1550 1353/1916
           当前进度:   0 % - 
Memory: 1088/1550 1340/1916
<---- 研究 3/解 3 (sol3) 中的“编译方程: 稳态” ---------------------------------------------
开始于 2026年9月11日 上午10:32:48。
几何形函数: 二次拉格朗日单元
在  上运行。
在以下位置使用 1 个插槽： Zifeng 上（共 8 个内核）。
可用内存：32.60 GB。
           当前进度:   0 % - 编译方程: 稳态
Memory: 1085/1550 1338/1916
在  上运行。
在以下位置使用 1 个插槽： Zifeng 上（共 8 个内核）。
可用内存：32.60 GB。
           当前进度:   5 % - 编译方程: 稳态
Memory: 1104/1550 1356/1916
时间：1。
物理内存: 1.1 GB
虚拟内存: 1.36 GB
结束时间：2026年9月11日 上午10:32:49。
----- 研究 3/解 3 (sol3) 中的“编译方程: 稳态” -------------------------------------------->
<---- 研究 3/解 3 (sol3) 中的“因变量 1” ------------------------------------------------
开始于 2026年9月11日 上午10:32:49。
           当前进度:   5 % - 因变量 1
Memory: 1106/1550 1356/1916
求解时间：0 s。
物理内存: 1.11 GB
虚拟内存: 1.36 GB
结束时间：2026年9月11日 上午10:32:49。
----- 研究 3/解 3 (sol3) 中的“因变量 1” ----------------------------------------------->
<---- 研究 3/解 3 (sol3) 中的“稳态求解器 1” ----------------------------------------------
开始于 2026年9月11日 上午10:32:49。
线性求解器
求解的自由度数：81827。
找到对称矩阵。
缩放因变量：
磁标势 (comp1.Vm): 1
已使用正交零空间函数。
---        当前进度:  36 % - 矩阵分解
Memory: 1220/1550 1497/1916
------     当前进度:  60 % - 矩阵分解
Memory: 1393/1550 1898/1916
-------    当前进度:  76 % - 矩阵分解
Memory: 1474/1550 1898/1916
--------   当前进度:  84 % - 矩阵分解
Memory: 1524/1550 1898/1916
--------   当前进度:  88 % - 矩阵分解
Memory: 1547/1550 1898/1916
Iter      SolEst     Damping    Stepsize #Res #Jac #Sol   LinErr   LinRes
   1        0.95   1.0000000        0.95    1    1    1  7.2e-12  1.7e-14
---------- 当前进度: 100 % - 求解线性方程组
Memory: 1432/1557 1698/1916
求解时间：2 s。
物理内存: 1.56 GB
虚拟内存: 1.9 GB
结束时间：2026年9月11日 上午10:32:51。
----- 研究 3/解 3 (sol3) 中的“稳态求解器 1” --------------------------------------------->
           当前进度:   0 % - 
Memory: 1109/1557 1365/1916
---        当前进度:  39 % - 生成方程
Memory: 1120/1557 1374/1916
<---- 研究 4/解 4 (sol4) 中的“编译方程: 稳态” ---------------------------------------------
开始于 2026年9月11日 上午10:32:52。
几何形函数: 二次拉格朗日单元
在  上运行。
在以下位置使用 1 个插槽： Zifeng 上（共 8 个内核）。
可用内存：32.60 GB。
           当前进度:   0 % - 编译方程: 稳态
Memory: 1075/1557 1331/1916
在  上运行。
在以下位置使用 1 个插槽： Zifeng 上（共 8 个内核）。
可用内存：32.60 GB。
           当前进度:   5 % - 编译方程: 稳态
Memory: 1102/1557 1357/1916
时间：1。
物理内存: 1.1 GB
虚拟内存: 1.36 GB
结束时间：2026年9月11日 上午10:32:53。
----- 研究 4/解 4 (sol4) 中的“编译方程: 稳态” -------------------------------------------->
<---- 研究 4/解 4 (sol4) 中的“因变量 1” ------------------------------------------------
开始于 2026年9月11日 上午10:32:53。
           当前进度:   5 % - 因变量 1
求解时间：0 s。
物理内存: 1.1 GB
虚拟内存: 1.36 GB
结束时间：2026年9月11日 上午10:32:53。
----- 研究 4/解 4 (sol4) 中的“因变量 1” ----------------------------------------------->
<---- 研究 4/解 4 (sol4) 中的“稳态求解器 1” ----------------------------------------------
开始于 2026年9月11日 上午10:32:53。
线性求解器
求解的自由度数：81827。
找到对称矩阵。
缩放因变量：
磁标势 (comp1.Vm): 1
已使用正交零空间函数。
---        当前进度:  36 % - 矩阵分解
Memory: 1238/1557 1491/1916
------     当前进度:  60 % - 矩阵分解
Memory: 1396/1557 1893/1916
-------    当前进度:  76 % - 矩阵分解
Memory: 1483/1557 1893/1916
--------   当前进度:  85 % - 矩阵分解
Memory: 1533/1557 1893/1916
--------   当前进度:  88 % - 矩阵分解
Memory: 1547/1557 1893/1916
Iter      SolEst     Damping    Stepsize #Res #Jac #Sol   LinErr   LinRes
   1        0.95   1.0000000        0.95    1    1    1  2.5e-12  1.7e-14
---------- 当前进度: 100 % - 求解线性方程组
Memory: 1144/1557 1692/1916
求解时间：2 s。
物理内存: 1.55 GB
虚拟内存: 1.89 GB
结束时间：2026年9月11日 上午10:32:55。
----- 研究 4/解 4 (sol4) 中的“稳态求解器 1” --------------------------------------------->
           当前进度:   0 % - 
Memory: 1110/1557 1358/1916
<---- 研究 5/解 5 (sol5) 中的“编译方程: 稳态” ---------------------------------------------
开始于 2026年9月11日 上午10:32:56。
几何形函数: 二次拉格朗日单元
在  上运行。
在以下位置使用 1 个插槽： Zifeng 上（共 8 个内核）。
可用内存：32.60 GB。
           当前进度:   0 % - 编译方程: 稳态
Memory: 1112/1557 1360/1916
在  上运行。
在以下位置使用 1 个插槽： Zifeng 上（共 8 个内核）。
可用内存：32.60 GB。
           当前进度:   5 % - 编译方程: 稳态
Memory: 1113/1557 1361/1916
时间：1。
物理内存: 1.11 GB
虚拟内存: 1.36 GB
结束时间：2026年9月11日 上午10:32:56。
----- 研究 5/解 5 (sol5) 中的“编译方程: 稳态” -------------------------------------------->
<---- 研究 5/解 5 (sol5) 中的“因变量 1” ------------------------------------------------
开始于 2026年9月11日 上午10:32:56。
           当前进度:   5 % - 因变量 1
求解时间：0 s。
物理内存: 1.11 GB
虚拟内存: 1.36 GB
结束时间：2026年9月11日 上午10:32:56。
----- 研究 5/解 5 (sol5) 中的“因变量 1” ----------------------------------------------->
<---- 研究 5/解 5 (sol5) 中的“稳态求解器 1” ----------------------------------------------
开始于 2026年9月11日 上午10:32:56。
线性求解器
求解的自由度数：81827。
找到对称矩阵。
缩放因变量：
磁标势 (comp1.Vm): 1
已使用正交零空间函数。
---        当前进度:  36 % - 矩阵分解
Memory: 1202/1557 1469/1916
-----      当前进度:  51 % - 矩阵分解
Memory: 1263/1557 1815/1916
-------    当前进度:  71 % - 矩阵分解
Memory: 1380/1557 1816/1916
-------    当前进度:  79 % - 矩阵分解
Memory: 1426/1557 1816/1916
--------   当前进度:  87 % - 矩阵分解
Memory: 1463/1557 1816/1916
--------   当前进度:  89 % - 矩阵分解
Memory: 1474/1557 1816/1916
Iter      SolEst     Damping    Stepsize #Res #Jac #Sol   LinErr   LinRes
   1        0.96   1.0000000        0.96    1    1    1  1.9e-11  1.7e-14
---------- 当前进度: 100 % - 求解线性方程组
Memory: 1049/1557 1306/1916
求解时间：2 s。
物理内存: 1.47 GB
虚拟内存: 1.82 GB
结束时间：2026年9月11日 上午10:32:59。
----- 研究 5/解 5 (sol5) 中的“稳态求解器 1” --------------------------------------------->
           当前进度:   0 % - 
Memory: 1104/1557 1356/1916
<---- 研究 6/解 6 (sol6) 中的“编译方程: 稳态” ---------------------------------------------
开始于 2026年9月11日 上午10:33:00。
几何形函数: 二次拉格朗日单元
在  上运行。
在以下位置使用 1 个插槽： Zifeng 上（共 8 个内核）。
可用内存：32.60 GB。
           当前进度:   0 % - 编译方程: 稳态
Memory: 1113/1557 1368/1916
在  上运行。
在以下位置使用 1 个插槽： Zifeng 上（共 8 个内核）。
可用内存：32.60 GB。
           当前进度:   5 % - 编译方程: 稳态
Memory: 1116/1557 1370/1916
时间：1。
物理内存: 1.12 GB
虚拟内存: 1.37 GB
结束时间：2026年9月11日 上午10:33:00。
----- 研究 6/解 6 (sol6) 中的“编译方程: 稳态” -------------------------------------------->
<---- 研究 6/解 6 (sol6) 中的“因变量 1” ------------------------------------------------
开始于 2026年9月11日 上午10:33:00。
           当前进度:   5 % - 因变量 1
Memory: 1117/1557 1370/1916
求解时间：0 s。
物理内存: 1.12 GB
虚拟内存: 1.37 GB
结束时间：2026年9月11日 上午10:33:00。
----- 研究 6/解 6 (sol6) 中的“因变量 1” ----------------------------------------------->
<---- 研究 6/解 6 (sol6) 中的“稳态求解器 1” ----------------------------------------------
开始于 2026年9月11日 上午10:33:00。
线性求解器
求解的自由度数：81827。
--         当前进度:  26 % - 组装矩阵
Memory: 1168/1557 1424/1916
找到对称矩阵。
缩放因变量：
磁标势 (comp1.Vm): 1
已使用正交零空间函数。
---        当前进度:  36 % - 矩阵分解
Memory: 1165/1557 1431/1916
---        当前进度:  39 % - 矩阵分解
Memory: 1295/1557 1917/1918
-----      当前进度:  53 % - 矩阵分解
Memory: 1374/1557 1917/1918
------     当前进度:  65 % - 矩阵分解
Memory: 1448/1557 1917/1918
-------    当前进度:  72 % - 矩阵分解
Memory: 1489/1557 1917/1918
-------    当前进度:  78 % - 矩阵分解
Memory: 1520/1557 1917/1918
--------   当前进度:  83 % - 矩阵分解
Memory: 1543/1557 1917/1918
--------   当前进度:  86 % - 矩阵分解
Memory: 1560/1560 1917/1918
--------   当前进度:  89 % - 矩阵分解
Memory: 1570/1570 1917/1918
Iter      SolEst     Damping    Stepsize #Res #Jac #Sol   LinErr   LinRes
---------- 当前进度: 100 % - 求解线性方程组
Memory: 1559/1577 1900/1919
   1        0.96   1.0000000        0.96    1    1    1  1.6e-11  1.8e-14
求解时间：4 s。
物理内存: 1.58 GB
虚拟内存: 1.92 GB
结束时间：2026年9月11日 上午10:33:04。
----- 研究 6/解 6 (sol6) 中的“稳态求解器 1” --------------------------------------------->
----       当前进度:  47 % - 生成方程
Memory: 1140/1577 1386/1919
------     当前进度:  60 % - 生成方程
---        当前进度:  39 % - 生成方程
-----      当前进度:  54 % - 生成方程
Memory: 1141/1577 1386/1919
<---- 研究 7/解 7 (sol7) 中的“编译方程: 稳态” ---------------------------------------------
开始于 2026年9月11日 上午10:33:07。
几何形函数: 二次拉格朗日单元
在  上运行。
在以下位置使用 1 个插槽： Zifeng 上（共 8 个内核）。
可用内存：32.60 GB。
           当前进度:   0 % - 生成方程
Memory: 1059/1577 1309/1919
在  上运行。
在以下位置使用 1 个插槽： Zifeng 上（共 8 个内核）。
可用内存：32.60 GB。
           当前进度:   5 % - 编译方程: 稳态
Memory: 1104/1577 1354/1919
时间：1。
物理内存: 1.14 GB
虚拟内存: 1.39 GB
结束时间：2026年9月11日 上午10:33:08。
----- 研究 7/解 7 (sol7) 中的“编译方程: 稳态” -------------------------------------------->
<---- 研究 7/解 7 (sol7) 中的“因变量 1” ------------------------------------------------
开始于 2026年9月11日 上午10:33:08。
           当前进度:   5 % - 因变量 1
Memory: 1111/1577 1358/1919
求解时间：0 s。
物理内存: 1.11 GB
虚拟内存: 1.36 GB
结束时间：2026年9月11日 上午10:33:08。
----- 研究 7/解 7 (sol7) 中的“因变量 1” ----------------------------------------------->
<---- 研究 7/解 7 (sol7) 中的“稳态求解器 1” ----------------------------------------------
开始于 2026年9月11日 上午10:33:08。
线性求解器
求解的自由度数：81827。
--         当前进度:  24 % - 组装矩阵
Memory: 1178/1577 1430/1919
找到对称矩阵。
缩放因变量：
磁标势 (comp1.Vm): 1
已使用正交零空间函数。
---        当前进度:  36 % - 矩阵分解
Memory: 1166/1577 1415/1919
---        当前进度:  38 % - 矩阵分解
Memory: 1308/1577 1956/1956
-----      当前进度:  54 % - 矩阵分解
Memory: 1401/1577 2105/2105
-----      当前进度:  59 % - 矩阵分解
Memory: 1472/1577 2107/2107
-------    当前进度:  76 % - 矩阵分解
Memory: 1525/1577 2110/2110
--------   当前进度:  81 % - 矩阵分解
Memory: 1557/1577 2111/2111
--------   当前进度:  87 % - 矩阵分解
Memory: 1581/1581 2111/2111
--------   当前进度:  89 % - 矩阵分解
Memory: 1592/1592 2111/2111
Iter      SolEst     Damping    Stepsize #Res #Jac #Sol   LinErr   LinRes
   1        0.96   1.0000000        0.96    1    1    1  5.7e-12  1.8e-14
---------- 当前进度: 100 % - 求解线性方程组
Memory: 1189/1593 1618/2111
求解时间：4 s。
物理内存: 1.59 GB
虚拟内存: 2.11 GB
结束时间：2026年9月11日 上午10:33:12。
----- 研究 7/解 7 (sol7) 中的“稳态求解器 1” --------------------------------------------->
----       当前进度:  47 % - 生成方程
Memory: 1151/1593 1577/2111
-----      当前进度:  54 % - 生成方程
Memory: 1152/1593 1578/2111
<---- 研究 8/解 8 (sol8) 中的“编译方程: 稳态” ---------------------------------------------
开始于 2026年9月11日 上午10:33:14。
几何形函数: 二次拉格朗日单元
在  上运行。
在以下位置使用 1 个插槽： Zifeng 上（共 8 个内核）。
可用内存：32.60 GB。
           当前进度:   0 % - 生成方程
Memory: 1153/1593 1579/2111
在  上运行。
在以下位置使用 1 个插槽： Zifeng 上（共 8 个内核）。
可用内存：32.60 GB。
           当前进度:   5 % - 编译方程: 稳态
Memory: 1155/1593 1581/2111
时间：1。
物理内存: 1.15 GB
虚拟内存: 1.58 GB
结束时间：2026年9月11日 上午10:33:15。
----- 研究 8/解 8 (sol8) 中的“编译方程: 稳态” -------------------------------------------->
<---- 研究 8/解 8 (sol8) 中的“因变量 1” ------------------------------------------------
开始于 2026年9月11日 上午10:33:15。
           当前进度:   5 % - 因变量 1
Memory: 1155/1593 1585/2111
求解时间：0 s。
物理内存: 1.15 GB
虚拟内存: 1.59 GB
结束时间：2026年9月11日 上午10:33:15。
----- 研究 8/解 8 (sol8) 中的“因变量 1” ----------------------------------------------->
<---- 研究 8/解 8 (sol8) 中的“稳态求解器 1” ----------------------------------------------
开始于 2026年9月11日 上午10:33:15。
线性求解器
求解的自由度数：81827。
---        当前进度:  31 % - 组装矩阵
Memory: 1198/1593 1624/2111
找到对称矩阵。
缩放因变量：
磁标势 (comp1.Vm): 1
已使用正交零空间函数。
---        当前进度:  36 % - 矩阵分解
Memory: 1207/1593 1634/2111
---        当前进度:  37 % - 矩阵分解
Memory: 1316/1593 2117/2118
-----      当前进度:  58 % - 矩阵分解
Memory: 1433/1593 2117/2118
-------    当前进度:  70 % - 矩阵分解
Memory: 1501/1593 2118/2118
-------    当前进度:  78 % - 矩阵分解
Memory: 1545/1593 2119/2119
--------   当前进度:  83 % - 矩阵分解
Memory: 1572/1593 2120/2120
--------   当前进度:  87 % - 矩阵分解
Memory: 1593/1593 2120/2120
---------  当前进度:  90 % - 矩阵分解
Memory: 1604/1604 2120/2120
Iter      SolEst     Damping    Stepsize #Res #Jac #Sol   LinErr   LinRes
   1        0.96   1.0000000        0.96    1    1    1  7.6e-12  1.8e-14
---------- 当前进度: 100 % - 求解线性方程组
Memory: 1181/1604 1608/2120
求解时间：4 s。
物理内存: 1.6 GB
虚拟内存: 2.12 GB
结束时间：2026年9月11日 上午10:33:18。
----- 研究 8/解 8 (sol8) 中的“稳态求解器 1” --------------------------------------------->
----       当前进度:  47 % - 生成方程
Memory: 1172/1604 1591/2120
-----      当前进度:  54 % - 生成方程
<---- 研究 9/解 9 (sol9) 中的“编译方程: 稳态” ---------------------------------------------
开始于 2026年9月11日 上午10:33:20。
几何形函数: 二次拉格朗日单元
在  上运行。
在以下位置使用 1 个插槽： Zifeng 上（共 8 个内核）。
可用内存：32.60 GB。
           当前进度:   0 % - 生成方程
Memory: 1172/1604 1592/2120
在  上运行。
在以下位置使用 1 个插槽： Zifeng 上（共 8 个内核）。
可用内存：32.60 GB。
           当前进度:   5 % - 编译方程: 稳态
Memory: 1174/1604 1594/2120
时间：1。
物理内存: 1.17 GB
虚拟内存: 1.59 GB
结束时间：2026年9月11日 上午10:33:21。
----- 研究 9/解 9 (sol9) 中的“编译方程: 稳态” -------------------------------------------->
<---- 研究 9/解 9 (sol9) 中的“因变量 1” ------------------------------------------------
开始于 2026年9月11日 上午10:33:21。
           当前进度:   5 % - 因变量 1
求解时间：0 s。
物理内存: 1.17 GB
虚拟内存: 1.59 GB
结束时间：2026年9月11日 上午10:33:22。
----- 研究 9/解 9 (sol9) 中的“因变量 1” ----------------------------------------------->
<---- 研究 9/解 9 (sol9) 中的“稳态求解器 1” ----------------------------------------------
开始于 2026年9月11日 上午10:33:22。
线性求解器
求解的自由度数：81827。
---        当前进度:  30 % - 组装矩阵
Memory: 1222/1604 1646/2120
找到对称矩阵。
缩放因变量：
磁标势 (comp1.Vm): 1
已使用正交零空间函数。
---        当前进度:  36 % - 矩阵分解
Memory: 1283/1604 1706/2120
----       当前进度:  48 % - 矩阵分解
Memory: 1401/1604 2139/2139
-----      当前进度:  58 % - 矩阵分解
Memory: 1452/1604 2139/2139
-------    当前进度:  78 % - 矩阵分解
Memory: 1576/1604 2140/2140
--------   当前进度:  83 % - 矩阵分解
Memory: 1604/1604 2140/2140
--------   当前进度:  87 % - 矩阵分解
Memory: 1622/1622 2140/2140
Iter      SolEst     Damping    Stepsize #Res #Jac #Sol   LinErr   LinRes
---------- 当前进度: 100 % - 求解线性方程组
Memory: 1630/1630 2140/2140
   1        0.96   1.0000000        0.96    1    1    1  2.9e-12  1.8e-14
求解时间：3 s。
物理内存: 1.63 GB
虚拟内存: 2.14 GB
结束时间：2026年9月11日 上午10:33:25。
----- 研究 9/解 9 (sol9) 中的“稳态求解器 1” --------------------------------------------->
----       当前进度:  47 % - 生成方程
Memory: 1184/1630 1602/2140
---        当前进度:  39 % - 生成方程
<---- 研究 10/解 10 (sol10) 中的“编译方程: 稳态” ------------------------------------------
开始于 2026年9月11日 上午10:33:27。
几何形函数: 二次拉格朗日单元
在  上运行。
在以下位置使用 1 个插槽： Zifeng 上（共 8 个内核）。
可用内存：32.60 GB。
           当前进度:   0 % - 生成方程
Memory: 1081/1630 1500/2140
在  上运行。
在以下位置使用 1 个插槽： Zifeng 上（共 8 个内核）。
可用内存：32.60 GB。
           当前进度:   5 % - 编译方程: 稳态
Memory: 1122/1630 1544/2140
时间：1。
物理内存: 1.18 GB
虚拟内存: 1.6 GB
结束时间：2026年9月11日 上午10:33:28。
----- 研究 10/解 10 (sol10) 中的“编译方程: 稳态” ----------------------------------------->
<---- 研究 10/解 10 (sol10) 中的“因变量 1” ---------------------------------------------
开始于 2026年9月11日 上午10:33:28。
           当前进度:   5 % - 因变量 1
Memory: 1136/1630 1557/2140
求解时间：0 s。
物理内存: 1.14 GB
虚拟内存: 1.56 GB
结束时间：2026年9月11日 上午10:33:28。
----- 研究 10/解 10 (sol10) 中的“因变量 1” -------------------------------------------->
<---- 研究 10/解 10 (sol10) 中的“稳态求解器 1” -------------------------------------------
开始于 2026年9月11日 上午10:33:28。
线性求解器
求解的自由度数：81827。
---        当前进度:  32 % - 组装矩阵
Memory: 1178/1630 1601/2140
找到对称矩阵。
缩放因变量：
磁标势 (comp1.Vm): 1
已使用正交零空间函数。
---        当前进度:  36 % - 矩阵分解
Memory: 1222/1630 1647/2140
-----      当前进度:  50 % - 矩阵分解
Memory: 1390/1630 2121/2140
-----      当前进度:  59 % - 矩阵分解
Memory: 1440/1630 2121/2140
-------    当前进度:  79 % - 矩阵分解
Memory: 1559/1630 2121/2140
--------   当前进度:  85 % - 矩阵分解
Memory: 1586/1630 2121/2140
--------   当前进度:  88 % - 矩阵分解
Memory: 1604/1630 2121/2140
Iter      SolEst     Damping    Stepsize #Res #Jac #Sol   LinErr   LinRes
---------- 当前进度: 100 % - 求解线性方程组
Memory: 1591/1630 2103/2140
   1           1   1.0000000           1    1    1    1  5.1e-11    4e-13
求解时间：3 s。
物理内存: 1.6 GB
虚拟内存: 2.12 GB
结束时间：2026年9月11日 上午10:33:32。
----- 研究 10/解 10 (sol10) 中的“稳态求解器 1” ------------------------------------------>
           当前进度:   0 % - Moving Magnet Sphere x=26 mm
Memory: 1175/1630 1594/2140
           当前进度:   2 % - 圆柱体 2
Memory: 1177/1630 1594/2140
           当前进度:   3 % - 圆柱体 3
Memory: 1179/1630 1594/2140
           当前进度:   5 % - Air Domain R=200 mm
           当前进度:   7 % - Hole 1 Optimized
           当前进度:   9 % - Hole 2 Optimized
-          当前进度:  10 % - Hole 3 Optimized
-          当前进度:  12 % - point1
-          当前进度:  14 % - 钢片减去优化孔
-          当前进度:  14 % - 执行布尔操作
Memory: 1181/1630 1595/2140
---        当前进度:  31 % - 旋转 1
----       当前进度:  48 % - 移动 1
Memory: 1182/1630 1595/2140
------     当前进度:  66 % - 移动
--------   当前进度:  83 % - Form Union
--------   当前进度:  83 % - 执行布尔操作
Memory: 1184/1630 1597/2140
---------- 当前进度: 100 % - 正在更新选择
顶点单元数：37
-          当前进度:  14 % - 调整边界网格
Memory: 1179/1630 1592/2140
---        当前进度:  33 % - 正在创建边界网格
边单元数：484
边界单元数：4844
-----      当前进度:  54 % - 相关边界
--------   当前进度:  86 % - 插入内部点
Memory: 1181/1630 1594/2140
---------  当前进度:  90 % - 提高单元质量
Memory: 1182/1630 1595/2140
---------  当前进度:  93 % - 提高单元质量
Memory: 1183/1630 1597/2140
单元数：60846
最小单元质量：0.2225
---------- 当前进度: 100 % - 正在定型网格
Memory: 1181/1630 1594/2140
---------- 当前进度: 100 % - 正在分析几何
Memory: 1185/1630 1597/2140
------     当前进度:  60 % - 生成方程
Memory: 1186/1630 1598/2140
-----      当前进度:  54 % - 生成方程
Memory: 1187/1630 1598/2140
<---- 研究 11/解 11 (sol11) 中的“编译方程: 稳态” ------------------------------------------
开始于 2026年9月11日 上午10:33:37。
几何形函数: 二次拉格朗日单元
在  上运行。
在以下位置使用 1 个插槽： Zifeng 上（共 8 个内核）。
可用内存：32.60 GB。
           当前进度:   0 % - 生成方程
Memory: 1187/1630 1599/2140
在  上运行。
在以下位置使用 1 个插槽： Zifeng 上（共 8 个内核）。
可用内存：32.60 GB。
           当前进度:   3 % - 编译方程: 稳态
Memory: 1196/1630 1608/2140
           当前进度:   5 % - 编译方程: 稳态
Memory: 1192/1630 1603/2140
时间：1。
物理内存: 1.2 GB
虚拟内存: 1.61 GB
结束时间：2026年9月11日 上午10:33:38。
----- 研究 11/解 11 (sol11) 中的“编译方程: 稳态” ----------------------------------------->
<---- 研究 11/解 11 (sol11) 中的“因变量 1” ---------------------------------------------
开始于 2026年9月11日 上午10:33:38。
           当前进度:   5 % - 因变量 1
Memory: 1193/1630 1605/2140
求解时间：0 s。
物理内存: 1.19 GB
虚拟内存: 1.61 GB
结束时间：2026年9月11日 上午10:33:39。
----- 研究 11/解 11 (sol11) 中的“因变量 1” -------------------------------------------->
<---- 研究 11/解 11 (sol11) 中的“稳态求解器 1” -------------------------------------------
开始于 2026年9月11日 上午10:33:39。
线性求解器
求解的自由度数：81768。
---        当前进度:  35 % - 组装矩阵
Memory: 1245/1630 1662/2140
找到对称矩阵。
缩放因变量：
磁标势 (comp1.Vm): 1
已使用正交零空间函数。
---        当前进度:  36 % - 矩阵分解
Memory: 1297/1630 1724/2140
-----      当前进度:  50 % - 矩阵分解
Memory: 1443/1630 2162/2162
-----      当前进度:  59 % - 矩阵分解
Memory: 1498/1630 2162/2162
-------    当前进度:  79 % - 矩阵分解
Memory: 1610/1630 2162/2162
--------   当前进度:  84 % - 矩阵分解
Memory: 1634/1634 2162/2162
--------   当前进度:  89 % - 矩阵分解
Memory: 1650/1650 2162/2162
Iter      SolEst     Damping    Stepsize #Res #Jac #Sol   LinErr   LinRes
---------- 当前进度: 100 % - 求解线性方程组
Memory: 1661/1661 2167/2167
   1        0.96   1.0000000        0.96    1    1    1  1.1e-11  1.8e-14
求解时间：4 s。
物理内存: 1.66 GB
虚拟内存: 2.17 GB
结束时间：2026年9月11日 上午10:33:43。
----- 研究 11/解 11 (sol11) 中的“稳态求解器 1” ------------------------------------------>
----       当前进度:  47 % - 生成方程
Memory: 1219/1661 1629/2167
-----      当前进度:  54 % - 生成方程
Memory: 1217/1661 1626/2167
<---- 研究 12/解 12 (sol12) 中的“编译方程: 稳态” ------------------------------------------
开始于 2026年9月11日 上午10:33:45。
几何形函数: 二次拉格朗日单元
在  上运行。
在以下位置使用 1 个插槽： Zifeng 上（共 8 个内核）。
可用内存：32.60 GB。
           当前进度:   0 % - 生成方程
Memory: 1150/1661 1565/2167
在  上运行。
在以下位置使用 1 个插槽： Zifeng 上（共 8 个内核）。
可用内存：32.60 GB。
           当前进度:   5 % - 编译方程: 稳态
Memory: 1183/1661 1595/2167
时间：1。
物理内存: 1.18 GB
虚拟内存: 1.6 GB
结束时间：2026年9月11日 上午10:33:46。
----- 研究 12/解 12 (sol12) 中的“编译方程: 稳态” ----------------------------------------->
<---- 研究 12/解 12 (sol12) 中的“因变量 1” ---------------------------------------------
开始于 2026年9月11日 上午10:33:46。
           当前进度:   5 % - 因变量 1
Memory: 1190/1661 1602/2167
求解时间：0 s。
物理内存: 1.19 GB
虚拟内存: 1.6 GB
结束时间：2026年9月11日 上午10:33:47。
----- 研究 12/解 12 (sol12) 中的“因变量 1” -------------------------------------------->
<---- 研究 12/解 12 (sol12) 中的“稳态求解器 1” -------------------------------------------
开始于 2026年9月11日 上午10:33:47。
线性求解器
求解的自由度数：81768。
---        当前进度:  34 % - 组装矩阵
Memory: 1252/1661 1678/2167
找到对称矩阵。
缩放因变量：
磁标势 (comp1.Vm): 1
已使用正交零空间函数。
---        当前进度:  36 % - 矩阵分解
Memory: 1309/1661 1739/2167
----       当前进度:  49 % - 矩阵分解
Memory: 1445/1661 2174/2174
------     当前进度:  66 % - 矩阵分解
Memory: 1537/1661 2174/2174
-------    当前进度:  73 % - 矩阵分解
Memory: 1588/1661 2174/2174
--------   当前进度:  81 % - 矩阵分解
Memory: 1622/1661 2174/2174
--------   当前进度:  87 % - 矩阵分解
Memory: 1646/1661 2174/2174
--------   当前进度:  89 % - 矩阵分解
Memory: 1659/1661 2174/2174
Iter      SolEst     Damping    Stepsize #Res #Jac #Sol   LinErr   LinRes
   1        0.95   1.0000000        0.95    1    1    1  1.9e-11  1.8e-14
---------- 当前进度: 100 % - 求解线性方程组
Memory: 1258/1665 1683/2179
求解时间：4 s。
物理内存: 1.66 GB
虚拟内存: 2.18 GB
结束时间：2026年9月11日 上午10:33:51。
----- 研究 12/解 12 (sol12) 中的“稳态求解器 1” ------------------------------------------>
------     当前进度:  60 % - 生成方程
Memory: 1227/1665 1650/2179
-----      当前进度:  54 % - 生成方程
Memory: 1228/1665 1650/2179
<---- 研究 13/解 13 (sol13) 中的“编译方程: 稳态” ------------------------------------------
开始于 2026年9月11日 上午10:33:53。
几何形函数: 二次拉格朗日单元
在  上运行。
在以下位置使用 1 个插槽： Zifeng 上（共 8 个内核）。
可用内存：32.60 GB。
           当前进度:   0 % - 生成方程
Memory: 1221/1665 1643/2179
在  上运行。
在以下位置使用 1 个插槽： Zifeng 上（共 8 个内核）。
可用内存：32.60 GB。
           当前进度:   5 % - 编译方程: 稳态
Memory: 1223/1665 1645/2179
时间：1。
物理内存: 1.23 GB
虚拟内存: 1.65 GB
结束时间：2026年9月11日 上午10:33:54。
----- 研究 13/解 13 (sol13) 中的“编译方程: 稳态” ----------------------------------------->
<---- 研究 13/解 13 (sol13) 中的“因变量 1” ---------------------------------------------
开始于 2026年9月11日 上午10:33:54。
           当前进度:   5 % - 因变量 1
Memory: 1224/1665 1645/2179
求解时间：0 s。
物理内存: 1.22 GB
虚拟内存: 1.64 GB
结束时间：2026年9月11日 上午10:33:54。
----- 研究 13/解 13 (sol13) 中的“因变量 1” -------------------------------------------->
<---- 研究 13/解 13 (sol13) 中的“稳态求解器 1” -------------------------------------------
开始于 2026年9月11日 上午10:33:54。
线性求解器
求解的自由度数：81768。
---        当前进度:  33 % - 组装矩阵
Memory: 1256/1665 1680/2179
找到对称矩阵。
缩放因变量：
磁标势 (comp1.Vm): 1
已使用正交零空间函数。
---        当前进度:  36 % - 矩阵分解
Memory: 1353/1665 1777/2179
-----      当前进度:  50 % - 矩阵分解
Memory: 1451/1665 2178/2179
-----      当前进度:  59 % - 矩阵分解
Memory: 1512/1665 2178/2179
--------   当前进度:  81 % - 矩阵分解
Memory: 1621/1665 2178/2179
--------   当前进度:  86 % - 矩阵分解
Memory: 1650/1665 2178/2179
--------   当前进度:  89 % - 矩阵分解
Memory: 1663/1665 2178/2179
Iter      SolEst     Damping    Stepsize #Res #Jac #Sol   LinErr   LinRes
   1        0.95   1.0000000        0.95    1    1    1  1.2e-11  1.7e-14
---------- 当前进度: 100 % - 求解线性方程组
Memory: 1276/1670 1979/2183
求解时间：3 s。
物理内存: 1.67 GB
虚拟内存: 2.18 GB
结束时间：2026年9月11日 上午10:33:57。
----- 研究 13/解 13 (sol13) 中的“稳态求解器 1” ------------------------------------------>
------     当前进度:  60 % - 生成方程
Memory: 1149/1670 1568/2183
-----      当前进度:  54 % - 生成方程
Memory: 1163/1670 1583/2183
<---- 研究 14/解 14 (sol14) 中的“编译方程: 稳态” ------------------------------------------
开始于 2026年9月11日 上午10:33:59。
几何形函数: 二次拉格朗日单元
在  上运行。
在以下位置使用 1 个插槽： Zifeng 上（共 8 个内核）。
可用内存：32.60 GB。
           当前进度:   0 % - 生成方程
Memory: 1173/1670 1598/2183
在  上运行。
在以下位置使用 1 个插槽： Zifeng 上（共 8 个内核）。
可用内存：32.60 GB。
           当前进度:   5 % - 编译方程: 稳态
Memory: 1188/1670 1610/2183
时间：1。
物理内存: 1.19 GB
虚拟内存: 1.61 GB
结束时间：2026年9月11日 上午10:34:00。
----- 研究 14/解 14 (sol14) 中的“编译方程: 稳态” ----------------------------------------->
<---- 研究 14/解 14 (sol14) 中的“因变量 1” ---------------------------------------------
开始于 2026年9月11日 上午10:34:00。
           当前进度:   5 % - 因变量 1
Memory: 1195/1670 1619/2183
求解时间：0 s。
物理内存: 1.2 GB
虚拟内存: 1.62 GB
结束时间：2026年9月11日 上午10:34:01。
----- 研究 14/解 14 (sol14) 中的“因变量 1” -------------------------------------------->
<---- 研究 14/解 14 (sol14) 中的“稳态求解器 1” -------------------------------------------
开始于 2026年9月11日 上午10:34:01。
线性求解器
求解的自由度数：81768。
--         当前进度:  24 % - 组装矩阵
Memory: 1253/1670 1679/2183
找到对称矩阵。
---        当前进度:  36 % - 
Memory: 1246/1670 1671/2183
缩放因变量：
磁标势 (comp1.Vm): 1
已使用正交零空间函数。
---        当前进度:  36 % - 矩阵分解
Memory: 1308/1670 1738/2183
----       当前进度:  40 % - 矩阵分解
Memory: 1395/1670 2182/2183
-----      当前进度:  55 % - 矩阵分解
Memory: 1478/1670 2182/2183
-----      当前进度:  59 % - 矩阵分解
Memory: 1555/1670 2182/2183
--------   当前进度:  83 % - 矩阵分解
Memory: 1635/1670 2182/2183
--------   当前进度:  87 % - 矩阵分解
Memory: 1655/1670 2182/2183
---------  当前进度:  90 % - 矩阵分解
Memory: 1666/1670 2182/2183
Iter      SolEst     Damping    Stepsize #Res #Jac #Sol   LinErr   LinRes
   1        0.95   1.0000000        0.95    1    1    1  3.9e-12  1.8e-14
---------- 当前进度: 100 % - 求解线性方程组
Memory: 1260/1670 1687/2185
求解时间：4 s。
物理内存: 1.67 GB
虚拟内存: 2.18 GB
结束时间：2026年9月11日 上午10:34:05。
----- 研究 14/解 14 (sol14) 中的“稳态求解器 1” ------------------------------------------>
------     当前进度:  60 % - 生成方程
Memory: 1231/1670 1654/2185
---        当前进度:  39 % - 生成方程
Memory: 1236/1670 1657/2185
<---- 研究 15/解 15 (sol15) 中的“编译方程: 稳态” ------------------------------------------
开始于 2026年9月11日 上午10:34:07。
几何形函数: 二次拉格朗日单元
在  上运行。
在以下位置使用 1 个插槽： Zifeng 上（共 8 个内核）。
可用内存：32.60 GB。
           当前进度:   0 % - 生成方程
Memory: 1230/1670 1650/2185
在  上运行。
在以下位置使用 1 个插槽： Zifeng 上（共 8 个内核）。
可用内存：32.60 GB。
           当前进度:   5 % - 编译方程: 稳态
Memory: 1232/1670 1652/2185
时间：1。
物理内存: 1.23 GB
虚拟内存: 1.65 GB
结束时间：2026年9月11日 上午10:34:08。
----- 研究 15/解 15 (sol15) 中的“编译方程: 稳态” ----------------------------------------->
<---- 研究 15/解 15 (sol15) 中的“因变量 1” ---------------------------------------------
开始于 2026年9月11日 上午10:34:08。
           当前进度:   5 % - 因变量 1
求解时间：0 s。
物理内存: 1.23 GB
虚拟内存: 1.65 GB
结束时间：2026年9月11日 上午10:34:08。
----- 研究 15/解 15 (sol15) 中的“因变量 1” -------------------------------------------->
<---- 研究 15/解 15 (sol15) 中的“稳态求解器 1” -------------------------------------------
开始于 2026年9月11日 上午10:34:08。
线性求解器
求解的自由度数：81768。
---        当前进度:  35 % - 组装矩阵
Memory: 1272/1670 1691/2185
找到对称矩阵。
缩放因变量：
磁标势 (comp1.Vm): 1
已使用正交零空间函数。
---        当前进度:  36 % - 矩阵分解
Memory: 1332/1670 1780/2185
-----      当前进度:  51 % - 矩阵分解
Memory: 1469/1670 2188/2188
-----      当前进度:  59 % - 矩阵分解
Memory: 1538/1670 2188/2188
--------   当前进度:  81 % - 矩阵分解
Memory: 1636/1670 2188/2188
--------   当前进度:  86 % - 矩阵分解
Memory: 1664/1670 2188/2188
--------   当前进度:  89 % - 矩阵分解
Memory: 1677/1677 2188/2188
Iter      SolEst     Damping    Stepsize #Res #Jac #Sol   LinErr   LinRes
   1        0.96   1.0000000        0.96    1    1    1  1.7e-11  1.8e-14
---------- 当前进度: 100 % - 求解线性方程组
Memory: 1366/1684 1989/2193
求解时间：4 s。
物理内存: 1.68 GB
虚拟内存: 2.19 GB
结束时间：2026年9月11日 上午10:34:12。
----- 研究 15/解 15 (sol15) 中的“稳态求解器 1” ------------------------------------------>
------     当前进度:  60 % - 生成方程
Memory: 1219/1684 1635/2193
-----      当前进度:  54 % - 生成方程
Memory: 1221/1684 1636/2193
<---- 研究 16/解 16 (sol16) 中的“编译方程: 稳态” ------------------------------------------
开始于 2026年9月11日 上午10:34:15。
几何形函数: 二次拉格朗日单元
在  上运行。
在以下位置使用 1 个插槽： Zifeng 上（共 8 个内核）。
可用内存：32.60 GB。
           当前进度:   0 % - 生成方程
Memory: 1177/1684 1595/2193
在  上运行。
在以下位置使用 1 个插槽： Zifeng 上（共 8 个内核）。
可用内存：32.60 GB。
           当前进度:   5 % - 编译方程: 稳态
Memory: 1220/1684 1639/2193
时间：1。
物理内存: 1.22 GB
虚拟内存: 1.64 GB
结束时间：2026年9月11日 上午10:34:16。
----- 研究 16/解 16 (sol16) 中的“编译方程: 稳态” ----------------------------------------->
<---- 研究 16/解 16 (sol16) 中的“因变量 1” ---------------------------------------------
开始于 2026年9月11日 上午10:34:16。
           当前进度:   5 % - 因变量 1
Memory: 1228/1684 1645/2193
求解时间：0 s。
物理内存: 1.23 GB
虚拟内存: 1.64 GB
结束时间：2026年9月11日 上午10:34:16。
----- 研究 16/解 16 (sol16) 中的“因变量 1” -------------------------------------------->
<---- 研究 16/解 16 (sol16) 中的“稳态求解器 1” -------------------------------------------
开始于 2026年9月11日 上午10:34:16。
线性求解器
求解的自由度数：81768。
---        当前进度:  35 % - 组装矩阵
Memory: 1280/1684 1700/2193
找到对称矩阵。
缩放因变量：
磁标势 (comp1.Vm): 1
已使用正交零空间函数。
---        当前进度:  36 % - 矩阵分解
Memory: 1309/1684 1744/2193
-----      当前进度:  52 % - 矩阵分解
Memory: 1490/1684 2201/2201
------     当前进度:  60 % - 矩阵分解
Memory: 1549/1684 2201/2201
-------    当前进度:  79 % - 矩阵分解
Memory: 1647/1684 2201/2201
--------   当前进度:  86 % - 矩阵分解
Memory: 1672/1684 2201/2201
--------   当前进度:  89 % - 矩阵分解
Memory: 1688/1688 2201/2201
Iter      SolEst     Damping    Stepsize #Res #Jac #Sol   LinErr   LinRes
   1        0.96   1.0000000        0.96    1    1    1  2.2e-11  1.8e-14
---------- 当前进度: 100 % - 求解线性方程组
Memory: 1693/1696 2202/2205
求解时间：4 s。
物理内存: 1.7 GB
虚拟内存: 2.2 GB
结束时间：2026年9月11日 上午10:34:20。
----- 研究 16/解 16 (sol16) 中的“稳态求解器 1” ------------------------------------------>
------     当前进度:  60 % - 生成方程
Memory: 1253/1696 1670/2205
---        当前进度:  39 % - 生成方程
Memory: 1254/1696 1670/2205
<---- 研究 17/解 17 (sol17) 中的“编译方程: 稳态” ------------------------------------------
开始于 2026年9月11日 上午10:34:22。
几何形函数: 二次拉格朗日单元
在  上运行。
在以下位置使用 1 个插槽： Zifeng 上（共 8 个内核）。
可用内存：32.60 GB。
           当前进度:   0 % - 生成方程
Memory: 1248/1696 1665/2205
在  上运行。
在以下位置使用 1 个插槽： Zifeng 上（共 8 个内核）。
可用内存：32.60 GB。
           当前进度:   3 % - 编译方程: 稳态
Memory: 1252/1696 1668/2205
           当前进度:   5 % - 编译方程: 稳态
Memory: 1249/1696 1665/2205
时间：1。
物理内存: 1.25 GB
虚拟内存: 1.67 GB
结束时间：2026年9月11日 上午10:34:24。
----- 研究 17/解 17 (sol17) 中的“编译方程: 稳态” ----------------------------------------->
<---- 研究 17/解 17 (sol17) 中的“因变量 1” ---------------------------------------------
开始于 2026年9月11日 上午10:34:24。
           当前进度:   5 % - 因变量 1
Memory: 1250/1696 1665/2205
求解时间：0 s。
物理内存: 1.25 GB
虚拟内存: 1.66 GB
结束时间：2026年9月11日 上午10:34:24。
----- 研究 17/解 17 (sol17) 中的“因变量 1” -------------------------------------------->
<---- 研究 17/解 17 (sol17) 中的“稳态求解器 1” -------------------------------------------
开始于 2026年9月11日 上午10:34:24。
线性求解器
求解的自由度数：81768。
--         当前进度:  29 % - 组装矩阵
Memory: 1285/1696 1703/2205
找到对称矩阵。
缩放因变量：
磁标势 (comp1.Vm): 1
已使用正交零空间函数。
---        当前进度:  36 % - 矩阵分解
Memory: 1310/1696 1729/2205
----       当前进度:  48 % - 矩阵分解
Memory: 1472/1696 2205/2205
-----      当前进度:  59 % - 矩阵分解
Memory: 1533/1696 2205/2205
------     当前进度:  61 % - 矩阵分解
Memory: 1599/1696 2205/2205
--------   当前进度:  83 % - 矩阵分解
Memory: 1667/1696 2205/2205
--------   当前进度:  88 % - 矩阵分解
Memory: 1689/1696 2205/2205
---------  当前进度:  90 % - 矩阵分解
Memory: 1697/1697 2205/2205
Iter      SolEst     Damping    Stepsize #Res #Jac #Sol   LinErr   LinRes
   1        0.96   1.0000000        0.96    1    1    1  1.7e-11  1.9e-14
---------- 当前进度: 100 % - 求解线性方程组
Memory: 1381/1702 2006/2210
求解时间：4 s。
物理内存: 1.7 GB
虚拟内存: 2.21 GB
结束时间：2026年9月11日 上午10:34:28。
----- 研究 17/解 17 (sol17) 中的“稳态求解器 1” ------------------------------------------>
------     当前进度:  60 % - 生成方程
Memory: 1256/1702 1671/2210
-----      当前进度:  54 % - 生成方程
Memory: 1256/1702 1672/2210
<---- 研究 18/解 18 (sol18) 中的“编译方程: 稳态” ------------------------------------------
开始于 2026年9月11日 上午10:34:31。
几何形函数: 二次拉格朗日单元
在  上运行。
在以下位置使用 1 个插槽： Zifeng 上（共 8 个内核）。
可用内存：32.60 GB。
           当前进度:   0 % - 生成方程
Memory: 1255/1702 1671/2210
在  上运行。
在以下位置使用 1 个插槽： Zifeng 上（共 8 个内核）。
可用内存：32.60 GB。
           当前进度:   5 % - 编译方程: 稳态
时间：1。
物理内存: 1.26 GB
虚拟内存: 1.67 GB
结束时间：2026年9月11日 上午10:34:32。
----- 研究 18/解 18 (sol18) 中的“编译方程: 稳态” ----------------------------------------->
<---- 研究 18/解 18 (sol18) 中的“因变量 1” ---------------------------------------------
开始于 2026年9月11日 上午10:34:32。
           当前进度:   5 % - 因变量 1
Memory: 1256/1702 1671/2210
求解时间：0 s。
物理内存: 1.26 GB
虚拟内存: 1.67 GB
结束时间：2026年9月11日 上午10:34:32。
----- 研究 18/解 18 (sol18) 中的“因变量 1” -------------------------------------------->
<---- 研究 18/解 18 (sol18) 中的“稳态求解器 1” -------------------------------------------
开始于 2026年9月11日 上午10:34:32。
线性求解器
求解的自由度数：81768。
---        当前进度:  32 % - 组装矩阵
Memory: 1294/1702 1712/2210
找到对称矩阵。
缩放因变量：
磁标势 (comp1.Vm): 1
已使用正交零空间函数。
---        当前进度:  36 % - 矩阵分解
Memory: 1387/1702 1805/2210
----       当前进度:  47 % - 矩阵分解
Memory: 1465/1702 2210/2210
------     当前进度:  60 % - 矩阵分解
Memory: 1549/1702 2210/2210
------     当前进度:  69 % - 矩阵分解
Memory: 1610/1702 2210/2210
-------    当前进度:  79 % - 矩阵分解
Memory: 1651/1702 2210/2210
--------   当前进度:  83 % - 矩阵分解
Memory: 1676/1702 2210/2210
--------   当前进度:  88 % - 矩阵分解
Memory: 1695/1702 2210/2210
---------  当前进度:  90 % - 矩阵分解
Memory: 1704/1704 2210/2210
Iter      SolEst     Damping    Stepsize #Res #Jac #Sol   LinErr   LinRes
   1        0.96   1.0000000        0.96    1    1    1  1.1e-13  1.8e-14
---------- 当前进度: 100 % - 求解线性方程组
Memory: 1292/1708 1708/2213
求解时间：4 s。
物理内存: 1.71 GB
虚拟内存: 2.21 GB
结束时间：2026年9月11日 上午10:34:36。
----- 研究 18/解 18 (sol18) 中的“稳态求解器 1” ------------------------------------------>
------     当前进度:  60 % - 生成方程
Memory: 1257/1708 1672/2213
-----      当前进度:  54 % - 生成方程
Memory: 1258/1708 1672/2213
<---- 研究 19/解 19 (sol19) 中的“编译方程: 稳态” ------------------------------------------
开始于 2026年9月11日 上午10:34:39。
几何形函数: 二次拉格朗日单元
在  上运行。
在以下位置使用 1 个插槽： Zifeng 上（共 8 个内核）。
可用内存：32.60 GB。
           当前进度:   0 % - 生成方程
Memory: 1255/1708 1670/2213
在  上运行。
在以下位置使用 1 个插槽： Zifeng 上（共 8 个内核）。
可用内存：32.60 GB。
           当前进度:   5 % - 编译方程: 稳态
Memory: 1256/1708 1670/2213
时间：1。
物理内存: 1.26 GB
虚拟内存: 1.67 GB
结束时间：2026年9月11日 上午10:34:40。
----- 研究 19/解 19 (sol19) 中的“编译方程: 稳态” ----------------------------------------->
<---- 研究 19/解 19 (sol19) 中的“因变量 1” ---------------------------------------------
开始于 2026年9月11日 上午10:34:40。
           当前进度:   5 % - 因变量 1
Memory: 1257/1708 1671/2213
求解时间：0 s。
物理内存: 1.26 GB
虚拟内存: 1.67 GB
结束时间：2026年9月11日 上午10:34:40。
----- 研究 19/解 19 (sol19) 中的“因变量 1” -------------------------------------------->
<---- 研究 19/解 19 (sol19) 中的“稳态求解器 1” -------------------------------------------
开始于 2026年9月11日 上午10:34:40。
线性求解器
求解的自由度数：81768。
---        当前进度:  31 % - 组装矩阵
Memory: 1296/1708 1713/2213
找到对称矩阵。
缩放因变量：
磁标势 (comp1.Vm): 1
已使用正交零空间函数。
---        当前进度:  36 % - 矩阵分解
Memory: 1357/1708 1774/2213
----       当前进度:  47 % - 矩阵分解
Memory: 1474/1708 2209/2213
------     当前进度:  60 % - 矩阵分解
Memory: 1546/1708 2209/2213
-------    当前进度:  72 % - 矩阵分解
Memory: 1611/1708 2209/2213
-------    当前进度:  79 % - 矩阵分解
Memory: 1653/1708 2209/2213
--------   当前进度:  81 % - 矩阵分解
Memory: 1648/1708 2191/2242
--------   当前进度:  86 % - 矩阵分解
Memory: 1668/1708 2188/2242
--------   当前进度:  88 % - 矩阵分解
Memory: 1678/1708 2188/2242
Iter      SolEst     Damping    Stepsize #Res #Jac #Sol   LinErr   LinRes
---------- 当前进度: 100 % - 求解线性方程组
Memory: 1684/1708 2188/2242
   1        0.96   1.0000000        0.96    1    1    1    1e-11  1.8e-14
求解时间：4 s。
物理内存: 1.68 GB
虚拟内存: 2.24 GB
结束时间：2026年9月11日 上午10:34:44。
----- 研究 19/解 19 (sol19) 中的“稳态求解器 1” ------------------------------------------>
------     当前进度:  60 % - 生成方程
Memory: 1264/1708 1678/2242
-----      当前进度:  54 % - 生成方程
<---- 研究 20/解 20 (sol20) 中的“编译方程: 稳态” ------------------------------------------
开始于 2026年9月11日 上午10:34:47。
几何形函数: 二次拉格朗日单元
在  上运行。
在以下位置使用 1 个插槽： Zifeng 上（共 8 个内核）。
可用内存：32.60 GB。
           当前进度:   0 % - 生成方程
Memory: 1170/1708 1583/2242
在  上运行。
在以下位置使用 1 个插槽： Zifeng 上（共 8 个内核）。
可用内存：32.60 GB。
           当前进度:   5 % - 编译方程: 稳态
Memory: 1193/1708 1607/2242
时间：1。
物理内存: 1.2 GB
虚拟内存: 1.61 GB
结束时间：2026年9月11日 上午10:34:48。
----- 研究 20/解 20 (sol20) 中的“编译方程: 稳态” ----------------------------------------->
<---- 研究 20/解 20 (sol20) 中的“因变量 1” ---------------------------------------------
开始于 2026年9月11日 上午10:34:48。
           当前进度:   5 % - 因变量 1
Memory: 1198/1708 1613/2242
求解时间：0 s。
物理内存: 1.2 GB
虚拟内存: 1.61 GB
结束时间：2026年9月11日 上午10:34:48。
----- 研究 20/解 20 (sol20) 中的“因变量 1” -------------------------------------------->
<---- 研究 20/解 20 (sol20) 中的“稳态求解器 1” -------------------------------------------
开始于 2026年9月11日 上午10:34:48。
线性求解器
求解的自由度数：81768。
--         当前进度:  29 % - 组装矩阵
Memory: 1239/1708 1657/2242
找到对称矩阵。
缩放因变量：
磁标势 (comp1.Vm): 1
已使用正交零空间函数。
---        当前进度:  36 % - 矩阵分解
Memory: 1319/1708 1738/2242
---        当前进度:  37 % - 矩阵分解
Memory: 1387/1708 2180/2242
-----      当前进度:  54 % - 矩阵分解
Memory: 1481/1708 2180/2242
------     当前进度:  60 % - 矩阵分解
Memory: 1551/1708 2180/2242
--------   当前进度:  82 % - 矩阵分解
Memory: 1635/1708 2180/2242
--------   当前进度:  86 % - 矩阵分解
Memory: 1657/1708 2180/2242
--------   当前进度:  89 % - 矩阵分解
Memory: 1671/1708 2180/2242
Iter      SolEst     Damping    Stepsize #Res #Jac #Sol   LinErr   LinRes
   1           1   1.0000000           1    1    1    1  5.2e-11    4e-13
---------- 当前进度: 100 % - 求解线性方程组
Memory: 1269/1708 1687/2242
求解时间：3 s。
物理内存: 1.67 GB
虚拟内存: 2.18 GB
结束时间：2026年9月11日 上午10:34:52。
----- 研究 20/解 20 (sol20) 中的“稳态求解器 1” ------------------------------------------>
           当前进度:   0 % - Moving Magnet Sphere x=26 mm
Memory: 1245/1708 1660/2242
           当前进度:   2 % - 圆柱体 2
           当前进度:   3 % - 圆柱体 3
           当前进度:   5 % - Air Domain R=200 mm
Memory: 1245/1708 1661/2242
           当前进度:   7 % - Hole 1 Optimized
           当前进度:   9 % - Hole 2 Optimized
-          当前进度:  10 % - Hole 3 Optimized
-          当前进度:  12 % - point1
-          当前进度:  14 % - 钢片减去优化孔
-          当前进度:  14 % - 执行布尔操作
---        当前进度:  31 % - 旋转 1
----       当前进度:  48 % - 移动 1
------     当前进度:  66 % - 移动
--------   当前进度:  83 % - Form Union
--------   当前进度:  83 % - 执行布尔操作
---------- 当前进度: 100 % - 正在更新选择
顶点单元数：37
-          当前进度:  14 % - 调整边界网格
Memory: 1245/1708 1660/2242
---        当前进度:  33 % - 正在创建边界网格
边单元数：484
边界单元数：4842
-----      当前进度:  54 % - 相关边界
Memory: 1245/1708 1661/2242
--------   当前进度:  86 % - 插入内部点
Memory: 1246/1708 1661/2242
---------  当前进度:  90 % - 提高单元质量
Memory: 1248/1708 1664/2242
---------  当前进度:  93 % - 提高单元质量
单元数：60285
最小单元质量：0.1908
---------- 当前进度: 100 % - 正在定型网格
Memory: 1246/1708 1661/2242
---------- 当前进度: 100 % - 正在分析几何
Memory: 1253/1708 1668/2242
------     当前进度:  60 % - 生成方程
Memory: 1254/1708 1668/2242
-----      当前进度:  54 % - 生成方程
Memory: 1254/1708 1669/2242
<---- 研究 21/解 21 (sol21) 中的“编译方程: 稳态” ------------------------------------------
开始于 2026年9月11日 上午10:34:59。
几何形函数: 二次拉格朗日单元
在  上运行。
在以下位置使用 1 个插槽： Zifeng 上（共 8 个内核）。
可用内存：32.60 GB。
           当前进度:   0 % - 生成方程
在  上运行。
在以下位置使用 1 个插槽： Zifeng 上（共 8 个内核）。
可用内存：32.60 GB。
           当前进度:   3 % - 编译方程: 稳态
Memory: 1259/1708 1674/2242
           当前进度:   5 % - 编译方程: 稳态
Memory: 1255/1708 1669/2242
时间：1。
物理内存: 1.26 GB
虚拟内存: 1.67 GB
结束时间：2026年9月11日 上午10:35:00。
----- 研究 21/解 21 (sol21) 中的“编译方程: 稳态” ----------------------------------------->
<---- 研究 21/解 21 (sol21) 中的“因变量 1” ---------------------------------------------
开始于 2026年9月11日 上午10:35:00。
           当前进度:   5 % - 因变量 1
Memory: 1253/1708 1667/2242
求解时间：0 s。
物理内存: 1.25 GB
虚拟内存: 1.67 GB
结束时间：2026年9月11日 上午10:35:00。
----- 研究 21/解 21 (sol21) 中的“因变量 1” -------------------------------------------->
<---- 研究 21/解 21 (sol21) 中的“稳态求解器 1” -------------------------------------------
开始于 2026年9月11日 上午10:35:00。
线性求解器
求解的自由度数：81034。
---        当前进度:  32 % - 组装矩阵
Memory: 1291/1708 1708/2242
找到对称矩阵。
缩放因变量：
磁标势 (comp1.Vm): 1
已使用正交零空间函数。
---        当前进度:  36 % - 矩阵分解
Memory: 1386/1708 1804/2242
---        当前进度:  37 % - 矩阵分解
Memory: 1415/1708 2199/2242
-----      当前进度:  51 % - 矩阵分解
Memory: 1484/1708 2199/2242
-----      当前进度:  56 % - 矩阵分解
Memory: 1516/1708 2199/2242
-----      当前进度:  58 % - 矩阵分解
Memory: 1567/1708 2199/2242
--------   当前进度:  81 % - 矩阵分解
Memory: 1651/1708 2199/2242
--------   当前进度:  83 % - 矩阵分解
Memory: 1667/1708 2199/2242
--------   当前进度:  87 % - 矩阵分解
Memory: 1683/1708 2199/2242
---------  当前进度:  90 % - 矩阵分解
Memory: 1691/1708 2199/2242
Iter      SolEst     Damping    Stepsize #Res #Jac #Sol   LinErr   LinRes
   1        0.95   1.0000000        0.95    1    1    1  2.7e-11  1.9e-14
---------- 当前进度: 100 % - 求解线性方程组
Memory: 1676/1708 2182/2242
求解时间：5 s。
物理内存: 1.69 GB
虚拟内存: 2.2 GB
结束时间：2026年9月11日 上午10:35:05。
----- 研究 21/解 21 (sol21) 中的“稳态求解器 1” ------------------------------------------>
-----      当前进度:  54 % - 生成方程
Memory: 1276/1708 1690/2242
<---- 研究 22/解 22 (sol22) 中的“编译方程: 稳态” ------------------------------------------
开始于 2026年9月11日 上午10:35:09。
几何形函数: 二次拉格朗日单元
在  上运行。
在以下位置使用 1 个插槽： Zifeng 上（共 8 个内核）。
可用内存：32.60 GB。
           当前进度:   0 % - 生成方程
Memory: 1269/1708 1682/2242
在  上运行。
在以下位置使用 1 个插槽： Zifeng 上（共 8 个内核）。
可用内存：32.60 GB。
           当前进度:   5 % - 编译方程: 稳态
Memory: 1268/1708 1681/2242
时间：1。
物理内存: 1.27 GB
虚拟内存: 1.68 GB
结束时间：2026年9月11日 上午10:35:10。
----- 研究 22/解 22 (sol22) 中的“编译方程: 稳态” ----------------------------------------->
<---- 研究 22/解 22 (sol22) 中的“因变量 1” ---------------------------------------------
开始于 2026年9月11日 上午10:35:10。
           当前进度:   5 % - 因变量 1
求解时间：0 s。
物理内存: 1.27 GB
虚拟内存: 1.68 GB
结束时间：2026年9月11日 上午10:35:10。
----- 研究 22/解 22 (sol22) 中的“因变量 1” -------------------------------------------->
<---- 研究 22/解 22 (sol22) 中的“稳态求解器 1” -------------------------------------------
开始于 2026年9月11日 上午10:35:10。
线性求解器
求解的自由度数：81034。
---        当前进度:  34 % - 组装矩阵
Memory: 1303/1708 1719/2242
找到对称矩阵。
缩放因变量：
磁标势 (comp1.Vm): 1
已使用正交零空间函数。
---        当前进度:  36 % - 矩阵分解
Memory: 1380/1708 1815/2242
----       当前进度:  47 % - 矩阵分解
Memory: 1474/1708 2208/2242
------     当前进度:  63 % - 矩阵分解
Memory: 1567/1708 2208/2242
-------    当前进度:  73 % - 矩阵分解
Memory: 1625/1708 2208/2242
-------    当前进度:  79 % - 矩阵分解
Memory: 1658/1708 2208/2242
--------   当前进度:  85 % - 矩阵分解
Memory: 1685/1708 2208/2242
--------   当前进度:  88 % - 矩阵分解
Memory: 1674/1708 2180/2242
Iter      SolEst     Damping    Stepsize #Res #Jac #Sol   LinErr   LinRes
   1        0.95   1.0000000        0.95    1    1    1  1.8e-12  1.9e-14
---------- 当前进度: 100 % - 求解线性方程组
Memory: 1591/1708 2085/2242
求解时间：4 s。
物理内存: 1.68 GB
虚拟内存: 2.21 GB
结束时间：2026年9月11日 上午10:35:14。
----- 研究 22/解 22 (sol22) 中的“稳态求解器 1” ------------------------------------------>
------     当前进度:  60 % - 生成方程
Memory: 1246/1708 1660/2242
-----      当前进度:  54 % - 生成方程
Memory: 1252/1708 1667/2242
<---- 研究 23/解 23 (sol23) 中的“编译方程: 稳态” ------------------------------------------
开始于 2026年9月11日 上午10:35:17。
几何形函数: 二次拉格朗日单元
在  上运行。
在以下位置使用 1 个插槽： Zifeng 上（共 8 个内核）。
可用内存：32.60 GB。
           当前进度:   0 % - 生成方程
Memory: 1200/1708 1622/2242
在  上运行。
在以下位置使用 1 个插槽： Zifeng 上（共 8 个内核）。
可用内存：32.60 GB。
           当前进度:   5 % - 编译方程: 稳态
Memory: 1216/1708 1634/2242
时间：1。
物理内存: 1.22 GB
虚拟内存: 1.63 GB
结束时间：2026年9月11日 上午10:35:18。
----- 研究 23/解 23 (sol23) 中的“编译方程: 稳态” ----------------------------------------->
<---- 研究 23/解 23 (sol23) 中的“因变量 1” ---------------------------------------------
开始于 2026年9月11日 上午10:35:18。
           当前进度:   5 % - 因变量 1
Memory: 1227/1708 1647/2242
求解时间：0 s。
物理内存: 1.23 GB
虚拟内存: 1.65 GB
结束时间：2026年9月11日 上午10:35:18。
----- 研究 23/解 23 (sol23) 中的“因变量 1” -------------------------------------------->
<---- 研究 23/解 23 (sol23) 中的“稳态求解器 1” -------------------------------------------
开始于 2026年9月11日 上午10:35:18。
线性求解器
求解的自由度数：81034。
--         当前进度:  29 % - 组装矩阵
Memory: 1271/1708 1693/2242
找到对称矩阵。
缩放因变量：
磁标势 (comp1.Vm): 1
已使用正交零空间函数。
---        当前进度:  36 % - 矩阵分解
Memory: 1247/1708 1663/2242
----       当前进度:  43 % - 矩阵分解
Memory: 1409/1708 2165/2242
-----      当前进度:  58 % - 矩阵分解
Memory: 1492/1708 2166/2242
------     当前进度:  64 % - 矩阵分解
Memory: 1562/1708 2166/2242
-------    当前进度:  78 % - 矩阵分解
Memory: 1604/1708 2166/2242
--------   当前进度:  84 % - 矩阵分解
Memory: 1631/1708 2166/2242
--------   当前进度:  88 % - 矩阵分解
Memory: 1652/1708 2166/2242
Iter      SolEst     Damping    Stepsize #Res #Jac #Sol   LinErr   LinRes
---------- 当前进度: 100 % - 求解线性方程组
Memory: 1664/1708 2171/2242
   1        0.95   1.0000000        0.95    1    1    1  1.9e-11  1.8e-14
求解时间：3 s。
物理内存: 1.66 GB
虚拟内存: 2.17 GB
结束时间：2026年9月11日 上午10:35:21。
----- 研究 23/解 23 (sol23) 中的“稳态求解器 1” ------------------------------------------>
----       当前进度:  47 % - 生成方程
Memory: 1247/1708 1663/2242
---        当前进度:  39 % - 生成方程
<---- 研究 24/解 24 (sol24) 中的“编译方程: 稳态” ------------------------------------------
开始于 2026年9月11日 上午10:35:24。
几何形函数: 二次拉格朗日单元
在  上运行。
在以下位置使用 1 个插槽： Zifeng 上（共 8 个内核）。
可用内存：32.60 GB。
           当前进度:   0 % - 生成方程
Memory: 1243/1708 1660/2242
在  上运行。
在以下位置使用 1 个插槽： Zifeng 上（共 8 个内核）。
可用内存：32.60 GB。
           当前进度:   5 % - 编译方程: 稳态
Memory: 1248/1708 1664/2242
时间：1。
物理内存: 1.25 GB
虚拟内存: 1.66 GB
结束时间：2026年9月11日 上午10:35:25。
----- 研究 24/解 24 (sol24) 中的“编译方程: 稳态” ----------------------------------------->
<---- 研究 24/解 24 (sol24) 中的“因变量 1” ---------------------------------------------
开始于 2026年9月11日 上午10:35:25。
           当前进度:   5 % - 因变量 1
Memory: 1249/1708 1664/2242
求解时间：0 s。
物理内存: 1.25 GB
虚拟内存: 1.66 GB
结束时间：2026年9月11日 上午10:35:26。
----- 研究 24/解 24 (sol24) 中的“因变量 1” -------------------------------------------->
<---- 研究 24/解 24 (sol24) 中的“稳态求解器 1” -------------------------------------------
开始于 2026年9月11日 上午10:35:26。
线性求解器
求解的自由度数：81034。
--         当前进度:  22 % - 组装稀疏模式
Memory: 1278/1708 1698/2242
---        当前进度:  36 % - 组装矩阵
Memory: 1293/1708 1712/2242
找到对称矩阵。
缩放因变量：
磁标势 (comp1.Vm): 1
已使用正交零空间函数。
---        当前进度:  36 % - 矩阵分解
Memory: 1382/1708 1809/2242
----       当前进度:  41 % - 矩阵分解
Memory: 1435/1708 2203/2242
-----      当前进度:  57 % - 矩阵分解
Memory: 1523/1708 2203/2242
------     当前进度:  68 % - 矩阵分解
Memory: 1580/1708 2203/2242
-------    当前进度:  77 % - 矩阵分解
Memory: 1628/1708 2203/2242
--------   当前进度:  81 % - 矩阵分解
Memory: 1659/1708 2203/2242
--------   当前进度:  85 % - 矩阵分解
Memory: 1682/1708 2203/2242
--------   当前进度:  89 % - 矩阵分解
Memory: 1694/1708 2203/2242
Iter      SolEst     Damping    Stepsize #Res #Jac #Sol   LinErr   LinRes
   1        0.95   1.0000000        0.95    1    1    1  1.7e-11  1.8e-14
---------- 当前进度: 100 % - 求解线性方程组
Memory: 1681/1708 2186/2242
求解时间：5 s。
物理内存: 1.69 GB
虚拟内存: 2.2 GB
结束时间：2026年9月11日 上午10:35:31。
----- 研究 24/解 24 (sol24) 中的“稳态求解器 1” ------------------------------------------>
------     当前进度:  60 % - 生成方程
Memory: 1266/1708 1680/2242
-----      当前进度:  54 % - 生成方程
<---- 研究 25/解 25 (sol25) 中的“编译方程: 稳态” ------------------------------------------
开始于 2026年9月11日 上午10:35:34。
几何形函数: 二次拉格朗日单元
在  上运行。
在以下位置使用 1 个插槽： Zifeng 上（共 8 个内核）。
可用内存：32.60 GB。
           当前进度:   0 % - 生成方程
Memory: 1270/1708 1684/2242
在  上运行。
在以下位置使用 1 个插槽： Zifeng 上（共 8 个内核）。
可用内存：32.60 GB。
           当前进度:   5 % - 编译方程: 稳态
Memory: 1270/1708 1683/2242
时间：1。
物理内存: 1.27 GB
虚拟内存: 1.68 GB
结束时间：2026年9月11日 上午10:35:35。
----- 研究 25/解 25 (sol25) 中的“编译方程: 稳态” ----------------------------------------->
<---- 研究 25/解 25 (sol25) 中的“因变量 1” ---------------------------------------------
开始于 2026年9月11日 上午10:35:35。
           当前进度:   5 % - 因变量 1
Memory: 1272/1708 1684/2242
求解时间：0 s。
物理内存: 1.27 GB
虚拟内存: 1.68 GB
结束时间：2026年9月11日 上午10:35:35。
----- 研究 25/解 25 (sol25) 中的“因变量 1” -------------------------------------------->
<---- 研究 25/解 25 (sol25) 中的“稳态求解器 1” -------------------------------------------
开始于 2026年9月11日 上午10:35:35。
线性求解器
求解的自由度数：81034。
--         当前进度:  25 % - 组装矩阵
Memory: 1305/1708 1722/2242
找到对称矩阵。
缩放因变量：
磁标势 (comp1.Vm): 1
已使用正交零空间函数。
---        当前进度:  36 % - 矩阵分解
Memory: 1400/1708 1817/2242
----       当前进度:  48 % - 矩阵分解
Memory: 1482/1708 2208/2242
-----      当前进度:  57 % - 矩阵分解
Memory: 1544/1708 2208/2242
-------    当前进度:  78 % - 矩阵分解
Memory: 1658/1708 2208/2242
--------   当前进度:  85 % - 矩阵分解
Memory: 1682/1708 2208/2242
--------   当前进度:  89 % - 矩阵分解
Memory: 1701/1708 2208/2242
Iter      SolEst     Damping    Stepsize #Res #Jac #Sol   LinErr   LinRes
   1        0.95   1.0000000        0.95    1    1    1  1.7e-11  1.8e-14
---------- 当前进度: 100 % - 求解线性方程组
Memory: 1704/1709 2208/2242
求解时间：3 s。
物理内存: 1.71 GB
虚拟内存: 2.21 GB
结束时间：2026年9月11日 上午10:35:38。
----- 研究 25/解 25 (sol25) 中的“稳态求解器 1” ------------------------------------------>
----       当前进度:  47 % - 生成方程
Memory: 1277/1709 1687/2242
-----      当前进度:  54 % - 生成方程
Memory: 1278/1709 1687/2242
<---- 研究 26/解 26 (sol26) 中的“编译方程: 稳态” ------------------------------------------
开始于 2026年9月11日 上午10:35:41。
几何形函数: 二次拉格朗日单元
在  上运行。
在以下位置使用 1 个插槽： Zifeng 上（共 8 个内核）。
可用内存：32.60 GB。
           当前进度:   0 % - 生成方程
Memory: 1282/1709 1691/2242
在  上运行。
在以下位置使用 1 个插槽： Zifeng 上（共 8 个内核）。
可用内存：32.60 GB。
           当前进度:   5 % - 编译方程: 稳态
Memory: 1278/1709 1688/2242
时间：1。
物理内存: 1.28 GB
虚拟内存: 1.69 GB
结束时间：2026年9月11日 上午10:35:42。
----- 研究 26/解 26 (sol26) 中的“编译方程: 稳态” ----------------------------------------->
<---- 研究 26/解 26 (sol26) 中的“因变量 1” ---------------------------------------------
开始于 2026年9月11日 上午10:35:42。
           当前进度:   5 % - 因变量 1
求解时间：0 s。
物理内存: 1.28 GB
虚拟内存: 1.69 GB
结束时间：2026年9月11日 上午10:35:42。
----- 研究 26/解 26 (sol26) 中的“因变量 1” -------------------------------------------->
<---- 研究 26/解 26 (sol26) 中的“稳态求解器 1” -------------------------------------------
开始于 2026年9月11日 上午10:35:42。
线性求解器
求解的自由度数：81034。
---        当前进度:  35 % - 组装矩阵
Memory: 1320/1709 1730/2242
找到对称矩阵。
缩放因变量：
磁标势 (comp1.Vm): 1
已使用正交零空间函数。
---        当前进度:  36 % - 矩阵分解
Memory: 1416/1709 1829/2242
-----      当前进度:  51 % - 矩阵分解
Memory: 1448/1709 2158/2242
------     当前进度:  60 % - 矩阵分解
Memory: 1519/1709 2158/2242
--------   当前进度:  81 % - 矩阵分解
Memory: 1618/1709 2158/2242
--------   当前进度:  86 % - 矩阵分解
Memory: 1641/1709 2158/2242
---------  当前进度:  90 % - 矩阵分解
Memory: 1655/1709 2158/2242
Iter      SolEst     Damping    Stepsize #Res #Jac #Sol   LinErr   LinRes
   1        0.95   1.0000000        0.95    1    1    1    4e-13  1.9e-14
---------- 当前进度: 100 % - 求解线性方程组
Memory: 1244/1709 1656/2242
求解时间：3 s。
物理内存: 1.65 GB
虚拟内存: 2.16 GB
结束时间：2026年9月11日 上午10:35:46。
----- 研究 26/解 26 (sol26) 中的“稳态求解器 1” ------------------------------------------>
----       当前进度:  47 % - 生成方程
Memory: 1237/1709 1647/2242
---        当前进度:  39 % - 生成方程
Memory: 1240/1709 1650/2242
<---- 研究 27/解 27 (sol27) 中的“编译方程: 稳态” ------------------------------------------
开始于 2026年9月11日 上午10:35:49。
几何形函数: 二次拉格朗日单元
在  上运行。
在以下位置使用 1 个插槽： Zifeng 上（共 8 个内核）。
可用内存：32.60 GB。
           当前进度:   0 % - 生成方程
Memory: 1243/1709 1656/2242
在  上运行。
在以下位置使用 1 个插槽： Zifeng 上（共 8 个内核）。
可用内存：32.60 GB。
           当前进度:   5 % - 编译方程: 稳态
Memory: 1251/1709 1663/2242
时间：1。
物理内存: 1.25 GB
虚拟内存: 1.66 GB
结束时间：2026年9月11日 上午10:35:50。
----- 研究 27/解 27 (sol27) 中的“编译方程: 稳态” ----------------------------------------->
<---- 研究 27/解 27 (sol27) 中的“因变量 1” ---------------------------------------------
开始于 2026年9月11日 上午10:35:50。
           当前进度:   5 % - 因变量 1
Memory: 1252/1709 1663/2242
求解时间：0 s。
物理内存: 1.25 GB
虚拟内存: 1.66 GB
结束时间：2026年9月11日 上午10:35:50。
----- 研究 27/解 27 (sol27) 中的“因变量 1” -------------------------------------------->
<---- 研究 27/解 27 (sol27) 中的“稳态求解器 1” -------------------------------------------
开始于 2026年9月11日 上午10:35:50。
线性求解器
求解的自由度数：81034。
---        当前进度:  32 % - 组装矩阵
Memory: 1299/1709 1713/2242
找到对称矩阵。
缩放因变量：
磁标势 (comp1.Vm): 1
已使用正交零空间函数。
---        当前进度:  36 % - 矩阵分解
Memory: 1331/1709 1756/2242
---        当前进度:  37 % - 矩阵分解
Memory: 1423/1709 2209/2242
-----      当前进度:  53 % - 矩阵分解
Memory: 1510/1709 2209/2242
------     当前进度:  63 % - 矩阵分解
Memory: 1567/1709 2209/2242
-------    当前进度:  75 % - 矩阵分解
Memory: 1627/1709 2209/2242
-------    当前进度:  79 % - 矩阵分解
Memory: 1655/1709 2209/2242
--------   当前进度:  83 % - 矩阵分解
Memory: 1678/1709 2209/2242
--------   当前进度:  87 % - 矩阵分解
Memory: 1697/1709 2209/2242
--------   当前进度:  89 % - 矩阵分解
Memory: 1707/1709 2209/2242
Iter      SolEst     Damping    Stepsize #Res #Jac #Sol   LinErr   LinRes
   1        0.96   1.0000000        0.96    1    1    1  3.1e-11  1.9e-14
---------- 当前进度: 100 % - 求解线性方程组
Memory: 1307/1711 1719/2242
求解时间：5 s。
物理内存: 1.71 GB
虚拟内存: 2.21 GB
结束时间：2026年9月11日 上午10:35:55。
----- 研究 27/解 27 (sol27) 中的“稳态求解器 1” ------------------------------------------>
----       当前进度:  47 % - 生成方程
Memory: 1290/1711 1699/2242
-----      当前进度:  54 % - 生成方程
<---- 研究 28/解 28 (sol28) 中的“编译方程: 稳态” ------------------------------------------
开始于 2026年9月11日 上午10:35:58。
几何形函数: 二次拉格朗日单元
在  上运行。
在以下位置使用 1 个插槽： Zifeng 上（共 8 个内核）。
可用内存：32.60 GB。
           当前进度:   0 % - 生成方程
Memory: 1286/1711 1695/2242
在  上运行。
在以下位置使用 1 个插槽： Zifeng 上（共 8 个内核）。
可用内存：32.60 GB。
           当前进度:   5 % - 编译方程: 稳态
时间：1。
物理内存: 1.29 GB
虚拟内存: 1.7 GB
结束时间：2026年9月11日 上午10:35:59。
----- 研究 28/解 28 (sol28) 中的“编译方程: 稳态” ----------------------------------------->
<---- 研究 28/解 28 (sol28) 中的“因变量 1” ---------------------------------------------
开始于 2026年9月11日 上午10:35:59。
           当前进度:   5 % - 因变量 1
求解时间：0 s。
物理内存: 1.29 GB
虚拟内存: 1.7 GB
结束时间：2026年9月11日 上午10:35:59。
----- 研究 28/解 28 (sol28) 中的“因变量 1” -------------------------------------------->
<---- 研究 28/解 28 (sol28) 中的“稳态求解器 1” -------------------------------------------
开始于 2026年9月11日 上午10:35:59。
线性求解器
求解的自由度数：81034。
找到对称矩阵。
缩放因变量：
磁标势 (comp1.Vm): 1
已使用正交零空间函数。
---        当前进度:  36 % - 矩阵分解
Memory: 1407/1711 1824/2242
----       当前进度:  42 % - 矩阵分解
Memory: 1456/1711 2205/2242
------     当前进度:  65 % - 矩阵分解
Memory: 1584/1711 2205/2242
-------    当前进度:  76 % - 矩阵分解
Memory: 1650/1711 2205/2242
--------   当前进度:  86 % - 矩阵分解
Memory: 1696/1711 2205/2242
---------  当前进度:  90 % - 矩阵分解
Memory: 1713/1713 2205/2242
Iter      SolEst     Damping    Stepsize #Res #Jac #Sol   LinErr   LinRes
   1        0.95   1.0000000        0.95    1    1    1  6.6e-12  1.9e-14
---------- 当前进度: 100 % - 求解线性方程组
Memory: 1310/1719 1713/2242
求解时间：3 s。
物理内存: 1.72 GB
虚拟内存: 2.2 GB
结束时间：2026年9月11日 上午10:36:02。
----- 研究 28/解 28 (sol28) 中的“稳态求解器 1” ------------------------------------------>
           当前进度:   0 % - 
Memory: 1293/1719 1694/2242
<---- 研究 29/解 29 (sol29) 中的“编译方程: 稳态” ------------------------------------------
开始于 2026年9月11日 上午10:36:04。
几何形函数: 二次拉格朗日单元
在  上运行。
在以下位置使用 1 个插槽： Zifeng 上（共 8 个内核）。
可用内存：32.60 GB。
           当前进度:   0 % - 编译方程: 稳态
Memory: 1301/1719 1702/2242
在  上运行。
在以下位置使用 1 个插槽： Zifeng 上（共 8 个内核）。
可用内存：32.60 GB。
           当前进度:   5 % - 编译方程: 稳态
Memory: 1298/1719 1698/2242
时间：1。
物理内存: 1.3 GB
虚拟内存: 1.7 GB
结束时间：2026年9月11日 上午10:36:04。
----- 研究 29/解 29 (sol29) 中的“编译方程: 稳态” ----------------------------------------->
<---- 研究 29/解 29 (sol29) 中的“因变量 1” ---------------------------------------------
开始于 2026年9月11日 上午10:36:04。
           当前进度:   5 % - 因变量 1
求解时间：0 s。
物理内存: 1.3 GB
虚拟内存: 1.7 GB
结束时间：2026年9月11日 上午10:36:05。
----- 研究 29/解 29 (sol29) 中的“因变量 1” -------------------------------------------->
<---- 研究 29/解 29 (sol29) 中的“稳态求解器 1” -------------------------------------------
开始于 2026年9月11日 上午10:36:05。
线性求解器
求解的自由度数：81034。
找到对称矩阵。
缩放因变量：
磁标势 (comp1.Vm): 1
已使用正交零空间函数。
---        当前进度:  36 % - 矩阵分解
Memory: 1420/1719 1835/2242
-----      当前进度:  58 % - 矩阵分解
Memory: 1569/1719 2225/2242
-------    当前进度:  75 % - 矩阵分解
Memory: 1663/1719 2225/2242
--------   当前进度:  84 % - 矩阵分解
Memory: 1711/1719 2225/2242
--------   当前进度:  89 % - 矩阵分解
Memory: 1733/1733 2225/2242
Iter      SolEst     Damping    Stepsize #Res #Jac #Sol   LinErr   LinRes
   1        0.95   1.0000000        0.95    1    1    1  1.6e-11  1.9e-14
---------- 当前进度: 100 % - 求解线性方程组
Memory: 1321/1739 1722/2242
求解时间：2 s。
物理内存: 1.74 GB
虚拟内存: 2.22 GB
结束时间：2026年9月11日 上午10:36:07。
----- 研究 29/解 29 (sol29) 中的“稳态求解器 1” ------------------------------------------>
           当前进度:   0 % - 
Memory: 1310/1739 1708/2242
<---- 研究 30/解 30 (sol30) 中的“编译方程: 稳态” ------------------------------------------
开始于 2026年9月11日 上午10:36:09。
几何形函数: 二次拉格朗日单元
在  上运行。
在以下位置使用 1 个插槽： Zifeng 上（共 8 个内核）。
可用内存：32.60 GB。
           当前进度:   0 % - 编译方程: 稳态
Memory: 1228/1739 1629/2242
在  上运行。
在以下位置使用 1 个插槽： Zifeng 上（共 8 个内核）。
可用内存：32.60 GB。
           当前进度:   5 % - 编译方程: 稳态
Memory: 1248/1739 1648/2242
时间：1。
物理内存: 1.26 GB
虚拟内存: 1.66 GB
结束时间：2026年9月11日 上午10:36:09。
----- 研究 30/解 30 (sol30) 中的“编译方程: 稳态” ----------------------------------------->
<---- 研究 30/解 30 (sol30) 中的“因变量 1” ---------------------------------------------
开始于 2026年9月11日 上午10:36:09。
           当前进度:   5 % - 因变量 1
Memory: 1249/1739 1649/2242
求解时间：0 s。
物理内存: 1.25 GB
虚拟内存: 1.65 GB
结束时间：2026年9月11日 上午10:36:10。
----- 研究 30/解 30 (sol30) 中的“因变量 1” -------------------------------------------->
<---- 研究 30/解 30 (sol30) 中的“稳态求解器 1” -------------------------------------------
开始于 2026年9月11日 上午10:36:10。
线性求解器
求解的自由度数：81034。
找到对称矩阵。
缩放因变量：
磁标势 (comp1.Vm): 1
已使用正交零空间函数。
---        当前进度:  36 % - 矩阵分解
Memory: 1341/1739 1747/2242
----       当前进度:  49 % - 矩阵分解
Memory: 1495/1739 2206/2242
------     当前进度:  68 % - 矩阵分解
Memory: 1608/1739 2206/2242
-------    当前进度:  78 % - 矩阵分解
Memory: 1665/1739 2206/2242
--------   当前进度:  87 % - 矩阵分解
Memory: 1704/1739 2206/2242
---------  当前进度:  90 % - 矩阵分解
Memory: 1715/1739 2206/2242
Iter      SolEst     Damping    Stepsize #Res #Jac #Sol   LinErr   LinRes
   1           1   1.0000000           1    1    1    1  3.3e-11  3.9e-13
---------- 当前进度: 100 % - 求解线性方程组
Memory: 1294/1739 1696/2242
求解时间：3 s。
物理内存: 1.72 GB
虚拟内存: 2.21 GB
结束时间：2026年9月11日 上午10:36:12。
----- 研究 30/解 30 (sol30) 中的“稳态求解器 1” ------------------------------------------>
