SOURCE=H:\comsolcc\z120_xsphere26_air200_mesh1.mph
PHYSICS=[mfnc]
PARAM z_sphere=120[mm] x_sphere=26[mm] alpha=30[deg]
PARAM omega=10*pi [rad/s] T_cycle=0.2[s]
REMOVED_COMMON tag=rot1 type=RotatingDomain reason=static_fixed_geometry_branch
ON_CONFIGURATION_CAPTURED ConstitutiveRelationBH=RemanentFluxDensity mur_mat=from_mat mur=1 normBr_source=userdef normBr=1.46[T]
MESH_MODE=M0 global_hauto=6 local_solid_hauto=1
GEOM_MESH_DONE z=120.0 elements=60908
ZSP_REFERENCE_BEFORE point_selection=[] boundary_selection=[]
ZSP_REFERENCE_CANDIDATE point=20 coord_model_unit=[-1.0, 0.0, 0.4000000000000001] npoints=37
ZSP_REFERENCE_AFTER point_selection=[20] coord_model_unit=[-1.0, 0.0, 0.4000000000000001] status=EXPLICIT_FIXED_POINT
MFC2_DOMAIN_SELECTION=[4]
FORCECAL_DOMAIN_SELECTION=[3]
STEEL_DOMAIN_SELECTION=[2]
N52_DOMAIN_SELECTION=[3, 4]
AIR_DOMAIN_SELECTION=[1]
MATERIALS=[mat4, mat3, mat5]
MFC2_GEOMETRY volume_mm3=65281.8036794 bbox_mm=[xmin=1.00000000,xmax=51.0000000,ymin=-25.0000000,ymax=25.0000000,zmin=95.0000000,zmax=145.000000] center_mm=[26.0000000,0.00000000,120.000000] radius_from_bbox_mm=25.0000000
FORCECAL_GEOMETRY volume_mm3=0.998862443669 bbox_mm=[xmin=-1.00000000,xmax=1.00000000,ymin=-0.400000006,ymax=0.400000006,zmin=-0.400000006,zmax=0.400000006] center_mm=[0.00000000,0.00000000,0.00000000]
STEEL_GEOMETRY volume_mm3=3.68720782984 bbox_mm=[xmin=-1.58000004,xmax=-1.27999997,ymin=-2.00000000,ymax=2.00000000,zmin=-2.00000000,zmax=2.00000000] center_mm=[-1.43000001,0.00000000,0.00000000]
AIR_GEOMETRY volume_mm3=33434050.8189 bbox_mm=[xmin=-200.000000,xmax=200.000000,ymin=-200.000000,ymax=200.000000,zmin=-200.000000,zmax=200.000000]
X_GAP_STEEL_TO_CYLINDER_MM=0.279999971390
SPHERE_CENTER_PARAM_MM=[26.0000000000,0,120.000000000] radius_param_mm=25
GEOM_FEATURE tag=sph1 type=Sphere pos=x_sphere, 0, z_sphere r=25 h=<not-readable> model_length_unit=mm
GEOM_FEATURE_PARAM_EVAL_SI tag=sph1 pos=[0.026000000000000002,0.0,0.12]
GEOM_FEATURE tag=cyl1 type=Cylinder pos=0, 0, Z_sphere r=25 h=60 model_length_unit=mm
GEOM_FEATURE_PARAM_EVAL_SI tag=cyl1 pos=[0.0,0.0,NaN]
GEOM_FEATURE tag=cyl2 type=Cylinder pos=0, 0, -(2[mm])/2 r=0.4[mm] h=2[mm] model_length_unit=mm
GEOM_FEATURE_PARAM_EVAL_SI tag=cyl2 pos=[0.0,0.0,-0.001]
GEOM_FEATURE tag=cyl3 type=Cylinder pos=0, 0, -(h_cyl3)/2 r=2 h=h_cyl3 model_length_unit=mm
GEOM_FEATURE_PARAM_EVAL_SI tag=cyl3 pos=[0.0,0.0,-1.5E-4]
GEOM_FEATURE tag=sph_air_domain type=Sphere pos=0, 0, 0 r=200[mm] h=<not-readable> model_length_unit=mm
GEOM_FEATURE_PARAM_EVAL_SI tag=sph_air_domain pos=[0.0,0.0,0.0]
GEOMETRY_CHECK=PASS
PHYSICS_FEATURE tag=mfc1 type=MagneticFluxConservationFluid dim3=[1]
  ConstitutiveRelationBH=RelativePermeability
  M=[0, 0, 0]
  e_crel_BH_RemanentFluxDensity=[1, 0, 0]
  mur_mat=from_mat
  mur=1
  murPrim_mat=from_mat
  murPrim=1
  murBis_mat=from_mat
  murBis=0
  mur_crel_BH_RemanentFluxDensity_mat=from_mat
  mur_crel_BH_RemanentFluxDensity=1
  normBr_crel_BH_RemanentFluxDensity_mat=from_mat
  normBr_crel_BH_RemanentFluxDensity=0
  normB_mat=from_mat
  normB=mu0_const*mfnc.normH
  Wpm_BHC_mat=from_mat
  Wpm_BHC=(0.5*mfnc.normB)*mfnc.normH
  material=none
  M0=[0, 0, 0]
  GPorder=auto
  inStationaryStudy=TransientInitialization
  MsJA_mat=from_mat
  MsJA=1e6[A/m]
  aJA_mat=from_mat
  aJA=200[A/m]
  kJA_mat=from_mat
  kJA=300[A/m]
  cJA_mat=from_mat
  cJA=0.7
  alphaJA_mat=from_mat
  alphaJA=5e-4
  eHc=[1, 0, 0]
  Hc_mat=from_mat
  Hc=1e4
  normHs_mat=from_mat
  normHs=mfnc.normB/mu0_const
  normBpm_mat=from_mat
  normBpm=mu0_const*mfnc.normHs
  Wpm_NPM_mat=from_mat
  Wpm_NPM=(0.5*mfnc.normB)*mfnc.normHs
  minput_temperature_src=fromCommonDef
  minput_temperature=293.15[K]
  editModelInputs=0
  minput_magneticfield_src=userdef
  minput_magneticfield=[0, 0, 0]
  minput_shiftedmagneticfield_src=userdef
  minput_shiftedmagneticfield=[0, 0, 0]
  materialType=nonSolid
  coordinateSystem=GlobalSystem
  StudyStep=std_z115p00_static/stat
  showPhysicsSymbols=1
  AllowSolidMaterials=0
PHYSICS_FEATURE tag=mi1 type=MagneticInsulation dim2=[1, 2, 3, 4, 20, 21, 22, 23]
  StudyStep=std_z115p00_static/stat
  showPhysicsSymbols=1
  pairContrib=fallback
PHYSICS_FEATURE tag=init1 type=init dim3=[1, 2, 3, 4]
  Vm=0
  StudyStep=std_z115p00_static/stat
PHYSICS_FEATURE tag=mfc2 type=MagneticFluxConservationFluid dim3=[4]
  ConstitutiveRelationBH=RemanentFluxDensity
  M=[0, 0, 0]
  e_crel_BH_RemanentFluxDensity=[0, cos(alpha), sin(alpha)]
  mur_mat=from_mat
  mur=1
  murPrim_mat=from_mat
  murPrim=1
  murBis_mat=from_mat
  murBis=0
  mur_crel_BH_RemanentFluxDensity_mat=from_mat
  mur_crel_BH_RemanentFluxDensity=1
  normBr_crel_BH_RemanentFluxDensity_mat=userdef
  normBr_crel_BH_RemanentFluxDensity=1.46[T]
  normB_mat=from_mat
  normB=mu0_const*mfnc.normH
  Wpm_BHC_mat=from_mat
  Wpm_BHC=(0.5*mfnc.normB)*mfnc.normH
  material=none
  M0=[0, 0, 0]
  GPorder=auto
  inStationaryStudy=TransientInitialization
  MsJA_mat=from_mat
  MsJA=1e6[A/m]
  aJA_mat=from_mat
  aJA=200[A/m]
  kJA_mat=from_mat
  kJA=300[A/m]
  cJA_mat=from_mat
  cJA=0.7
  alphaJA_mat=from_mat
  alphaJA=5e-4
  eHc=[1, 0, 0]
  Hc_mat=from_mat
  Hc=1e4
  normHs_mat=from_mat
  normHs=mfnc.normB/mu0_const
  normBpm_mat=from_mat
  normBpm=mu0_const*mfnc.normHs
  Wpm_NPM_mat=from_mat
  Wpm_NPM=(0.5*mfnc.normB)*mfnc.normHs
  minput_temperature_src=fromCommonDef
  minput_temperature=293.15[K]
  editModelInputs=0
  minput_magneticfield_src=userdef
  minput_magneticfield=[0, 0, 0]
  minput_shiftedmagneticfield_src=userdef
  minput_shiftedmagneticfield=[0, 0, 0]
  materialType=nonSolid
  coordinateSystem=GlobalSystem
  StudyStep=std_z115p00_static/stat
  showPhysicsSymbols=1
  AllowSolidMaterials=1
PHYSICS_FEATURE tag=zsp1 type=ZeroMagneticScalarPotential dim0=[20]
  constraintType=symmetricConstraint
  constraintMethod=elemental
  StudyStep=std_z115p00_static/stat
  showPhysicsSymbols=1
  constraintOptions=pointwiseConstraints
  pairContrib=fallback
ZSP_SELECTION tag=zsp1 dim=3 entities=[]
ZSP_SELECTION tag=zsp1 dim=2 entities=[]
ZSP_SELECTION tag=zsp1 dim=1 entities=[]
ZSP_SELECTION tag=zsp1 dim=0 entities=[20]
PHYSICS_FEATURE tag=mfcs1 type=MagneticFluxConservationSolid dim3=[3]
  materialType=solid
  AllowSolidMaterials=1
  ConstitutiveRelationBH=RemanentFluxDensity
  M=[0, 0, 0]
  e_crel_BH_RemanentFluxDensity=[1, 0, 0]
  mur_mat=from_mat
  mur=1
  murPrim_mat=from_mat
  murPrim=1
  murBis_mat=from_mat
  murBis=0
  mur_crel_BH_RemanentFluxDensity_mat=from_mat
  mur_crel_BH_RemanentFluxDensity=1
  normBr_crel_BH_RemanentFluxDensity_mat=userdef
  normBr_crel_BH_RemanentFluxDensity=1.43[T]
  normB_mat=from_mat
  normB=mu0_const*mfnc.normH
  Wpm_BHC_mat=from_mat
  Wpm_BHC=(0.5*mfnc.normB)*mfnc.normH
  material=none
  M0=[0, 0, 0]
  GPorder=auto
  inStationaryStudy=TransientInitialization
  MsJA_mat=from_mat
  MsJA=1e6[A/m]
  aJA_mat=from_mat
  aJA=200[A/m]
  kJA_mat=from_mat
  kJA=300[A/m]
  cJA_mat=from_mat
  cJA=0.7
  alphaJA_mat=from_mat
  alphaJA=5e-4
  eHc=[1, 0, 0]
  Hc_mat=from_mat
  Hc=1e4
  normHs_mat=from_mat
  normHs=mfnc.normB/mu0_const
  normBpm_mat=from_mat
  normBpm=mu0_const*mfnc.normHs
  Wpm_NPM_mat=from_mat
  Wpm_NPM=(0.5*mfnc.normB)*mfnc.normHs
  minput_temperature_src=fromCommonDef
  minput_temperature=293.15[K]
  editModelInputs=0
  minput_magneticfield_src=userdef
  minput_magneticfield=[0, 0, 0]
  minput_shiftedmagneticfield_src=userdef
  minput_shiftedmagneticfield=[0, 0, 0]
  coordinateSystem=GlobalSystem
  StudyStep=std_z115p00_static/stat
  showPhysicsSymbols=1
PHYSICS_FEATURE tag=fcal1 type=ForceCalculation dim3=[3]
  ForceName=force_magnet
  TorqueAxis=[1, 0, 0]
  TorqueRotationPoint=[0, 0, 0]
  useAverage=1
  StudyStep=std_z115p00_static/stat
  showPhysicsSymbols=1
PHYSICS_FEATURE tag=mfcs2 type=MagneticFluxConservationSolid dim3=[2]
  materialType=solid
  AllowSolidMaterials=1
  ConstitutiveRelationBH=RelativePermeability
  M=[0, 0, 0]
  e_crel_BH_RemanentFluxDensity=[1, 0, 0]
  mur_mat=from_mat
  mur=1
  murPrim_mat=from_mat
  murPrim=1
  murBis_mat=from_mat
  murBis=0
  mur_crel_BH_RemanentFluxDensity_mat=from_mat
  mur_crel_BH_RemanentFluxDensity=1
  normBr_crel_BH_RemanentFluxDensity_mat=from_mat
  normBr_crel_BH_RemanentFluxDensity=0
  normB_mat=from_mat
  normB=mu0_const*mfnc.normH
  Wpm_BHC_mat=from_mat
  Wpm_BHC=(0.5*mfnc.normB)*mfnc.normH
  material=none
  M0=[0, 0, 0]
  GPorder=auto
  inStationaryStudy=TransientInitialization
  MsJA_mat=from_mat
  MsJA=1e6[A/m]
  aJA_mat=from_mat
  aJA=200[A/m]
  kJA_mat=from_mat
  kJA=300[A/m]
  cJA_mat=from_mat
  cJA=0.7
  alphaJA_mat=from_mat
  alphaJA=5e-4
  eHc=[1, 0, 0]
  Hc_mat=from_mat
  Hc=1e4
  normHs_mat=from_mat
  normHs=mfnc.normB/mu0_const
  normBpm_mat=from_mat
  normBpm=mu0_const*mfnc.normHs
  Wpm_NPM_mat=from_mat
  Wpm_NPM=(0.5*mfnc.normB)*mfnc.normHs
  minput_temperature_src=fromCommonDef
  minput_temperature=293.15[K]
  editModelInputs=0
  minput_magneticfield_src=userdef
  minput_magneticfield=[0, 0, 0]
  minput_shiftedmagneticfield_src=userdef
  minput_shiftedmagneticfield=[0, 0, 0]
  coordinateSystem=GlobalSystem
  StudyStep=std_z115p00_static/stat
  showPhysicsSymbols=1
MAGNETIC_INSULATION_BOUNDARIES=[1, 2, 3, 4, 20, 21, 22, 23]
MAGNETIC_BOUNDARY_AUDIT_BEGIN count=8
MI_BOUNDARY id=1 area_mm2=62821.5544115 bbox_mm=[xmin=-200.000000,xmax=1.22464676e-14,ymin=-200.000000,ymax=2.44929351e-14,zmin=-200.000000,zmax=0.00000000] adjacent_domains=[0, 1] identity=EXTERNAL
MI_BOUNDARY id=2 area_mm2=62821.5544115 bbox_mm=[xmin=-200.000000,xmax=1.22464676e-14,ymin=-200.000000,ymax=2.44929351e-14,zmin=0.00000000,zmax=200.000000] adjacent_domains=[0, 1] identity=EXTERNAL
MI_BOUNDARY id=3 area_mm2=62821.5544115 bbox_mm=[xmin=-200.000000,xmax=1.22464676e-14,ymin=0.00000000,ymax=200.000000,zmin=-200.000000,zmax=0.00000000] adjacent_domains=[0, 1] identity=EXTERNAL
MI_BOUNDARY id=4 area_mm2=62821.5544115 bbox_mm=[xmin=-200.000000,xmax=1.22464676e-14,ymin=0.00000000,ymax=200.000000,zmin=0.00000000,zmax=200.000000] adjacent_domains=[0, 1] identity=EXTERNAL
MI_BOUNDARY id=20 area_mm2=62821.5544115 bbox_mm=[xmin=-3.67394036e-14,xmax=200.000000,ymin=-200.000000,ymax=0.00000000,zmin=-200.000000,zmax=0.00000000] adjacent_domains=[0, 1] identity=EXTERNAL
MI_BOUNDARY id=21 area_mm2=62821.5544115 bbox_mm=[xmin=-3.67394036e-14,xmax=200.000000,ymin=-200.000000,ymax=0.00000000,zmin=0.00000000,zmax=200.000000] adjacent_domains=[0, 1] identity=EXTERNAL
MI_BOUNDARY id=22 area_mm2=62821.5544115 bbox_mm=[xmin=3.43467572e-16,xmax=200.000000,ymin=0.00000000,ymax=200.000000,zmin=-200.000000,zmax=0.00000000] adjacent_domains=[0, 1] identity=EXTERNAL
MI_BOUNDARY id=23 area_mm2=62821.5544115 bbox_mm=[xmin=3.43467572e-16,xmax=200.000000,ymin=0.00000000,ymax=200.000000,zmin=0.00000000,zmax=200.000000] adjacent_domains=[0, 1] identity=EXTERNAL
MAGNETIC_BOUNDARY_AUDIT_END
MATERIAL tag=mat4 label=Air domains=[1]
  GROUP=def type=def
    thermalexpansioncoefficient=alpha_p(pA,T)
    molarmass=0.02897[kg/mol]
    bulkviscosity=muB(T)
    relpermeability=1
    relpermittivity=1
    dynamicviscosity=eta(T)
    ratioofspecificheat=1.4
    electricconductivity=0[S/m]
    heatcapacity=Cp(T)
    density=rho(pA,T)
    thermalconductivity=k(T)
    soundspeed=cs(T)
  GROUP=RefractiveIndex type=RefractiveIndex
    n=1
    ki=0
  GROUP=NonlinearModel type=NonlinearModel
    BA=def.gamma-1
  GROUP=idealGas type=idealGas
    Rs=R_const/Mn
    heatcapacity=Cp(T)
    ratioofspecificheat=1.4
    molarmass=0.02897[kg/mol]
MATERIAL tag=mat3 label=N52 (Sintered NdFeB) domains=[3, 4]
  GROUP=def type=def
    electricconductivity=1/1.4[uohm*m]
    relpermittivity=1
    density=7500
  GROUP=RemanentFluxDensity type=RemanentFluxDensity
    murec=1.05
    normBr=1.46[T]
  GROUP=Enu type=Enu
    E=160[Gpa]
    nu=0.24
MATERIAL tag=mat5 label=UNS S30415 [solid] domains=[2]
  GROUP=def type=def
    thermalconductivity=k(T)
    resistivity=res(T)
    thermalexpansioncoefficient=(alpha(T)+(Tempref-293[K])*if(abs(T-Tempref)>1e-3,(alpha(T)-alpha(Tempref))/(T-Tempref),d(alpha(T),T)))/(1+alpha(Tempref)*(Tempref-293[K]))
    heatcapacity=C(T)
    electricconductivity=sigma(T)
    density=rho(T)
    TD=TD(T)
    relpermeability=1.01
  GROUP=ThermalExpansion type=ThermalExpansion
    alphatan=CTE(T)
    dL=(dL(T)-dL(Tempref))/(1+dL(Tempref))
  GROUP=Enu type=Enu
    E=E(T)
    nu=
SPARSE_HEIGHT_START z=120.00000 angles=0,45,90,135,180,225,270,315,360
ON_CONFIGURATION_RESTORED
ON_CONFIGURATION_RESTORED
POSE phi_deg=0.00000000000 expected_unit_magnetization=[0.500000000000,0.866025403784,-0.00000000000] model_alpha_rad=0.523598775598
MODEL_MAGNETIZATION_EVAL=[0.500000000000,0.866025403784,-0.00000000000]
ACTIVE_MFC2_CONFIG mode=ON ConstitutiveRelationBH=RemanentFluxDensity mur_mat=from_mat mur=1 normBr_source=userdef normBr=1.46[T] domains=[4]
ON_CONTROL_CONFIG=RECORDED active_constitutive=RemanentFluxDensity active_mur=1 active_normBr=1.46[T]
STATIONARY_TOL study=st_on_z120p000_p0p00000.stat usestol=on stol=1e-6
SOLVER_CONFIG sol=sol1 s1.control=stat fc1.linsolver=dDef dDef.linsolver=pardiso
CONFIGURED_SAVED z=120.0 phi=0.0 study=st_on_z120p000_p0p00000 sol=sol1
SOLVED z=120.0 phi=0.0 sol=sol1
RESULT ON,120.00000000,0.00000000,0.500000000000,0.866025403784,-0.00000000000,sol1,pardiso,stol=1e-6,60908,NA,-0.000812050266451,-0.812050266451,-0.812050266451,SUCCESS,UNKNOWN,UNKNOWN
ON_CONFIGURATION_RESTORED
POSE phi_deg=45.0000000000 expected_unit_magnetization=[0.500000000000,0.612372435696,-0.612372435696] model_alpha_rad=0.523598775598
MODEL_MAGNETIZATION_EVAL=[0.500000000000,0.612372435696,-0.612372435696]
ACTIVE_MFC2_CONFIG mode=ON ConstitutiveRelationBH=RemanentFluxDensity mur_mat=from_mat mur=1 normBr_source=userdef normBr=1.46[T] domains=[4]
ON_CONTROL_CONFIG=RECORDED active_constitutive=RemanentFluxDensity active_mur=1 active_normBr=1.46[T]
STATIONARY_TOL study=st_on_z120p000_p45p0000.stat usestol=on stol=1e-6
SOLVER_CONFIG sol=sol2 s1.control=stat fc1.linsolver=dDef dDef.linsolver=pardiso
CONFIGURED_SAVED z=120.0 phi=45.0 study=st_on_z120p000_p45p0000 sol=sol2
SOLVED z=120.0 phi=45.0 sol=sol2
RESULT ON,120.00000000,45.00000000,0.500000000000,0.612372435696,-0.612372435696,sol2,pardiso,stol=1e-6,60908,NA,-0.000766444083286,-0.766444083286,-0.766444083286,SUCCESS,UNKNOWN,UNKNOWN
ON_CONFIGURATION_RESTORED
POSE phi_deg=90.0000000000 expected_unit_magnetization=[0.500000000000,5.30287619362e-17,-0.866025403784] model_alpha_rad=0.523598775598
MODEL_MAGNETIZATION_EVAL=[0.500000000000,5.30287619362e-17,-0.866025403784]
ACTIVE_MFC2_CONFIG mode=ON ConstitutiveRelationBH=RemanentFluxDensity mur_mat=from_mat mur=1 normBr_source=userdef normBr=1.46[T] domains=[4]
ON_CONTROL_CONFIG=RECORDED active_constitutive=RemanentFluxDensity active_mur=1 active_normBr=1.46[T]
STATIONARY_TOL study=st_on_z120p000_p90p0000.stat usestol=on stol=1e-6
SOLVER_CONFIG sol=sol3 s1.control=stat fc1.linsolver=dDef dDef.linsolver=pardiso
CONFIGURED_SAVED z=120.0 phi=90.0 study=st_on_z120p000_p90p0000 sol=sol3
SOLVED z=120.0 phi=90.0 sol=sol3
RESULT ON,120.00000000,90.00000000,0.500000000000,5.30287619362e-17,-0.866025403784,sol3,pardiso,stol=1e-6,60908,NA,-0.000747577711738,-0.747577711738,-0.747577711738,SUCCESS,UNKNOWN,UNKNOWN
ON_CONFIGURATION_RESTORED
POSE phi_deg=135.000000000 expected_unit_magnetization=[0.500000000000,-0.612372435696,-0.612372435696] model_alpha_rad=0.523598775598
MODEL_MAGNETIZATION_EVAL=[0.500000000000,-0.612372435696,-0.612372435696]
ACTIVE_MFC2_CONFIG mode=ON ConstitutiveRelationBH=RemanentFluxDensity mur_mat=from_mat mur=1 normBr_source=userdef normBr=1.46[T] domains=[4]
ON_CONTROL_CONFIG=RECORDED active_constitutive=RemanentFluxDensity active_mur=1 active_normBr=1.46[T]
STATIONARY_TOL study=st_on_z120p000_p135p000.stat usestol=on stol=1e-6
SOLVER_CONFIG sol=sol4 s1.control=stat fc1.linsolver=dDef dDef.linsolver=pardiso
CONFIGURED_SAVED z=120.0 phi=135.0 study=st_on_z120p000_p135p000 sol=sol4
SOLVED z=120.0 phi=135.0 sol=sol4
RESULT ON,120.00000000,135.00000000,0.500000000000,-0.612372435696,-0.612372435696,sol4,pardiso,stol=1e-6,60908,NA,-0.000766506514746,-0.766506514746,-0.766506514746,SUCCESS,UNKNOWN,UNKNOWN
ON_CONFIGURATION_RESTORED
POSE phi_deg=180.000000000 expected_unit_magnetization=[0.500000000000,-0.866025403784,-1.06057523872e-16] model_alpha_rad=0.523598775598
MODEL_MAGNETIZATION_EVAL=[0.500000000000,-0.866025403784,-1.06057523872e-16]
ACTIVE_MFC2_CONFIG mode=ON ConstitutiveRelationBH=RemanentFluxDensity mur_mat=from_mat mur=1 normBr_source=userdef normBr=1.46[T] domains=[4]
ON_CONTROL_CONFIG=RECORDED active_constitutive=RemanentFluxDensity active_mur=1 active_normBr=1.46[T]
STATIONARY_TOL study=st_on_z120p000_p180p000.stat usestol=on stol=1e-6
SOLVER_CONFIG sol=sol5 s1.control=stat fc1.linsolver=dDef dDef.linsolver=pardiso
CONFIGURED_SAVED z=120.0 phi=180.0 study=st_on_z120p000_p180p000 sol=sol5
SOLVED z=120.0 phi=180.0 sol=sol5
RESULT ON,120.00000000,180.00000000,0.500000000000,-0.866025403784,-1.06057523872e-16,sol5,pardiso,stol=1e-6,60908,NA,-0.000812139386783,-0.812139386783,-0.812139386783,SUCCESS,UNKNOWN,UNKNOWN
ON_CONFIGURATION_RESTORED
POSE phi_deg=225.000000000 expected_unit_magnetization=[0.500000000000,-0.612372435696,0.612372435696] model_alpha_rad=0.523598775598
MODEL_MAGNETIZATION_EVAL=[0.500000000000,-0.612372435696,0.612372435696]
ACTIVE_MFC2_CONFIG mode=ON ConstitutiveRelationBH=RemanentFluxDensity mur_mat=from_mat mur=1 normBr_source=userdef normBr=1.46[T] domains=[4]
ON_CONTROL_CONFIG=RECORDED active_constitutive=RemanentFluxDensity active_mur=1 active_normBr=1.46[T]
STATIONARY_TOL study=st_on_z120p000_p225p000.stat usestol=on stol=1e-6
SOLVER_CONFIG sol=sol6 s1.control=stat fc1.linsolver=dDef dDef.linsolver=pardiso
CONFIGURED_SAVED z=120.0 phi=225.0 study=st_on_z120p000_p225p000 sol=sol6
SOLVED z=120.0 phi=225.0 sol=sol6
RESULT ON,120.00000000,225.00000000,0.500000000000,-0.612372435696,0.612372435696,sol6,pardiso,stol=1e-6,60908,NA,-0.000857741511360,-0.857741511360,-0.857741511360,SUCCESS,UNKNOWN,UNKNOWN
ON_CONFIGURATION_RESTORED
POSE phi_deg=270.000000000 expected_unit_magnetization=[0.500000000000,-1.59086285809e-16,0.866025403784] model_alpha_rad=0.523598775598
MODEL_MAGNETIZATION_EVAL=[0.500000000000,-1.59086285809e-16,0.866025403784]
ACTIVE_MFC2_CONFIG mode=ON ConstitutiveRelationBH=RemanentFluxDensity mur_mat=from_mat mur=1 normBr_source=userdef normBr=1.46[T] domains=[4]
ON_CONTROL_CONFIG=RECORDED active_constitutive=RemanentFluxDensity active_mur=1 active_normBr=1.46[T]
STATIONARY_TOL study=st_on_z120p000_p270p000.stat usestol=on stol=1e-6
SOLVER_CONFIG sol=sol7 s1.control=stat fc1.linsolver=dDef dDef.linsolver=pardiso
CONFIGURED_SAVED z=120.0 phi=270.0 study=st_on_z120p000_p270p000 sol=sol7
SOLVED z=120.0 phi=270.0 sol=sol7
RESULT ON,120.00000000,270.00000000,0.500000000000,-1.59086285809e-16,0.866025403784,sol7,pardiso,stol=1e-6,60908,NA,-0.000876602652613,-0.876602652613,-0.876602652613,SUCCESS,UNKNOWN,UNKNOWN
ON_CONFIGURATION_RESTORED
POSE phi_deg=315.000000000 expected_unit_magnetization=[0.500000000000,0.612372435696,0.612372435696] model_alpha_rad=0.523598775598
MODEL_MAGNETIZATION_EVAL=[0.500000000000,0.612372435696,0.612372435696]
ACTIVE_MFC2_CONFIG mode=ON ConstitutiveRelationBH=RemanentFluxDensity mur_mat=from_mat mur=1 normBr_source=userdef normBr=1.46[T] domains=[4]
ON_CONTROL_CONFIG=RECORDED active_constitutive=RemanentFluxDensity active_mur=1 active_normBr=1.46[T]
STATIONARY_TOL study=st_on_z120p000_p315p000.stat usestol=on stol=1e-6
SOLVER_CONFIG sol=sol8 s1.control=stat fc1.linsolver=dDef dDef.linsolver=pardiso
CONFIGURED_SAVED z=120.0 phi=315.0 study=st_on_z120p000_p315p000 sol=sol8
SOLVED z=120.0 phi=315.0 sol=sol8
RESULT ON,120.00000000,315.00000000,0.500000000000,0.612372435696,0.612372435696,sol8,pardiso,stol=1e-6,60908,NA,-0.000857677907541,-0.857677907541,-0.857677907541,SUCCESS,UNKNOWN,UNKNOWN
ON_CONFIGURATION_RESTORED
POSE phi_deg=360.000000000 expected_unit_magnetization=[0.500000000000,0.866025403784,2.12115047745e-16] model_alpha_rad=0.523598775598
MODEL_MAGNETIZATION_EVAL=[0.500000000000,0.866025403784,2.12115047745e-16]
ACTIVE_MFC2_CONFIG mode=ON ConstitutiveRelationBH=RemanentFluxDensity mur_mat=from_mat mur=1 normBr_source=userdef normBr=1.46[T] domains=[4]
ON_CONTROL_CONFIG=RECORDED active_constitutive=RemanentFluxDensity active_mur=1 active_normBr=1.46[T]
STATIONARY_TOL study=st_on_z120p000_p360p000.stat usestol=on stol=1e-6
SOLVER_CONFIG sol=sol9 s1.control=stat fc1.linsolver=dDef dDef.linsolver=pardiso
CONFIGURED_SAVED z=120.0 phi=360.0 study=st_on_z120p000_p360p000 sol=sol9
SOLVED z=120.0 phi=360.0 sol=sol9
RESULT ON,120.00000000,360.00000000,0.500000000000,0.866025403784,2.12115047745e-16,sol9,pardiso,stol=1e-6,60908,NA,-0.000812050266347,-0.812050266347,-0.812050266347,SUCCESS,UNKNOWN,UNKNOWN
AIR_OVERRIDE material=mat4 domain=[1,4] mfc2.ConstitutiveRelationBH=RelativePermeability mfc2.mur_mat=userdef mfc2.mur=1 remanence_fields_cleared_inactive
POSE phi_deg=0.00000000000 expected_unit_magnetization=[0.500000000000,0.866025403784,-0.00000000000] model_alpha_rad=0.523598775598
MODEL_MAGNETIZATION_EVAL=[0.500000000000,0.866025403784,-0.00000000000]
ACTIVE_MFC2_CONFIG mode=AIR ConstitutiveRelationBH=RelativePermeability mur_mat=userdef mur=1 normBr_source=userdef normBr=0[T] domains=[4]
AIR_CONTROL_CONFIG=PASS active_constitutive=RelativePermeability active_mur=1 active_remanence=OFF material_domains=mat3:[3],mat4:[1,4]
STATIONARY_TOL study=st_air_z120p000_p0p00000.stat usestol=on stol=1e-6
SOLVER_CONFIG sol=sol10 s1.control=stat fc1.linsolver=dDef dDef.linsolver=pardiso
CONFIGURED_SAVED z=120.0 phi=0.0 study=st_air_z120p000_p0p00000 sol=sol10
SOLVED z=120.0 phi=0.0 sol=sol10
AIR_FIELD_AUDIT point_m=[26.0000000000,0,120.000000000] Bvec_T=[-8.16065231378e-08,-9.88628974799e-11,3.79502173263e-08] mu0Hvec_T=[-8.16065231378e-08,-9.88628974799e-11,3.79502173263e-08] normB_T=8.99991854831e-08 mu0H_T=8.99991854831e-08 diff_T=1.32348898008e-23
RESULT AIR,120.00000000,0.00000000,0.500000000000,0.866025403784,-0.00000000000,sol10,pardiso,stol=1e-6,60908,NA,-0.000780551466552,-0.780551466552,-0.780551466552,SUCCESS,UNKNOWN,UNKNOWN
ON_CONFIGURATION_RESTORED
SPARSE_HEIGHT_FINISH z=120.00000 elements=60908
GEOM_MESH_DONE z=140.0 elements=60846
ZSP_REFERENCE_BEFORE point_selection=[20] boundary_selection=[]
ZSP_REFERENCE_AFTER existing_point_selection=[20] existing_boundary_selection=[] status=EXISTING_REFERENCE
MFC2_DOMAIN_SELECTION=[4]
FORCECAL_DOMAIN_SELECTION=[3]
STEEL_DOMAIN_SELECTION=[2]
N52_DOMAIN_SELECTION=[3, 4]
AIR_DOMAIN_SELECTION=[1]
MATERIALS=[mat4, mat3, mat5]
MFC2_GEOMETRY volume_mm3=65281.8027639 bbox_mm=[xmin=1.00000000,xmax=51.0000000,ymin=-25.0000000,ymax=25.0000000,zmin=115.000000,zmax=165.000000] center_mm=[26.0000000,0.00000000,140.000000] radius_from_bbox_mm=25.0000000
FORCECAL_GEOMETRY volume_mm3=0.998862443669 bbox_mm=[xmin=-1.00000000,xmax=1.00000000,ymin=-0.400000006,ymax=0.400000006,zmin=-0.400000006,zmax=0.400000006] center_mm=[0.00000000,0.00000000,0.00000000]
STEEL_GEOMETRY volume_mm3=3.68720782984 bbox_mm=[xmin=-1.58000004,xmax=-1.27999997,ymin=-2.00000000,ymax=2.00000000,zmin=-2.00000000,zmax=2.00000000] center_mm=[-1.43000001,0.00000000,0.00000000]
AIR_GEOMETRY volume_mm3=33434050.8198 bbox_mm=[xmin=-200.000000,xmax=200.000000,ymin=-200.000000,ymax=200.000000,zmin=-200.000000,zmax=200.000000]
X_GAP_STEEL_TO_CYLINDER_MM=0.279999971390
SPHERE_CENTER_PARAM_MM=[26.0000000000,0,140.000000000] radius_param_mm=25
GEOM_FEATURE tag=sph1 type=Sphere pos=x_sphere, 0, z_sphere r=25 h=<not-readable> model_length_unit=mm
GEOM_FEATURE_PARAM_EVAL_SI tag=sph1 pos=[0.026000000000000002,0.0,0.14]
GEOM_FEATURE tag=cyl1 type=Cylinder pos=0, 0, Z_sphere r=25 h=60 model_length_unit=mm
GEOM_FEATURE_PARAM_EVAL_SI tag=cyl1 pos=[0.0,0.0,NaN]
GEOM_FEATURE tag=cyl2 type=Cylinder pos=0, 0, -(2[mm])/2 r=0.4[mm] h=2[mm] model_length_unit=mm
GEOM_FEATURE_PARAM_EVAL_SI tag=cyl2 pos=[0.0,0.0,-0.001]
GEOM_FEATURE tag=cyl3 type=Cylinder pos=0, 0, -(h_cyl3)/2 r=2 h=h_cyl3 model_length_unit=mm
GEOM_FEATURE_PARAM_EVAL_SI tag=cyl3 pos=[0.0,0.0,-1.5E-4]
GEOM_FEATURE tag=sph_air_domain type=Sphere pos=0, 0, 0 r=200[mm] h=<not-readable> model_length_unit=mm
GEOM_FEATURE_PARAM_EVAL_SI tag=sph_air_domain pos=[0.0,0.0,0.0]
GEOMETRY_CHECK=PASS
PHYSICS_FEATURE tag=mfc1 type=MagneticFluxConservationFluid dim3=[1]
  ConstitutiveRelationBH=RelativePermeability
  M=[0, 0, 0]
  e_crel_BH_RemanentFluxDensity=[1, 0, 0]
  mur_mat=from_mat
  mur=1
  murPrim_mat=from_mat
  murPrim=1
  murBis_mat=from_mat
  murBis=0
  mur_crel_BH_RemanentFluxDensity_mat=from_mat
  mur_crel_BH_RemanentFluxDensity=1
  normBr_crel_BH_RemanentFluxDensity_mat=from_mat
  normBr_crel_BH_RemanentFluxDensity=0
  normB_mat=from_mat
  normB=mu0_const*mfnc.normH
  Wpm_BHC_mat=from_mat
  Wpm_BHC=(0.5*mfnc.normB)*mfnc.normH
  material=none
  M0=[0, 0, 0]
  GPorder=auto
  inStationaryStudy=TransientInitialization
  MsJA_mat=from_mat
  MsJA=1e6[A/m]
  aJA_mat=from_mat
  aJA=200[A/m]
  kJA_mat=from_mat
  kJA=300[A/m]
  cJA_mat=from_mat
  cJA=0.7
  alphaJA_mat=from_mat
  alphaJA=5e-4
  eHc=[1, 0, 0]
  Hc_mat=from_mat
  Hc=1e4
  normHs_mat=from_mat
  normHs=mfnc.normB/mu0_const
  normBpm_mat=from_mat
  normBpm=mu0_const*mfnc.normHs
  Wpm_NPM_mat=from_mat
  Wpm_NPM=(0.5*mfnc.normB)*mfnc.normHs
  minput_temperature_src=fromCommonDef
  minput_temperature=293.15[K]
  editModelInputs=0
  minput_magneticfield_src=userdef
  minput_magneticfield=[0, 0, 0]
  minput_shiftedmagneticfield_src=userdef
  minput_shiftedmagneticfield=[0, 0, 0]
  materialType=nonSolid
  coordinateSystem=GlobalSystem
  StudyStep=st_on_z120p000_p0p00000/stat
  showPhysicsSymbols=1
  AllowSolidMaterials=0
PHYSICS_FEATURE tag=mi1 type=MagneticInsulation dim2=[1, 2, 3, 4, 20, 21, 22, 23]
  StudyStep=st_on_z120p000_p0p00000/stat
  showPhysicsSymbols=1
  pairContrib=fallback
PHYSICS_FEATURE tag=init1 type=init dim3=[1, 2, 3, 4]
  Vm=0
  StudyStep=st_on_z120p000_p0p00000/stat
PHYSICS_FEATURE tag=mfc2 type=MagneticFluxConservationFluid dim3=[4]
  ConstitutiveRelationBH=RemanentFluxDensity
  M=[0, 0, 0]
  e_crel_BH_RemanentFluxDensity=[sin(alpha), cos(alpha)*cos(phi), -cos(alpha)*sin(phi)]
  mur_mat=from_mat
  mur=1
  murPrim_mat=from_mat
  murPrim=1
  murBis_mat=from_mat
  murBis=0
  mur_crel_BH_RemanentFluxDensity_mat=from_mat
  mur_crel_BH_RemanentFluxDensity=1
  normBr_crel_BH_RemanentFluxDensity_mat=userdef
  normBr_crel_BH_RemanentFluxDensity=1.46[T]
  normB_mat=from_mat
  normB=mu0_const*mfnc.normH
  Wpm_BHC_mat=from_mat
  Wpm_BHC=(0.5*mfnc.normB)*mfnc.normH
  material=none
  M0=[0, 0, 0]
  GPorder=auto
  inStationaryStudy=TransientInitialization
  MsJA_mat=from_mat
  MsJA=1e6[A/m]
  aJA_mat=from_mat
  aJA=200[A/m]
  kJA_mat=from_mat
  kJA=300[A/m]
  cJA_mat=from_mat
  cJA=0.7
  alphaJA_mat=from_mat
  alphaJA=5e-4
  eHc=[1, 0, 0]
  Hc_mat=from_mat
  Hc=1e4
  normHs_mat=from_mat
  normHs=mfnc.normB/mu0_const
  normBpm_mat=from_mat
  normBpm=mu0_const*mfnc.normHs
  Wpm_NPM_mat=from_mat
  Wpm_NPM=(0.5*mfnc.normB)*mfnc.normHs
  minput_temperature_src=fromCommonDef
  minput_temperature=293.15[K]
  editModelInputs=0
  minput_magneticfield_src=userdef
  minput_magneticfield=[0, 0, 0]
  minput_shiftedmagneticfield_src=userdef
  minput_shiftedmagneticfield=[0, 0, 0]
  materialType=nonSolid
  coordinateSystem=GlobalSystem
  StudyStep=st_on_z120p000_p0p00000/stat
  showPhysicsSymbols=1
  AllowSolidMaterials=1
PHYSICS_FEATURE tag=zsp1 type=ZeroMagneticScalarPotential dim0=[20]
  constraintType=symmetricConstraint
  constraintMethod=elemental
  StudyStep=st_on_z120p000_p0p00000/stat
  showPhysicsSymbols=1
  constraintOptions=pointwiseConstraints
  pairContrib=fallback
ZSP_SELECTION tag=zsp1 dim=3 entities=[]
ZSP_SELECTION tag=zsp1 dim=2 entities=[]
ZSP_SELECTION tag=zsp1 dim=1 entities=[]
ZSP_SELECTION tag=zsp1 dim=0 entities=[20]
PHYSICS_FEATURE tag=mfcs1 type=MagneticFluxConservationSolid dim3=[3]
  materialType=solid
  AllowSolidMaterials=1
  ConstitutiveRelationBH=RemanentFluxDensity
  M=[0, 0, 0]
  e_crel_BH_RemanentFluxDensity=[1, 0, 0]
  mur_mat=from_mat
  mur=1
  murPrim_mat=from_mat
  murPrim=1
  murBis_mat=from_mat
  murBis=0
  mur_crel_BH_RemanentFluxDensity_mat=from_mat
  mur_crel_BH_RemanentFluxDensity=1
  normBr_crel_BH_RemanentFluxDensity_mat=userdef
  normBr_crel_BH_RemanentFluxDensity=1.43[T]
  normB_mat=from_mat
  normB=mu0_const*mfnc.normH
  Wpm_BHC_mat=from_mat
  Wpm_BHC=(0.5*mfnc.normB)*mfnc.normH
  material=none
  M0=[0, 0, 0]
  GPorder=auto
  inStationaryStudy=TransientInitialization
  MsJA_mat=from_mat
  MsJA=1e6[A/m]
  aJA_mat=from_mat
  aJA=200[A/m]
  kJA_mat=from_mat
  kJA=300[A/m]
  cJA_mat=from_mat
  cJA=0.7
  alphaJA_mat=from_mat
  alphaJA=5e-4
  eHc=[1, 0, 0]
  Hc_mat=from_mat
  Hc=1e4
  normHs_mat=from_mat
  normHs=mfnc.normB/mu0_const
  normBpm_mat=from_mat
  normBpm=mu0_const*mfnc.normHs
  Wpm_NPM_mat=from_mat
  Wpm_NPM=(0.5*mfnc.normB)*mfnc.normHs
  minput_temperature_src=fromCommonDef
  minput_temperature=293.15[K]
  editModelInputs=0
  minput_magneticfield_src=userdef
  minput_magneticfield=[0, 0, 0]
  minput_shiftedmagneticfield_src=userdef
  minput_shiftedmagneticfield=[0, 0, 0]
  coordinateSystem=GlobalSystem
  StudyStep=st_on_z120p000_p0p00000/stat
  showPhysicsSymbols=1
PHYSICS_FEATURE tag=fcal1 type=ForceCalculation dim3=[3]
  ForceName=force_magnet
  TorqueAxis=[1, 0, 0]
  TorqueRotationPoint=[0, 0, 0]
  useAverage=1
  StudyStep=st_on_z120p000_p0p00000/stat
  showPhysicsSymbols=1
PHYSICS_FEATURE tag=mfcs2 type=MagneticFluxConservationSolid dim3=[2]
  materialType=solid
  AllowSolidMaterials=1
  ConstitutiveRelationBH=RelativePermeability
  M=[0, 0, 0]
  e_crel_BH_RemanentFluxDensity=[1, 0, 0]
  mur_mat=from_mat
  mur=1
  murPrim_mat=from_mat
  murPrim=1
  murBis_mat=from_mat
  murBis=0
  mur_crel_BH_RemanentFluxDensity_mat=from_mat
  mur_crel_BH_RemanentFluxDensity=1
  normBr_crel_BH_RemanentFluxDensity_mat=from_mat
  normBr_crel_BH_RemanentFluxDensity=0
  normB_mat=from_mat
  normB=mu0_const*mfnc.normH
  Wpm_BHC_mat=from_mat
  Wpm_BHC=(0.5*mfnc.normB)*mfnc.normH
  material=none
  M0=[0, 0, 0]
  GPorder=auto
  inStationaryStudy=TransientInitialization
  MsJA_mat=from_mat
  MsJA=1e6[A/m]
  aJA_mat=from_mat
  aJA=200[A/m]
  kJA_mat=from_mat
  kJA=300[A/m]
  cJA_mat=from_mat
  cJA=0.7
  alphaJA_mat=from_mat
  alphaJA=5e-4
  eHc=[1, 0, 0]
  Hc_mat=from_mat
  Hc=1e4
  normHs_mat=from_mat
  normHs=mfnc.normB/mu0_const
  normBpm_mat=from_mat
  normBpm=mu0_const*mfnc.normHs
  Wpm_NPM_mat=from_mat
  Wpm_NPM=(0.5*mfnc.normB)*mfnc.normHs
  minput_temperature_src=fromCommonDef
  minput_temperature=293.15[K]
  editModelInputs=0
  minput_magneticfield_src=userdef
  minput_magneticfield=[0, 0, 0]
  minput_shiftedmagneticfield_src=userdef
  minput_shiftedmagneticfield=[0, 0, 0]
  coordinateSystem=GlobalSystem
  StudyStep=st_on_z120p000_p0p00000/stat
  showPhysicsSymbols=1
MAGNETIC_INSULATION_BOUNDARIES=[1, 2, 3, 4, 20, 21, 22, 23]
MAGNETIC_BOUNDARY_AUDIT_BEGIN count=8
MI_BOUNDARY id=1 area_mm2=62821.5544115 bbox_mm=[xmin=-200.000000,xmax=1.22464676e-14,ymin=-200.000000,ymax=2.44929351e-14,zmin=-200.000000,zmax=0.00000000] adjacent_domains=[0, 1] identity=EXTERNAL
MI_BOUNDARY id=2 area_mm2=62821.5544115 bbox_mm=[xmin=-200.000000,xmax=1.22464676e-14,ymin=-200.000000,ymax=2.44929351e-14,zmin=0.00000000,zmax=200.000000] adjacent_domains=[0, 1] identity=EXTERNAL
MI_BOUNDARY id=3 area_mm2=62821.5544115 bbox_mm=[xmin=-200.000000,xmax=1.22464676e-14,ymin=0.00000000,ymax=200.000000,zmin=-200.000000,zmax=0.00000000] adjacent_domains=[0, 1] identity=EXTERNAL
MI_BOUNDARY id=4 area_mm2=62821.5544115 bbox_mm=[xmin=-200.000000,xmax=1.22464676e-14,ymin=0.00000000,ymax=200.000000,zmin=0.00000000,zmax=200.000000] adjacent_domains=[0, 1] identity=EXTERNAL
MI_BOUNDARY id=20 area_mm2=62821.5544115 bbox_mm=[xmin=-3.67394036e-14,xmax=200.000000,ymin=-200.000000,ymax=0.00000000,zmin=-200.000000,zmax=0.00000000] adjacent_domains=[0, 1] identity=EXTERNAL
MI_BOUNDARY id=21 area_mm2=62821.5544115 bbox_mm=[xmin=-3.67394036e-14,xmax=200.000000,ymin=-200.000000,ymax=0.00000000,zmin=0.00000000,zmax=200.000000] adjacent_domains=[0, 1] identity=EXTERNAL
MI_BOUNDARY id=22 area_mm2=62821.5544115 bbox_mm=[xmin=3.43467572e-16,xmax=200.000000,ymin=0.00000000,ymax=200.000000,zmin=-200.000000,zmax=0.00000000] adjacent_domains=[0, 1] identity=EXTERNAL
MI_BOUNDARY id=23 area_mm2=62821.5544115 bbox_mm=[xmin=3.43467572e-16,xmax=200.000000,ymin=0.00000000,ymax=200.000000,zmin=0.00000000,zmax=200.000000] adjacent_domains=[0, 1] identity=EXTERNAL
MAGNETIC_BOUNDARY_AUDIT_END
MATERIAL tag=mat4 label=Air domains=[1]
  GROUP=def type=def
    thermalexpansioncoefficient=alpha_p(pA,T)
    molarmass=0.02897[kg/mol]
    bulkviscosity=muB(T)
    relpermeability=1
    relpermittivity=1
    dynamicviscosity=eta(T)
    ratioofspecificheat=1.4
    electricconductivity=0[S/m]
    heatcapacity=Cp(T)
    density=rho(pA,T)
    thermalconductivity=k(T)
    soundspeed=cs(T)
  GROUP=RefractiveIndex type=RefractiveIndex
    n=1
    ki=0
  GROUP=NonlinearModel type=NonlinearModel
    BA=def.gamma-1
  GROUP=idealGas type=idealGas
    Rs=R_const/Mn
    heatcapacity=Cp(T)
    ratioofspecificheat=1.4
    molarmass=0.02897[kg/mol]
MATERIAL tag=mat3 label=N52 (Sintered NdFeB) domains=[3, 4]
  GROUP=def type=def
    electricconductivity=1/1.4[uohm*m]
    relpermittivity=1
    density=7500
  GROUP=RemanentFluxDensity type=RemanentFluxDensity
    murec=1.05
    normBr=1.46[T]
  GROUP=Enu type=Enu
    E=160[Gpa]
    nu=0.24
MATERIAL tag=mat5 label=UNS S30415 [solid] domains=[2]
  GROUP=def type=def
    thermalconductivity=k(T)
    resistivity=res(T)
    thermalexpansioncoefficient=(alpha(T)+(Tempref-293[K])*if(abs(T-Tempref)>1e-3,(alpha(T)-alpha(Tempref))/(T-Tempref),d(alpha(T),T)))/(1+alpha(Tempref)*(Tempref-293[K]))
    heatcapacity=C(T)
    electricconductivity=sigma(T)
    density=rho(T)
    TD=TD(T)
    relpermeability=1.01
  GROUP=ThermalExpansion type=ThermalExpansion
    alphatan=CTE(T)
    dL=(dL(T)-dL(Tempref))/(1+dL(Tempref))
  GROUP=Enu type=Enu
    E=E(T)
    nu=
SPARSE_HEIGHT_START z=140.00000 angles=0,45,90,135,180,225,270,315,360
ON_CONFIGURATION_RESTORED
ON_CONFIGURATION_RESTORED
POSE phi_deg=0.00000000000 expected_unit_magnetization=[0.500000000000,0.866025403784,-0.00000000000] model_alpha_rad=0.523598775598
MODEL_MAGNETIZATION_EVAL=[0.500000000000,0.866025403784,-0.00000000000]
ACTIVE_MFC2_CONFIG mode=ON ConstitutiveRelationBH=RemanentFluxDensity mur_mat=from_mat mur=1 normBr_source=userdef normBr=1.46[T] domains=[4]
ON_CONTROL_CONFIG=RECORDED active_constitutive=RemanentFluxDensity active_mur=1 active_normBr=1.46[T]
STATIONARY_TOL study=st_on_z140p000_p0p00000.stat usestol=on stol=1e-6
SOLVER_CONFIG sol=sol11 s1.control=stat fc1.linsolver=dDef dDef.linsolver=pardiso
CONFIGURED_SAVED z=140.0 phi=0.0 study=st_on_z140p000_p0p00000 sol=sol11
SOLVED z=140.0 phi=0.0 sol=sol11
RESULT ON,140.00000000,0.00000000,0.500000000000,0.866025403784,-0.00000000000,sol11,pardiso,stol=1e-6,60846,NA,-0.00128259125679,-1.28259125679,-1.28259125679,SUCCESS,UNKNOWN,UNKNOWN
ON_CONFIGURATION_RESTORED
POSE phi_deg=45.0000000000 expected_unit_magnetization=[0.500000000000,0.612372435696,-0.612372435696] model_alpha_rad=0.523598775598
MODEL_MAGNETIZATION_EVAL=[0.500000000000,0.612372435696,-0.612372435696]
ACTIVE_MFC2_CONFIG mode=ON ConstitutiveRelationBH=RemanentFluxDensity mur_mat=from_mat mur=1 normBr_source=userdef normBr=1.46[T] domains=[4]
ON_CONTROL_CONFIG=RECORDED active_constitutive=RemanentFluxDensity active_mur=1 active_normBr=1.46[T]
STATIONARY_TOL study=st_on_z140p000_p45p0000.stat usestol=on stol=1e-6
SOLVER_CONFIG sol=sol12 s1.control=stat fc1.linsolver=dDef dDef.linsolver=pardiso
CONFIGURED_SAVED z=140.0 phi=45.0 study=st_on_z140p000_p45p0000 sol=sol12
SOLVED z=140.0 phi=45.0 sol=sol12
RESULT ON,140.00000000,45.00000000,0.500000000000,0.612372435696,-0.612372435696,sol12,pardiso,stol=1e-6,60846,NA,-0.00125994951010,-1.25994951010,-1.25994951010,SUCCESS,UNKNOWN,UNKNOWN
ON_CONFIGURATION_RESTORED
POSE phi_deg=90.0000000000 expected_unit_magnetization=[0.500000000000,5.30287619362e-17,-0.866025403784] model_alpha_rad=0.523598775598
MODEL_MAGNETIZATION_EVAL=[0.500000000000,5.30287619362e-17,-0.866025403784]
ACTIVE_MFC2_CONFIG mode=ON ConstitutiveRelationBH=RemanentFluxDensity mur_mat=from_mat mur=1 normBr_source=userdef normBr=1.46[T] domains=[4]
ON_CONTROL_CONFIG=RECORDED active_constitutive=RemanentFluxDensity active_mur=1 active_normBr=1.46[T]
STATIONARY_TOL study=st_on_z140p000_p90p0000.stat usestol=on stol=1e-6
SOLVER_CONFIG sol=sol13 s1.control=stat fc1.linsolver=dDef dDef.linsolver=pardiso
CONFIGURED_SAVED z=140.0 phi=90.0 study=st_on_z140p000_p90p0000 sol=sol13
SOLVED z=140.0 phi=90.0 sol=sol13
RESULT ON,140.00000000,90.00000000,0.500000000000,5.30287619362e-17,-0.866025403784,sol13,pardiso,stol=1e-6,60846,NA,-0.00125053352590,-1.25053352590,-1.25053352590,SUCCESS,UNKNOWN,UNKNOWN
ON_CONFIGURATION_RESTORED
POSE phi_deg=135.000000000 expected_unit_magnetization=[0.500000000000,-0.612372435696,-0.612372435696] model_alpha_rad=0.523598775598
MODEL_MAGNETIZATION_EVAL=[0.500000000000,-0.612372435696,-0.612372435696]
ACTIVE_MFC2_CONFIG mode=ON ConstitutiveRelationBH=RemanentFluxDensity mur_mat=from_mat mur=1 normBr_source=userdef normBr=1.46[T] domains=[4]
ON_CONTROL_CONFIG=RECORDED active_constitutive=RemanentFluxDensity active_mur=1 active_normBr=1.46[T]
STATIONARY_TOL study=st_on_z140p000_p135p000.stat usestol=on stol=1e-6
SOLVER_CONFIG sol=sol14 s1.control=stat fc1.linsolver=dDef dDef.linsolver=pardiso
CONFIGURED_SAVED z=140.0 phi=135.0 study=st_on_z140p000_p135p000 sol=sol14
SOLVED z=140.0 phi=135.0 sol=sol14
RESULT ON,140.00000000,135.00000000,0.500000000000,-0.612372435696,-0.612372435696,sol14,pardiso,stol=1e-6,60846,NA,-0.00125985917507,-1.25985917507,-1.25985917507,SUCCESS,UNKNOWN,UNKNOWN
ON_CONFIGURATION_RESTORED
POSE phi_deg=180.000000000 expected_unit_magnetization=[0.500000000000,-0.866025403784,-1.06057523872e-16] model_alpha_rad=0.523598775598
MODEL_MAGNETIZATION_EVAL=[0.500000000000,-0.866025403784,-1.06057523872e-16]
ACTIVE_MFC2_CONFIG mode=ON ConstitutiveRelationBH=RemanentFluxDensity mur_mat=from_mat mur=1 normBr_source=userdef normBr=1.46[T] domains=[4]
ON_CONTROL_CONFIG=RECORDED active_constitutive=RemanentFluxDensity active_mur=1 active_normBr=1.46[T]
STATIONARY_TOL study=st_on_z140p000_p180p000.stat usestol=on stol=1e-6
SOLVER_CONFIG sol=sol15 s1.control=stat fc1.linsolver=dDef dDef.linsolver=pardiso
CONFIGURED_SAVED z=140.0 phi=180.0 study=st_on_z140p000_p180p000 sol=sol15
SOLVED z=140.0 phi=180.0 sol=sol15
RESULT ON,140.00000000,180.00000000,0.500000000000,-0.866025403784,-1.06057523872e-16,sol15,pardiso,stol=1e-6,60846,NA,-0.00128246346581,-1.28246346581,-1.28246346581,SUCCESS,UNKNOWN,UNKNOWN
ON_CONFIGURATION_RESTORED
POSE phi_deg=225.000000000 expected_unit_magnetization=[0.500000000000,-0.612372435696,0.612372435696] model_alpha_rad=0.523598775598
MODEL_MAGNETIZATION_EVAL=[0.500000000000,-0.612372435696,0.612372435696]
ACTIVE_MFC2_CONFIG mode=ON ConstitutiveRelationBH=RemanentFluxDensity mur_mat=from_mat mur=1 normBr_source=userdef normBr=1.46[T] domains=[4]
ON_CONTROL_CONFIG=RECORDED active_constitutive=RemanentFluxDensity active_mur=1 active_normBr=1.46[T]
STATIONARY_TOL study=st_on_z140p000_p225p000.stat usestol=on stol=1e-6
SOLVER_CONFIG sol=sol16 s1.control=stat fc1.linsolver=dDef dDef.linsolver=pardiso
CONFIGURED_SAVED z=140.0 phi=225.0 study=st_on_z140p000_p225p000 sol=sol16
SOLVED z=140.0 phi=225.0 sol=sol16
RESULT ON,140.00000000,225.00000000,0.500000000000,-0.612372435696,0.612372435696,sol16,pardiso,stol=1e-6,60846,NA,-0.00130510499588,-1.30510499588,-1.30510499588,SUCCESS,UNKNOWN,UNKNOWN
ON_CONFIGURATION_RESTORED
POSE phi_deg=270.000000000 expected_unit_magnetization=[0.500000000000,-1.59086285809e-16,0.866025403784] model_alpha_rad=0.523598775598
MODEL_MAGNETIZATION_EVAL=[0.500000000000,-1.59086285809e-16,0.866025403784]
ACTIVE_MFC2_CONFIG mode=ON ConstitutiveRelationBH=RemanentFluxDensity mur_mat=from_mat mur=1 normBr_source=userdef normBr=1.46[T] domains=[4]
ON_CONTROL_CONFIG=RECORDED active_constitutive=RemanentFluxDensity active_mur=1 active_normBr=1.46[T]
STATIONARY_TOL study=st_on_z140p000_p270p000.stat usestol=on stol=1e-6
SOLVER_CONFIG sol=sol17 s1.control=stat fc1.linsolver=dDef dDef.linsolver=pardiso
CONFIGURED_SAVED z=140.0 phi=270.0 study=st_on_z140p000_p270p000 sol=sol17
SOLVED z=140.0 phi=270.0 sol=sol17
RESULT ON,140.00000000,270.00000000,0.500000000000,-1.59086285809e-16,0.866025403784,sol17,pardiso,stol=1e-6,60846,NA,-0.00131452081720,-1.31452081720,-1.31452081720,SUCCESS,UNKNOWN,UNKNOWN
ON_CONFIGURATION_RESTORED
POSE phi_deg=315.000000000 expected_unit_magnetization=[0.500000000000,0.612372435696,0.612372435696] model_alpha_rad=0.523598775598
MODEL_MAGNETIZATION_EVAL=[0.500000000000,0.612372435696,0.612372435696]
ACTIVE_MFC2_CONFIG mode=ON ConstitutiveRelationBH=RemanentFluxDensity mur_mat=from_mat mur=1 normBr_source=userdef normBr=1.46[T] domains=[4]
ON_CONTROL_CONFIG=RECORDED active_constitutive=RemanentFluxDensity active_mur=1 active_normBr=1.46[T]
STATIONARY_TOL study=st_on_z140p000_p315p000.stat usestol=on stol=1e-6
SOLVER_CONFIG sol=sol18 s1.control=stat fc1.linsolver=dDef dDef.linsolver=pardiso
CONFIGURED_SAVED z=140.0 phi=315.0 study=st_on_z140p000_p315p000 sol=sol18
SOLVED z=140.0 phi=315.0 sol=sol18
RESULT ON,140.00000000,315.00000000,0.500000000000,0.612372435696,0.612372435696,sol18,pardiso,stol=1e-6,60846,NA,-0.00130519538450,-1.30519538450,-1.30519538450,SUCCESS,UNKNOWN,UNKNOWN
ON_CONFIGURATION_RESTORED
POSE phi_deg=360.000000000 expected_unit_magnetization=[0.500000000000,0.866025403784,2.12115047745e-16] model_alpha_rad=0.523598775598
MODEL_MAGNETIZATION_EVAL=[0.500000000000,0.866025403784,2.12115047745e-16]
ACTIVE_MFC2_CONFIG mode=ON ConstitutiveRelationBH=RemanentFluxDensity mur_mat=from_mat mur=1 normBr_source=userdef normBr=1.46[T] domains=[4]
ON_CONTROL_CONFIG=RECORDED active_constitutive=RemanentFluxDensity active_mur=1 active_normBr=1.46[T]
STATIONARY_TOL study=st_on_z140p000_p360p000.stat usestol=on stol=1e-6
SOLVER_CONFIG sol=sol19 s1.control=stat fc1.linsolver=dDef dDef.linsolver=pardiso
CONFIGURED_SAVED z=140.0 phi=360.0 study=st_on_z140p000_p360p000 sol=sol19
SOLVED z=140.0 phi=360.0 sol=sol19
RESULT ON,140.00000000,360.00000000,0.500000000000,0.866025403784,2.12115047745e-16,sol19,pardiso,stol=1e-6,60846,NA,-0.00128259125687,-1.28259125687,-1.28259125687,SUCCESS,UNKNOWN,UNKNOWN
AIR_OVERRIDE material=mat4 domain=[1,4] mfc2.ConstitutiveRelationBH=RelativePermeability mfc2.mur_mat=userdef mfc2.mur=1 remanence_fields_cleared_inactive
POSE phi_deg=0.00000000000 expected_unit_magnetization=[0.500000000000,0.866025403784,-0.00000000000] model_alpha_rad=0.523598775598
MODEL_MAGNETIZATION_EVAL=[0.500000000000,0.866025403784,-0.00000000000]
ACTIVE_MFC2_CONFIG mode=AIR ConstitutiveRelationBH=RelativePermeability mur_mat=userdef mur=1 normBr_source=userdef normBr=0[T] domains=[4]
AIR_CONTROL_CONFIG=PASS active_constitutive=RelativePermeability active_mur=1 active_remanence=OFF material_domains=mat3:[3],mat4:[1,4]
STATIONARY_TOL study=st_air_z140p000_p0p00000.stat usestol=on stol=1e-6
SOLVER_CONFIG sol=sol20 s1.control=stat fc1.linsolver=dDef dDef.linsolver=pardiso
CONFIGURED_SAVED z=140.0 phi=0.0 study=st_air_z140p000_p0p00000 sol=sol20
SOLVED z=140.0 phi=0.0 sol=sol20
AIR_FIELD_AUDIT point_m=[26.0000000000,0,140.000000000] Bvec_T=[-6.37420688187e-08,4.06975809380e-11,2.12379338069e-08] mu0Hvec_T=[-6.37420688187e-08,4.06975809380e-11,2.12379338069e-08] normB_T=6.71870733547e-08 mu0H_T=6.71870733547e-08 diff_T=0.00000000000
RESULT AIR,140.00000000,0.00000000,0.500000000000,0.866025403784,-0.00000000000,sol20,pardiso,stol=1e-6,60846,NA,-0.00126371986894,-1.26371986894,-1.26371986894,SUCCESS,UNKNOWN,UNKNOWN
ON_CONFIGURATION_RESTORED
SPARSE_HEIGHT_FINISH z=140.00000 elements=60846
GEOM_MESH_DONE z=150.0 elements=60285
ZSP_REFERENCE_BEFORE point_selection=[20] boundary_selection=[]
ZSP_REFERENCE_AFTER existing_point_selection=[20] existing_boundary_selection=[] status=EXISTING_REFERENCE
MFC2_DOMAIN_SELECTION=[4]
FORCECAL_DOMAIN_SELECTION=[3]
STEEL_DOMAIN_SELECTION=[2]
N52_DOMAIN_SELECTION=[3, 4]
AIR_DOMAIN_SELECTION=[1]
MATERIALS=[mat4, mat3, mat5]
MFC2_GEOMETRY volume_mm3=65281.8037805 bbox_mm=[xmin=1.00000000,xmax=51.0000000,ymin=-25.0000000,ymax=25.0000000,zmin=125.000000,zmax=175.000000] center_mm=[26.0000000,0.00000000,150.000000] radius_from_bbox_mm=25.0000000
FORCECAL_GEOMETRY volume_mm3=0.998862443669 bbox_mm=[xmin=-1.00000000,xmax=1.00000000,ymin=-0.400000006,ymax=0.400000006,zmin=-0.400000006,zmax=0.400000006] center_mm=[0.00000000,0.00000000,0.00000000]
STEEL_GEOMETRY volume_mm3=3.68720782984 bbox_mm=[xmin=-1.58000004,xmax=-1.27999997,ymin=-2.00000000,ymax=2.00000000,zmin=-2.00000000,zmax=2.00000000] center_mm=[-1.43000001,0.00000000,0.00000000]
AIR_GEOMETRY volume_mm3=33434050.8188 bbox_mm=[xmin=-200.000000,xmax=200.000000,ymin=-200.000000,ymax=200.000000,zmin=-200.000000,zmax=200.000000]
X_GAP_STEEL_TO_CYLINDER_MM=0.279999971390
SPHERE_CENTER_PARAM_MM=[26.0000000000,0,150.000000000] radius_param_mm=25
GEOM_FEATURE tag=sph1 type=Sphere pos=x_sphere, 0, z_sphere r=25 h=<not-readable> model_length_unit=mm
GEOM_FEATURE_PARAM_EVAL_SI tag=sph1 pos=[0.026000000000000002,0.0,0.15]
GEOM_FEATURE tag=cyl1 type=Cylinder pos=0, 0, Z_sphere r=25 h=60 model_length_unit=mm
GEOM_FEATURE_PARAM_EVAL_SI tag=cyl1 pos=[0.0,0.0,NaN]
GEOM_FEATURE tag=cyl2 type=Cylinder pos=0, 0, -(2[mm])/2 r=0.4[mm] h=2[mm] model_length_unit=mm
GEOM_FEATURE_PARAM_EVAL_SI tag=cyl2 pos=[0.0,0.0,-0.001]
GEOM_FEATURE tag=cyl3 type=Cylinder pos=0, 0, -(h_cyl3)/2 r=2 h=h_cyl3 model_length_unit=mm
GEOM_FEATURE_PARAM_EVAL_SI tag=cyl3 pos=[0.0,0.0,-1.5E-4]
GEOM_FEATURE tag=sph_air_domain type=Sphere pos=0, 0, 0 r=200[mm] h=<not-readable> model_length_unit=mm
GEOM_FEATURE_PARAM_EVAL_SI tag=sph_air_domain pos=[0.0,0.0,0.0]
GEOMETRY_CHECK=PASS
PHYSICS_FEATURE tag=mfc1 type=MagneticFluxConservationFluid dim3=[1]
  ConstitutiveRelationBH=RelativePermeability
  M=[0, 0, 0]
  e_crel_BH_RemanentFluxDensity=[1, 0, 0]
  mur_mat=from_mat
  mur=1
  murPrim_mat=from_mat
  murPrim=1
  murBis_mat=from_mat
  murBis=0
  mur_crel_BH_RemanentFluxDensity_mat=from_mat
  mur_crel_BH_RemanentFluxDensity=1
  normBr_crel_BH_RemanentFluxDensity_mat=from_mat
  normBr_crel_BH_RemanentFluxDensity=0
  normB_mat=from_mat
  normB=mu0_const*mfnc.normH
  Wpm_BHC_mat=from_mat
  Wpm_BHC=(0.5*mfnc.normB)*mfnc.normH
  material=none
  M0=[0, 0, 0]
  GPorder=auto
  inStationaryStudy=TransientInitialization
  MsJA_mat=from_mat
  MsJA=1e6[A/m]
  aJA_mat=from_mat
  aJA=200[A/m]
  kJA_mat=from_mat
  kJA=300[A/m]
  cJA_mat=from_mat
  cJA=0.7
  alphaJA_mat=from_mat
  alphaJA=5e-4
  eHc=[1, 0, 0]
  Hc_mat=from_mat
  Hc=1e4
  normHs_mat=from_mat
  normHs=mfnc.normB/mu0_const
  normBpm_mat=from_mat
  normBpm=mu0_const*mfnc.normHs
  Wpm_NPM_mat=from_mat
  Wpm_NPM=(0.5*mfnc.normB)*mfnc.normHs
  minput_temperature_src=fromCommonDef
  minput_temperature=293.15[K]
  editModelInputs=0
  minput_magneticfield_src=userdef
  minput_magneticfield=[0, 0, 0]
  minput_shiftedmagneticfield_src=userdef
  minput_shiftedmagneticfield=[0, 0, 0]
  materialType=nonSolid
  coordinateSystem=GlobalSystem
  StudyStep=st_on_z120p000_p0p00000/stat
  showPhysicsSymbols=1
  AllowSolidMaterials=0
PHYSICS_FEATURE tag=mi1 type=MagneticInsulation dim2=[1, 2, 3, 4, 20, 21, 22, 23]
  StudyStep=st_on_z120p000_p0p00000/stat
  showPhysicsSymbols=1
  pairContrib=fallback
PHYSICS_FEATURE tag=init1 type=init dim3=[1, 2, 3, 4]
  Vm=0
  StudyStep=st_on_z120p000_p0p00000/stat
PHYSICS_FEATURE tag=mfc2 type=MagneticFluxConservationFluid dim3=[4]
  ConstitutiveRelationBH=RemanentFluxDensity
  M=[0, 0, 0]
  e_crel_BH_RemanentFluxDensity=[sin(alpha), cos(alpha)*cos(phi), -cos(alpha)*sin(phi)]
  mur_mat=from_mat
  mur=1
  murPrim_mat=from_mat
  murPrim=1
  murBis_mat=from_mat
  murBis=0
  mur_crel_BH_RemanentFluxDensity_mat=from_mat
  mur_crel_BH_RemanentFluxDensity=1
  normBr_crel_BH_RemanentFluxDensity_mat=userdef
  normBr_crel_BH_RemanentFluxDensity=1.46[T]
  normB_mat=from_mat
  normB=mu0_const*mfnc.normH
  Wpm_BHC_mat=from_mat
  Wpm_BHC=(0.5*mfnc.normB)*mfnc.normH
  material=none
  M0=[0, 0, 0]
  GPorder=auto
  inStationaryStudy=TransientInitialization
  MsJA_mat=from_mat
  MsJA=1e6[A/m]
  aJA_mat=from_mat
  aJA=200[A/m]
  kJA_mat=from_mat
  kJA=300[A/m]
  cJA_mat=from_mat
  cJA=0.7
  alphaJA_mat=from_mat
  alphaJA=5e-4
  eHc=[1, 0, 0]
  Hc_mat=from_mat
  Hc=1e4
  normHs_mat=from_mat
  normHs=mfnc.normB/mu0_const
  normBpm_mat=from_mat
  normBpm=mu0_const*mfnc.normHs
  Wpm_NPM_mat=from_mat
  Wpm_NPM=(0.5*mfnc.normB)*mfnc.normHs
  minput_temperature_src=fromCommonDef
  minput_temperature=293.15[K]
  editModelInputs=0
  minput_magneticfield_src=userdef
  minput_magneticfield=[0, 0, 0]
  minput_shiftedmagneticfield_src=userdef
  minput_shiftedmagneticfield=[0, 0, 0]
  materialType=nonSolid
  coordinateSystem=GlobalSystem
  StudyStep=st_on_z120p000_p0p00000/stat
  showPhysicsSymbols=1
  AllowSolidMaterials=1
PHYSICS_FEATURE tag=zsp1 type=ZeroMagneticScalarPotential dim0=[20]
  constraintType=symmetricConstraint
  constraintMethod=elemental
  StudyStep=st_on_z120p000_p0p00000/stat
  showPhysicsSymbols=1
  constraintOptions=pointwiseConstraints
  pairContrib=fallback
ZSP_SELECTION tag=zsp1 dim=3 entities=[]
ZSP_SELECTION tag=zsp1 dim=2 entities=[]
ZSP_SELECTION tag=zsp1 dim=1 entities=[]
ZSP_SELECTION tag=zsp1 dim=0 entities=[20]
PHYSICS_FEATURE tag=mfcs1 type=MagneticFluxConservationSolid dim3=[3]
  materialType=solid
  AllowSolidMaterials=1
  ConstitutiveRelationBH=RemanentFluxDensity
  M=[0, 0, 0]
  e_crel_BH_RemanentFluxDensity=[1, 0, 0]
  mur_mat=from_mat
  mur=1
  murPrim_mat=from_mat
  murPrim=1
  murBis_mat=from_mat
  murBis=0
  mur_crel_BH_RemanentFluxDensity_mat=from_mat
  mur_crel_BH_RemanentFluxDensity=1
  normBr_crel_BH_RemanentFluxDensity_mat=userdef
  normBr_crel_BH_RemanentFluxDensity=1.43[T]
  normB_mat=from_mat
  normB=mu0_const*mfnc.normH
  Wpm_BHC_mat=from_mat
  Wpm_BHC=(0.5*mfnc.normB)*mfnc.normH
  material=none
  M0=[0, 0, 0]
  GPorder=auto
  inStationaryStudy=TransientInitialization
  MsJA_mat=from_mat
  MsJA=1e6[A/m]
  aJA_mat=from_mat
  aJA=200[A/m]
  kJA_mat=from_mat
  kJA=300[A/m]
  cJA_mat=from_mat
  cJA=0.7
  alphaJA_mat=from_mat
  alphaJA=5e-4
  eHc=[1, 0, 0]
  Hc_mat=from_mat
  Hc=1e4
  normHs_mat=from_mat
  normHs=mfnc.normB/mu0_const
  normBpm_mat=from_mat
  normBpm=mu0_const*mfnc.normHs
  Wpm_NPM_mat=from_mat
  Wpm_NPM=(0.5*mfnc.normB)*mfnc.normHs
  minput_temperature_src=fromCommonDef
  minput_temperature=293.15[K]
  editModelInputs=0
  minput_magneticfield_src=userdef
  minput_magneticfield=[0, 0, 0]
  minput_shiftedmagneticfield_src=userdef
  minput_shiftedmagneticfield=[0, 0, 0]
  coordinateSystem=GlobalSystem
  StudyStep=st_on_z120p000_p0p00000/stat
  showPhysicsSymbols=1
PHYSICS_FEATURE tag=fcal1 type=ForceCalculation dim3=[3]
  ForceName=force_magnet
  TorqueAxis=[1, 0, 0]
  TorqueRotationPoint=[0, 0, 0]
  useAverage=1
  StudyStep=st_on_z120p000_p0p00000/stat
  showPhysicsSymbols=1
PHYSICS_FEATURE tag=mfcs2 type=MagneticFluxConservationSolid dim3=[2]
  materialType=solid
  AllowSolidMaterials=1
  ConstitutiveRelationBH=RelativePermeability
  M=[0, 0, 0]
  e_crel_BH_RemanentFluxDensity=[1, 0, 0]
  mur_mat=from_mat
  mur=1
  murPrim_mat=from_mat
  murPrim=1
  murBis_mat=from_mat
  murBis=0
  mur_crel_BH_RemanentFluxDensity_mat=from_mat
  mur_crel_BH_RemanentFluxDensity=1
  normBr_crel_BH_RemanentFluxDensity_mat=from_mat
  normBr_crel_BH_RemanentFluxDensity=0
  normB_mat=from_mat
  normB=mu0_const*mfnc.normH
  Wpm_BHC_mat=from_mat
  Wpm_BHC=(0.5*mfnc.normB)*mfnc.normH
  material=none
  M0=[0, 0, 0]
  GPorder=auto
  inStationaryStudy=TransientInitialization
  MsJA_mat=from_mat
  MsJA=1e6[A/m]
  aJA_mat=from_mat
  aJA=200[A/m]
  kJA_mat=from_mat
  kJA=300[A/m]
  cJA_mat=from_mat
  cJA=0.7
  alphaJA_mat=from_mat
  alphaJA=5e-4
  eHc=[1, 0, 0]
  Hc_mat=from_mat
  Hc=1e4
  normHs_mat=from_mat
  normHs=mfnc.normB/mu0_const
  normBpm_mat=from_mat
  normBpm=mu0_const*mfnc.normHs
  Wpm_NPM_mat=from_mat
  Wpm_NPM=(0.5*mfnc.normB)*mfnc.normHs
  minput_temperature_src=fromCommonDef
  minput_temperature=293.15[K]
  editModelInputs=0
  minput_magneticfield_src=userdef
  minput_magneticfield=[0, 0, 0]
  minput_shiftedmagneticfield_src=userdef
  minput_shiftedmagneticfield=[0, 0, 0]
  coordinateSystem=GlobalSystem
  StudyStep=st_on_z120p000_p0p00000/stat
  showPhysicsSymbols=1
MAGNETIC_INSULATION_BOUNDARIES=[1, 2, 3, 4, 20, 21, 22, 23]
MAGNETIC_BOUNDARY_AUDIT_BEGIN count=8
MI_BOUNDARY id=1 area_mm2=62821.5544115 bbox_mm=[xmin=-200.000000,xmax=1.22464676e-14,ymin=-200.000000,ymax=2.44929351e-14,zmin=-200.000000,zmax=0.00000000] adjacent_domains=[0, 1] identity=EXTERNAL
MI_BOUNDARY id=2 area_mm2=62821.5544115 bbox_mm=[xmin=-200.000000,xmax=1.22464676e-14,ymin=-200.000000,ymax=2.44929351e-14,zmin=0.00000000,zmax=200.000000] adjacent_domains=[0, 1] identity=EXTERNAL
MI_BOUNDARY id=3 area_mm2=62821.5544115 bbox_mm=[xmin=-200.000000,xmax=1.22464676e-14,ymin=0.00000000,ymax=200.000000,zmin=-200.000000,zmax=0.00000000] adjacent_domains=[0, 1] identity=EXTERNAL
MI_BOUNDARY id=4 area_mm2=62821.5544115 bbox_mm=[xmin=-200.000000,xmax=1.22464676e-14,ymin=0.00000000,ymax=200.000000,zmin=0.00000000,zmax=200.000000] adjacent_domains=[0, 1] identity=EXTERNAL
MI_BOUNDARY id=20 area_mm2=62821.5544115 bbox_mm=[xmin=-3.67394036e-14,xmax=200.000000,ymin=-200.000000,ymax=0.00000000,zmin=-200.000000,zmax=0.00000000] adjacent_domains=[0, 1] identity=EXTERNAL
MI_BOUNDARY id=21 area_mm2=62821.5544115 bbox_mm=[xmin=-3.67394036e-14,xmax=200.000000,ymin=-200.000000,ymax=0.00000000,zmin=0.00000000,zmax=200.000000] adjacent_domains=[0, 1] identity=EXTERNAL
MI_BOUNDARY id=22 area_mm2=62821.5544115 bbox_mm=[xmin=3.43467572e-16,xmax=200.000000,ymin=0.00000000,ymax=200.000000,zmin=-200.000000,zmax=0.00000000] adjacent_domains=[0, 1] identity=EXTERNAL
MI_BOUNDARY id=23 area_mm2=62821.5544115 bbox_mm=[xmin=3.43467572e-16,xmax=200.000000,ymin=0.00000000,ymax=200.000000,zmin=0.00000000,zmax=200.000000] adjacent_domains=[0, 1] identity=EXTERNAL
MAGNETIC_BOUNDARY_AUDIT_END
MATERIAL tag=mat4 label=Air domains=[1]
  GROUP=def type=def
    thermalexpansioncoefficient=alpha_p(pA,T)
    molarmass=0.02897[kg/mol]
    bulkviscosity=muB(T)
    relpermeability=1
    relpermittivity=1
    dynamicviscosity=eta(T)
    ratioofspecificheat=1.4
    electricconductivity=0[S/m]
    heatcapacity=Cp(T)
    density=rho(pA,T)
    thermalconductivity=k(T)
    soundspeed=cs(T)
  GROUP=RefractiveIndex type=RefractiveIndex
    n=1
    ki=0
  GROUP=NonlinearModel type=NonlinearModel
    BA=def.gamma-1
  GROUP=idealGas type=idealGas
    Rs=R_const/Mn
    heatcapacity=Cp(T)
    ratioofspecificheat=1.4
    molarmass=0.02897[kg/mol]
MATERIAL tag=mat3 label=N52 (Sintered NdFeB) domains=[3, 4]
  GROUP=def type=def
    electricconductivity=1/1.4[uohm*m]
    relpermittivity=1
    density=7500
  GROUP=RemanentFluxDensity type=RemanentFluxDensity
    murec=1.05
    normBr=1.46[T]
  GROUP=Enu type=Enu
    E=160[Gpa]
    nu=0.24
MATERIAL tag=mat5 label=UNS S30415 [solid] domains=[2]
  GROUP=def type=def
    thermalconductivity=k(T)
    resistivity=res(T)
    thermalexpansioncoefficient=(alpha(T)+(Tempref-293[K])*if(abs(T-Tempref)>1e-3,(alpha(T)-alpha(Tempref))/(T-Tempref),d(alpha(T),T)))/(1+alpha(Tempref)*(Tempref-293[K]))
    heatcapacity=C(T)
    electricconductivity=sigma(T)
    density=rho(T)
    TD=TD(T)
    relpermeability=1.01
  GROUP=ThermalExpansion type=ThermalExpansion
    alphatan=CTE(T)
    dL=(dL(T)-dL(Tempref))/(1+dL(Tempref))
  GROUP=Enu type=Enu
    E=E(T)
    nu=
SPARSE_HEIGHT_START z=150.00000 angles=0,45,90,135,180,225,270,315,360
ON_CONFIGURATION_RESTORED
ON_CONFIGURATION_RESTORED
POSE phi_deg=0.00000000000 expected_unit_magnetization=[0.500000000000,0.866025403784,-0.00000000000] model_alpha_rad=0.523598775598
MODEL_MAGNETIZATION_EVAL=[0.500000000000,0.866025403784,-0.00000000000]
ACTIVE_MFC2_CONFIG mode=ON ConstitutiveRelationBH=RemanentFluxDensity mur_mat=from_mat mur=1 normBr_source=userdef normBr=1.46[T] domains=[4]
ON_CONTROL_CONFIG=RECORDED active_constitutive=RemanentFluxDensity active_mur=1 active_normBr=1.46[T]
STATIONARY_TOL study=st_on_z150p000_p0p00000.stat usestol=on stol=1e-6
SOLVER_CONFIG sol=sol21 s1.control=stat fc1.linsolver=dDef dDef.linsolver=pardiso
CONFIGURED_SAVED z=150.0 phi=0.0 study=st_on_z150p000_p0p00000 sol=sol21
SOLVED z=150.0 phi=0.0 sol=sol21
RESULT ON,150.00000000,0.00000000,0.500000000000,0.866025403784,-0.00000000000,sol21,pardiso,stol=1e-6,60285,NA,-0.000557812378977,-0.557812378977,-0.557812378977,SUCCESS,UNKNOWN,UNKNOWN
ON_CONFIGURATION_RESTORED
POSE phi_deg=45.0000000000 expected_unit_magnetization=[0.500000000000,0.612372435696,-0.612372435696] model_alpha_rad=0.523598775598
MODEL_MAGNETIZATION_EVAL=[0.500000000000,0.612372435696,-0.612372435696]
ACTIVE_MFC2_CONFIG mode=ON ConstitutiveRelationBH=RemanentFluxDensity mur_mat=from_mat mur=1 normBr_source=userdef normBr=1.46[T] domains=[4]
ON_CONTROL_CONFIG=RECORDED active_constitutive=RemanentFluxDensity active_mur=1 active_normBr=1.46[T]
STATIONARY_TOL study=st_on_z150p000_p45p0000.stat usestol=on stol=1e-6
SOLVER_CONFIG sol=sol22 s1.control=stat fc1.linsolver=dDef dDef.linsolver=pardiso
CONFIGURED_SAVED z=150.0 phi=45.0 study=st_on_z150p000_p45p0000 sol=sol22
SOLVED z=150.0 phi=45.0 sol=sol22
RESULT ON,150.00000000,45.00000000,0.500000000000,0.612372435696,-0.612372435696,sol22,pardiso,stol=1e-6,60285,NA,-0.000540657775591,-0.540657775591,-0.540657775591,SUCCESS,UNKNOWN,UNKNOWN
ON_CONFIGURATION_RESTORED
POSE phi_deg=90.0000000000 expected_unit_magnetization=[0.500000000000,5.30287619362e-17,-0.866025403784] model_alpha_rad=0.523598775598
MODEL_MAGNETIZATION_EVAL=[0.500000000000,5.30287619362e-17,-0.866025403784]
ACTIVE_MFC2_CONFIG mode=ON ConstitutiveRelationBH=RemanentFluxDensity mur_mat=from_mat mur=1 normBr_source=userdef normBr=1.46[T] domains=[4]
ON_CONTROL_CONFIG=RECORDED active_constitutive=RemanentFluxDensity active_mur=1 active_normBr=1.46[T]
STATIONARY_TOL study=st_on_z150p000_p90p0000.stat usestol=on stol=1e-6
SOLVER_CONFIG sol=sol23 s1.control=stat fc1.linsolver=dDef dDef.linsolver=pardiso
CONFIGURED_SAVED z=150.0 phi=90.0 study=st_on_z150p000_p90p0000 sol=sol23
SOLVED z=150.0 phi=90.0 sol=sol23
RESULT ON,150.00000000,90.00000000,0.500000000000,5.30287619362e-17,-0.866025403784,sol23,pardiso,stol=1e-6,60285,NA,-0.000533620696249,-0.533620696249,-0.533620696249,SUCCESS,UNKNOWN,UNKNOWN
ON_CONFIGURATION_RESTORED
POSE phi_deg=135.000000000 expected_unit_magnetization=[0.500000000000,-0.612372435696,-0.612372435696] model_alpha_rad=0.523598775598
MODEL_MAGNETIZATION_EVAL=[0.500000000000,-0.612372435696,-0.612372435696]
ACTIVE_MFC2_CONFIG mode=ON ConstitutiveRelationBH=RemanentFluxDensity mur_mat=from_mat mur=1 normBr_source=userdef normBr=1.46[T] domains=[4]
ON_CONTROL_CONFIG=RECORDED active_constitutive=RemanentFluxDensity active_mur=1 active_normBr=1.46[T]
STATIONARY_TOL study=st_on_z150p000_p135p000.stat usestol=on stol=1e-6
SOLVER_CONFIG sol=sol24 s1.control=stat fc1.linsolver=dDef dDef.linsolver=pardiso
CONFIGURED_SAVED z=150.0 phi=135.0 study=st_on_z150p000_p135p000 sol=sol24
SOLVED z=150.0 phi=135.0 sol=sol24
RESULT ON,150.00000000,135.00000000,0.500000000000,-0.612372435696,-0.612372435696,sol24,pardiso,stol=1e-6,60285,NA,-0.000540823051455,-0.540823051455,-0.540823051455,SUCCESS,UNKNOWN,UNKNOWN
ON_CONFIGURATION_RESTORED
POSE phi_deg=180.000000000 expected_unit_magnetization=[0.500000000000,-0.866025403784,-1.06057523872e-16] model_alpha_rad=0.523598775598
MODEL_MAGNETIZATION_EVAL=[0.500000000000,-0.866025403784,-1.06057523872e-16]
ACTIVE_MFC2_CONFIG mode=ON ConstitutiveRelationBH=RemanentFluxDensity mur_mat=from_mat mur=1 normBr_source=userdef normBr=1.46[T] domains=[4]
ON_CONTROL_CONFIG=RECORDED active_constitutive=RemanentFluxDensity active_mur=1 active_normBr=1.46[T]
STATIONARY_TOL study=st_on_z150p000_p180p000.stat usestol=on stol=1e-6
SOLVER_CONFIG sol=sol25 s1.control=stat fc1.linsolver=dDef dDef.linsolver=pardiso
CONFIGURED_SAVED z=150.0 phi=180.0 study=st_on_z150p000_p180p000 sol=sol25
SOLVED z=150.0 phi=180.0 sol=sol25
RESULT ON,150.00000000,180.00000000,0.500000000000,-0.866025403784,-1.06057523872e-16,sol25,pardiso,stol=1e-6,60285,NA,-0.000558046149097,-0.558046149097,-0.558046149097,SUCCESS,UNKNOWN,UNKNOWN
ON_CONFIGURATION_RESTORED
POSE phi_deg=225.000000000 expected_unit_magnetization=[0.500000000000,-0.612372435696,0.612372435696] model_alpha_rad=0.523598775598
MODEL_MAGNETIZATION_EVAL=[0.500000000000,-0.612372435696,0.612372435696]
ACTIVE_MFC2_CONFIG mode=ON ConstitutiveRelationBH=RemanentFluxDensity mur_mat=from_mat mur=1 normBr_source=userdef normBr=1.46[T] domains=[4]
ON_CONTROL_CONFIG=RECORDED active_constitutive=RemanentFluxDensity active_mur=1 active_normBr=1.46[T]
STATIONARY_TOL study=st_on_z150p000_p225p000.stat usestol=on stol=1e-6
SOLVER_CONFIG sol=sol26 s1.control=stat fc1.linsolver=dDef dDef.linsolver=pardiso
CONFIGURED_SAVED z=150.0 phi=225.0 study=st_on_z150p000_p225p000 sol=sol26
SOLVED z=150.0 phi=225.0 sol=sol26
RESULT ON,150.00000000,225.00000000,0.500000000000,-0.612372435696,0.612372435696,sol26,pardiso,stol=1e-6,60285,NA,-0.000575201246626,-0.575201246626,-0.575201246626,SUCCESS,UNKNOWN,UNKNOWN
ON_CONFIGURATION_RESTORED
POSE phi_deg=270.000000000 expected_unit_magnetization=[0.500000000000,-1.59086285809e-16,0.866025403784] model_alpha_rad=0.523598775598
MODEL_MAGNETIZATION_EVAL=[0.500000000000,-1.59086285809e-16,0.866025403784]
ACTIVE_MFC2_CONFIG mode=ON ConstitutiveRelationBH=RemanentFluxDensity mur_mat=from_mat mur=1 normBr_source=userdef normBr=1.46[T] domains=[4]
ON_CONTROL_CONFIG=RECORDED active_constitutive=RemanentFluxDensity active_mur=1 active_normBr=1.46[T]
STATIONARY_TOL study=st_on_z150p000_p270p000.stat usestol=on stol=1e-6
SOLVER_CONFIG sol=sol27 s1.control=stat fc1.linsolver=dDef dDef.linsolver=pardiso
CONFIGURED_SAVED z=150.0 phi=270.0 study=st_on_z150p000_p270p000 sol=sol27
SOLVED z=150.0 phi=270.0 sol=sol27
RESULT ON,150.00000000,270.00000000,0.500000000000,-1.59086285809e-16,0.866025403784,sol27,pardiso,stol=1e-6,60285,NA,-0.000582238771037,-0.582238771037,-0.582238771037,SUCCESS,UNKNOWN,UNKNOWN
ON_CONFIGURATION_RESTORED
POSE phi_deg=315.000000000 expected_unit_magnetization=[0.500000000000,0.612372435696,0.612372435696] model_alpha_rad=0.523598775598
MODEL_MAGNETIZATION_EVAL=[0.500000000000,0.612372435696,0.612372435696]
ACTIVE_MFC2_CONFIG mode=ON ConstitutiveRelationBH=RemanentFluxDensity mur_mat=from_mat mur=1 normBr_source=userdef normBr=1.46[T] domains=[4]
ON_CONTROL_CONFIG=RECORDED active_constitutive=RemanentFluxDensity active_mur=1 active_normBr=1.46[T]
STATIONARY_TOL study=st_on_z150p000_p315p000.stat usestol=on stol=1e-6
SOLVER_CONFIG sol=sol28 s1.control=stat fc1.linsolver=dDef dDef.linsolver=pardiso
CONFIGURED_SAVED z=150.0 phi=315.0 study=st_on_z150p000_p315p000 sol=sol28
SOLVED z=150.0 phi=315.0 sol=sol28
RESULT ON,150.00000000,315.00000000,0.500000000000,0.612372435696,0.612372435696,sol28,pardiso,stol=1e-6,60285,NA,-0.000575035921790,-0.575035921790,-0.575035921790,SUCCESS,UNKNOWN,UNKNOWN
ON_CONFIGURATION_RESTORED
POSE phi_deg=360.000000000 expected_unit_magnetization=[0.500000000000,0.866025403784,2.12115047745e-16] model_alpha_rad=0.523598775598
MODEL_MAGNETIZATION_EVAL=[0.500000000000,0.866025403784,2.12115047745e-16]
ACTIVE_MFC2_CONFIG mode=ON ConstitutiveRelationBH=RemanentFluxDensity mur_mat=from_mat mur=1 normBr_source=userdef normBr=1.46[T] domains=[4]
ON_CONTROL_CONFIG=RECORDED active_constitutive=RemanentFluxDensity active_mur=1 active_normBr=1.46[T]
STATIONARY_TOL study=st_on_z150p000_p360p000.stat usestol=on stol=1e-6
SOLVER_CONFIG sol=sol29 s1.control=stat fc1.linsolver=dDef dDef.linsolver=pardiso
CONFIGURED_SAVED z=150.0 phi=360.0 study=st_on_z150p000_p360p000 sol=sol29
SOLVED z=150.0 phi=360.0 sol=sol29
RESULT ON,150.00000000,360.00000000,0.500000000000,0.866025403784,2.12115047745e-16,sol29,pardiso,stol=1e-6,60285,NA,-0.000557812379346,-0.557812379346,-0.557812379346,SUCCESS,UNKNOWN,UNKNOWN
AIR_OVERRIDE material=mat4 domain=[1,4] mfc2.ConstitutiveRelationBH=RelativePermeability mfc2.mur_mat=userdef mfc2.mur=1 remanence_fields_cleared_inactive
POSE phi_deg=0.00000000000 expected_unit_magnetization=[0.500000000000,0.866025403784,-0.00000000000] model_alpha_rad=0.523598775598
MODEL_MAGNETIZATION_EVAL=[0.500000000000,0.866025403784,-0.00000000000]
ACTIVE_MFC2_CONFIG mode=AIR ConstitutiveRelationBH=RelativePermeability mur_mat=userdef mur=1 normBr_source=userdef normBr=0[T] domains=[4]
AIR_CONTROL_CONFIG=PASS active_constitutive=RelativePermeability active_mur=1 active_remanence=OFF material_domains=mat3:[3],mat4:[1,4]
STATIONARY_TOL study=st_air_z150p000_p0p00000.stat usestol=on stol=1e-6
SOLVER_CONFIG sol=sol30 s1.control=stat fc1.linsolver=dDef dDef.linsolver=pardiso
CONFIGURED_SAVED z=150.0 phi=0.0 study=st_air_z150p000_p0p00000 sol=sol30
SOLVED z=150.0 phi=0.0 sol=sol30
AIR_FIELD_AUDIT point_m=[26.0000000000,0,150.000000000] Bvec_T=[-5.77475273564e-08,-2.47093218176e-11,1.62420374856e-08] mu0Hvec_T=[-5.77475273564e-08,-2.47093218176e-11,1.62420374856e-08] normB_T=5.99881764018e-08 mu0H_T=5.99881764018e-08 diff_T=0.00000000000
RESULT AIR,150.00000000,0.00000000,0.500000000000,0.866025403784,-0.00000000000,sol30,pardiso,stol=1e-6,60285,NA,-0.000546744659777,-0.546744659777,-0.546744659777,SUCCESS,UNKNOWN,UNKNOWN
ON_CONFIGURATION_RESTORED
SPARSE_HEIGHT_FINISH z=150.00000 elements=60285
FINISH results=H:\comsolcc\sparse_height_trend\20260911_1032_first_120_140_150\static_force_results.csv
