*******************************************
***COMSOL 6.3.0.290 progress output file***
*******************************************
Thu Sep 10 20:45:14 CST 2026
           当前进度:   0 % - Moving Magnet Sphere x=26 mm
Memory: 734/898 903/1260
           当前进度:   2 % - 圆柱体 2
Memory: 738/898 905/1260
           当前进度:   3 % - 圆柱体 3
Memory: 740/898 905/1260
           当前进度:   5 % - Air Domain R=200 mm
           当前进度:   7 % - Hole 1 Optimized
           当前进度:   9 % - Hole 2 Optimized
-          当前进度:  10 % - Hole 3 Optimized
-          当前进度:  12 % - point1
-          当前进度:  14 % - 钢片减去优化孔
Memory: 741/898 905/1260
-          当前进度:  14 % - 执行布尔操作
Memory: 743/898 906/1260
---        当前进度:  31 % - 旋转 1
----       当前进度:  48 % - 移动 1
Memory: 744/898 906/1260
------     当前进度:  66 % - 移动
--------   当前进度:  83 % - Form Union
--------   当前进度:  83 % - 执行布尔操作
---------- 当前进度: 100 % - 正在更新选择
顶点单元数：37
           当前进度:   9 % - 分析域
Memory: 699/898 859/1260
--         当前进度:  28 % - 正在创建边界网格
Memory: 702/898 861/1260
边单元数：484
边界单元数：4842
----       当前进度:  47 % - 正在创建初始四面体网格
Memory: 703/898 861/1260
--------   当前进度:  85 % - 插入内部点
Memory: 705/898 864/1260
--------   当前进度:  89 % - 提高单元质量
Memory: 706/898 863/1260
---------  当前进度:  92 % - 提高单元质量
Memory: 707/898 865/1260
---------- 当前进度: 100 % - 正在定型网格
单元数：60611
最小单元质量：0.2105
           当前进度:   1 % - 生成方程
Memory: 691/898 848/1260
           当前进度:   2 % - 生成方程
Memory: 741/898 862/1260
           当前进度:   3 % - 生成方程
Memory: 813/898 926/1260
<---- 研究/解 1 (sol1) 中的“编译方程: 稳态” -----------------------------------------------
开始于 2026年9月10日 下午8:45:44。
几何形函数: 二次拉格朗日单元
在  上运行。
在以下位置使用 1 个插槽： Zifeng 上（共 8 个内核）。
可用内存：32.60 GB。
           当前进度:   6 % - 编译方程: 稳态
Memory: 812/898 905/1260
           当前进度:   7 % - 编译方程: 稳态
Memory: 827/898 918/1260
时间：3。
物理内存: 828 MB
虚拟内存: 926 MB
结束时间：2026年9月10日 下午8:45:47。
----- 研究/解 1 (sol1) 中的“编译方程: 稳态” ---------------------------------------------->
<---- 研究/解 1 (sol1) 中的“因变量 1” --------------------------------------------------
开始于 2026年9月10日 下午8:45:47。
           当前进度:   7 % - 因变量 1
Memory: 835/898 931/1260
求解时间：0 s。
物理内存: 835 MB
虚拟内存: 931 MB
结束时间：2026年9月10日 下午8:45:47。
----- 研究/解 1 (sol1) 中的“因变量 1” ------------------------------------------------->
<---- 研究/解 1 (sol1) 中的“稳态求解器 1” ------------------------------------------------
开始于 2026年9月10日 下午8:45:47。
线性求解器 
求解的自由度数：81442。
---        当前进度:  30 % - 组装矩阵
Memory: 934/934 1028/1260
找到对称矩阵。
缩放因变量：
磁标势 (comp1.Vm): 1
已使用正交零空间函数。
---        当前进度:  38 % - 组装延展
Memory: 933/951 1026/1260
------     当前进度:  65 % - 矩阵分解
Memory: 952/964 1039/1260
Iter      SolEst     Damping    Stepsize #Res #Jac #Sol LinIt   LinErr   LinRes
-------    当前进度:  74 % - 求解线性方程组
Memory: 971/973 1221/1260
   1           1   1.0000000           1    1    1    1     3  0.00056  1.4e-06
---------- 当前进度: 100 % - 求解线性方程组
Memory: 944/973 1190/1260
求解时间：3 s。
物理内存: 973 MB
虚拟内存: 1221 MB
结束时间：2026年9月10日 下午8:45:50。
----- 研究/解 1 (sol1) 中的“稳态求解器 1” ----------------------------------------------->
----       当前进度:  47 % - 生成方程
Memory: 960/973 1198/1260
------     当前进度:  60 % - 生成方程
Memory: 963/973 1201/1260
---        当前进度:  39 % - 生成方程
Memory: 962/973 1199/1260
<---- 研究 2/解 2 (sol2) 中的“编译方程: 瞬态” ---------------------------------------------
开始于 2026年9月10日 下午8:45:54。
几何形函数: 二次拉格朗日单元
在  上运行。
在以下位置使用 1 个插槽： Zifeng 上（共 8 个内核）。
可用内存：32.60 GB。
           当前进度:   0 % - 生成方程
Memory: 971/975 1204/1260
在  上运行。
在以下位置使用 1 个插槽： Zifeng 上（共 8 个内核）。
可用内存：32.60 GB。
           当前进度:   1 % - 编译方程: 瞬态
Memory: 977/980 1211/1260
           当前进度:   2 % - 编译方程: 瞬态
Memory: 971/980 1204/1260
时间：2。
物理内存: 991 MB
虚拟内存: 1219 MB
结束时间：2026年9月10日 下午8:45:56。
----- 研究 2/解 2 (sol2) 中的“编译方程: 瞬态” -------------------------------------------->
<---- 研究 2/解 2 (sol2) 中的“因变量 1” ------------------------------------------------
开始于 2026年9月10日 下午8:45:56。
待求解变量的初始值: 解 1 (sol1).
           当前进度:   2 % - 因变量 1
Memory: 982/991 1206/1260
求解时间：1 s。
物理内存: 990 MB
虚拟内存: 1219 MB
结束时间：2026年9月10日 下午8:45:57。
----- 研究 2/解 2 (sol2) 中的“因变量 1” ----------------------------------------------->
<---- 研究 2/解 2 (sol2) 中的“瞬态求解器 1” ----------------------------------------------
开始于 2026年9月10日 下午8:45:57。
瞬态求解器 (BDF)
           当前进度:   4 % - 瞬态求解器 1
Memory: 990/991 1213/1260
求解的自由度数：81442。
           当前进度:   4 % - 组装矩阵
Memory: 1055/1055 1297/1297
找到对称矩阵。
缩放因变量：
磁标势 (comp1.Vm): 1e+04
Step        Time    Stepsize      Res  Jac  Sol Order Tfail NLfail LinIt   LinErr   LinRes
           当前进度:   4 % - 创建多重网格层
Memory: 1040/1073 1290/1315
           当前进度:   4 % - 组装延展
Memory: 1080/1080 1333/1333
           当前进度:   4 % - 约束处理
Memory: 1070/1086 1316/1337
           当前进度:   4 % - 求解线性方程组
Memory: 1091/1091 1339/1342
           当前进度:   4 % - 组装矩阵
Memory: 1095/1095 1343/1346
           当前进度:   4 % - 求解线性方程组
           当前进度:   4 % - 约束处理
Memory: 1154/1169 1404/1426
           当前进度:   4 % - 求解线性方程组
Memory: 1170/1170 1423/1426
           当前进度:   4 % - 创建多重网格层
Memory: 1152/1170 1401/1426
           当前进度:   4 % - 约束处理
Memory: 1164/1170 1423/1426
           当前进度:   4 % - 求解线性方程组
Memory: 1171/1171 1423/1426
           当前进度:   4 % - 组装矩阵
Memory: 1174/1174 1426/1429
           当前进度:   4 % - 约束处理
Memory: 1163/1174 1426/1429
           当前进度:   4 % - 求解线性方程组
Memory: 1174/1174 1426/1429
           当前进度:   4 % - 组装矩阵
Memory: 1173/1174 1425/1429
           当前进度:   4 % - 求解线性方程组
           当前进度:   4 % - 组装矩阵
           当前进度:   4 % - 约束处理
Memory: 1155/1174 1404/1429
           当前进度:   4 % - 求解线性方程组
Memory: 1175/1175 1511/1514
           当前进度:   4 % - 组装矩阵
Memory: 1177/1177 1515/1518
           当前进度:   4 % - 求解线性方程组
           当前进度:   4 % - 组装矩阵
           当前进度:   4 % - 约束处理
Memory: 1167/1177 1515/1518
           当前进度:   4 % - 求解线性方程组
Memory: 1178/1178 1515/1518
           当前进度:   4 % - 创建多重网格层
Memory: 1160/1178 1494/1518
           当前进度:   4 % - 约束处理
Memory: 1173/1178 1515/1518
           当前进度:   4 % - 求解线性方程组
Memory: 1178/1178 1515/1518
           当前进度:   4 % - 组装矩阵
           当前进度:   4 % - 求解线性方程组
           当前进度:   4 % - 约束处理
Memory: 1162/1179 1495/1518
           当前进度:   4 % - 求解线性方程组
Memory: 1179/1179 1515/1518
           当前进度:   4 % - 组装矩阵
           当前进度:   4 % - 求解线性方程组
           当前进度:   4 % - 约束处理
Memory: 1162/1179 1495/1518
           当前进度:   4 % - 求解线性方程组
Memory: 1180/1180 1515/1518
           当前进度:   4 % - 创建多重网格层
Memory: 1161/1180 1490/1518
           当前进度:   4 % - 约束处理
Memory: 1173/1180 1511/1518
           当前进度:   4 % - 求解线性方程组
Memory: 1179/1180 1511/1518
           当前进度:   4 % - 创建多重网格层
Memory: 1162/1180 1502/1530
           当前进度:   4 % - 约束处理
Memory: 1174/1180 1524/1530
           当前进度:   4 % - 求解线性方程组
Memory: 1180/1180 1524/1530
   0           0           - out   33   12   33                  0 14439 1.4e+141 3.5e+138
Warning: 线性求解器有错误消息。
Warning: 线性迭代的散度。
---------- 当前进度: 100 % - 求解线性方程组
Memory: 1134/1180 1464/1530
求解时间：762 s。 （12 分钟，42 秒）
物理内存: 1.18 GB
虚拟内存: 1.53 GB
Warning: 线性求解器有错误消息。
线性迭代的散度。
结束时间：2026年9月10日 下午8:58:38。
----- 研究 2/解 2 (sol2) 中的“瞬态求解器 1” --------------------------------------------->
