*******************************************
***COMSOL 6.3.0.290 progress output file***
*******************************************
Thu Sep 10 20:59:38 CST 2026
           当前进度:   0 % - Moving Magnet Sphere x=26 mm
Memory: 748/921 917/1282
           当前进度:   2 % - 圆柱体 2
Memory: 750/921 919/1282
           当前进度:   3 % - 圆柱体 3
Memory: 752/921 919/1282
           当前进度:   5 % - Air Domain R=200 mm
           当前进度:   7 % - Hole 1 Optimized
Memory: 756/921 922/1282
           当前进度:   9 % - Hole 2 Optimized
Memory: 757/921 923/1282
-          当前进度:  10 % - Hole 3 Optimized
-          当前进度:  12 % - point1
-          当前进度:  14 % - 钢片减去优化孔
Memory: 760/921 926/1282
-          当前进度:  14 % - 执行布尔操作
Memory: 763/921 928/1282
---        当前进度:  31 % - 旋转 1
Memory: 766/921 931/1282
----       当前进度:  48 % - 移动 1
Memory: 764/921 929/1282
------     当前进度:  66 % - 移动
Memory: 766/921 930/1282
--------   当前进度:  83 % - Form Union
--------   当前进度:  83 % - 执行布尔操作
Memory: 768/921 933/1282
---------- 当前进度: 100 % - 正在更新选择
顶点单元数：37
--         当前进度:  27 % - 正在创建边界网格
Memory: 766/921 928/1282
边单元数：484
边界单元数：4842
-----      当前进度:  57 % - 相关边界
Memory: 772/921 939/1282
--------   当前进度:  89 % - 提高单元质量
Memory: 777/921 941/1282
---------  当前进度:  99 % - 正在定型网格
Memory: 778/921 943/1282
单元数：60736
最小单元质量：0.2088
---------- 当前进度: 100 % - 正在定型网格
Memory: 779/921 943/1282
           当前进度:   1 % - 生成方程
Memory: 813/921 952/1282
           当前进度:   2 % - 生成方程
Memory: 815/921 952/1282
           当前进度:   3 % - 生成方程
Memory: 861/921 976/1282
<---- 研究/解 1 (sol1) 中的“编译方程: 稳态” -----------------------------------------------
开始于 2026年9月10日 下午8:59:50。
几何形函数: 二次拉格朗日单元
在  上运行。
在以下位置使用 1 个插槽： Zifeng 上（共 8 个内核）。
可用内存：32.60 GB。
           当前进度:   6 % - 编译方程: 稳态
Memory: 804/921 920/1282
           当前进度:   7 % - 编译方程: 稳态
Memory: 807/921 910/1282
时间：2。
物理内存: 868 MB
虚拟内存: 976 MB
结束时间：2026年9月10日 下午8:59:52。
----- 研究/解 1 (sol1) 中的“编译方程: 稳态” ---------------------------------------------->
<---- 研究/解 1 (sol1) 中的“因变量 1” --------------------------------------------------
开始于 2026年9月10日 下午8:59:52。
           当前进度:   7 % - 因变量 1
Memory: 846/921 948/1282
求解时间：0 s。
物理内存: 866 MB
虚拟内存: 960 MB
结束时间：2026年9月10日 下午8:59:52。
----- 研究/解 1 (sol1) 中的“因变量 1” ------------------------------------------------->
<---- 研究/解 1 (sol1) 中的“稳态求解器 1” ------------------------------------------------
开始于 2026年9月10日 下午8:59:52。
线性求解器 
求解的自由度数：81627。
---        当前进度:  38 % - 
Memory: 950/973 1045/1282
找到对称矩阵。
缩放因变量：
磁标势 (comp1.Vm): 1
已使用正交零空间函数。
---        当前进度:  38 % - 组装延展
Memory: 990/990 1092/1282
Iter      SolEst     Damping    Stepsize #Res #Jac #Sol LinIt   LinErr   LinRes
---------  当前进度:  92 % - 求解线性方程组
Memory: 1004/1004 1262/1282
   1           1   1.0000000           1    1    1    1     3  0.00067  1.7e-06
---------- 当前进度: 100 % - 求解线性方程组
Memory: 977/1005 1231/1282
求解时间：1 s。
物理内存: 1 GB
虚拟内存: 1.26 GB
结束时间：2026年9月10日 下午8:59:54。
----- 研究/解 1 (sol1) 中的“稳态求解器 1” ----------------------------------------------->
----       当前进度:  47 % - 生成方程
Memory: 1007/1012 1258/1282
---        当前进度:  39 % - 生成方程
Memory: 1028/1031 1269/1282
<---- 研究 2/解 2 (sol2) 中的“编译方程: 瞬态” ---------------------------------------------
开始于 2026年9月10日 下午8:59:56。
几何形函数: 二次拉格朗日单元
在  上运行。
在以下位置使用 1 个插槽： Zifeng 上（共 8 个内核）。
可用内存：32.60 GB。
           当前进度:   0 % - 生成方程
Memory: 1053/1058 1289/1295
在  上运行。
在以下位置使用 1 个插槽： Zifeng 上（共 8 个内核）。
可用内存：32.60 GB。
           当前进度:   2 % - 编译方程: 瞬态
Memory: 1034/1062 1262/1295
时间：1。
物理内存: 1.06 GB
虚拟内存: 1.29 GB
结束时间：2026年9月10日 下午8:59:57。
----- 研究 2/解 2 (sol2) 中的“编译方程: 瞬态” -------------------------------------------->
<---- 研究 2/解 2 (sol2) 中的“因变量 1” ------------------------------------------------
开始于 2026年9月10日 下午8:59:57。
待求解变量的初始值: 解 1 (sol1).
           当前进度:   2 % - 因变量 1
Memory: 1067/1068 1319/1325
求解时间：0 s。
物理内存: 1.07 GB
虚拟内存: 1.33 GB
结束时间：2026年9月10日 下午8:59:57。
----- 研究 2/解 2 (sol2) 中的“因变量 1” ----------------------------------------------->
<---- 研究 2/解 2 (sol2) 中的“瞬态求解器 1” ----------------------------------------------
开始于 2026年9月10日 下午8:59:57。
瞬态求解器 (BDF)
求解的自由度数：81627。
找到对称矩阵。
           当前进度:   4 % - 
Memory: 1125/1149 1377/1399
缩放因变量：
磁标势 (comp1.Vm): 4.1e+07
Step        Time    Stepsize      Res  Jac  Sol Order Tfail NLfail LinIt   LinErr   LinRes
           当前进度:   4 % - 组装延展
Memory: 1200/1200 1462/1462
           当前进度:   4 % - 约束处理
Memory: 1189/1203 1444/1463
           当前进度:   4 % - 求解线性方程组
Memory: 1209/1209 1463/1467
   0           0           - out    4    3    4                  0   183   0.0056  1.4e-05
   1   0.0002004      0.0002        5    4    5     1     0      0   186  0.00065        -
   2   0.0004004      0.0002        6    4    6     1     0      0   189  0.00065        -
           当前进度:   4 % - 组装矩阵
Memory: 1191/1282 1469/1544
   3   0.0008004      0.0004        7    4    7     2     0      0   192  0.00069        -
           当前进度:   4 % - 求解线性方程组
Memory: 1192/1282 1469/1544
   4   0.0016004      0.0008        8    5    8     1     0      0   195  0.00064        -
           当前进度:   5 % - 求解线性方程组
   5   0.0032004      0.0016        9    6    9     1     0      0   198  0.00064        -
   6   0.0055556   0.0023552 out   10    6   10     1     0      0   201  0.00063        -
           当前进度:   7 % - 组装矩阵
   7   0.0083333   0.0027778       11    7   11     1     0      0   204  0.00062        -
           当前进度:   8 % - 组装矩阵
   8    0.011111   0.0027778 out   12    7   12     1     0      0   207  0.00062        -
           当前进度:   9 % - 求解线性方程组
   9    0.016667   0.0055556 out   13    8   13     1     0      0   210   0.0006        -
  10    0.022222   0.0055556 out   14    8   14     1     0      0   213  0.00059        -
-          当前进度:  15 % - 组装矩阵
  11    0.027778   0.0055556 out   15    8   15     1     0      0   216  0.00059        -
-          当前进度:  17 % - 求解线性方程组
  12    0.033333   0.0055556 out   16    8   16     1     0      0   219   0.0006        -
  13    0.038889   0.0055556 out   17    8   17     1     0      0   222  0.00062        -
--         当前进度:  23 % - 求解线性方程组
  14    0.044444   0.0055556 out   18    8   18     1     0      0   225  0.00064        -
--         当前进度:  25 % - 求解线性方程组
  15        0.05   0.0055556 out   19    8   19     1     0      0   228  0.00067        -
  16    0.055556   0.0055556 out   20    8   20     1     0      0   231  0.00069        -
---        当前进度:  31 % - 组装矩阵
  17    0.061111   0.0055556 out   21    8   21     1     0      0   234  0.00071        -
---        当前进度:  33 % - 求解线性方程组
  18    0.066667   0.0055556 out   22    8   22     1     0      0   237  0.00072        -
  19    0.072222   0.0055556 out   23    8   23     1     0      0   240  0.00073        -
---        当前进度:  39 % - 求解线性方程组
  20    0.077778   0.0055556 out   24    8   24     1     0      0   243  0.00073        -
----       当前进度:  41 % - 求解线性方程组
  21    0.083333   0.0055556 out   25    8   25     1     0      0   246  0.00072        -
  22    0.088889   0.0055556 out   26    8   26     1     0      0   249  0.00071        -
----       当前进度:  47 % - 求解线性方程组
  23    0.094444   0.0055556 out   27    8   27     1     0      0   252  0.00069        -
  24         0.1   0.0055556 out   28    8   28     1     0      0   255  0.00067        -
-----      当前进度:  52 % - 组装矩阵
  25     0.10556   0.0055556 out   29    8   29     1     0      0   258  0.00065        -
-----      当前进度:  55 % - 求解线性方程组
  26     0.11111   0.0055556 out   30    8   30     1     0      0   261  0.00062        -
  27     0.11667   0.0055556 out   31    8   31     1     0      0   264   0.0006        -
------     当前进度:  60 % - 求解线性方程组
  28     0.12222   0.0055556 out   32    8   32     1     0      0   267  0.00059        -
------     当前进度:  63 % - 求解线性方程组
  29     0.12778   0.0055556 out   33    8   33     1     0      0   270  0.00059        -
  30     0.13333   0.0055556 out   34    8   34     1     0      0   273   0.0006        -
------     当前进度:  68 % - 求解线性方程组
  31     0.13889   0.0055556 out   35    8   35     1     0      0   276  0.00062        -
  32     0.14444   0.0055556 out   36    8   36     1     0      0   279  0.00064        -
-------    当前进度:  73 % - 组装矩阵
  33        0.15   0.0055556 out   37    8   37     1     0      0   282  0.00067        -
-------    当前进度:  76 % - 求解线性方程组
  34     0.15556   0.0055556 out   38    8   38     1     0      0   285  0.00069        -
  35     0.16111   0.0055556 out   39    8   39     1     0      0   288  0.00071        -
--------   当前进度:  81 % - 求解线性方程组
Memory: 1213/1282 1488/1544
  36     0.16667   0.0055556 out   40    8   40     1     0      0   291  0.00072        -
  37     0.17222   0.0055556 out   41    8   41     1     0      0   294  0.00073        -
--------   当前进度:  87 % - 组装矩阵
  38     0.17778   0.0055556 out   42    8   42     1     0      0   297  0.00073        -
  39     0.18333   0.0055556 out   43    8   43     1     0      0   300  0.00072        -
---------  当前进度:  92 % - 求解线性方程组
  40     0.18889   0.0055556 out   44    8   44     1     0      0   303  0.00071        -
---------  当前进度:  95 % - 求解线性方程组
  41     0.19444   0.0055556 out   45    8   45     1     0      0   306  0.00069        -
  42         0.2   0.0055556 out   46    8   46     1     0      0   309  0.00067        -
时间步进已完成。
---------- 当前进度: 100 % - 求解线性方程组
Memory: 1167/1282 1421/1544
求解时间：13 s。
物理内存: 1.28 GB
虚拟内存: 1.54 GB
结束时间：2026年9月10日 下午9:00:11。
----- 研究 2/解 2 (sol2) 中的“瞬态求解器 1” --------------------------------------------->
