*******************************************
***COMSOL 6.3.0.290 progress output file***
*******************************************
Thu Sep 10 17:34:50 CST 2026
           当前进度:   0 % - Moving Magnet Sphere x=26 mm
Memory: 864/870 930/938
           当前进度:   2 % - 圆柱体 2
Memory: 863/870 927/938
           当前进度:   3 % - 圆柱体 3
Memory: 864/870 927/938
           当前进度:   5 % - Air Domain R=200 mm
           当前进度:   7 % - Hole 1 Optimized
Memory: 868/870 930/938
           当前进度:   9 % - Hole 2 Optimized
-          当前进度:  10 % - Hole 3 Optimized
-          当前进度:  12 % - point1
-          当前进度:  14 % - 钢片减去优化孔
Memory: 869/870 931/938
-          当前进度:  14 % - 执行布尔操作
Memory: 871/871 931/938
---        当前进度:  31 % - 旋转 1
Memory: 874/874 935/938
----       当前进度:  48 % - 移动 1
Memory: 871/875 931/938
------     当前进度:  66 % - 移动
--------   当前进度:  83 % - Form Union
Memory: 872/875 931/938
--------   当前进度:  83 % - 执行布尔操作
---------- 当前进度: 100 % - 正在更新选择
Memory: 874/875 933/938
顶点单元数：37
--         当前进度:  26 % - 正在创建边界网格
Memory: 879/900 937/959
边单元数：481
边界单元数：4816
------     当前进度:  69 % - 插入内部点
Memory: 872/900 934/959
--------   当前进度:  89 % - 提高单元质量
Memory: 877/900 936/959
---------- 当前进度: 100 % - 正在定型网格
Memory: 878/900 938/959
单元数：60636
最小单元质量：0.2012
           当前进度:   1 % - 生成方程
Memory: 892/900 948/959
           当前进度:   2 % - 生成方程
Memory: 900/900 959/959
           当前进度:   3 % - 生成方程
Memory: 928/928 989/989
<---- 研究/解 1 (sol1) 中的“编译方程: 稳态” -----------------------------------------------
开始于 2026年9月10日 下午5:35:02。
几何形函数: 二次拉格朗日单元
在  上运行。
在以下位置使用 1 个插槽： Zifeng 上（共 8 个内核）。
可用内存：32.60 GB。
           当前进度:   6 % - 编译方程: 稳态
Memory: 863/931 927/1020
           当前进度:   7 % - 编译方程: 稳态
Memory: 871/931 920/1020
时间：2。
物理内存: 931 MB
虚拟内存: 1020 MB
结束时间：2026年9月10日 下午5:35:04。
----- 研究/解 1 (sol1) 中的“编译方程: 稳态” ---------------------------------------------->
<---- 研究/解 1 (sol1) 中的“因变量 1” --------------------------------------------------
开始于 2026年9月10日 下午5:35:04。
           当前进度:   7 % - 因变量 1
Memory: 880/931 941/1020
求解时间：0 s。
物理内存: 880 MB
虚拟内存: 941 MB
结束时间：2026年9月10日 下午5:35:04。
----- 研究/解 1 (sol1) 中的“因变量 1” ------------------------------------------------->
<---- 研究/解 1 (sol1) 中的“稳态求解器 1” ------------------------------------------------
开始于 2026年9月10日 下午5:35:04。
线性求解器 
求解的自由度数：81464。
找到对称矩阵。
缩放因变量：
磁标势 (comp1.Vm): 1
已使用正交零空间函数。
---        当前进度:  38 % - 组装延展
Memory: 991/1018 1036/1071
------     当前进度:  65 % - 矩阵分解
Memory: 999/1024 1046/1072
Iter      SolEst     Damping    Stepsize #Res #Jac #Sol LinIt   LinErr   LinRes
   1           1   1.0000000           1    1    1    1     3  0.00057  1.4e-06
---------- 当前进度: 100 % - 求解线性方程组
Memory: 997/1025 1203/1237
求解时间：1 s。
物理内存: 1.02 GB
虚拟内存: 1.24 GB
结束时间：2026年9月10日 下午5:35:05。
----- 研究/解 1 (sol1) 中的“稳态求解器 1” ----------------------------------------------->
------     当前进度:  60 % - 生成方程
Memory: 1014/1025 1218/1237
-----      当前进度:  54 % - 生成方程
Memory: 1021/1038 1227/1243
<---- 研究 2/解 2 (sol2) 中的“编译方程: 瞬态” ---------------------------------------------
开始于 2026年9月10日 下午5:35:07。
几何形函数: 二次拉格朗日单元
在  上运行。
在以下位置使用 1 个插槽： Zifeng 上（共 8 个内核）。
可用内存：32.60 GB。
           当前进度:   0 % - 生成方程
Memory: 1064/1072 1259/1269
在  上运行。
在以下位置使用 1 个插槽： Zifeng 上（共 8 个内核）。
可用内存：32.60 GB。
           当前进度:   1 % - 编译方程: 瞬态
Memory: 967/1089 1183/1287
           当前进度:   2 % - 编译方程: 瞬态
Memory: 975/1089 1190/1287
时间：1。
物理内存: 1.09 GB
虚拟内存: 1.29 GB
结束时间：2026年9月10日 下午5:35:08。
----- 研究 2/解 2 (sol2) 中的“编译方程: 瞬态” -------------------------------------------->
<---- 研究 2/解 2 (sol2) 中的“因变量 1” ------------------------------------------------
开始于 2026年9月10日 下午5:35:08。
待求解变量的初始值: 解 1 (sol1).
           当前进度:   2 % - 因变量 1
Memory: 1084/1089 1328/1331
求解时间：0 s。
物理内存: 1.09 GB
虚拟内存: 1.33 GB
结束时间：2026年9月10日 下午5:35:09。
----- 研究 2/解 2 (sol2) 中的“因变量 1” ----------------------------------------------->
<---- 研究 2/解 2 (sol2) 中的“瞬态求解器 1” ----------------------------------------------
开始于 2026年9月10日 下午5:35:09。
瞬态求解器 (BDF)
求解的自由度数：81464。
找到对称矩阵。
缩放因变量：
磁标势 (comp1.Vm): 3.3e+04
Step        Time    Stepsize      Res  Jac  Sol Order Tfail NLfail LinIt   LinErr   LinRes
           当前进度:   4 % - 组装矩阵
Memory: 1129/1134 1335/1348
           当前进度:   4 % - 组装延展
Memory: 1177/1179 1391/1393
           当前进度:   4 % - 求解线性方程组
Memory: 1196/1196 1406/1410
           当前进度:   4 % - 组装矩阵
Memory: 1207/1274 1422/1491
           当前进度:   4 % - 求解线性方程组
           当前进度:   4 % - 组装矩阵
           当前进度:   4 % - 求解线性方程组
           当前进度:   4 % - 约束处理
Memory: 1191/1274 1403/1491
           当前进度:   4 % - 求解线性方程组
Memory: 1208/1274 1422/1491
           当前进度:   4 % - 组装矩阵
Memory: 1211/1274 1426/1491
           当前进度:   4 % - 求解线性方程组
Memory: 1212/1274 1426/1491
   0           0           - out   19    8   19                  0  1952       35    0.086
Warning: 线性求解器有错误消息。
Warning: 已达到最大中间迭代次数。
---------- 当前进度: 100 % - 求解线性方程组
Memory: 1170/1274 1374/1491
求解时间：59 s。
物理内存: 1.27 GB
虚拟内存: 1.49 GB
Warning: 线性求解器有错误消息。
已达到最大中间迭代次数。
结束时间：2026年9月10日 下午5:36:07。
----- 研究 2/解 2 (sol2) 中的“瞬态求解器 1” --------------------------------------------->
