*******************************************
***COMSOL 6.3.0.290 progress output file***
*******************************************
Thu Sep 10 20:58:56 CST 2026
           当前进度:   0 % - Moving Magnet Sphere x=26 mm
Memory: 742/757 785/799
           当前进度:   2 % - 圆柱体 2
Memory: 752/757 791/799
           当前进度:   3 % - 圆柱体 3
Memory: 753/757 791/799
           当前进度:   5 % - Air Domain R=200 mm
           当前进度:   7 % - Hole 1 Optimized
Memory: 754/757 791/799
           当前进度:   9 % - Hole 2 Optimized
-          当前进度:  10 % - Hole 3 Optimized
-          当前进度:  12 % - point1
-          当前进度:  14 % - 钢片减去优化孔
Memory: 754/757 792/799
-          当前进度:  14 % - 执行布尔操作
Memory: 756/757 792/799
---        当前进度:  31 % - 旋转 1
Memory: 757/757 792/799
----       当前进度:  48 % - 移动 1
Memory: 757/758 792/799
------     当前进度:  66 % - 移动
Memory: 754/758 789/799
--------   当前进度:  83 % - Form Union
--------   当前进度:  83 % - 执行布尔操作
---------- 当前进度: 100 % - 正在更新选择
Memory: 756/758 791/799
顶点单元数：37
--         当前进度:  25 % - 正在创建边界网格
Memory: 765/786 799/820
边单元数：484
边界单元数：4842
------     当前进度:  69 % - 插入内部点
Memory: 757/786 795/820
--------   当前进度:  89 % - 提高单元质量
Memory: 763/786 799/820
---------  当前进度:  99 % - 正在定型网格
单元数：60611
最小单元质量：0.2105
---------- 当前进度: 100 % - 正在定型网格
Memory: 762/786 795/820
           当前进度:   1 % - 生成方程
Memory: 778/786 809/820
           当前进度:   2 % - 生成方程
Memory: 786/788 817/820
           当前进度:   3 % - 生成方程
Memory: 780/797 812/846
<---- 研究/解 1 (sol1) 中的“编译方程: 稳态” -----------------------------------------------
开始于 2026年9月10日 下午8:59:09。
几何形函数: 二次拉格朗日单元
在  上运行。
在以下位置使用 1 个插槽： Zifeng 上（共 8 个内核）。
可用内存：32.60 GB。
           当前进度:   6 % - 编译方程: 稳态
Memory: 786/797 823/846
           当前进度:   7 % - 编译方程: 稳态
Memory: 787/797 810/846
时间：2。
物理内存: 792 MB
虚拟内存: 823 MB
结束时间：2026年9月10日 下午8:59:11。
----- 研究/解 1 (sol1) 中的“编译方程: 稳态” ---------------------------------------------->
<---- 研究/解 1 (sol1) 中的“因变量 1” --------------------------------------------------
开始于 2026年9月10日 下午8:59:11。
           当前进度:   7 % - 因变量 1
Memory: 801/803 835/846
求解时间：0 s。
物理内存: 803 MB
虚拟内存: 837 MB
结束时间：2026年9月10日 下午8:59:11。
----- 研究/解 1 (sol1) 中的“因变量 1” ------------------------------------------------->
<---- 研究/解 1 (sol1) 中的“稳态求解器 1” ------------------------------------------------
开始于 2026年9月10日 下午8:59:11。
线性求解器 
求解的自由度数：81442。
---        当前进度:  38 % - 
Memory: 899/916 924/942
找到对称矩阵。
缩放因变量：
磁标势 (comp1.Vm): 1
已使用正交零空间函数。
-----      当前进度:  56 % - 组装延展
Memory: 930/940 955/966
Iter      SolEst     Damping    Stepsize #Res #Jac #Sol LinIt   LinErr   LinRes
   1           1   1.0000000           1    1    1    1     3  0.00056  1.4e-06
---------- 当前进度: 100 % - 求解线性方程组
Memory: 916/945 1098/1134
求解时间：1 s。
物理内存: 945 MB
虚拟内存: 1134 MB
结束时间：2026年9月10日 下午8:59:12。
----- 研究/解 1 (sol1) 中的“稳态求解器 1” ----------------------------------------------->
----       当前进度:  47 % - 生成方程
Memory: 939/945 1119/1134
---        当前进度:  39 % - 生成方程
Memory: 995/995 1175/1177
<---- 研究 2/解 2 (sol2) 中的“编译方程: 瞬态” ---------------------------------------------
开始于 2026年9月10日 下午8:59:14。
几何形函数: 二次拉格朗日单元
在  上运行。
在以下位置使用 1 个插槽： Zifeng 上（共 8 个内核）。
可用内存：32.60 GB。
           当前进度:   0 % - 生成方程
Memory: 1003/1027 1185/1209
在  上运行。
在以下位置使用 1 个插槽： Zifeng 上（共 8 个内核）。
可用内存：32.60 GB。
           当前进度:   2 % - 编译方程: 瞬态
Memory: 1000/1029 1180/1211
时间：1。
物理内存: 1.03 GB
虚拟内存: 1.21 GB
结束时间：2026年9月10日 下午8:59:15。
----- 研究 2/解 2 (sol2) 中的“编译方程: 瞬态” -------------------------------------------->
<---- 研究 2/解 2 (sol2) 中的“因变量 1” ------------------------------------------------
开始于 2026年9月10日 下午8:59:15。
待求解变量的初始值: 解 1 (sol1).
           当前进度:   2 % - 因变量 1
Memory: 1018/1029 1194/1211
求解时间：0 s。
物理内存: 1.02 GB
虚拟内存: 1.19 GB
结束时间：2026年9月10日 下午8:59:15。
----- 研究 2/解 2 (sol2) 中的“因变量 1” ----------------------------------------------->
<---- 研究 2/解 2 (sol2) 中的“瞬态求解器 1” ----------------------------------------------
开始于 2026年9月10日 下午8:59:15。
瞬态求解器 (BDF)
求解的自由度数：81442。
找到对称矩阵。
缩放因变量：
磁标势 (comp1.Vm): 1.1e+04
Step        Time    Stepsize      Res  Jac  Sol Order Tfail NLfail LinIt   LinErr   LinRes
           当前进度:   4 % - 组装矩阵
Memory: 1091/1095 1300/1306
           当前进度:   4 % - 组装延展
Memory: 1152/1152 1372/1372
           当前进度:   4 % - 求解线性方程组
Memory: 1156/1157 1369/1374
           当前进度:   4 % - 约束处理
Memory: 1080/1186 1291/1420
           当前进度:   4 % - 求解线性方程组
Memory: 1100/1186 1314/1420
           当前进度:   4 % - 组装矩阵
           当前进度:   4 % - 约束处理
Memory: 1083/1186 1313/1420
           当前进度:   4 % - 求解线性方程组
Memory: 1102/1186 1315/1420
           当前进度:   4 % - 组装矩阵
           当前进度:   4 % - 求解线性方程组
           当前进度:   4 % - 组装矩阵
           当前进度:   4 % - 求解线性方程组
           当前进度:   4 % - 组装矩阵
   0           0           - out   41   12   41                  0   382  0.00052  1.3e-06
           当前进度:   4 % - 求解线性方程组
Memory: 1101/1186 1314/1420
   1      0.0002      0.0002       42   13   42     1     0      2   385  0.00024        -
           当前进度:   4 % - 组装矩阵
   2      0.0004      0.0002       43   13   43     1     0      2   388   0.0006        -
   3      0.0008      0.0004       44   13   44     2     0      2   390   0.0091        -
           当前进度:   4 % - 创建多重网格层
   4      0.0016      0.0008       45   14   45     1     0      2   393   0.0006        -
           当前进度:   5 % - 求解线性方程组
   5      0.0032      0.0016       46   15   46     1     0      2   396   0.0006        -
   6   0.0055556   0.0023556 out   47   15   47     1     0      2   399  0.00061        -
           当前进度:   7 % - 组装矩阵
Memory: 1102/1186 1314/1420
   7   0.0083333   0.0027778       48   16   48     1     0      2   402  0.00061        -
           当前进度:   8 % - 求解线性方程组
   8    0.011111   0.0027778 out   49   16   49     1     0      2   405  0.00061        -
   9    0.016667   0.0055556 out   50   17   50     1     0      2   408  0.00061        -
-          当前进度:  12 % - 组装矩阵
  10    0.022222   0.0055556 out   51   17   51     1     0      2   411   0.0006        -
-          当前进度:  15 % - 求解线性方程组
  11    0.027778   0.0055556 out   52   17   52     1     0      2   414  0.00059        -
  12    0.033333   0.0055556 out   53   17   53     1     0      2   417  0.00058        -
--         当前进度:  20 % - 求解线性方程组
Memory: 1102/1186 1315/1420
  13    0.038889   0.0055556 out   54   17   54     1     0      2   420  0.00057        -
  14    0.044444   0.0055556 out   55   17   55     1     0      2   423  0.00055        -
  15        0.05   0.0055556 out   56   17   56     1     0      2   426  0.00053        -
--         当前进度:  28 % - 组装矩阵
  16    0.055556   0.0055556 out   57   17   57     1     0      2   429  0.00052        -
  17    0.061111   0.0055556 out   58   17   58     1     0      2   432  0.00051        -
---        当前进度:  33 % - 组装矩阵
  18    0.066667   0.0055556 out   59   17   59     1     0      2   435  0.00051        -
  19    0.072222   0.0055556 out   60   17   60     1     0      2   438  0.00052        -
---        当前进度:  39 % - 求解线性方程组
  20    0.077778   0.0055556 out   61   17   61     1     0      2   441  0.00053        -
  21    0.083333   0.0055556 out   62   17   62     1     0      2   444  0.00055        -
----       当前进度:  44 % - 组装矩阵
  22    0.088889   0.0055556 out   63   17   63     1     0      2   447  0.00057        -
  23    0.094444   0.0055556 out   64   17   64     1     0      2   450  0.00058        -
----       当前进度:  49 % - 组装矩阵
  24         0.1   0.0055556 out   65   17   65     1     0      2   453   0.0006        -
  25     0.10556   0.0055556 out   66   17   66     1     0      2   456   0.0006        -
-----      当前进度:  55 % - 组装矩阵
  26     0.11111   0.0055556 out   67   17   67     1     0      2   459  0.00061        -
  27     0.11667   0.0055556 out   68   17   68     1     0      2   462  0.00061        -
------     当前进度:  60 % - 求解线性方程组
  28     0.12222   0.0055556 out   69   17   69     1     0      2   465   0.0006        -
  29     0.12778   0.0055556 out   70   17   70     1     0      2   468  0.00059        -
------     当前进度:  65 % - 求解线性方程组
  30     0.13333   0.0055556 out   71   17   71     1     0      2   471  0.00058        -
  31     0.13889   0.0055556 out   72   17   72     1     0      2   474  0.00057        -
-------    当前进度:  71 % - 求解线性方程组
  32     0.14444   0.0055556 out   73   17   73     1     0      2   477  0.00055        -
  33        0.15   0.0055556 out   74   17   74     1     0      2   480  0.00053        -
-------    当前进度:  76 % - 求解线性方程组
  34     0.15556   0.0055556 out   75   17   75     1     0      2   483  0.00052        -
  35     0.16111   0.0055556 out   76   17   76     1     0      2   486  0.00051        -
--------   当前进度:  81 % - 求解线性方程组
  36     0.16667   0.0055556 out   77   17   77     1     0      2   489  0.00051        -
  37     0.17222   0.0055556 out   78   17   78     1     0      2   492  0.00052        -
--------   当前进度:  87 % - 求解线性方程组
  38     0.17778   0.0055556 out   79   17   79     1     0      2   495  0.00053        -
  39     0.18333   0.0055556 out   80   17   80     1     0      2   498  0.00055        -
---------  当前进度:  92 % - 求解线性方程组
  40     0.18889   0.0055556 out   81   17   81     1     0      2   501  0.00057        -
  41     0.19444   0.0055556 out   82   17   82     1     0      2   504  0.00058        -
---------  当前进度:  97 % - 求解线性方程组
  42         0.2   0.0055556 out   83   17   83     1     0      2   507   0.0006        -
时间步进已完成。
---------- 当前进度: 100 % - 求解线性方程组
Memory: 1026/1186 1230/1420
求解时间：20 s。
物理内存: 1.19 GB
虚拟内存: 1.42 GB
结束时间：2026年9月10日 下午8:59:35。
----- 研究 2/解 2 (sol2) 中的“瞬态求解器 1” --------------------------------------------->
