*******************************************
***COMSOL 6.3.0.290 progress output file***
*******************************************
Thu Sep 10 20:15:14 CST 2026
           当前进度:   0 % - Moving Magnet Sphere x=26 mm
Memory: 649/894 842/1252
           当前进度:   2 % - 圆柱体 2
Memory: 652/894 843/1252
           当前进度:   3 % - 圆柱体 3
Memory: 657/894 846/1252
           当前进度:   5 % - Air Domain R=200 mm
Memory: 654/894 843/1252
           当前进度:   7 % - Hole 1 Optimized
           当前进度:   9 % - Hole 2 Optimized
Memory: 655/894 844/1252
-          当前进度:  10 % - Hole 3 Optimized
-          当前进度:  12 % - point1
-          当前进度:  14 % - 钢片减去优化孔
-          当前进度:  14 % - 执行布尔操作
Memory: 657/894 844/1252
---        当前进度:  31 % - 旋转 1
Memory: 658/894 845/1252
----       当前进度:  48 % - 移动 1
------     当前进度:  66 % - 移动
--------   当前进度:  83 % - Form Union
--------   当前进度:  83 % - 执行布尔操作
Memory: 657/894 844/1252
---------- 当前进度: 100 % - 正在更新选择
顶点单元数：37
-          当前进度:  11 % - 调整边界网格
Memory: 638/894 823/1252
--         当前进度:  29 % - 正在创建边界网格
Memory: 639/894 824/1252
边单元数：484
边界单元数：4842
-----      当前进度:  51 % - 正在创建初始四面体网格
Memory: 637/894 822/1252
--------   当前进度:  85 % - 插入内部点
Memory: 640/894 825/1252
--------   当前进度:  89 % - 提高单元质量
Memory: 642/894 826/1252
---------  当前进度:  93 % - 提高单元质量
Memory: 641/894 826/1252
单元数：60611
---------- 当前进度: 100 % - 正在定型网格
Memory: 582/894 766/1252
最小单元质量：0.2105
           当前进度:   1 % - 生成方程
Memory: 667/894 818/1252
           当前进度:   2 % - 生成方程
Memory: 675/894 826/1252
           当前进度:   3 % - 生成方程
Memory: 712/894 851/1252
<---- 研究/解 1 (sol1) 中的“编译方程: 稳态” -----------------------------------------------
开始于 2026年9月10日 下午8:15:50。
几何形函数: 二次拉格朗日单元
在  上运行。
在以下位置使用 1 个插槽： Zifeng 上（共 8 个内核）。
可用内存：32.60 GB。
           当前进度:   6 % - 编译方程: 稳态
Memory: 782/894 884/1252
           当前进度:   7 % - 编译方程: 稳态
Memory: 803/894 903/1252
时间：4。
物理内存: 803 MB
虚拟内存: 909 MB
结束时间：2026年9月10日 下午8:15:53。
----- 研究/解 1 (sol1) 中的“编译方程: 稳态” ---------------------------------------------->
<---- 研究/解 1 (sol1) 中的“因变量 1” --------------------------------------------------
开始于 2026年9月10日 下午8:15:53。
           当前进度:   7 % - 因变量 1
Memory: 805/894 916/1252
求解时间：0 s。
物理内存: 805 MB
虚拟内存: 916 MB
结束时间：2026年9月10日 下午8:15:54。
----- 研究/解 1 (sol1) 中的“因变量 1” ------------------------------------------------->
<---- 研究/解 1 (sol1) 中的“稳态求解器 1” ------------------------------------------------
开始于 2026年9月10日 下午8:15:54。
线性求解器 
求解的自由度数：81442。
--         当前进度:  25 % - 组装矩阵
Memory: 901/903 1008/1252
找到对称矩阵。
缩放因变量：
磁标势 (comp1.Vm): 1
已使用正交零空间函数。
---        当前进度:  38 % - 创建多重网格层
Memory: 904/924 1010/1252
---        当前进度:  38 % - 组装延展
Memory: 942/942 1046/1252
-----      当前进度:  56 % - 组装稀疏模式
Memory: 928/948 1031/1252
------     当前进度:  65 % - 矩阵分解
Memory: 929/948 1030/1252
Iter      SolEst     Damping    Stepsize #Res #Jac #Sol LinIt   LinErr   LinRes
--------   当前进度:  83 % - 求解线性方程组
Memory: 952/952 1216/1252
   1           1   1.0000000           1    1    1    1     3  0.00056  1.4e-06
---------- 当前进度: 100 % - 求解线性方程组
Memory: 925/952 1185/1252
求解时间：3 s。
物理内存: 952 MB
虚拟内存: 1216 MB
结束时间：2026年9月10日 下午8:15:57。
----- 研究/解 1 (sol1) 中的“稳态求解器 1” ----------------------------------------------->
----       当前进度:  47 % - 生成方程
Memory: 953/956 1193/1252
-----      当前进度:  54 % - 生成方程
Memory: 925/956 1168/1252
---        当前进度:  39 % - 生成方程
Memory: 944/956 1183/1252
-----      当前进度:  54 % - 生成方程
Memory: 950/956 1189/1252
<---- 研究 2/解 2 (sol2) 中的“编译方程: 瞬态” ---------------------------------------------
开始于 2026年9月10日 下午8:16:02。
几何形函数: 二次拉格朗日单元
在  上运行。
在以下位置使用 1 个插槽： Zifeng 上（共 8 个内核）。
可用内存：32.60 GB。
           当前进度:   0 % - 生成方程
Memory: 967/968 1204/1252
在  上运行。
在以下位置使用 1 个插槽： Zifeng 上（共 8 个内核）。
可用内存：32.60 GB。
           当前进度:   1 % - 编译方程: 瞬态
Memory: 954/968 1189/1252
           当前进度:   2 % - 编译方程: 瞬态
Memory: 952/968 1187/1252
时间：2。
物理内存: 968 MB
虚拟内存: 1204 MB
结束时间：2026年9月10日 下午8:16:04。
----- 研究 2/解 2 (sol2) 中的“编译方程: 瞬态” -------------------------------------------->
<---- 研究 2/解 2 (sol2) 中的“因变量 1” ------------------------------------------------
开始于 2026年9月10日 下午8:16:04。
待求解变量的初始值: 解 1 (sol1).
           当前进度:   2 % - 因变量 1
Memory: 962/968 1191/1252
求解时间：1 s。
物理内存: 962 MB
虚拟内存: 1192 MB
结束时间：2026年9月10日 下午8:16:05。
----- 研究 2/解 2 (sol2) 中的“因变量 1” ----------------------------------------------->
<---- 研究 2/解 2 (sol2) 中的“瞬态求解器 1” ----------------------------------------------
开始于 2026年9月10日 下午8:16:05。
瞬态求解器 (BDF)
           当前进度:   4 % - 瞬态求解器 1
Memory: 963/968 1207/1252
求解的自由度数：81442。
           当前进度:   4 % - 组装矩阵
Memory: 1026/1029 1272/1276
找到对称矩阵。
缩放因变量：
磁标势 (comp1.Vm): 1.2e+04
Step        Time    Stepsize      Res  Jac  Sol Order Tfail NLfail LinIt   LinErr   LinRes
           当前进度:   4 % - 组装延展
Memory: 1085/1085 1329/1329
           当前进度:   4 % - 组装稀疏模式
Memory: 1089/1105 1333/1350
           当前进度:   4 % - 约束处理
Memory: 1089/1105 1349/1350
           当前进度:   4 % - 求解线性方程组
Memory: 1102/1105 1349/1352
           当前进度:   4 % - 组装矩阵
Memory: 1105/1105 1353/1356
           当前进度:   4 % - 求解线性方程组
Memory: 1068/1105 1322/1356
           当前进度:   4 % - 约束处理
Memory: 1137/1148 1393/1411
           当前进度:   4 % - 求解线性方程组
Memory: 1157/1157 1414/1418
           当前进度:   4 % - 约束处理
Memory: 1141/1157 1396/1418
           当前进度:   4 % - 求解线性方程组
Memory: 1158/1158 1500/1503
           当前进度:   4 % - 组装矩阵
Memory: 1161/1161 1500/1503
           当前进度:   4 % - 约束处理
Memory: 1144/1161 1480/1503
           当前进度:   4 % - 求解线性方程组
Memory: 1161/1161 1500/1503
           当前进度:   4 % - 组装矩阵
           当前进度:   4 % - 求解线性方程组
           当前进度:   4 % - 创建多重网格层
Memory: 1145/1163 1479/1503
           当前进度:   4 % - 约束处理
Memory: 1154/1163 1500/1503
           当前进度:   4 % - 求解线性方程组
Memory: 1163/1163 1500/1503
           当前进度:   4 % - 创建多重网格层
Memory: 1145/1163 1479/1503
           当前进度:   4 % - 约束处理
Memory: 1156/1163 1500/1503
           当前进度:   4 % - 求解线性方程组
Memory: 1164/1164 1500/1503
           当前进度:   4 % - 组装矩阵
           当前进度:   4 % - 求解线性方程组
           当前进度:   4 % - 组装矩阵
           当前进度:   4 % - 求解线性方程组
           当前进度:   4 % - 约束处理
Memory: 1147/1164 1480/1503
           当前进度:   4 % - 求解线性方程组
Memory: 1164/1164 1500/1503
           当前进度:   4 % - 组装矩阵
           当前进度:   4 % - 求解线性方程组
           当前进度:   4 % - 约束处理
Memory: 1151/1164 1500/1503
           当前进度:   4 % - 求解线性方程组
Memory: 1164/1164 1500/1503
           当前进度:   4 % - 组装矩阵
           当前进度:   4 % - 求解线性方程组
           当前进度:   4 % - 创建多重网格层
Memory: 1146/1164 1479/1503
           当前进度:   4 % - 约束处理
Memory: 1158/1164 1500/1503
           当前进度:   4 % - 求解线性方程组
Memory: 1164/1164 1500/1503
           当前进度:   4 % - 创建多重网格层
Memory: 1146/1164 1479/1503
           当前进度:   4 % - 约束处理
Memory: 1157/1164 1500/1503
           当前进度:   4 % - 求解线性方程组
Memory: 1164/1164 1500/1503
           当前进度:   4 % - 组装矩阵
           当前进度:   4 % - 约束处理
Memory: 1163/1164 1500/1503
           当前进度:   4 % - 求解线性方程组
Memory: 1164/1164 1500/1503
           当前进度:   4 % - 组装矩阵
Memory: 1162/1164 1498/1503
           当前进度:   4 % - 求解线性方程组
           当前进度:   4 % - 组装矩阵
           当前进度:   4 % - 求解线性方程组
           当前进度:   4 % - 组装矩阵
           当前进度:   4 % - 求解线性方程组
