*******************************************
***COMSOL 6.3.0.290 progress output file***
*******************************************
Thu Sep 10 17:19:50 CST 2026
           当前进度:   0 % - Moving Magnet Sphere x=26 mm
Memory: 751/802 825/903
           当前进度:   2 % - 圆柱体 2
Memory: 756/802 831/903
           当前进度:   3 % - 圆柱体 3
Memory: 758/802 829/903
           当前进度:   5 % - Air Domain R=200 mm
Memory: 759/802 830/903
           当前进度:   7 % - Hole 1 Optimized
Memory: 760/802 831/903
           当前进度:   9 % - Hole 2 Optimized
Memory: 760/802 832/903
-          当前进度:  10 % - Hole 3 Optimized
-          当前进度:  12 % - point1
-          当前进度:  14 % - 钢片减去优化孔
Memory: 761/802 832/903
-          当前进度:  14 % - 执行布尔操作
Memory: 763/802 833/903
---        当前进度:  31 % - 旋转 1
----       当前进度:  48 % - 移动 1
Memory: 764/802 833/903
------     当前进度:  66 % - 移动
--------   当前进度:  83 % - Form Union
--------   当前进度:  83 % - 执行布尔操作
---------- 当前进度: 100 % - 正在更新选择
顶点单元数：37
-          当前进度:  13 % - 调整边界网格
Memory: 752/803 818/903
---        当前进度:  33 % - 正在创建边界网格
Memory: 753/803 819/903
边单元数：481
边界单元数：4816
-----      当前进度:  51 % - 正在创建初始四面体网格
Memory: 754/803 819/903
--------   当前进度:  85 % - 插入内部点
Memory: 755/803 820/903
--------   当前进度:  89 % - 提高单元质量
Memory: 757/803 823/903
---------  当前进度:  93 % - 提高单元质量
单元数：60636
最小单元质量：0.2012
---------- 当前进度: 100 % - 正在定型网格
Memory: 756/803 819/903
           当前进度:   1 % - 生成方程
Memory: 757/803 821/903
           当前进度:   2 % - 生成方程
Memory: 759/803 824/903
           当前进度:   3 % - 生成方程
Memory: 800/817 863/903
<---- 研究/解 1 (sol1) 中的“编译方程: 稳态” -----------------------------------------------
开始于 2026年9月10日 下午5:20:18。
几何形函数: 二次拉格朗日单元
在  上运行。
在以下位置使用 1 个插槽： Zifeng 上（共 8 个内核）。
可用内存：32.60 GB。
           当前进度:   6 % - 编译方程: 稳态
Memory: 813/817 872/903
           当前进度:   7 % - 编译方程: 稳态
Memory: 828/832 885/903
时间：3。
物理内存: 837 MB
虚拟内存: 894 MB
结束时间：2026年9月10日 下午5:20:21。
----- 研究/解 1 (sol1) 中的“编译方程: 稳态” ---------------------------------------------->
<---- 研究/解 1 (sol1) 中的“因变量 1” --------------------------------------------------
开始于 2026年9月10日 下午5:20:21。
           当前进度:   7 % - 因变量 1
Memory: 818/844 889/912
求解时间：0 s。
物理内存: 844 MB
虚拟内存: 912 MB
结束时间：2026年9月10日 下午5:20:21。
----- 研究/解 1 (sol1) 中的“因变量 1” ------------------------------------------------->
<---- 研究/解 1 (sol1) 中的“稳态求解器 1” ------------------------------------------------
开始于 2026年9月10日 下午5:20:21。
线性求解器 
求解的自由度数：81464。
--         当前进度:  24 % - 组装稀疏模式
Memory: 901/923 963/987
找到对称矩阵。
---        当前进度:  38 % - 
Memory: 928/950 992/1015
缩放因变量：
磁标势 (comp1.Vm): 1
已使用正交零空间函数。
---        当前进度:  38 % - 组装延展
Memory: 973/973 1037/1037
-----      当前进度:  56 % - 组装矩阵
Memory: 947/980 1005/1042
------     当前进度:  65 % - 矩阵分解
Memory: 928/980 1167/1167
Iter      SolEst     Damping    Stepsize #Res #Jac #Sol LinIt   LinErr   LinRes
---------  当前进度:  92 % - 求解线性方程组
Memory: 938/980 1167/1170
   1           1   1.0000000           1    1    1    1     3  0.00057  1.4e-06
---------- 当前进度: 100 % - 求解线性方程组
Memory: 909/980 1134/1170
求解时间：3 s。
物理内存: 980 MB
虚拟内存: 1170 MB
结束时间：2026年9月10日 下午5:20:24。
----- 研究/解 1 (sol1) 中的“稳态求解器 1” ----------------------------------------------->
----       当前进度:  47 % - 生成方程
Memory: 951/980 1170/1172
------     当前进度:  60 % - 生成方程
Memory: 965/980 1182/1184
---        当前进度:  39 % - 生成方程
Memory: 970/980 1186/1186
-------    当前进度:  72 % - 生成方程
Memory: 971/980 1188/1188
<---- 研究 2/解 2 (sol2) 中的“编译方程: 瞬态” ---------------------------------------------
开始于 2026年9月10日 下午5:20:28。
几何形函数: 二次拉格朗日单元
在  上运行。
在以下位置使用 1 个插槽： Zifeng 上（共 8 个内核）。
可用内存：32.60 GB。
           当前进度:   0 % - 生成方程
Memory: 1059/1063 1276/1280
在  上运行。
在以下位置使用 1 个插槽： Zifeng 上（共 8 个内核）。
可用内存：32.60 GB。
           当前进度:   1 % - 编译方程: 瞬态
Memory: 1048/1063 1265/1280
           当前进度:   2 % - 编译方程: 瞬态
Memory: 1045/1063 1262/1280
时间：2。
物理内存: 1.07 GB
虚拟内存: 1.29 GB
结束时间：2026年9月10日 下午5:20:30。
----- 研究 2/解 2 (sol2) 中的“编译方程: 瞬态” -------------------------------------------->
<---- 研究 2/解 2 (sol2) 中的“因变量 1” ------------------------------------------------
开始于 2026年9月10日 下午5:20:30。
待求解变量的初始值: 解 1 (sol1).
           当前进度:   2 % - 因变量 1
Memory: 1071/1072 1292/1299
求解时间：1 s。
物理内存: 1.07 GB
虚拟内存: 1.3 GB
结束时间：2026年9月10日 下午5:20:31。
----- 研究 2/解 2 (sol2) 中的“因变量 1” ----------------------------------------------->
<---- 研究 2/解 2 (sol2) 中的“瞬态求解器 1” ----------------------------------------------
开始于 2026年9月10日 下午5:20:31。
瞬态求解器 (BDF)
           当前进度:   4 % - 瞬态求解器 1
Memory: 1070/1073 1291/1299
求解的自由度数：81464。
           当前进度:   4 % - 组装矩阵
Memory: 1142/1142 1368/1368
找到对称矩阵。
缩放因变量：
磁标势 (comp1.Vm): 1.2e+05
Step        Time    Stepsize      Res  Jac  Sol Order Tfail NLfail LinIt   LinErr   LinRes
           当前进度:   4 % - 创建多重网格层
Memory: 1181/1181 1408/1408
           当前进度:   4 % - 组装延展
Memory: 1221/1221 1453/1453
           当前进度:   4 % - 约束处理
Memory: 1210/1225 1436/1455
           当前进度:   4 % - 求解线性方程组
Memory: 1229/1229 1624/1624
           当前进度:   4 % - 约束处理
Memory: 1257/1257 1671/1671
           当前进度:   4 % - 求解线性方程组
Memory: 1266/1266 1671/1675
