*******************************************
***COMSOL 6.3.0.290 progress output file***
*******************************************
Thu Sep 10 19:21:11 CST 2026
           当前进度:   0 % - Moving Magnet Sphere x=26 mm
Memory: 761/878 949/1277
           当前进度:   2 % - 圆柱体 2
Memory: 769/878 954/1277
           当前进度:   3 % - 圆柱体 3
Memory: 770/878 954/1277
           当前进度:   5 % - Air Domain R=200 mm
Memory: 767/878 950/1277
           当前进度:   7 % - Hole 1 Optimized
Memory: 767/878 951/1277
           当前进度:   9 % - Hole 2 Optimized
Memory: 768/878 952/1277
-          当前进度:  10 % - Hole 3 Optimized
-          当前进度:  12 % - point1
Memory: 769/878 954/1277
-          当前进度:  14 % - 钢片减去优化孔
-          当前进度:  14 % - 执行布尔操作
Memory: 775/878 958/1277
---        当前进度:  31 % - 旋转 1
----       当前进度:  48 % - 移动 1
Memory: 773/878 955/1277
------     当前进度:  66 % - 移动
Memory: 774/878 955/1277
--------   当前进度:  83 % - Form Union
--------   当前进度:  83 % - 执行布尔操作
---------- 当前进度: 100 % - 正在更新选择
Memory: 776/878 958/1277
顶点单元数：37
--         当前进度:  27 % - 正在创建边界网格
Memory: 736/878 930/1277
边单元数：484
边界单元数：4844
-----      当前进度:  57 % - 相关边界
Memory: 734/878 925/1277
--------   当前进度:  89 % - 提高单元质量
Memory: 741/878 929/1277
单元数：60997
最小单元质量：0.1814
---------- 当前进度: 100 % - 正在定型网格
Memory: 725/878 908/1277
           当前进度:   1 % - 生成方程
Memory: 799/878 959/1277
           当前进度:   2 % - 生成方程
Memory: 819/878 980/1277
           当前进度:   3 % - 生成方程
Memory: 856/878 1000/1277
<---- 研究/解 1 (sol1) 中的“编译方程: 稳态” -----------------------------------------------
开始于 2026年9月10日 下午7:21:22。
几何形函数: 二次拉格朗日单元
在  上运行。
在以下位置使用 1 个插槽： Zifeng 上（共 8 个内核）。
可用内存：32.60 GB。
           当前进度:   6 % - 编译方程: 稳态
Memory: 858/959 963/1277
           当前进度:   7 % - 编译方程: 稳态
Memory: 866/959 968/1277
时间：2。
物理内存: 959 MB
虚拟内存: 1035 MB
结束时间：2026年9月10日 下午7:21:23。
----- 研究/解 1 (sol1) 中的“编译方程: 稳态” ---------------------------------------------->
<---- 研究/解 1 (sol1) 中的“因变量 1” --------------------------------------------------
开始于 2026年9月10日 下午7:21:23。
           当前进度:   7 % - 因变量 1
Memory: 873/959 972/1277
求解时间：0 s。
物理内存: 877 MB
虚拟内存: 977 MB
结束时间：2026年9月10日 下午7:21:23。
----- 研究/解 1 (sol1) 中的“因变量 1” ------------------------------------------------->
<---- 研究/解 1 (sol1) 中的“稳态求解器 1” ------------------------------------------------
开始于 2026年9月10日 下午7:21:23。
线性求解器 
求解的自由度数：81971。
找到对称矩阵。
缩放因变量：
磁标势 (comp1.Vm): 1
已使用正交零空间函数。
---        当前进度:  38 % - 创建多重网格层
Memory: 982/1015 1127/1277
-----      当前进度:  56 % - 组装矩阵
Memory: 1001/1019 1140/1277
Iter      SolEst     Damping    Stepsize #Res #Jac #Sol LinIt   LinErr   LinRes
   1           1   1.0000000           1    1    1    1     3  0.00051  1.3e-06
---------- 当前进度: 100 % - 求解线性方程组
Memory: 892/1029 1206/1332
求解时间：1 s。
物理内存: 1.03 GB
虚拟内存: 1.33 GB
结束时间：2026年9月10日 下午7:21:24。
----- 研究/解 1 (sol1) 中的“稳态求解器 1” ----------------------------------------------->
------     当前进度:  60 % - 生成方程
Memory: 986/1029 1281/1332
-----      当前进度:  54 % - 生成方程
Memory: 1002/1029 1292/1332
<---- 研究 2/解 2 (sol2) 中的“编译方程: 瞬态” ---------------------------------------------
开始于 2026年9月10日 下午7:21:26。
几何形函数: 二次拉格朗日单元
在  上运行。
在以下位置使用 1 个插槽： Zifeng 上（共 8 个内核）。
可用内存：32.60 GB。
           当前进度:   0 % - 生成方程
Memory: 1151/1154 1430/1441
在  上运行。
在以下位置使用 1 个插槽： Zifeng 上（共 8 个内核）。
可用内存：32.60 GB。
           当前进度:   2 % - 编译方程: 瞬态
Memory: 1149/1180 1431/1463
时间：1。
物理内存: 1.18 GB
虚拟内存: 1.46 GB
结束时间：2026年9月10日 下午7:21:27。
----- 研究 2/解 2 (sol2) 中的“编译方程: 瞬态” -------------------------------------------->
<---- 研究 2/解 2 (sol2) 中的“因变量 1” ------------------------------------------------
开始于 2026年9月10日 下午7:21:27。
待求解变量的初始值: 解 1 (sol1).
           当前进度:   2 % - 因变量 1
Memory: 1180/1181 1445/1463
求解时间：0 s。
物理内存: 1.18 GB
虚拟内存: 1.45 GB
结束时间：2026年9月10日 下午7:21:27。
----- 研究 2/解 2 (sol2) 中的“因变量 1” ----------------------------------------------->
<---- 研究 2/解 2 (sol2) 中的“瞬态求解器 1” ----------------------------------------------
开始于 2026年9月10日 下午7:21:27。
瞬态求解器 (BDF)
求解的自由度数：81971。
找到对称矩阵。
缩放因变量：
磁标势 (comp1.Vm): 1e+04
Step        Time    Stepsize      Res  Jac  Sol Order Tfail NLfail LinIt   LinErr   LinRes
           当前进度:   4 % - 组装矩阵
Memory: 1226/1243 1493/1506
           当前进度:   4 % - 组装延展
Memory: 1287/1287 1563/1563
           当前进度:   4 % - 组装矩阵
Memory: 1306/1306 1577/1580
           当前进度:   4 % - 求解线性方程组
Memory: 1312/1312 1585/1588
   0           0           - out    7    4    7                  0   213  0.00057  1.4e-06
   1   0.0002004      0.0002        8    5    8     1     0      0   216  0.00053        -
   2   0.0004004      0.0002        9    5    9     1     0      0   219  0.00053        -
   3   0.0008004      0.0004       10    5   10     2     0      0   222  0.00013        -
   4   0.0016004      0.0008       11    6   11     1     0      0   225  0.00053        -
           当前进度:   5 % - 创建多重网格层
Memory: 1183/1321 1456/1596
   5   0.0032004      0.0016       12    7   12     1     0      0   228  0.00053        -
           当前进度:   5 % - 求解线性方程组
   6   0.0055556   0.0023552 out   13    7   13     1     0      0   231  0.00053        -
   7   0.0083333   0.0027778       14    8   14     1     0      0   234  0.00052        -
           当前进度:   8 % - 组装矩阵
   8    0.011111   0.0027778 out   15    8   15     1     0      0   237  0.00052        -
           当前进度:   9 % - 求解线性方程组
   9    0.016667   0.0055556 out   16    9   16     1     0      0   240  0.00051        -
  10    0.022222   0.0055556 out   17    9   17     1     0      0   243   0.0005        -
-          当前进度:  15 % - 求解线性方程组
  11    0.027778   0.0055556 out   18    9   18     1     0      0   246  0.00049        -
  12    0.033333   0.0055556 out   19    9   19     1     0      0   249  0.00049        -
--         当前进度:  20 % - 组装矩阵
  13    0.038889   0.0055556 out   20    9   20     1     0      0   252  0.00049        -
  14    0.044444   0.0055556 out   21    9   21     1     0      0   255   0.0005        -
--         当前进度:  25 % - 求解线性方程组
  15        0.05   0.0055556 out   22    9   22     1     0      0   258  0.00051        -
--         当前进度:  28 % - 求解线性方程组
  16    0.055556   0.0055556 out   23    9   23     1     0      0   261  0.00052        -
  17    0.061111   0.0055556 out   24    9   24     1     0      0   264  0.00053        -
---        当前进度:  33 % - 求解线性方程组
  18    0.066667   0.0055556 out   25    9   25     1     0      0   267  0.00054        -
  19    0.072222   0.0055556 out   26    9   26     1     0      0   270  0.00055        -
---        当前进度:  39 % - 组装矩阵
  20    0.077778   0.0055556 out   27    9   27     1     0      0   273  0.00056        -
----       当前进度:  41 % - 求解线性方程组
  21    0.083333   0.0055556 out   28    9   28     1     0      0   276  0.00056        -
  22    0.088889   0.0055556 out   29    9   29     1     0      0   279  0.00056        -
----       当前进度:  47 % - 求解线性方程组
  23    0.094444   0.0055556 out   30    9   30     1     0      0   282  0.00055        -
  24         0.1   0.0055556 out   31    9   31     1     0      0   285  0.00054        -
-----      当前进度:  52 % - 组装矩阵
  25     0.10556   0.0055556 out   32    9   32     1     0      0   288  0.00053        -
  26     0.11111   0.0055556 out   33    9   33     1     0      0   291  0.00052        -
-----      当前进度:  57 % - 求解线性方程组
  27     0.11667   0.0055556 out   34    9   34     1     0      0   294  0.00051        -
------     当前进度:  60 % - 求解线性方程组
Memory: 1183/1321 1457/1596
  28     0.12222   0.0055556 out   35    9   35     1     0      0   297   0.0005        -
  29     0.12778   0.0055556 out   36    9   36     1     0      0   300  0.00049        -
------     当前进度:  65 % - 求解线性方程组
  30     0.13333   0.0055556 out   37    9   37     1     0      0   303  0.00049        -
  31     0.13889   0.0055556 out   38    9   38     1     0      0   306  0.00049        -
-------    当前进度:  71 % - 求解线性方程组
  32     0.14444   0.0055556 out   39    9   39     1     0      0   309   0.0005        -
  33        0.15   0.0055556 out   40    9   40     1     0      0   312  0.00051        -
-------    当前进度:  76 % - 组装矩阵
  34     0.15556   0.0055556 out   41    9   41     1     0      0   315  0.00052        -
-------    当前进度:  79 % - 求解线性方程组
  35     0.16111   0.0055556 out   42    9   42     1     0      0   318  0.00053        -
  36     0.16667   0.0055556 out   43    9   43     1     0      0   321  0.00054        -
--------   当前进度:  84 % - 求解线性方程组
  37     0.17222   0.0055556 out   44    9   44     1     0      0   324  0.00055        -
  38     0.17778   0.0055556 out   45    9   45     1     0      0   327  0.00056        -
--------   当前进度:  89 % - 求解线性方程组
  39     0.18333   0.0055556 out   46    9   46     1     0      0   330  0.00056        -
  40     0.18889   0.0055556 out   47    9   47     1     0      0   333  0.00056        -
---------  当前进度:  95 % - 求解线性方程组
  41     0.19444   0.0055556 out   48    9   48     1     0      0   336  0.00055        -
  42         0.2   0.0055556 out   49    9   49     1     0      0   339  0.00054        -
时间步进已完成。
---------- 当前进度: 100 % - 求解线性方程组
Memory: 1151/1321 1407/1596
求解时间：14 s。
物理内存: 1.32 GB
虚拟内存: 1.6 GB
结束时间：2026年9月10日 下午7:21:41。
----- 研究 2/解 2 (sol2) 中的“瞬态求解器 1” --------------------------------------------->
