*******************************************
***COMSOL 6.3.0.290 progress output file***
*******************************************
Thu Sep 10 22:53:25 CST 2026
           当前进度:   0 % - Moving Magnet Sphere x=26 mm
Memory: 759/920 946/1285
           当前进度:   2 % - 圆柱体 2
Memory: 763/920 946/1285
           当前进度:   3 % - 圆柱体 3
Memory: 766/920 948/1285
           当前进度:   5 % - Air Domain R=200 mm
           当前进度:   7 % - Hole 1 Optimized
Memory: 768/920 949/1285
           当前进度:   9 % - Hole 2 Optimized
Memory: 769/920 950/1285
-          当前进度:  10 % - Hole 3 Optimized
Memory: 768/920 950/1285
-          当前进度:  12 % - point1
Memory: 769/920 950/1285
-          当前进度:  14 % - 钢片减去优化孔
Memory: 770/920 951/1285
-          当前进度:  14 % - 执行布尔操作
Memory: 771/920 951/1285
---        当前进度:  31 % - 旋转 1
----       当前进度:  48 % - 移动 1
------     当前进度:  66 % - 移动
Memory: 776/920 954/1285
--------   当前进度:  83 % - Form Union
Memory: 773/920 951/1285
--------   当前进度:  83 % - 执行布尔操作
---------- 当前进度: 100 % - 正在更新选择
Memory: 774/920 951/1285
顶点单元数：37
--         当前进度:  26 % - 正在创建边界网格
Memory: 778/920 957/1285
边单元数：484
边界单元数：4840
-------    当前进度:  73 % - 插入内部点
Memory: 784/920 966/1285
---------  当前进度:  90 % - 提高单元质量
Memory: 788/920 967/1285
单元数：60847
---------- 当前进度: 100 % - 正在定型网格
Memory: 787/920 966/1285
最小单元质量：0.2039
           当前进度:   1 % - 生成方程
Memory: 832/920 988/1285
           当前进度:   2 % - 生成方程
Memory: 853/920 1009/1285
           当前进度:   3 % - 生成方程
Memory: 874/920 1009/1285
<---- 研究/解 1 (sol1) 中的“编译方程: 稳态” -----------------------------------------------
开始于 2026年9月10日 下午10:53:38。
几何形函数: 二次拉格朗日单元
在  上运行。
在以下位置使用 1 个插槽： Zifeng 上（共 8 个内核）。
可用内存：32.60 GB。
           当前进度:   6 % - 编译方程: 稳态
Memory: 828/920 946/1285
           当前进度:   7 % - 编译方程: 稳态
Memory: 827/920 935/1285
时间：2。
物理内存: 846 MB
虚拟内存: 957 MB
结束时间：2026年9月10日 下午10:53:40。
----- 研究/解 1 (sol1) 中的“编译方程: 稳态” ---------------------------------------------->
<---- 研究/解 1 (sol1) 中的“因变量 1” --------------------------------------------------
开始于 2026年9月10日 下午10:53:40。
           当前进度:   7 % - 因变量 1
Memory: 855/920 951/1285
求解时间：0 s。
物理内存: 855 MB
虚拟内存: 951 MB
结束时间：2026年9月10日 下午10:53:40。
----- 研究/解 1 (sol1) 中的“因变量 1” ------------------------------------------------->
<---- 研究/解 1 (sol1) 中的“稳态求解器 1” ------------------------------------------------
开始于 2026年9月10日 下午10:53:40。
线性求解器 
求解的自由度数：81767。
找到对称矩阵。
缩放因变量：
磁标势 (comp1.Vm): 1
已使用正交零空间函数。
---        当前进度:  38 % - 创建多重网格层
Memory: 967/988 1102/1285
-----      当前进度:  56 % - 
Memory: 958/1005 1092/1285
Iter      SolEst     Damping    Stepsize #Res #Jac #Sol LinIt   LinErr   LinRes
   1           1   1.0000000           1    1    1    1     3  0.00065  1.6e-06
---------- 当前进度: 100 % - 求解线性方程组
Memory: 960/1005 1251/1287
求解时间：1 s。
物理内存: 1 GB
虚拟内存: 1.29 GB
结束时间：2026年9月10日 下午10:53:41。
----- 研究/解 1 (sol1) 中的“稳态求解器 1” ----------------------------------------------->
----       当前进度:  47 % - 生成方程
Memory: 989/1005 1265/1287
---        当前进度:  39 % - 生成方程
Memory: 1010/1011 1278/1287
<---- 研究 2/解 2 (sol2) 中的“编译方程: 瞬态” ---------------------------------------------
开始于 2026年9月10日 下午10:53:44。
几何形函数: 二次拉格朗日单元
在  上运行。
在以下位置使用 1 个插槽： Zifeng 上（共 8 个内核）。
可用内存：32.60 GB。
           当前进度:   0 % - 生成方程
Memory: 1057/1057 1379/1379
在  上运行。
在以下位置使用 1 个插槽： Zifeng 上（共 8 个内核）。
可用内存：32.60 GB。
           当前进度:   2 % - 编译方程: 瞬态
Memory: 1083/1112 1351/1382
时间：1。
物理内存: 1.11 GB
虚拟内存: 1.38 GB
结束时间：2026年9月10日 下午10:53:44。
----- 研究 2/解 2 (sol2) 中的“编译方程: 瞬态” -------------------------------------------->
<---- 研究 2/解 2 (sol2) 中的“因变量 1” ------------------------------------------------
开始于 2026年9月10日 下午10:53:44。
待求解变量的初始值: 解 1 (sol1).
           当前进度:   2 % - 因变量 1
Memory: 1107/1112 1371/1382
求解时间：0 s。
物理内存: 1.11 GB
虚拟内存: 1.37 GB
结束时间：2026年9月10日 下午10:53:45。
----- 研究 2/解 2 (sol2) 中的“因变量 1” ----------------------------------------------->
<---- 研究 2/解 2 (sol2) 中的“瞬态求解器 1” ----------------------------------------------
开始于 2026年9月10日 下午10:53:45。
瞬态求解器 (BDF)
求解的自由度数：81767。
找到对称矩阵。
缩放因变量：
磁标势 (comp1.Vm): 1.3e+04
Step        Time    Stepsize      Res  Jac  Sol Order Tfail NLfail   LinErr   LinRes
           当前进度:   4 % - 组装矩阵
Memory: 1201/1202 1466/1466
           当前进度:   4 % - 矩阵分解
Memory: 1268/1319 1562/1589
           当前进度:   4 % - 求解线性方程组
Memory: 1628/1628 2160/2201
           当前进度:   4 % - 矩阵分解
Memory: 1261/1628 1702/2201
           当前进度:   4 % - 求解线性方程组
Memory: 1553/1628 2099/2201
           当前进度:   4 % - 组装矩阵
Memory: 1550/1628 2097/2201
           当前进度:   4 % - 矩阵分解
Memory: 1182/1628 1644/2201
           当前进度:   4 % - 求解线性方程组
Memory: 1548/1628 2084/2201
           当前进度:   4 % - 组装矩阵
Memory: 1545/1628 2081/2201
           当前进度:   4 % - 矩阵分解
Memory: 1132/1628 1572/2201
           当前进度:   4 % - 求解线性方程组
Memory: 1546/1628 2084/2201
           当前进度:   4 % - 组装矩阵
Memory: 1542/1628 2078/2201
           当前进度:   4 % - 矩阵分解
Memory: 1267/1628 1719/2201
           当前进度:   4 % - 求解线性方程组
Memory: 1549/1628 2085/2201
           当前进度:   4 % - 组装矩阵
Memory: 1545/1628 2081/2201
           当前进度:   4 % - 矩阵分解
Memory: 1132/1628 1572/2201
           当前进度:   4 % - 求解线性方程组
Memory: 1548/1628 2084/2201
           当前进度:   4 % - 矩阵分解
Memory: 1240/1628 1718/2201
           当前进度:   4 % - 求解线性方程组
Memory: 1550/1628 2085/2201
           当前进度:   4 % - 矩阵分解
Memory: 1177/1628 1677/2201
           当前进度:   4 % - 求解线性方程组
Memory: 1579/1628 2114/2201
           当前进度:   4 % - 组装矩阵
Memory: 1578/1628 2113/2201
           当前进度:   4 % - 约束处理
Memory: 1322/1628 1911/2201
           当前进度:   4 % - 矩阵分解
Memory: 1307/1628 1794/2201
           当前进度:   4 % - 求解线性方程组
Memory: 1582/1628 2116/2201
           当前进度:   4 % - 约束处理
Memory: 1392/1628 1914/2201
           当前进度:   4 % - 矩阵分解
Memory: 1305/1628 1773/2201
           当前进度:   4 % - 求解线性方程组
Memory: 1549/1628 2084/2201
           当前进度:   4 % - 组装矩阵
Memory: 1548/1628 2083/2201
           当前进度:   4 % - 矩阵分解
Memory: 1151/1628 1598/2201
           当前进度:   4 % - 求解线性方程组
Memory: 1579/1628 2114/2201
           当前进度:   4 % - 矩阵分解
Memory: 1287/1628 1769/2201
           当前进度:   4 % - 组装矩阵
Memory: 1584/1628 2118/2201
           当前进度:   4 % - 求解线性方程组
Memory: 1584/1628 2116/2201
           当前进度:   4 % - 矩阵分解
Memory: 1230/1628 1708/2201
           当前进度:   4 % - 求解线性方程组
Memory: 1585/1628 2116/2201
           当前进度:   4 % - 矩阵分解
Memory: 1269/1628 1753/2201
           当前进度:   4 % - 求解线性方程组
Memory: 1586/1628 2117/2201
           当前进度:   4 % - 组装矩阵
Memory: 1585/1628 2116/2201
           当前进度:   4 % - 矩阵分解
Memory: 1181/1628 1622/2201
           当前进度:   4 % - 求解线性方程组
Memory: 1550/1628 2082/2201
           当前进度:   4 % - 组装矩阵
Memory: 1549/1628 2081/2201
           当前进度:   4 % - 矩阵分解
Memory: 1260/1628 1737/2201
           当前进度:   4 % - 组装矩阵
Memory: 1579/1628 2111/2201
           当前进度:   4 % - 求解线性方程组
Memory: 1581/1628 2113/2201
           当前进度:   4 % - 矩阵分解
Memory: 1227/1628 1687/2201
           当前进度:   4 % - 求解线性方程组
Memory: 1586/1628 2117/2201
           当前进度:   4 % - 组装矩阵
Memory: 1585/1628 2116/2201
           当前进度:   4 % - 矩阵分解
Memory: 1294/1628 1774/2201
           当前进度:   4 % - 求解线性方程组
Memory: 1589/1628 2121/2201
           当前进度:   4 % - 组装矩阵
Memory: 1588/1628 2120/2201
           当前进度:   4 % - 求解线性方程组
Memory: 1589/1628 2121/2201
           当前进度:   4 % - 矩阵分解
Memory: 1208/1628 1650/2201
           当前进度:   4 % - 求解线性方程组
Memory: 1588/1628 2120/2201
           当前进度:   4 % - 组装矩阵
Memory: 1588/1628 2119/2201
           当前进度:   4 % - 矩阵分解
Memory: 1185/1628 1625/2201
           当前进度:   4 % - 求解线性方程组
Memory: 1591/1628 2122/2201
   0           0           - out   80   21   80                  0        -    0.042
---------- 当前进度: 100 % - 求解线性方程组
Memory: 1562/1628 2094/2201
求解时间：54 s。
物理内存: 1.63 GB
虚拟内存: 2.2 GB
结束时间：2026年9月10日 下午10:54:39。
----- 研究 2/解 2 (sol2) 中的“瞬态求解器 1” --------------------------------------------->
