*******************************************
***COMSOL 6.3.0.290 progress output file***
*******************************************
Thu Sep 10 21:00:14 CST 2026
           当前进度:   0 % - Moving Magnet Sphere x=26 mm
Memory: 722/906 907/1271
           当前进度:   2 % - 圆柱体 2
Memory: 725/906 908/1271
           当前进度:   3 % - 圆柱体 3
Memory: 726/906 908/1271
           当前进度:   5 % - Air Domain R=200 mm
           当前进度:   7 % - Hole 1 Optimized
           当前进度:   9 % - Hole 2 Optimized
-          当前进度:  10 % - Hole 3 Optimized
-          当前进度:  12 % - point1
-          当前进度:  14 % - 钢片减去优化孔
Memory: 727/906 908/1271
-          当前进度:  14 % - 执行布尔操作
Memory: 729/906 909/1271
---        当前进度:  31 % - 旋转 1
----       当前进度:  48 % - 移动 1
------     当前进度:  66 % - 移动
--------   当前进度:  83 % - Form Union
--------   当前进度:  83 % - 执行布尔操作
---------- 当前进度: 100 % - 正在更新选择
顶点单元数：37
-          当前进度:  13 % - 调整边界网格
Memory: 738/906 917/1271
--         当前进度:  27 % - 正在创建边界网格
Memory: 691/906 862/1271
边单元数：481
边界单元数：4814
----       当前进度:  47 % - 正在创建初始四面体网格
Memory: 684/906 855/1271
--------   当前进度:  84 % - 插入内部点
Memory: 690/906 862/1271
--------   当前进度:  89 % - 提高单元质量
Memory: 691/906 862/1271
---------  当前进度:  93 % - 提高单元质量
Memory: 692/906 863/1271
单元数：60748
最小单元质量：0.2071
---------- 当前进度: 100 % - 正在定型网格
Memory: 691/906 860/1271
           当前进度:   1 % - 生成方程
Memory: 699/906 866/1271
           当前进度:   2 % - 生成方程
Memory: 727/906 871/1271
           当前进度:   3 % - 生成方程
Memory: 808/906 934/1271
<---- 研究/解 1 (sol1) 中的“编译方程: 稳态” -----------------------------------------------
开始于 2026年9月10日 下午9:00:42。
几何形函数: 二次拉格朗日单元
在  上运行。
在以下位置使用 1 个插槽： Zifeng 上（共 8 个内核）。
可用内存：32.60 GB。
           当前进度:   6 % - 编译方程: 稳态
Memory: 811/906 913/1271
           当前进度:   7 % - 编译方程: 稳态
Memory: 824/906 923/1271
时间：4。
物理内存: 830 MB
虚拟内存: 934 MB
结束时间：2026年9月10日 下午9:00:46。
----- 研究/解 1 (sol1) 中的“编译方程: 稳态” ---------------------------------------------->
<---- 研究/解 1 (sol1) 中的“因变量 1” --------------------------------------------------
开始于 2026年9月10日 下午9:00:46。
           当前进度:   7 % - 因变量 1
Memory: 836/906 946/1271
求解时间：0 s。
物理内存: 836 MB
虚拟内存: 946 MB
结束时间：2026年9月10日 下午9:00:46。
----- 研究/解 1 (sol1) 中的“因变量 1” ------------------------------------------------->
<---- 研究/解 1 (sol1) 中的“稳态求解器 1” ------------------------------------------------
开始于 2026年9月10日 下午9:00:46。
线性求解器 
求解的自由度数：81615。
---        当前进度:  31 % - 组装矩阵
Memory: 925/927 1031/1271
找到对称矩阵。
缩放因变量：
磁标势 (comp1.Vm): 1
已使用正交零空间函数。
---        当前进度:  38 % - 创建多重网格层
Memory: 862/943 971/1271
---        当前进度:  38 % - 组装延展
Memory: 896/943 1003/1271
------     当前进度:  65 % - 矩阵分解
Memory: 885/943 991/1271
Iter      SolEst     Damping    Stepsize #Res #Jac #Sol LinIt   LinErr   LinRes
--------   当前进度:  83 % - 求解线性方程组
Memory: 915/943 1182/1271
---------  当前进度:  92 % - 求解线性方程组
   1           1   1.0000000           1    1    1    1     3  0.00065  1.6e-06
---------- 当前进度: 100 % - 求解线性方程组
Memory: 888/943 1151/1271
求解时间：3 s。
物理内存: 943 MB
虚拟内存: 1182 MB
结束时间：2026年9月10日 下午9:00:49。
----- 研究/解 1 (sol1) 中的“稳态求解器 1” ----------------------------------------------->
----       当前进度:  47 % - 生成方程
Memory: 934/943 1188/1271
------     当前进度:  60 % - 生成方程
Memory: 941/943 1193/1271
---        当前进度:  39 % - 生成方程
Memory: 944/945 1196/1271
-------    当前进度:  72 % - 生成方程
Memory: 949/956 1197/1271
<---- 研究 2/解 2 (sol2) 中的“编译方程: 瞬态” ---------------------------------------------
开始于 2026年9月10日 下午9:00:53。
几何形函数: 二次拉格朗日单元
在  上运行。
在以下位置使用 1 个插槽： Zifeng 上（共 8 个内核）。
可用内存：32.60 GB。
           当前进度:   0 % - 生成方程
Memory: 946/960 1189/1271
在  上运行。
在以下位置使用 1 个插槽： Zifeng 上（共 8 个内核）。
可用内存：32.60 GB。
           当前进度:   1 % - 编译方程: 瞬态
Memory: 1040/1052 1282/1294
           当前进度:   2 % - 编译方程: 瞬态
Memory: 1038/1052 1279/1294
时间：2。
物理内存: 1.05 GB
虚拟内存: 1.29 GB
结束时间：2026年9月10日 下午9:00:55。
----- 研究 2/解 2 (sol2) 中的“编译方程: 瞬态” -------------------------------------------->
<---- 研究 2/解 2 (sol2) 中的“因变量 1” ------------------------------------------------
开始于 2026年9月10日 下午9:00:55。
待求解变量的初始值: 解 1 (sol1).
           当前进度:   2 % - 因变量 1
Memory: 1056/1056 1317/1317
求解时间：0 s。
物理内存: 1.06 GB
虚拟内存: 1.32 GB
结束时间：2026年9月10日 下午9:00:56。
----- 研究 2/解 2 (sol2) 中的“因变量 1” ----------------------------------------------->
<---- 研究 2/解 2 (sol2) 中的“瞬态求解器 1” ----------------------------------------------
开始于 2026年9月10日 下午9:00:56。
瞬态求解器 (BDF)
求解的自由度数：81615。
           当前进度:   4 % - 组装稀疏模式
Memory: 1070/1070 1332/1332
           当前进度:   4 % - 
Memory: 1118/1134 1372/1386
找到对称矩阵。
缩放因变量：
磁标势 (comp1.Vm): 1.2e+04
Step        Time    Stepsize      Res  Jac  Sol Order Tfail NLfail LinIt   LinErr   LinRes
           当前进度:   4 % - 组装延展
Memory: 1156/1156 1410/1410
           当前进度:   4 % - 约束处理
Memory: 1184/1204 1457/1464
           当前进度:   4 % - 求解线性方程组
Memory: 1159/1204 1428/1464
           当前进度:   4 % - 组装矩阵
Memory: 1160/1204 1428/1464
           当前进度:   4 % - 求解线性方程组
           当前进度:   4 % - 约束处理
Memory: 1151/1204 1428/1464
           当前进度:   4 % - 求解线性方程组
Memory: 1161/1204 1428/1464
           当前进度:   4 % - 组装矩阵
           当前进度:   4 % - 求解线性方程组
           当前进度:   4 % - 组装矩阵
Memory: 1167/1204 1435/1464
           当前进度:   4 % - 求解线性方程组
           当前进度:   4 % - 组装矩阵
           当前进度:   4 % - 约束处理
Memory: 1152/1204 1426/1464
           当前进度:   4 % - 求解线性方程组
Memory: 1166/1204 1427/1464
           当前进度:   4 % - 组装矩阵
Memory: 1169/1204 1430/1464
           当前进度:   4 % - 求解线性方程组
           当前进度:   4 % - 组装矩阵
Memory: 1172/1204 1433/1464
           当前进度:   4 % - 约束处理
Memory: 1159/1204 1476/1476
           当前进度:   4 % - 求解线性方程组
Memory: 1174/1204 1503/1506
   0           0           - out   12    5   12                  0   811   0.0058  1.4e-05
           当前进度:   4 % - 约束处理
Memory: 1162/1204 1505/1510
           当前进度:   4 % - 求解线性方程组
Memory: 1178/1204 1505/1510
           当前进度:   4 % - 组装矩阵
   1   0.0002004      0.0002       15    6   15     1     0      0   816  1.6e-06        -
           当前进度:   4 % - 求解线性方程组
Memory: 1180/1204 1501/1510
   2   0.0004004      0.0002       16    6   16     1     0      0   819  0.00055        -
   3   0.0008004      0.0004       17    6   17     2     0      0   822  0.00062        -
           当前进度:   4 % - 组装矩阵
           当前进度:   4 % - 求解线性方程组
Memory: 1181/1204 1501/1510
   4   0.0016004      0.0008       18    7   18     1     0      0   825  0.00055        -
           当前进度:   5 % - 组装矩阵
           当前进度:   5 % - 约束处理
Memory: 1176/1204 1501/1510
           当前进度:   5 % - 求解线性方程组
Memory: 1181/1204 1501/1510
   5   0.0032004      0.0016       19    8   19     1     0      0   828  0.00055        -
   6   0.0055556   0.0023552 out   20    8   20     1     0      0   831  0.00056        -
           当前进度:   7 % - 约束处理
Memory: 1172/1204 1501/1510
           当前进度:   7 % - 求解线性方程组
Memory: 1181/1204 1501/1510
   7   0.0083333   0.0027778       21    9   21     1     0      0   834  0.00056        -
           当前进度:   8 % - 求解线性方程组
   8    0.011111   0.0027778 out   22    9   22     1     0      0   837  0.00056        -
           当前进度:   9 % - 约束处理
Memory: 1174/1204 1501/1510
           当前进度:   9 % - 求解线性方程组
Memory: 1181/1204 1501/1510
   9    0.016667   0.0055556 out   23   10   23     1     0      0   840  0.00057        -
-          当前进度:  12 % - 求解线性方程组
  10    0.022222   0.0055556 out   24   10   24     1     0      0   843  0.00058        -
-          当前进度:  15 % - 求解线性方程组
  11    0.027778   0.0055556 out   25   10   25     1     0      0   846  0.00059        -
-          当前进度:  17 % - 求解线性方程组
  12    0.033333   0.0055556 out   26   10   26     1     0      0   849  0.00061        -
--         当前进度:  20 % - 求解线性方程组
  13    0.038889   0.0055556 out   27   10   27     1     0      0   852  0.00062        -
--         当前进度:  23 % - 组装矩阵
--         当前进度:  23 % - 求解线性方程组
  14    0.044444   0.0055556 out   28   10   28     1     0      0   855  0.00062        -
--         当前进度:  25 % - 求解线性方程组
  15        0.05   0.0055556 out   29   10   29     1     0      0   858  0.00062        -
--         当前进度:  28 % - 组装矩阵
--         当前进度:  28 % - 求解线性方程组
  16    0.055556   0.0055556 out   30   10   30     1     0      0   861  0.00062        -
---        当前进度:  31 % - 求解线性方程组
  17    0.061111   0.0055556 out   31   10   31     1     0      0   864  0.00062        -
---        当前进度:  33 % - 求解线性方程组
Memory: 1182/1204 1501/1510
  18    0.066667   0.0055556 out   32   10   32     1     0      0   867  0.00061        -
---        当前进度:  36 % - 求解线性方程组
  19    0.072222   0.0055556 out   33   10   33     1     0      0   870   0.0006        -
---        当前进度:  39 % - 求解线性方程组
Memory: 1183/1204 1501/1510
  20    0.077778   0.0055556 out   34   10   34     1     0      0   873  0.00059        -
----       当前进度:  41 % - 求解线性方程组
  21    0.083333   0.0055556 out   35   10   35     1     0      0   876  0.00058        -
----       当前进度:  44 % - 求解线性方程组
Memory: 1184/1204 1502/1510
  22    0.088889   0.0055556 out   36   10   36     1     0      0   879  0.00056        -
----       当前进度:  47 % - 求解线性方程组
  23    0.094444   0.0055556 out   37   10   37     1     0      0   882  0.00055        -
----       当前进度:  49 % - 组装矩阵
----       当前进度:  49 % - 求解线性方程组
  24         0.1   0.0055556 out   38   10   38     1     0      0   885  0.00055        -
-----      当前进度:  52 % - 求解线性方程组
  25     0.10556   0.0055556 out   39   10   39     1     0      0   888  0.00055        -
-----      当前进度:  55 % - 组装矩阵
-----      当前进度:  55 % - 求解线性方程组
  26     0.11111   0.0055556 out   40   10   40     1     0      0   891  0.00056        -
-----      当前进度:  57 % - 求解线性方程组
  27     0.11667   0.0055556 out   41   10   41     1     0      0   894  0.00057        -
------     当前进度:  60 % - 求解线性方程组
  28     0.12222   0.0055556 out   42   10   42     1     0      0   897  0.00058        -
------     当前进度:  63 % - 求解线性方程组
  29     0.12778   0.0055556 out   43   10   43     1     0      0   900  0.00059        -
------     当前进度:  65 % - 求解线性方程组
  30     0.13333   0.0055556 out   44   10   44     1     0      0   903  0.00061        -
------     当前进度:  68 % - 组装矩阵
------     当前进度:  68 % - 求解线性方程组
  31     0.13889   0.0055556 out   45   10   45     1     0      0   906  0.00062        -
-------    当前进度:  71 % - 求解线性方程组
  32     0.14444   0.0055556 out   46   10   46     1     0      0   909  0.00062        -
-------    当前进度:  73 % - 组装矩阵
-------    当前进度:  73 % - 求解线性方程组
  33        0.15   0.0055556 out   47   10   47     1     0      0   912  0.00062        -
-------    当前进度:  76 % - 求解线性方程组
  34     0.15556   0.0055556 out   48   10   48     1     0      0   915  0.00062        -
-------    当前进度:  79 % - 求解线性方程组
  35     0.16111   0.0055556 out   49   10   49     1     0      0   918  0.00062        -
--------   当前进度:  81 % - 求解线性方程组
  36     0.16667   0.0055556 out   50   10   50     1     0      0   921  0.00061        -
--------   当前进度:  84 % - 求解线性方程组
  37     0.17222   0.0055556 out   51   10   51     1     0      0   924   0.0006        -
--------   当前进度:  87 % - 求解线性方程组
  38     0.17778   0.0055556 out   52   10   52     1     0      0   927  0.00059        -
--------   当前进度:  89 % - 求解线性方程组
  39     0.18333   0.0055556 out   53   10   53     1     0      0   930  0.00058        -
---------  当前进度:  92 % - 组装矩阵
---------  当前进度:  92 % - 求解线性方程组
  40     0.18889   0.0055556 out   54   10   54     1     0      0   933  0.00056        -
---------  当前进度:  95 % - 求解线性方程组
  41     0.19444   0.0055556 out   55   10   55     1     0      0   936  0.00055        -
---------  当前进度:  97 % - 组装矩阵
---------  当前进度:  97 % - 求解线性方程组
  42         0.2   0.0055556 out   56   10   56     1     0      0   939  0.00055        -
时间步进已完成。
---------- 当前进度: 100 % - 求解线性方程组
Memory: 1146/1204 1457/1510
求解时间：94 s。 （1 分钟，34 秒）
物理内存: 1.2 GB
虚拟内存: 1.51 GB
结束时间：2026年9月10日 下午9:02:29。
----- 研究 2/解 2 (sol2) 中的“瞬态求解器 1” --------------------------------------------->
