*******************************************
***COMSOL 6.3.0.290 progress output file***
*******************************************
Thu Sep 10 17:36:10 CST 2026
           当前进度:   0 % - Moving Magnet Sphere x=26 mm
Memory: 719/919 909/1286
           当前进度:   2 % - 圆柱体 2
Memory: 725/919 914/1286
           当前进度:   3 % - 圆柱体 3
Memory: 729/919 919/1286
           当前进度:   5 % - Air Domain R=200 mm
Memory: 733/919 920/1286
           当前进度:   7 % - Hole 1 Optimized
Memory: 735/919 921/1286
           当前进度:   9 % - Hole 2 Optimized
Memory: 736/919 922/1286
-          当前进度:  10 % - Hole 3 Optimized
Memory: 737/919 924/1286
-          当前进度:  12 % - point1
Memory: 738/919 924/1286
-          当前进度:  14 % - 钢片减去优化孔
-          当前进度:  14 % - 执行布尔操作
Memory: 742/919 927/1286
---        当前进度:  31 % - 旋转 1
Memory: 741/919 925/1286
----       当前进度:  48 % - 移动 1
Memory: 741/919 926/1286
------     当前进度:  66 % - 移动
Memory: 728/919 908/1286
--------   当前进度:  83 % - Form Union
Memory: 729/919 908/1286
--------   当前进度:  83 % - 执行布尔操作
Memory: 727/919 906/1286
---------- 当前进度: 100 % - 正在更新选择
Memory: 728/919 907/1286
顶点单元数：37
--         当前进度:  27 % - 正在创建边界网格
Memory: 736/919 914/1286
边单元数：481
边界单元数：4816
-----      当前进度:  54 % - 相关边界
Memory: 745/919 927/1286
--------   当前进度:  89 % - 提高单元质量
Memory: 753/919 934/1286
---------  当前进度:  99 % - 正在定型网格
Memory: 754/919 936/1286
单元数：60821
最小单元质量：0.2001
---------- 当前进度: 100 % - 正在定型网格
Memory: 734/919 909/1286
           当前进度:   1 % - 生成方程
Memory: 803/919 956/1286
           当前进度:   2 % - 生成方程
Memory: 812/919 964/1286
           当前进度:   3 % - 生成方程
Memory: 831/919 961/1286
<---- 研究/解 1 (sol1) 中的“编译方程: 稳态” -----------------------------------------------
开始于 2026年9月10日 下午5:36:22。
几何形函数: 二次拉格朗日单元
在  上运行。
在以下位置使用 1 个插槽： Zifeng 上（共 8 个内核）。
可用内存：32.60 GB。
           当前进度:   6 % - 编译方程: 稳态
Memory: 856/919 984/1286
           当前进度:   7 % - 编译方程: 稳态
Memory: 856/919 970/1286
时间：2。
物理内存: 887 MB
虚拟内存: 995 MB
结束时间：2026年9月10日 下午5:36:24。
----- 研究/解 1 (sol1) 中的“编译方程: 稳态” ---------------------------------------------->
<---- 研究/解 1 (sol1) 中的“因变量 1” --------------------------------------------------
开始于 2026年9月10日 下午5:36:24。
           当前进度:   7 % - 因变量 1
Memory: 895/919 1014/1286
求解时间：0 s。
物理内存: 895 MB
虚拟内存: 1014 MB
结束时间：2026年9月10日 下午5:36:24。
----- 研究/解 1 (sol1) 中的“因变量 1” ------------------------------------------------->
<---- 研究/解 1 (sol1) 中的“稳态求解器 1” ------------------------------------------------
开始于 2026年9月10日 下午5:36:24。
线性求解器 
求解的自由度数：81707。
找到对称矩阵。
---        当前进度:  38 % - 
Memory: 983/1024 1091/1286
缩放因变量：
磁标势 (comp1.Vm): 1
已使用正交零空间函数。
---        当前进度:  38 % - 组装延展
Memory: 1021/1025 1134/1286
Iter      SolEst     Damping    Stepsize #Res #Jac #Sol LinIt   LinErr   LinRes
---------  当前进度:  92 % - 求解线性方程组
Memory: 1032/1032 1305/1308
   1           1   1.0000000           1    1    1    1     3  0.00058  1.4e-06
---------- 当前进度: 100 % - 求解线性方程组
Memory: 1004/1032 1273/1308
求解时间：1 s。
物理内存: 1.03 GB
虚拟内存: 1.31 GB
结束时间：2026年9月10日 下午5:36:26。
----- 研究/解 1 (sol1) 中的“稳态求解器 1” ----------------------------------------------->
----       当前进度:  47 % - 生成方程
Memory: 1029/1032 1282/1308
-----      当前进度:  54 % - 生成方程
Memory: 1016/1039 1270/1308
<---- 研究 2/解 2 (sol2) 中的“编译方程: 瞬态” ---------------------------------------------
开始于 2026年9月10日 下午5:36:28。
几何形函数: 二次拉格朗日单元
在  上运行。
在以下位置使用 1 个插槽： Zifeng 上（共 8 个内核）。
可用内存：32.60 GB。
           当前进度:   0 % - 生成方程
Memory: 1080/1136 1319/1379
在  上运行。
在以下位置使用 1 个插槽： Zifeng 上（共 8 个内核）。
可用内存：32.60 GB。
           当前进度:   2 % - 编译方程: 瞬态
Memory: 1094/1136 1333/1379
时间：1。
物理内存: 1.14 GB
虚拟内存: 1.38 GB
结束时间：2026年9月10日 下午5:36:28。
----- 研究 2/解 2 (sol2) 中的“编译方程: 瞬态” -------------------------------------------->
<---- 研究 2/解 2 (sol2) 中的“因变量 1” ------------------------------------------------
开始于 2026年9月10日 下午5:36:28。
待求解变量的初始值: 解 1 (sol1).
           当前进度:   2 % - 因变量 1
Memory: 1119/1136 1369/1379
求解时间：0 s。
物理内存: 1.12 GB
虚拟内存: 1.37 GB
结束时间：2026年9月10日 下午5:36:29。
----- 研究 2/解 2 (sol2) 中的“因变量 1” ----------------------------------------------->
<---- 研究 2/解 2 (sol2) 中的“瞬态求解器 1” ----------------------------------------------
开始于 2026年9月10日 下午5:36:29。
瞬态求解器 (BDF)
求解的自由度数：81707。
找到对称矩阵。
缩放因变量：
磁标势 (comp1.Vm): 1.5e+04
           当前进度:   4 % - 约束处理
Memory: 1160/1193 1409/1441
Step        Time    Stepsize      Res  Jac  Sol Order Tfail NLfail LinIt   LinErr   LinRes
           当前进度:   4 % - 组装延展
Memory: 1243/1243 1500/1500
           当前进度:   4 % - 组装矩阵
Memory: 1255/1255 1511/1514
           当前进度:   4 % - 求解线性方程组
Memory: 1260/1260 1515/1518
           当前进度:   4 % - 组装矩阵
Memory: 1234/1297 1505/1583
           当前进度:   4 % - 约束处理
Memory: 1232/1297 1514/1583
           当前进度:   4 % - 求解线性方程组
Memory: 1247/1297 1514/1583
           当前进度:   4 % - 组装矩阵
           当前进度:   4 % - 求解线性方程组
