MODEL=H:\comsolcc\z120_xsphere26_air200_mesh1.mph physics=[mfc1, mi1, init1, mfc2, zsp1, mfcs1, fcal1, mfcs2]
FEATURE tag=mfc1 type=MagneticFluxConservationFluid dom=[1]
  ConstitutiveRelationBH=[RelativePermeability]
  M=[0, 0, 0]
  e_crel_BH_RemanentFluxDensity=[1, 0, 0]
  mur_mat=[from_mat]
  mur=[1]
  murPrim_mat=[from_mat]
  murPrim=[1]
  murBis_mat=[from_mat]
  murBis=[0]
  mur_crel_BH_RemanentFluxDensity_mat=[from_mat]
  mur_crel_BH_RemanentFluxDensity=[1]
  normBr_crel_BH_RemanentFluxDensity_mat=[from_mat]
  normBr_crel_BH_RemanentFluxDensity=[0]
  normB_mat=[from_mat]
  normB=[mu0_const*mfnc.normH]
  Wpm_BHC_mat=[from_mat]
  Wpm_BHC=[(0.5*mfnc.normB)*mfnc.normH]
  material=[none]
  M0=[0, 0, 0]
  GPorder=[auto]
  inStationaryStudy=[TransientInitialization]
  MsJA_mat=[from_mat]
  MsJA=[1e6[A/m]]
  aJA_mat=[from_mat]
  aJA=[200[A/m]]
  kJA_mat=[from_mat]
  kJA=[300[A/m]]
  cJA_mat=[from_mat]
  cJA=[0.7]
  alphaJA_mat=[from_mat]
  alphaJA=[5e-4]
  eHc=[1, 0, 0]
  Hc_mat=[from_mat]
  Hc=[1e4]
  normHs_mat=[from_mat]
  normHs=[mfnc.normB/mu0_const]
  normBpm_mat=[from_mat]
  normBpm=[mu0_const*mfnc.normHs]
  Wpm_NPM_mat=[from_mat]
  Wpm_NPM=[(0.5*mfnc.normB)*mfnc.normHs]
  minput_temperature_src=[fromCommonDef]
  minput_temperature=[293.15[K]]
  editModelInputs=[0]
  minput_magneticfield_src=[userdef]
  minput_magneticfield=[0, 0, 0]
  minput_shiftedmagneticfield_src=[userdef]
  minput_shiftedmagneticfield=[0, 0, 0]
  materialType=[nonSolid]
  coordinateSystem=[GlobalSystem]
  StudyStep=[std1/time]
  showPhysicsSymbols=[1]
  AllowSolidMaterials=[0]
FEATURE tag=mfcs1 type=MagneticFluxConservationSolid dom=[3]
  materialType=[solid]
  AllowSolidMaterials=[1]
  ConstitutiveRelationBH=[RemanentFluxDensity]
  M=[0, 0, 0]
  e_crel_BH_RemanentFluxDensity=[1, 0, 0]
  mur_mat=[from_mat]
  mur=[1]
  murPrim_mat=[from_mat]
  murPrim=[1]
  murBis_mat=[from_mat]
  murBis=[0]
  mur_crel_BH_RemanentFluxDensity_mat=[from_mat]
  mur_crel_BH_RemanentFluxDensity=[1]
  normBr_crel_BH_RemanentFluxDensity_mat=[userdef]
  normBr_crel_BH_RemanentFluxDensity=[1.43[T]]
  normB_mat=[from_mat]
  normB=[mu0_const*mfnc.normH]
  Wpm_BHC_mat=[from_mat]
  Wpm_BHC=[(0.5*mfnc.normB)*mfnc.normH]
  material=[none]
  M0=[0, 0, 0]
  GPorder=[auto]
  inStationaryStudy=[TransientInitialization]
  MsJA_mat=[from_mat]
  MsJA=[1e6[A/m]]
  aJA_mat=[from_mat]
  aJA=[200[A/m]]
  kJA_mat=[from_mat]
  kJA=[300[A/m]]
  cJA_mat=[from_mat]
  cJA=[0.7]
  alphaJA_mat=[from_mat]
  alphaJA=[5e-4]
  eHc=[1, 0, 0]
  Hc_mat=[from_mat]
  Hc=[1e4]
  normHs_mat=[from_mat]
  normHs=[mfnc.normB/mu0_const]
  normBpm_mat=[from_mat]
  normBpm=[mu0_const*mfnc.normHs]
  Wpm_NPM_mat=[from_mat]
  Wpm_NPM=[(0.5*mfnc.normB)*mfnc.normHs]
  minput_temperature_src=[fromCommonDef]
  minput_temperature=[293.15[K]]
  editModelInputs=[0]
  minput_magneticfield_src=[userdef]
  minput_magneticfield=[0, 0, 0]
  minput_shiftedmagneticfield_src=[userdef]
  minput_shiftedmagneticfield=[0, 0, 0]
  coordinateSystem=[GlobalSystem]
  StudyStep=[std1/time]
  showPhysicsSymbols=[1]
FEATURE tag=mfcs2 type=MagneticFluxConservationSolid dom=[2]
  materialType=[solid]
  AllowSolidMaterials=[1]
  ConstitutiveRelationBH=[RelativePermeability]
  M=[0, 0, 0]
  e_crel_BH_RemanentFluxDensity=[1, 0, 0]
  mur_mat=[from_mat]
  mur=[1]
  murPrim_mat=[from_mat]
  murPrim=[1]
  murBis_mat=[from_mat]
  murBis=[0]
  mur_crel_BH_RemanentFluxDensity_mat=[from_mat]
  mur_crel_BH_RemanentFluxDensity=[1]
  normBr_crel_BH_RemanentFluxDensity_mat=[from_mat]
  normBr_crel_BH_RemanentFluxDensity=[0]
  normB_mat=[from_mat]
  normB=[mu0_const*mfnc.normH]
  Wpm_BHC_mat=[from_mat]
  Wpm_BHC=[(0.5*mfnc.normB)*mfnc.normH]
  material=[none]
  M0=[0, 0, 0]
  GPorder=[auto]
  inStationaryStudy=[TransientInitialization]
  MsJA_mat=[from_mat]
  MsJA=[1e6[A/m]]
  aJA_mat=[from_mat]
  aJA=[200[A/m]]
  kJA_mat=[from_mat]
  kJA=[300[A/m]]
  cJA_mat=[from_mat]
  cJA=[0.7]
  alphaJA_mat=[from_mat]
  alphaJA=[5e-4]
  eHc=[1, 0, 0]
  Hc_mat=[from_mat]
  Hc=[1e4]
  normHs_mat=[from_mat]
  normHs=[mfnc.normB/mu0_const]
  normBpm_mat=[from_mat]
  normBpm=[mu0_const*mfnc.normHs]
  Wpm_NPM_mat=[from_mat]
  Wpm_NPM=[(0.5*mfnc.normB)*mfnc.normHs]
  minput_temperature_src=[fromCommonDef]
  minput_temperature=[293.15[K]]
  editModelInputs=[0]
  minput_magneticfield_src=[userdef]
  minput_magneticfield=[0, 0, 0]
  minput_shiftedmagneticfield_src=[userdef]
  minput_shiftedmagneticfield=[0, 0, 0]
  coordinateSystem=[GlobalSystem]
  StudyStep=[std1/time]
  showPhysicsSymbols=[1]
FEATURE tag=mfc2 type=MagneticFluxConservationFluid dom=[4]
  ConstitutiveRelationBH=[RemanentFluxDensity]
  M=[0, 0, 0]
  e_crel_BH_RemanentFluxDensity=[0, cos(alpha), sin(alpha)]
  mur_mat=[from_mat]
  mur=[1]
  murPrim_mat=[from_mat]
  murPrim=[1]
  murBis_mat=[from_mat]
  murBis=[0]
  mur_crel_BH_RemanentFluxDensity_mat=[from_mat]
  mur_crel_BH_RemanentFluxDensity=[1]
  normBr_crel_BH_RemanentFluxDensity_mat=[userdef]
  normBr_crel_BH_RemanentFluxDensity=[1.46[T]]
  normB_mat=[from_mat]
  normB=[mu0_const*mfnc.normH]
  Wpm_BHC_mat=[from_mat]
  Wpm_BHC=[(0.5*mfnc.normB)*mfnc.normH]
  material=[none]
  M0=[0, 0, 0]
  GPorder=[auto]
  inStationaryStudy=[TransientInitialization]
  MsJA_mat=[from_mat]
  MsJA=[1e6[A/m]]
  aJA_mat=[from_mat]
  aJA=[200[A/m]]
  kJA_mat=[from_mat]
  kJA=[300[A/m]]
  cJA_mat=[from_mat]
  cJA=[0.7]
  alphaJA_mat=[from_mat]
  alphaJA=[5e-4]
  eHc=[1, 0, 0]
  Hc_mat=[from_mat]
  Hc=[1e4]
  normHs_mat=[from_mat]
  normHs=[mfnc.normB/mu0_const]
  normBpm_mat=[from_mat]
  normBpm=[mu0_const*mfnc.normHs]
  Wpm_NPM_mat=[from_mat]
  Wpm_NPM=[(0.5*mfnc.normB)*mfnc.normHs]
  minput_temperature_src=[fromCommonDef]
  minput_temperature=[293.15[K]]
  editModelInputs=[0]
  minput_magneticfield_src=[userdef]
  minput_magneticfield=[0, 0, 0]
  minput_shiftedmagneticfield_src=[userdef]
  minput_shiftedmagneticfield=[0, 0, 0]
  materialType=[nonSolid]
  coordinateSystem=[GlobalSystem]
  StudyStep=[std1/time]
  showPhysicsSymbols=[1]
  AllowSolidMaterials=[1]
FEATURE tag=fcal1 type=ForceCalculation dom=[3]
  ForceName=[force_magnet]
  TorqueAxis=[1, 0, 0]
  TorqueRotationPoint=[0, 0, 0]
  useAverage=[1]
  StudyStep=[std1/time]
  showPhysicsSymbols=[1]
FEATURE tag=zsp1 type=ZeroMagneticScalarPotential dom=[]
  constraintType=[symmetricConstraint]
  constraintMethod=[elemental]
  StudyStep=[std1/time]
  showPhysicsSymbols=[1]
  constraintOptions=[pointwiseConstraints]
  pairContrib=[fallback]
MATERIALS=[mat4, mat3, mat5]
MATERIAL tag=mat4 label=Air domains=[1]
MATERIAL tag=mat3 label=N52 (Sintered NdFeB) domains=[3, 4]
MATERIAL tag=mat5 label=UNS S30415 [solid] domains=[2]
