*******************************************
***COMSOL 6.3.0.290 progress output file***
*******************************************
Thu Sep 10 17:59:08 CST 2026
           当前进度:   0 % - Moving Magnet Sphere x=26 mm
Memory: 672/887 827/1242
           当前进度:   2 % - 圆柱体 2
Memory: 676/887 829/1242
           当前进度:   3 % - 圆柱体 3
Memory: 677/887 829/1242
           当前进度:   5 % - Air Domain R=200 mm
           当前进度:   7 % - Hole 1 Optimized
Memory: 678/887 829/1242
           当前进度:   9 % - Hole 2 Optimized
-          当前进度:  10 % - Hole 3 Optimized
-          当前进度:  12 % - point1
-          当前进度:  14 % - 钢片减去优化孔
Memory: 679/887 830/1242
-          当前进度:  14 % - 执行布尔操作
Memory: 681/887 831/1242
---        当前进度:  31 % - 旋转 1
----       当前进度:  48 % - 移动 1
Memory: 682/887 831/1242
------     当前进度:  66 % - 移动
--------   当前进度:  83 % - Form Union
--------   当前进度:  83 % - 执行布尔操作
---------- 当前进度: 100 % - 正在更新选择
顶点单元数：37
           当前进度:   9 % - 分析域
Memory: 664/887 812/1242
--         当前进度:  23 % - 正在创建边界网格
Memory: 666/887 812/1242
边单元数：481
边界单元数：4814
---        当前进度:  35 % - 正在创建初始四面体网格
Memory: 667/887 813/1242
-----      当前进度:  54 % - 相关边界
Memory: 668/887 814/1242
--------   当前进度:  85 % - 插入内部点
Memory: 670/887 816/1242
--------   当前进度:  89 % - 提高单元质量
Memory: 673/887 819/1242
---------  当前进度:  93 % - 提高单元质量
Memory: 674/887 821/1242
单元数：60841
最小单元质量：0.2247
---------- 当前进度: 100 % - 正在定型网格
Memory: 646/887 790/1242
           当前进度:   1 % - 生成方程
Memory: 679/887 823/1242
           当前进度:   2 % - 生成方程
Memory: 703/887 824/1242
           当前进度:   3 % - 生成方程
Memory: 775/887 881/1242
<---- 研究/解 1 (sol1) 中的“编译方程: 稳态” -----------------------------------------------
开始于 2026年9月10日 下午5:59:40。
几何形函数: 二次拉格朗日单元
在  上运行。
在以下位置使用 1 个插槽： Zifeng 上（共 8 个内核）。
可用内存：32.60 GB。
           当前进度:   6 % - 编译方程: 稳态
Memory: 811/887 904/1242
           当前进度:   7 % - 编译方程: 稳态
Memory: 823/887 911/1242
时间：2。
物理内存: 844 MB
虚拟内存: 930 MB
结束时间：2026年9月10日 下午5:59:42。
----- 研究/解 1 (sol1) 中的“编译方程: 稳态” ---------------------------------------------->
<---- 研究/解 1 (sol1) 中的“因变量 1” --------------------------------------------------
开始于 2026年9月10日 下午5:59:42。
           当前进度:   7 % - 因变量 1
Memory: 856/887 977/1242
求解时间：0 s。
物理内存: 856 MB
虚拟内存: 977 MB
结束时间：2026年9月10日 下午5:59:42。
----- 研究/解 1 (sol1) 中的“因变量 1” ------------------------------------------------->
<---- 研究/解 1 (sol1) 中的“稳态求解器 1” ------------------------------------------------
开始于 2026年9月10日 下午5:59:42。
线性求解器 
求解的自由度数：81730。
找到对称矩阵。
---        当前进度:  38 % - 
Memory: 956/979 1068/1242
缩放因变量：
磁标势 (comp1.Vm): 1
已使用正交零空间函数。
---        当前进度:  38 % - 组装延展
Memory: 970/979 1079/1242
Iter      SolEst     Damping    Stepsize #Res #Jac #Sol LinIt   LinErr   LinRes
-------    当前进度:  74 % - 求解线性方程组
Memory: 986/986 1258/1261
   1           1   1.0000000           1    1    1    1     3  0.00055  1.4e-06
---------- 当前进度: 100 % - 求解线性方程组
Memory: 960/986 1227/1261
求解时间：1 s。
物理内存: 986 MB
虚拟内存: 1261 MB
结束时间：2026年9月10日 下午5:59:43。
----- 研究/解 1 (sol1) 中的“稳态求解器 1” ----------------------------------------------->
------     当前进度:  60 % - 生成方程
Memory: 975/986 1234/1261
---        当前进度:  39 % - 生成方程
Memory: 982/987 1241/1261
<---- 研究 2/解 2 (sol2) 中的“编译方程: 瞬态” ---------------------------------------------
开始于 2026年9月10日 下午5:59:45。
几何形函数: 二次拉格朗日单元
在  上运行。
在以下位置使用 1 个插槽： Zifeng 上（共 8 个内核）。
可用内存：32.60 GB。
           当前进度:   0 % - 编译方程: 瞬态
Memory: 997/1003 1251/1261
在  上运行。
在以下位置使用 1 个插槽： Zifeng 上（共 8 个内核）。
可用内存：32.60 GB。
           当前进度:   2 % - 编译方程: 瞬态
Memory: 1017/1038 1272/1295
时间：1。
物理内存: 1.04 GB
虚拟内存: 1.29 GB
结束时间：2026年9月10日 下午5:59:46。
----- 研究 2/解 2 (sol2) 中的“编译方程: 瞬态” -------------------------------------------->
<---- 研究 2/解 2 (sol2) 中的“因变量 1” ------------------------------------------------
开始于 2026年9月10日 下午5:59:46。
待求解变量的初始值: 解 1 (sol1).
           当前进度:   2 % - 因变量 1
Memory: 1007/1038 1259/1295
求解时间：0 s。
物理内存: 1.01 GB
虚拟内存: 1.26 GB
结束时间：2026年9月10日 下午5:59:46。
----- 研究 2/解 2 (sol2) 中的“因变量 1” ----------------------------------------------->
<---- 研究 2/解 2 (sol2) 中的“瞬态求解器 1” ----------------------------------------------
开始于 2026年9月10日 下午5:59:46。
瞬态求解器 (BDF)
求解的自由度数：81730。
           当前进度:   4 % - 组装矩阵
Memory: 1090/1093 1343/1345
找到对称矩阵。
缩放因变量：
磁标势 (comp1.Vm): 1.2e+05
Step        Time    Stepsize      Res  Jac  Sol Order Tfail NLfail LinIt   LinErr   LinRes
           当前进度:   4 % - 组装延展
Memory: 1144/1144 1396/1396
           当前进度:   4 % - 约束处理
Memory: 1150/1163 1402/1422
           当前进度:   4 % - 求解线性方程组
Memory: 1167/1167 1425/1428
           当前进度:   4 % - 约束处理
Memory: 1162/1241 1424/1501
           当前进度:   4 % - 求解线性方程组
Memory: 1179/1241 1443/1501
           当前进度:   4 % - 约束处理
Memory: 1164/1241 1426/1501
           当前进度:   4 % - 求解线性方程组
Memory: 1183/1241 1528/1534
           当前进度:   4 % - 组装矩阵
Memory: 1184/1241 1528/1534
           当前进度:   4 % - 求解线性方程组
           当前进度:   4 % - 创建多重网格层
Memory: 1167/1241 1508/1534
           当前进度:   4 % - 求解线性方程组
Memory: 1184/1241 1528/1534
   0           0           - out   19    7   19                  0 12226       13    0.034
---------- 当前进度: 100 % - 求解线性方程组
Memory: 1123/1241 1447/1534
求解时间：395 s。 （6 分钟，35 秒）
物理内存: 1.24 GB
虚拟内存: 1.53 GB
结束时间：2026年9月10日 下午6:06:22。
----- 研究 2/解 2 (sol2) 中的“瞬态求解器 1” --------------------------------------------->
