*******************************************
***COMSOL 6.3.0.290 progress output file***
*******************************************
Thu Sep 10 17:08:23 CST 2026
顶点单元数：37
--         当前进度:  27 % - 正在创建边界网格
Memory: 793/800 863/873
边单元数：481
边界单元数：4822
------     当前进度:  69 % - 插入内部点
Memory: 797/800 868/873
--------   当前进度:  89 % - 提高单元质量
Memory: 802/802 870/873
---------- 当前进度: 100 % - 正在定型网格
Memory: 803/803 872/873
单元数：60908
最小单元质量：0.2109
           当前进度:   1 % - 生成方程
Memory: 791/816 857/883
           当前进度:   2 % - 生成方程
Memory: 812/817 878/883
           当前进度:   3 % - 生成方程
Memory: 881/886 949/954
<---- 研究/解 1 (sol1) 中的“编译方程: 稳态” -----------------------------------------------
开始于 2026年9月10日 下午5:08:36。
几何形函数: 二次拉格朗日单元
在  上运行。
在以下位置使用 1 个插槽： Zifeng 上（共 8 个内核）。
可用内存：32.60 GB。
           当前进度:   6 % - 编译方程: 稳态
Memory: 848/902 912/1000
           当前进度:   7 % - 编译方程: 稳态
Memory: 863/902 922/1000
时间：2。
物理内存: 902 MB
虚拟内存: 1000 MB
结束时间：2026年9月10日 下午5:08:38。
----- 研究/解 1 (sol1) 中的“编译方程: 稳态” ---------------------------------------------->
<---- 研究/解 1 (sol1) 中的“因变量 1” --------------------------------------------------
开始于 2026年9月10日 下午5:08:38。
           当前进度:   7 % - 因变量 1
Memory: 884/902 951/1000
求解时间：0 s。
物理内存: 884 MB
虚拟内存: 951 MB
结束时间：2026年9月10日 下午5:08:38。
----- 研究/解 1 (sol1) 中的“因变量 1” ------------------------------------------------->
<---- 研究/解 1 (sol1) 中的“稳态求解器 1” ------------------------------------------------
开始于 2026年9月10日 下午5:08:38。
线性求解器 
求解的自由度数：81827。
找到对称矩阵。
缩放因变量：
磁标势 (comp1.Vm): 1
---        当前进度:  38 % - 
Memory: 989/1018 1053/1078
已使用正交零空间函数。
---        当前进度:  38 % - 组装延展
Memory: 999/1029 1057/1087
Iter      SolEst     Damping    Stepsize #Res #Jac #Sol LinIt   LinErr   LinRes
---------  当前进度:  92 % - 求解线性方程组
Memory: 1016/1029 1240/1240
   1           1   1.0000000           1    1    1    1 10075  5.3e+36  1.3e+34
---------- 当前进度: 100 % - 求解线性方程组
Memory: 950/1080 1174/1307
求解时间：518 s。 （8 分钟，38 秒）
物理内存: 1.08 GB
虚拟内存: 1.31 GB
结束时间：2026年9月10日 下午5:17:16。
----- 研究/解 1 (sol1) 中的“稳态求解器 1” ----------------------------------------------->
