START 2026-09-10T19:21:06.1285830+08:00
PRE_PROBE=141,142,143,144,139,138
COMPILE_EXIT=0
TARGET_COUNT=0
START z=141 attempt=1 2026-09-10T19:21:09.6171839+08:00
DONE z=141 attempt=1 mesh=60997 Fmin=-0.798095441481 Fmax=-0.704240420135 mean=-0.74486256984543253 ALL_NEGATIVE
START z=142 attempt=1 2026-09-10T19:21:43.2075768+08:00
ERROR z=142 attempt=1; retrying if available
START z=142 attempt=2 2026-09-10T19:38:18.3454062+08:00
ERROR z=142 attempt=2; retrying if available
START z=142 attempt=3 2026-09-10T20:02:47.9819046+08:00
DONE z=142 attempt=3 mesh=60847 Fmin=0.403305613077 Fmax=0.460144842229 mean=0.43171945215127028 HAS_POSITIVE
START z=143 attempt=1 2026-09-10T20:12:24.9929158+08:00
DONE z=143 attempt=1 mesh=61117 Fmin=0.100198767827 Fmax=0.298207809065 mean=0.23271634019881079 HAS_POSITIVE
START z=144 attempt=1 2026-09-10T20:15:12.4127010+08:00
TIMEOUT z=144 attempt=1
ERROR z=144 attempt=1; retrying if available
START z=144 attempt=2 2026-09-10T20:45:12.4730333+08:00
ERROR z=144 attempt=2; retrying if available
START z=144 attempt=3 2026-09-10T20:58:38.9788573+08:00
DONE z=144 attempt=3 mesh=60611 Fmin=-1.46938567911 Fmax=-1.31405081564 mean=-1.4062936330086486 ALL_NEGATIVE
START z=139 attempt=1 2026-09-10T20:59:36.7833873+08:00
DONE z=139 attempt=1 mesh=60736 Fmin=-0.401939534333 Fmax=-0.326040598934 mean=-0.364011510665919 ALL_NEGATIVE
START z=138 attempt=1 2026-09-10T21:00:12.5657718+08:00
DONE z=138 attempt=1 mesh=60748 Fmin=0.235568257622 Fmax=0.293317574647 mean=0.26444306197475675 HAS_POSITIVE
FINISH 2026-09-10T21:02:32.0024039+08:00
