*******************************************
***COMSOL 6.3.0.290 progress output file***
*******************************************
Thu Sep 10 22:22:56 CST 2026
           当前进度:   0 % - Moving Magnet Sphere x=26 mm
Memory: 774/832 953/1151
           当前进度:   2 % - 圆柱体 2
Memory: 760/832 937/1151
           当前进度:   3 % - 圆柱体 3
Memory: 759/832 934/1151
           当前进度:   5 % - Air Domain R=200 mm
           当前进度:   7 % - Hole 1 Optimized
Memory: 761/832 936/1151
           当前进度:   9 % - Hole 2 Optimized
Memory: 762/832 936/1151
-          当前进度:  10 % - Hole 3 Optimized
Memory: 762/832 937/1151
-          当前进度:  12 % - point1
Memory: 763/832 938/1151
-          当前进度:  14 % - 钢片减去优化孔
Memory: 765/832 939/1151
-          当前进度:  14 % - 执行布尔操作
Memory: 772/832 945/1151
---        当前进度:  31 % - 旋转 1
----       当前进度:  48 % - 移动 1
Memory: 773/832 946/1151
------     当前进度:  66 % - 移动
--------   当前进度:  83 % - Form Union
--------   当前进度:  83 % - 执行布尔操作
Memory: 772/832 944/1151
---------- 当前进度: 100 % - 正在更新选择
顶点单元数：37
--         当前进度:  20 % - 正在创建边界网格
Memory: 801/832 962/1151
边单元数：484
边界单元数：4844
-----      当前进度:  54 % - 相关边界
Memory: 790/832 951/1151
--------   当前进度:  89 % - 提高单元质量
Memory: 797/832 960/1151
---------  当前进度:  99 % - 正在定型网格
单元数：60997
最小单元质量：0.1814
---------- 当前进度: 100 % - 正在定型网格
Memory: 801/832 957/1151
           当前进度:   1 % - 生成方程
Memory: 821/832 971/1151
           当前进度:   2 % - 生成方程
Memory: 856/857 986/1151
           当前进度:   3 % - 生成方程
Memory: 882/886 1009/1151
<---- 研究/解 1 (sol1) 中的“编译方程: 稳态” -----------------------------------------------
开始于 2026年9月10日 下午10:23:08。
几何形函数: 二次拉格朗日单元
在  上运行。
在以下位置使用 1 个插槽： Zifeng 上（共 8 个内核）。
可用内存：32.60 GB。
           当前进度:   6 % - 编译方程: 稳态
Memory: 798/895 902/1151
           当前进度:   7 % - 编译方程: 稳态
Memory: 810/895 912/1151
时间：2。
物理内存: 895 MB
虚拟内存: 1002 MB
结束时间：2026年9月10日 下午10:23:10。
----- 研究/解 1 (sol1) 中的“编译方程: 稳态” ---------------------------------------------->
<---- 研究/解 1 (sol1) 中的“因变量 1” --------------------------------------------------
开始于 2026年9月10日 下午10:23:10。
           当前进度:   7 % - 因变量 1
Memory: 837/895 936/1151
求解时间：0 s。
物理内存: 839 MB
虚拟内存: 936 MB
结束时间：2026年9月10日 下午10:23:10。
----- 研究/解 1 (sol1) 中的“因变量 1” ------------------------------------------------->
<---- 研究/解 1 (sol1) 中的“稳态求解器 1” ------------------------------------------------
开始于 2026年9月10日 下午10:23:10。
线性求解器 
求解的自由度数：81971。
---        当前进度:  38 % - 
Memory: 958/974 1052/1151
找到对称矩阵。
缩放因变量：
磁标势 (comp1.Vm): 1
已使用正交零空间函数。
---        当前进度:  38 % - 组装延展
Memory: 977/977 1071/1151
Iter      SolEst     Damping    Stepsize #Res #Jac #Sol LinIt   LinErr   LinRes
--------   当前进度:  83 % - 求解线性方程组
Memory: 984/984 1236/1239
   1           1   1.0000000           1    1    1    1     3  0.00051  1.3e-06
---------- 当前进度: 100 % - 求解线性方程组
Memory: 955/984 1204/1239
求解时间：1 s。
物理内存: 984 MB
虚拟内存: 1239 MB
结束时间：2026年9月10日 下午10:23:12。
----- 研究/解 1 (sol1) 中的“稳态求解器 1” ----------------------------------------------->
----       当前进度:  47 % - 生成方程
Memory: 990/991 1238/1239
-----      当前进度:  54 % - 生成方程
Memory: 1080/1088 1323/1332
<---- 研究 2/解 2 (sol2) 中的“编译方程: 瞬态” ---------------------------------------------
开始于 2026年9月10日 下午10:23:14。
几何形函数: 二次拉格朗日单元
在  上运行。
在以下位置使用 1 个插槽： Zifeng 上（共 8 个内核）。
可用内存：32.60 GB。
           当前进度:   0 % - 生成方程
Memory: 1111/1117 1352/1358
在  上运行。
在以下位置使用 1 个插槽： Zifeng 上（共 8 个内核）。
可用内存：32.60 GB。
           当前进度:   2 % - 编译方程: 瞬态
Memory: 1038/1134 1281/1378
时间：1。
物理内存: 1.13 GB
虚拟内存: 1.38 GB
结束时间：2026年9月10日 下午10:23:15。
----- 研究 2/解 2 (sol2) 中的“编译方程: 瞬态” -------------------------------------------->
<---- 研究 2/解 2 (sol2) 中的“因变量 1” ------------------------------------------------
开始于 2026年9月10日 下午10:23:15。
待求解变量的初始值: 解 1 (sol1).
           当前进度:   2 % - 因变量 1
Memory: 1108/1134 1368/1378
求解时间：0 s。
物理内存: 1.11 GB
虚拟内存: 1.37 GB
结束时间：2026年9月10日 下午10:23:15。
----- 研究 2/解 2 (sol2) 中的“因变量 1” ----------------------------------------------->
<---- 研究 2/解 2 (sol2) 中的“瞬态求解器 1” ----------------------------------------------
开始于 2026年9月10日 下午10:23:15。
瞬态求解器 (BDF)
求解的自由度数：81971。
           当前进度:   4 % - 
Memory: 1167/1182 1419/1437
找到对称矩阵。
缩放因变量：
磁标势 (comp1.Vm): 1.1e+04
Step        Time    Stepsize      Res  Jac  Sol Order Tfail NLfail LinIt   LinErr   LinRes
           当前进度:   4 % - 组装延展
Memory: 1236/1236 1499/1499
           当前进度:   4 % - 求解线性方程组
Memory: 1251/1251 1506/1511
           当前进度:   4 % - 组装矩阵
Memory: 1213/1273 1465/1558
           当前进度:   4 % - 求解线性方程组
           当前进度:   4 % - 组装矩阵
Memory: 1226/1273 1479/1558
           当前进度:   4 % - 求解线性方程组
Memory: 1226/1273 1475/1558
           当前进度:   4 % - 组装矩阵
           当前进度:   4 % - 求解线性方程组
           当前进度:   4 % - 约束处理
Memory: 1228/1273 1478/1558
           当前进度:   4 % - 求解线性方程组
Memory: 1229/1273 1478/1558
           当前进度:   4 % - 组装矩阵
           当前进度:   4 % - 求解线性方程组
           当前进度:   4 % - 组装矩阵
           当前进度:   4 % - 求解线性方程组
           当前进度:   4 % - 约束处理
Memory: 1211/1273 1457/1558
           当前进度:   4 % - 求解线性方程组
Memory: 1230/1273 1478/1558
           当前进度:   4 % - 约束处理
Memory: 1214/1273 1460/1558
           当前进度:   4 % - 求解线性方程组
Memory: 1230/1273 1478/1558
           当前进度:   4 % - 约束处理
Memory: 1213/1273 1459/1558
           当前进度:   4 % - 求解线性方程组
Memory: 1230/1273 1478/1558
           当前进度:   4 % - 组装矩阵
           当前进度:   4 % - 求解线性方程组
           当前进度:   4 % - 创建多重网格层
Memory: 1212/1273 1457/1558
           当前进度:   4 % - 求解线性方程组
Memory: 1230/1273 1478/1558
           当前进度:   4 % - 创建多重网格层
Memory: 1212/1273 1457/1558
           当前进度:   4 % - 求解线性方程组
Memory: 1230/1273 1478/1558
   0           0           - out   40   12   40                  0 36427  8.7e+38  2.2e+36
Warning: 线性求解器有错误消息。
Warning: 线性迭代的散度。
---------- 当前进度: 100 % - 求解线性方程组
Memory: 1178/1273 1415/1558
求解时间：1005 s。 （16 分钟，45 秒）
物理内存: 1.27 GB
虚拟内存: 1.56 GB
Warning: 线性求解器有错误消息。
线性迭代的散度。
结束时间：2026年9月10日 下午10:39:59。
----- 研究 2/解 2 (sol2) 中的“瞬态求解器 1” --------------------------------------------->
