*******************************************
***COMSOL 6.3.0.290 progress output file***
*******************************************
Thu Sep 10 17:56:39 CST 2026
           当前进度:   0 % - Moving Magnet Sphere x=26 mm
Memory: 736/747 814/824
           当前进度:   2 % - 圆柱体 2
Memory: 743/747 818/824
           当前进度:   3 % - 圆柱体 3
Memory: 744/747 818/824
           当前进度:   5 % - Air Domain R=200 mm
Memory: 740/747 814/824
           当前进度:   7 % - Hole 1 Optimized
           当前进度:   9 % - Hole 2 Optimized
Memory: 741/747 815/824
-          当前进度:  10 % - Hole 3 Optimized
-          当前进度:  12 % - point1
-          当前进度:  14 % - 钢片减去优化孔
-          当前进度:  14 % - 执行布尔操作
Memory: 746/747 818/824
---        当前进度:  31 % - 旋转 1
----       当前进度:  48 % - 移动 1
Memory: 750/750 822/824
------     当前进度:  66 % - 移动
Memory: 747/750 818/824
--------   当前进度:  83 % - Form Union
--------   当前进度:  83 % - 执行布尔操作
---------- 当前进度: 100 % - 正在更新选择
Memory: 746/750 817/824
顶点单元数：37
--         当前进度:  27 % - 正在创建边界网格
Memory: 723/779 794/849
边单元数：481
边界单元数：4814
------     当前进度:  69 % - 插入内部点
Memory: 734/779 809/849
--------   当前进度:  89 % - 提高单元质量
Memory: 739/779 812/849
单元数：60841
---------- 当前进度: 100 % - 正在定型网格
Memory: 740/779 812/849
最小单元质量：0.2247
           当前进度:   1 % - 生成方程
Memory: 763/779 832/849
           当前进度:   2 % - 生成方程
Memory: 805/811 875/880
           当前进度:   3 % - 生成方程
Memory: 813/817 883/886
<---- 研究/解 1 (sol1) 中的“编译方程: 稳态” -----------------------------------------------
开始于 2026年9月10日 下午5:56:49。
几何形函数: 二次拉格朗日单元
在  上运行。
在以下位置使用 1 个插槽： Zifeng 上（共 8 个内核）。
可用内存：32.60 GB。
           当前进度:   6 % - 编译方程: 稳态
Memory: 859/932 921/1030
           当前进度:   7 % - 编译方程: 稳态
Memory: 870/932 930/1030
时间：2。
物理内存: 932 MB
虚拟内存: 1030 MB
结束时间：2026年9月10日 下午5:56:51。
----- 研究/解 1 (sol1) 中的“编译方程: 稳态” ---------------------------------------------->
<---- 研究/解 1 (sol1) 中的“因变量 1” --------------------------------------------------
开始于 2026年9月10日 下午5:56:51。
           当前进度:   7 % - 因变量 1
Memory: 874/932 945/1030
求解时间：0 s。
物理内存: 886 MB
虚拟内存: 946 MB
结束时间：2026年9月10日 下午5:56:51。
----- 研究/解 1 (sol1) 中的“因变量 1” ------------------------------------------------->
<---- 研究/解 1 (sol1) 中的“稳态求解器 1” ------------------------------------------------
开始于 2026年9月10日 下午5:56:51。
线性求解器 
求解的自由度数：81730。
找到对称矩阵。
---        当前进度:  38 % - 
Memory: 989/1028 1054/1090
缩放因变量：
磁标势 (comp1.Vm): 1
已使用正交零空间函数。
---        当前进度:  38 % - 组装延展
Memory: 949/1028 1009/1090
Iter      SolEst     Damping    Stepsize #Res #Jac #Sol LinIt   LinErr   LinRes
-------    当前进度:  74 % - 求解线性方程组
Memory: 977/1028 1200/1203
   1           1   1.0000000           1    1    1    1     3  0.00055  1.4e-06
---------- 当前进度: 100 % - 求解线性方程组
Memory: 950/1028 1170/1203
求解时间：1 s。
物理内存: 1.03 GB
虚拟内存: 1.2 GB
结束时间：2026年9月10日 下午5:56:52。
----- 研究/解 1 (sol1) 中的“稳态求解器 1” ----------------------------------------------->
----       当前进度:  47 % - 生成方程
Memory: 997/1028 1215/1219
-----      当前进度:  54 % - 生成方程
Memory: 1002/1028 1219/1232
<---- 研究 2/解 2 (sol2) 中的“编译方程: 瞬态” ---------------------------------------------
开始于 2026年9月10日 下午5:56:55。
几何形函数: 二次拉格朗日单元
在  上运行。
在以下位置使用 1 个插槽： Zifeng 上（共 8 个内核）。
可用内存：32.60 GB。
           当前进度:   0 % - 生成方程
Memory: 1041/1052 1248/1260
在  上运行。
在以下位置使用 1 个插槽： Zifeng 上（共 8 个内核）。
可用内存：32.60 GB。
           当前进度:   2 % - 编译方程: 瞬态
Memory: 1045/1057 1252/1267
时间：1。
物理内存: 1.06 GB
虚拟内存: 1.27 GB
结束时间：2026年9月10日 下午5:56:56。
----- 研究 2/解 2 (sol2) 中的“编译方程: 瞬态” -------------------------------------------->
<---- 研究 2/解 2 (sol2) 中的“因变量 1” ------------------------------------------------
开始于 2026年9月10日 下午5:56:56。
待求解变量的初始值: 解 1 (sol1).
           当前进度:   2 % - 因变量 1
Memory: 1052/1057 1269/1271
求解时间：0 s。
物理内存: 1.05 GB
虚拟内存: 1.27 GB
结束时间：2026年9月10日 下午5:56:56。
----- 研究 2/解 2 (sol2) 中的“因变量 1” ----------------------------------------------->
<---- 研究 2/解 2 (sol2) 中的“瞬态求解器 1” ----------------------------------------------
开始于 2026年9月10日 下午5:56:56。
瞬态求解器 (BDF)
求解的自由度数：81730。
           当前进度:   4 % - 组装矩阵
Memory: 1114/1118 1350/1350
找到对称矩阵。
缩放因变量：
磁标势 (comp1.Vm): 2.3e+04
Step        Time    Stepsize      Res  Jac  Sol Order Tfail NLfail LinIt   LinErr   LinRes
           当前进度:   4 % - 组装延展
Memory: 1191/1191 1416/1416
           当前进度:   4 % - 求解线性方程组
Memory: 1193/1193 1412/1416
           当前进度:   4 % - 组装矩阵
Memory: 1173/1194 1413/1416
           当前进度:   4 % - 求解线性方程组
Memory: 1185/1194 1425/1428
           当前进度:   4 % - 组装矩阵
Memory: 1185/1194 1421/1429
           当前进度:   4 % - 求解线性方程组
Memory: 1185/1194 1422/1429
           当前进度:   4 % - 约束处理
Memory: 1172/1194 1413/1429
           当前进度:   4 % - 求解线性方程组
Memory: 1170/1194 1405/1429
           当前进度:   4 % - 创建多重网格层
Memory: 1156/1194 1388/1429
           当前进度:   4 % - 求解线性方程组
Memory: 1174/1194 1408/1429
           当前进度:   4 % - 组装矩阵
           当前进度:   4 % - 求解线性方程组
           当前进度:   4 % - 约束处理
Memory: 1172/1194 1408/1429
           当前进度:   4 % - 求解线性方程组
Memory: 1174/1194 1408/1429
           当前进度:   4 % - 约束处理
Memory: 1169/1194 1408/1429
           当前进度:   4 % - 求解线性方程组
Memory: 1174/1194 1408/1429
           当前进度:   4 % - 组装矩阵
           当前进度:   4 % - 求解线性方程组
           当前进度:   4 % - 创建多重网格层
Memory: 1156/1194 1388/1429
           当前进度:   4 % - 约束处理
Memory: 1164/1194 1408/1429
           当前进度:   4 % - 求解线性方程组
Memory: 1174/1194 1408/1429
   0           0           - out   25   10   25                  0  3109      5.9    0.015
Warning: 线性求解器有错误消息。
Warning: 已达到最大中间迭代次数。
---------- 当前进度: 100 % - 求解线性方程组
Memory: 1129/1194 1339/1429
求解时间：129 s。 （2 分钟，9 秒）
物理内存: 1.19 GB
虚拟内存: 1.43 GB
Warning: 线性求解器有错误消息。
已达到最大中间迭代次数。
结束时间：2026年9月10日 下午5:59:05。
----- 研究 2/解 2 (sol2) 中的“瞬态求解器 1” --------------------------------------------->
