*******************************************
***COMSOL 6.3.0.290 progress output file***
*******************************************
Thu Sep 10 22:40:02 CST 2026
           当前进度:   0 % - Moving Magnet Sphere x=26 mm
Memory: 755/907 950/1279
           当前进度:   2 % - 圆柱体 2
Memory: 754/907 946/1279
           当前进度:   3 % - 圆柱体 3
Memory: 756/907 946/1279
           当前进度:   5 % - Air Domain R=200 mm
           当前进度:   7 % - Hole 1 Optimized
Memory: 743/907 933/1279
           当前进度:   9 % - Hole 2 Optimized
Memory: 747/907 939/1279
-          当前进度:  10 % - Hole 3 Optimized
Memory: 752/907 942/1279
-          当前进度:  12 % - point1
Memory: 751/907 941/1279
-          当前进度:  14 % - 钢片减去优化孔
Memory: 752/907 942/1279
-          当前进度:  14 % - 执行布尔操作
Memory: 757/907 946/1279
---        当前进度:  31 % - 旋转 1
Memory: 760/907 949/1279
----       当前进度:  48 % - 移动 1
Memory: 761/907 950/1279
------     当前进度:  66 % - 移动
--------   当前进度:  83 % - Form Union
--------   当前进度:  83 % - 执行布尔操作
Memory: 760/907 950/1279
---------- 当前进度: 100 % - 正在更新选择
Memory: 762/907 950/1279
顶点单元数：37
--         当前进度:  27 % - 正在创建边界网格
Memory: 731/907 919/1279
边单元数：484
边界单元数：4840
-------    当前进度:  73 % - 插入内部点
Memory: 740/907 930/1279
--------   当前进度:  89 % - 提高单元质量
Memory: 744/907 932/1279
单元数：60847
最小单元质量：0.2039
---------- 当前进度: 100 % - 正在定型网格
Memory: 722/907 907/1279
           当前进度:   1 % - 生成方程
Memory: 797/907 962/1279
           当前进度:   2 % - 生成方程
Memory: 827/907 990/1279
           当前进度:   3 % - 生成方程
Memory: 850/907 1000/1279
<---- 研究/解 1 (sol1) 中的“编译方程: 稳态” -----------------------------------------------
开始于 2026年9月10日 下午10:40:13。
几何形函数: 二次拉格朗日单元
在  上运行。
在以下位置使用 1 个插槽： Zifeng 上（共 8 个内核）。
可用内存：32.60 GB。
           当前进度:   6 % - 编译方程: 稳态
Memory: 836/907 970/1279
           当前进度:   7 % - 编译方程: 稳态
Memory: 833/907 956/1279
时间：2。
物理内存: 867 MB
虚拟内存: 1005 MB
结束时间：2026年9月10日 下午10:40:15。
----- 研究/解 1 (sol1) 中的“编译方程: 稳态” ---------------------------------------------->
<---- 研究/解 1 (sol1) 中的“因变量 1” --------------------------------------------------
开始于 2026年9月10日 下午10:40:15。
           当前进度:   7 % - 因变量 1
Memory: 859/907 992/1279
求解时间：0 s。
物理内存: 859 MB
虚拟内存: 992 MB
结束时间：2026年9月10日 下午10:40:15。
----- 研究/解 1 (sol1) 中的“因变量 1” ------------------------------------------------->
<---- 研究/解 1 (sol1) 中的“稳态求解器 1” ------------------------------------------------
开始于 2026年9月10日 下午10:40:15。
线性求解器 
求解的自由度数：81767。
找到对称矩阵。
缩放因变量：
磁标势 (comp1.Vm): 1
已使用正交零空间函数。
---        当前进度:  38 % - 组装延展
Memory: 946/967 1055/1279
------     当前进度:  65 % - 矩阵分解
Memory: 957/968 1066/1279
Iter      SolEst     Damping    Stepsize #Res #Jac #Sol LinIt   LinErr   LinRes
   1           1   1.0000000           1    1    1    1     3  0.00065  1.6e-06
---------- 当前进度: 100 % - 求解线性方程组
Memory: 955/983 1221/1279
求解时间：1 s。
物理内存: 983 MB
虚拟内存: 1221 MB
结束时间：2026年9月10日 下午10:40:16。
----- 研究/解 1 (sol1) 中的“稳态求解器 1” ----------------------------------------------->
------     当前进度:  60 % - 生成方程
Memory: 996/997 1261/1279
---        当前进度:  39 % - 生成方程
Memory: 1016/1023 1262/1279
<---- 研究 2/解 2 (sol2) 中的“编译方程: 瞬态” ---------------------------------------------
开始于 2026年9月10日 下午10:40:18。
几何形函数: 二次拉格朗日单元
在  上运行。
在以下位置使用 1 个插槽： Zifeng 上（共 8 个内核）。
可用内存：32.60 GB。
           当前进度:   0 % - 生成方程
Memory: 1118/1123 1362/1367
在  上运行。
在以下位置使用 1 个插槽： Zifeng 上（共 8 个内核）。
可用内存：32.60 GB。
           当前进度:   2 % - 编译方程: 瞬态
Memory: 1111/1142 1356/1390
时间：1。
物理内存: 1.14 GB
虚拟内存: 1.39 GB
结束时间：2026年9月10日 下午10:40:19。
----- 研究 2/解 2 (sol2) 中的“编译方程: 瞬态” -------------------------------------------->
<---- 研究 2/解 2 (sol2) 中的“因变量 1” ------------------------------------------------
开始于 2026年9月10日 下午10:40:19。
待求解变量的初始值: 解 1 (sol1).
           当前进度:   2 % - 因变量 1
Memory: 1136/1142 1392/1393
求解时间：0 s。
物理内存: 1.14 GB
虚拟内存: 1.39 GB
结束时间：2026年9月10日 下午10:40:19。
----- 研究 2/解 2 (sol2) 中的“因变量 1” ----------------------------------------------->
<---- 研究 2/解 2 (sol2) 中的“瞬态求解器 1” ----------------------------------------------
开始于 2026年9月10日 下午10:40:19。
瞬态求解器 (BDF)
求解的自由度数：81767。
找到对称矩阵。
缩放因变量：
磁标势 (comp1.Vm): 1.1e+04
           当前进度:   4 % - 约束处理
Memory: 1188/1210 1445/1466
Step        Time    Stepsize      Res  Jac  Sol Order Tfail NLfail LinIt   LinErr   LinRes
           当前进度:   4 % - 组装延展
Memory: 1264/1264 1530/1530
           当前进度:   4 % - 求解线性方程组
Memory: 1173/1267 1438/1531
           当前进度:   4 % - 组装矩阵
Memory: 1208/1267 1472/1531
           当前进度:   4 % - 求解线性方程组
Memory: 1219/1267 1483/1531
           当前进度:   4 % - 约束处理
Memory: 1202/1267 1462/1531
           当前进度:   4 % - 求解线性方程组
Memory: 1219/1267 1483/1531
           当前进度:   4 % - 约束处理
Memory: 1213/1267 1487/1531
           当前进度:   4 % - 求解线性方程组
Memory: 1224/1267 1487/1531
           当前进度:   4 % - 组装矩阵
           当前进度:   4 % - 求解线性方程组
           当前进度:   4 % - 组装矩阵
           当前进度:   4 % - 求解线性方程组
           当前进度:   4 % - 组装矩阵
           当前进度:   4 % - 求解线性方程组
           当前进度:   4 % - 创建多重网格层
Memory: 1206/1267 1465/1531
           当前进度:   4 % - 求解线性方程组
Memory: 1224/1267 1487/1531
           当前进度:   4 % - 组装矩阵
           当前进度:   4 % - 求解线性方程组
   0           0           - out   33   10   33                  0 24198       75     0.19
Warning: 线性求解器有错误消息。
Warning: 已达到最大中间迭代次数。
---------- 当前进度: 100 % - 求解线性方程组
Memory: 1163/1267 1416/1531
求解时间：559 s。 （9 分钟，19 秒）
物理内存: 1.27 GB
虚拟内存: 1.53 GB
Warning: 线性求解器有错误消息。
已达到最大中间迭代次数。
结束时间：2026年9月10日 下午10:49:38。
----- 研究 2/解 2 (sol2) 中的“瞬态求解器 1” --------------------------------------------->
