CONFIG source=H:\comsolcc\z120_xsphere26_air200_mesh1.mph z=142 profile=A0
REMOVED_COMMON tag=rot1 type=RotatingDomain
MESH_DONE elements=60847
INITIAL_FIELD_SOLVED sol=sol1
SOLVER sol=sol1 parent=s1 type=Stationary
  CHILD tag=dDef type=Direct
    linsolver=mumps
  CHILD tag=aDef type=Advanced
  CHILD tag=fc1 type=FullyCoupled
    linsolver=i1
  CHILD tag=i1 type=Iterative
    linsolver=gmres
SOLVER sol=sol2 parent=t1 type=Time
  CHILD tag=dDef type=Direct
    linsolver=mumps
  CHILD tag=aDef type=Advanced
  CHILD tag=fc1 type=FullyCoupled
    linsolver=i1
  CHILD tag=i1 type=Iterative
    linsolver=gmres
SOLVER sol=sol1 parent=s1 type=Stationary
  CHILD tag=dDef type=Direct
    linsolver=mumps
  CHILD tag=aDef type=Advanced
  CHILD tag=fc1 type=FullyCoupled
    linsolver=i1
  CHILD tag=i1 type=Iterative
    linsolver=gmres
SOLVER sol=sol2 parent=t1 type=Time
  CHILD tag=dDef type=Direct
    linsolver=mumps
  CHILD tag=aDef type=Advanced
  CHILD tag=fc1 type=FullyCoupled
    linsolver=i1
  CHILD tag=i1 type=Iterative
    linsolver=gmres
CONFIGURED_SAVED
