*******************************************
***COMSOL 6.3.0.290 progress output file***
*******************************************
Thu Sep 10 22:50:55 CST 2026
           当前进度:   0 % - Moving Magnet Sphere x=26 mm
Memory: 767/904 950/1299
           当前进度:   2 % - 圆柱体 2
Memory: 750/904 931/1299
           当前进度:   3 % - 圆柱体 3
Memory: 756/904 935/1299
           当前进度:   5 % - Air Domain R=200 mm
Memory: 756/904 936/1299
           当前进度:   7 % - Hole 1 Optimized
Memory: 754/904 933/1299
           当前进度:   9 % - Hole 2 Optimized
Memory: 756/904 935/1299
-          当前进度:  10 % - Hole 3 Optimized
Memory: 759/904 938/1299
-          当前进度:  12 % - point1
Memory: 760/904 939/1299
-          当前进度:  14 % - 钢片减去优化孔
-          当前进度:  14 % - 执行布尔操作
Memory: 769/904 947/1299
---        当前进度:  31 % - 旋转 1
Memory: 766/904 944/1299
----       当前进度:  48 % - 移动 1
Memory: 767/904 944/1299
------     当前进度:  66 % - 移动
Memory: 768/904 945/1299
--------   当前进度:  83 % - Form Union
--------   当前进度:  83 % - 执行布尔操作
Memory: 770/904 947/1299
---------- 当前进度: 100 % - 正在更新选择
顶点单元数：37
--         当前进度:  26 % - 正在创建边界网格
Memory: 783/904 958/1299
边单元数：484
边界单元数：4840
-----      当前进度:  57 % - 相关边界
Memory: 771/904 947/1299
--------   当前进度:  89 % - 提高单元质量
Memory: 778/904 953/1299
---------  当前进度:  99 % - 正在定型网格
Memory: 779/904 955/1299
单元数：60847
最小单元质量：0.2039
---------- 当前进度: 100 % - 正在定型网格
Memory: 781/904 954/1299
           当前进度:   1 % - 生成方程
Memory: 817/904 971/1299
           当前进度:   2 % - 生成方程
Memory: 820/904 975/1299
           当前进度:   3 % - 生成方程
Memory: 853/904 990/1299
<---- 研究/解 1 (sol1) 中的“编译方程: 稳态” -----------------------------------------------
开始于 2026年9月10日 下午10:51:08。
几何形函数: 二次拉格朗日单元
在  上运行。
在以下位置使用 1 个插槽： Zifeng 上（共 8 个内核）。
可用内存：32.60 GB。
           当前进度:   6 % - 编译方程: 稳态
Memory: 796/904 909/1299
           当前进度:   7 % - 编译方程: 稳态
Memory: 796/904 906/1299
时间：2。
物理内存: 864 MB
虚拟内存: 988 MB
结束时间：2026年9月10日 下午10:51:09。
----- 研究/解 1 (sol1) 中的“编译方程: 稳态” ---------------------------------------------->
<---- 研究/解 1 (sol1) 中的“因变量 1” --------------------------------------------------
开始于 2026年9月10日 下午10:51:09。
           当前进度:   7 % - 因变量 1
Memory: 821/904 930/1299
求解时间：0 s。
物理内存: 834 MB
虚拟内存: 935 MB
结束时间：2026年9月10日 下午10:51:09。
----- 研究/解 1 (sol1) 中的“因变量 1” ------------------------------------------------->
<---- 研究/解 1 (sol1) 中的“稳态求解器 1” ------------------------------------------------
开始于 2026年9月10日 下午10:51:09。
线性求解器 
求解的自由度数：81767。
找到对称矩阵。
缩放因变量：
磁标势 (comp1.Vm): 1
---        当前进度:  38 % - 
Memory: 957/985 1061/1299
已使用正交零空间函数。
---        当前进度:  38 % - 组装延展
Memory: 975/1000 1076/1299
Iter      SolEst     Damping    Stepsize #Res #Jac #Sol LinIt   LinErr   LinRes
   1           1   1.0000000           1    1    1    1     3  0.00065  1.6e-06
---------- 当前进度: 100 % - 求解线性方程组
Memory: 962/1000 1221/1299
求解时间：1 s。
物理内存: 1000 MB
虚拟内存: 1221 MB
结束时间：2026年9月10日 下午10:51:11。
----- 研究/解 1 (sol1) 中的“稳态求解器 1” ----------------------------------------------->
----       当前进度:  47 % - 生成方程
Memory: 980/1000 1230/1299
---        当前进度:  39 % - 生成方程
Memory: 1006/1013 1248/1299
<---- 研究 2/解 2 (sol2) 中的“编译方程: 瞬态” ---------------------------------------------
开始于 2026年9月10日 下午10:51:13。
几何形函数: 二次拉格朗日单元
在  上运行。
在以下位置使用 1 个插槽： Zifeng 上（共 8 个内核）。
可用内存：32.60 GB。
           当前进度:   0 % - 生成方程
Memory: 1116/1119 1356/1359
在  上运行。
在以下位置使用 1 个插槽： Zifeng 上（共 8 个内核）。
可用内存：32.60 GB。
           当前进度:   2 % - 编译方程: 瞬态
Memory: 1107/1142 1348/1385
时间：1。
物理内存: 1.14 GB
虚拟内存: 1.38 GB
结束时间：2026年9月10日 下午10:51:14。
----- 研究 2/解 2 (sol2) 中的“编译方程: 瞬态” -------------------------------------------->
<---- 研究 2/解 2 (sol2) 中的“因变量 1” ------------------------------------------------
开始于 2026年9月10日 下午10:51:14。
待求解变量的初始值: 解 1 (sol1).
           当前进度:   2 % - 因变量 1
Memory: 1097/1142 1341/1385
求解时间：0 s。
物理内存: 1.1 GB
虚拟内存: 1.34 GB
结束时间：2026年9月10日 下午10:51:14。
----- 研究 2/解 2 (sol2) 中的“因变量 1” ----------------------------------------------->
<---- 研究 2/解 2 (sol2) 中的“瞬态求解器 1” ----------------------------------------------
开始于 2026年9月10日 下午10:51:14。
瞬态求解器 (BDF)
求解的自由度数：81767。
找到对称矩阵。
缩放因变量：
磁标势 (comp1.Vm): 1.3e+04
Step        Time    Stepsize      Res  Jac  Sol Order Tfail NLfail   LinErr   LinRes
           当前进度:   4 % - 矩阵分解
Memory: 1180/1180 1439/1439
           当前进度:   4 % - 求解线性方程组
Memory: 1568/1568 2087/2147
           当前进度:   4 % - 组装矩阵
Memory: 1555/1568 2073/2147
           当前进度:   4 % - 求解线性方程组
Memory: 1559/1568 2077/2147
           当前进度:   4 % - 矩阵分解
Memory: 1259/1568 1687/2147
           当前进度:   4 % - 求解线性方程组
Memory: 1551/1568 2094/2147
           当前进度:   4 % - 组装矩阵
Memory: 1549/1568 2092/2147
           当前进度:   4 % - 求解线性方程组
           当前进度:   4 % - 矩阵分解
Memory: 1161/1568 1591/2147
           当前进度:   4 % - 求解线性方程组
Memory: 1541/1568 2061/2147
           当前进度:   4 % - 约束处理
Memory: 1370/1568 1845/2147
           当前进度:   4 % - 矩阵分解
Memory: 1264/1568 1721/2147
           当前进度:   4 % - 求解线性方程组
Memory: 1534/1568 2060/2147
           当前进度:   4 % - 组装矩阵
Memory: 1538/1568 2062/2147
           当前进度:   4 % - 矩阵分解
Memory: 1246/1568 1711/2147
           当前进度:   4 % - 求解线性方程组
Memory: 1542/1568 2063/2147
           当前进度:   4 % - 约束处理
Memory: 1479/1568 1995/2147
           当前进度:   4 % - 矩阵分解
Memory: 1243/1568 1722/2147
           当前进度:   4 % - 组装矩阵
Memory: 1536/1568 2059/2147
           当前进度:   4 % - 求解线性方程组
Memory: 1541/1568 2064/2147
           当前进度:   4 % - 组装矩阵
Memory: 1537/1568 2059/2147
           当前进度:   4 % - 矩阵分解
Memory: 1224/1568 1663/2147
           当前进度:   4 % - 组装矩阵
Memory: 1537/1568 2060/2147
           当前进度:   4 % - 求解线性方程组
Memory: 1542/1568 2066/2147
           当前进度:   4 % - 矩阵分解
Memory: 1194/1568 1655/2147
           当前进度:   4 % - 求解线性方程组
Memory: 1542/1568 2065/2147
           当前进度:   4 % - 组装矩阵
Memory: 1537/1568 2060/2147
           当前进度:   4 % - 求解线性方程组
Memory: 1542/1568 2065/2147
           当前进度:   4 % - 组装矩阵
Memory: 1538/1568 2061/2147
           当前进度:   4 % - 矩阵分解
Memory: 1261/1568 1732/2147
           当前进度:   4 % - 求解线性方程组
Memory: 1567/1569 2091/2147
           当前进度:   4 % - 约束处理
Memory: 1516/1569 2035/2147
           当前进度:   4 % - 矩阵分解
Memory: 1242/1569 1723/2147
           当前进度:   4 % - 求解线性方程组
Memory: 1567/1569 2092/2147
           当前进度:   4 % - 矩阵分解
Memory: 1180/1569 1613/2147
           当前进度:   4 % - 求解线性方程组
Memory: 1539/1569 2063/2147
           当前进度:   4 % - 组装矩阵
Memory: 1536/1569 2060/2147
           当前进度:   4 % - 求解线性方程组
Memory: 1539/1569 2063/2147
           当前进度:   4 % - 矩阵分解
Memory: 1193/1569 1654/2147
           当前进度:   4 % - 求解线性方程组
Memory: 1570/1570 2095/2147
           当前进度:   4 % - 矩阵分解
Memory: 1190/1571 1645/2147
           当前进度:   4 % - 求解线性方程组
Memory: 1541/1571 2064/2147
           当前进度:   4 % - 矩阵分解
Memory: 1223/1571 1694/2147
           当前进度:   4 % - 求解线性方程组
Memory: 1569/1571 2094/2147
           当前进度:   4 % - 组装矩阵
Memory: 1567/1571 2092/2147
           当前进度:   4 % - 求解线性方程组
Memory: 1569/1571 2094/2147
           当前进度:   4 % - 矩阵分解
Memory: 1221/1571 1652/2147
           当前进度:   4 % - 求解线性方程组
Memory: 1540/1571 2064/2147
           当前进度:   4 % - 矩阵分解
Memory: 1180/1571 1614/2147
           当前进度:   4 % - 求解线性方程组
Memory: 1541/1571 2065/2147
           当前进度:   4 % - 组装矩阵
Memory: 1537/1571 2061/2147
           当前进度:   4 % - 求解线性方程组
Memory: 1541/1571 2065/2147
           当前进度:   4 % - 矩阵分解
Memory: 1228/1571 1663/2147
           当前进度:   4 % - 求解线性方程组
Memory: 1573/1573 2099/2147
           当前进度:   4 % - 组装矩阵
Memory: 1570/1575 2094/2147
           当前进度:   4 % - 求解线性方程组
Memory: 1575/1575 2099/2147
           当前进度:   4 % - 矩阵分解
Memory: 1165/1575 1601/2147
           当前进度:   4 % - 求解线性方程组
Memory: 1543/1575 2068/2147
           当前进度:   4 % - 约束处理
Memory: 1432/1575 1912/2147
           当前进度:   4 % - 矩阵分解
Memory: 1254/1575 1731/2147
           当前进度:   4 % - 求解线性方程组
Memory: 1574/1575 2099/2147
           当前进度:   4 % - 矩阵分解
Memory: 1237/1590 1690/2147
           当前进度:   4 % - 求解线性方程组
Memory: 1590/1590 2115/2147
   0           0           - out   80   21   80                  0        -    0.099
---------- 当前进度: 100 % - 求解线性方程组
Memory: 1413/1590 1849/2147
求解时间：55 s。
物理内存: 1.59 GB
虚拟内存: 2.15 GB
结束时间：2026年9月10日 下午10:52:09。
----- 研究 2/解 2 (sol2) 中的“瞬态求解器 1” --------------------------------------------->
