SOURCE_DOMAINS cylinder=3 steel=2
GEOMETRY_CREATE_BLOCK_START
GEOMETRY_CREATE_BLOCK_DONE
GEOMETRY_BLOCK_CONFIG_DONE
GEOMETRY_CREATE_PART_DONE
GEOMETRY_PARTITIONWITH_OBJECTS_DONE
GEOMETRY_PART_DOMAIN_SELECTION_DONE
GEOMETRY_PART_OBJECT_SELECTION_DONE
GEOMETRY_PROBE_BOX id=probe_outer bbox=[-1.08, 1.2, -0.55, 0.55, -0.55, 0.55]
GEOMETRY_RUN_START
GEOMETRY_PROBE_DONE domains=4
PROBE_DOMAIN_IDENTITY_REUSED cyl=3 steel=2 probe_air=4 nDom=4
DOMAIN_CONFIG_MAT3_DONE
DOMAIN_CONFIG_MAT5_DONE
DOMAIN_CONFIG_MAT4_DONE
DOMAIN_CONFIG_MFC1_RETAIN_SOURCE_DONE
DOMAIN_CONFIG_MFCS1_DONE
DOMAIN_CONFIG_MFCS2_DONE
DOMAIN_CONFIG_FCAL1_DONE
DOMAIN_CONFIG cylinder=3 steel=2 probe_air=[4] air_all=[1, 4]
NATIVE_FORCE_PROBE_CREATED tag=fcal_probe type=ForceCalculation ForceName=force_probe domains=[3, 4]
MESH_START level=M_h003
MESH_DONE elements=158142 min_quality=0.0153000000000
SOLVE_START sol=sol1
SOLVE_DONE sol=sol1
RESULT level=M_h003 direct_mN=-8.36013565201 probe_mN=-9.54257532068 elements=158142 DOF=212291 saved=H:\comsolcc\comsol_magnet\work\force_probe_native_20260911\P1_M_h003_diag3.mph
